
 Start         Length     Name                   Class
 0001:00401000 000A2610H .text                   CODE
 0002:004A4000 000008D4H .itext                  ICODE
 0003:004A5000 00002EB8H .data                   DATA
 0004:004A8000 00004D90H .bss                    BSS
 0005:00000000 00000040H .tls                    TLS


Detailed map of segments

 0001:00000000 00005A2D C=CODE     S=.text    G=(none)   M=System   ACBP=A9
 0001:00005A30 00000105 C=CODE     S=.text    G=(none)   M=SysInit  ACBP=A9
 0001:00005B38 00000099 C=CODE     S=.text    G=(none)   M=Types    ACBP=A9
 0001:00005BD4 00000C94 C=CODE     S=.text    G=(none)   M=Windows  ACBP=A9
 0001:00006868 00000026 C=CODE     S=.text    G=(none)   M=ActiveX  ACBP=A9
 0001:00006890 00000318 C=CODE     S=.text    G=(none)   M=SysConst ACBP=A9
 0001:00006BA8 000072C1 C=CODE     S=.text    G=(none)   M=SysUtils ACBP=A9
 0001:0000DE6C 000007EE C=CODE     S=.text    G=(none)   M=VarUtils ACBP=A9
 0001:0000E65C 00006634 C=CODE     S=.text    G=(none)   M=Variants ACBP=A9
 0001:00014C90 00000108 C=CODE     S=.text    G=(none)   M=RTLConsts ACBP=A9
 0001:00014D98 00000EDF C=CODE     S=.text    G=(none)   M=TypInfo  ACBP=A9
 0001:00015C78 0000CEA5 C=CODE     S=.text    G=(none)   M=Classes  ACBP=A9
 0001:00022B20 00000191 C=CODE     S=.text    G=(none)   M=Contnrs  ACBP=A9
 0001:00022CB4 00001262 C=CODE     S=.text    G=(none)   M=HelpIntfs ACBP=A9
 0001:00023F18 00000772 C=CODE     S=.text    G=(none)   M=MultiMon ACBP=A9
 0001:0002468C 00000308 C=CODE     S=.text    G=(none)   M=CommCtrl ACBP=A9
 0001:00024994 00000318 C=CODE     S=.text    G=(none)   M=Consts   ACBP=A9
 0001:00024CAC 00001169 C=CODE     S=.text    G=(none)   M=IniFiles ACBP=A9
 0001:00025E18 000005C5 C=CODE     S=.text    G=(none)   M=Registry ACBP=A9
 0001:000263E0 00009716 C=CODE     S=.text    G=(none)   M=Graphics ACBP=A9
 0001:0002FAF8 0000016A C=CODE     S=.text    G=(none)   M=SyncObjs ACBP=A9
 0001:0002FC64 00000BB9 C=CODE     S=.text    G=(none)   M=UxTheme  ACBP=A9
 0001:00030820 00000194 C=CODE     S=.text    G=(none)   M=DwmApi   ACBP=A9
 0001:000309B4 00000006 C=CODE     S=.text    G=(none)   M=ShellAPI ACBP=A9
 0001:000309BC 00000033 C=CODE     S=.text    G=(none)   M=ShlObj   ACBP=A9
 0001:000309F0 0000BF7D C=CODE     S=.text    G=(none)   M=StdCtrls ACBP=A9
 0001:0003C970 0000003A C=CODE     S=.text    G=(none)   M=Printers ACBP=A9
 0001:0003C9AC 00000047 C=CODE     S=.text    G=(none)   M=WideStrUtils ACBP=A9
 0001:0003C9F4 00001792 C=CODE     S=.text    G=(none)   M=GraphUtil ACBP=A9
 0001:0003E188 000033DA C=CODE     S=.text    G=(none)   M=ExtCtrls ACBP=A9
 0001:00041564 00001B00 C=CODE     S=.text    G=(none)   M=Dialogs  ACBP=A9
 0001:00043064 0000003A C=CODE     S=.text    G=(none)   M=Clipbrd  ACBP=A9
 0001:000430A0 0000012D C=CODE     S=.text    G=(none)   M=StdActns ACBP=A9
 0001:000431D0 0000030E C=CODE     S=.text    G=(none)   M=FlatSB   ACBP=A9
 0001:000434E0 00007AE1 C=CODE     S=.text    G=(none)   M=Menus    ACBP=A9
 0001:0004AFC4 0001443C C=CODE     S=.text    G=(none)   M=Controls ACBP=A9
 0001:0005F400 00000D2A C=CODE     S=.text    G=(none)   M=Themes   ACBP=A9
 0001:0006012C 00001B95 C=CODE     S=.text    G=(none)   M=ImgList  ACBP=A9
 0001:00061CC4 000013C6 C=CODE     S=.text    G=(none)   M=ActnList ACBP=A9
 0001:0006308C 0000F3D4 C=CODE     S=.text    G=(none)   M=Forms    ACBP=A9
 0001:00072460 000000F4 C=CODE     S=.text    G=(none)   M=Magguini ACBP=A9
 0001:00072554 0000297D C=CODE     S=.text    G=(none)   M=Buttons  ACBP=A9
 0001:00074ED4 00000AD6 C=CODE     S=.text    G=(none)   M=ToolWin  ACBP=A9
 0001:000759AC 0000007C C=CODE     S=.text    G=(none)   M=ExtDlgs  ACBP=A9
 0001:00075A28 00000062 C=CODE     S=.text    G=(none)   M=Mapi     ACBP=A9
 0001:00075A8C 0000004D C=CODE     S=.text    G=(none)   M=ExtActns ACBP=A9
 0001:00075ADC 00000010 C=CODE     S=.text    G=(none)   M=ComStrs  ACBP=A9
 0001:00075AEC 000020A2 C=CODE     S=.text    G=(none)   M=ListActns ACBP=A9
 0001:00077B90 000130B0 C=CODE     S=.text    G=(none)   M=ComCtrls ACBP=A9
 0001:0008AC40 00000018 C=CODE     S=.text    G=(none)   M=JConsts  ACBP=A9
 0001:0008AC58 00013368 C=CODE     S=.text    G=(none)   M=jpeg     ACBP=A9
 0001:0009DFC0 000012A8 C=CODE     S=.text    G=(none)   M=cMagListViewLite ACBP=A9
 0001:0009F268 000000E7 C=CODE     S=.text    G=(none)   M=Umagutils8 ACBP=A9
 0001:0009F350 000005DC C=CODE     S=.text    G=(none)   M=Magfileversion ACBP=A9
 0001:0009F92C 00000044 C=CODE     S=.text    G=(none)   M=UMagCRC32 ACBP=A9
 0001:0009F970 000000F9 C=CODE     S=.text    G=(none)   M=FmxUtils ACBP=A9
 0001:0009FA6C 00000AEA C=CODE     S=.text    G=(none)   M=FMagAbout ACBP=A9
 0001:000A0558 000001A3 C=CODE     S=.text    G=(none)   M=MagWrksMemou ACBP=A9
 0001:000A06FC 00001C9C C=CODE     S=.text    G=(none)   M=Magwkcnf ACBP=A9
 0001:000A2398 00000278 C=CODE     S=.text    G=(none)   M=Magwrks  ACBP=A9
 0002:00000000 00000095 C=ICODE    S=.itext   G=(none)   M=System   ACBP=A9
 0002:00000098 00000011 C=ICODE    S=.itext   G=(none)   M=Windows  ACBP=A9
 0002:000000AC 00000088 C=ICODE    S=.itext   G=(none)   M=SysUtils ACBP=A9
 0002:00000134 0000000F C=ICODE    S=.itext   G=(none)   M=VarUtils ACBP=A9
 0002:00000144 000000AA C=ICODE    S=.itext   G=(none)   M=Variants ACBP=A9
 0002:000001F0 00000008 C=ICODE    S=.itext   G=(none)   M=TypInfo  ACBP=A9
 0002:000001F8 00000092 C=ICODE    S=.itext   G=(none)   M=Classes  ACBP=A9
 0002:0000028C 00000008 C=ICODE    S=.itext   G=(none)   M=HelpIntfs ACBP=A9
 0002:00000294 0000000F C=ICODE    S=.itext   G=(none)   M=MultiMon ACBP=A9
 0002:000002A4 00000008 C=ICODE    S=.itext   G=(none)   M=IniFiles ACBP=A9
 0002:000002AC 00000008 C=ICODE    S=.itext   G=(none)   M=Registry ACBP=A9
 0002:000002B4 000000FB C=ICODE    S=.itext   G=(none)   M=Graphics ACBP=A9
 0002:000003B0 0000001B C=ICODE    S=.itext   G=(none)   M=UxTheme  ACBP=A9
 0002:000003CC 00000008 C=ICODE    S=.itext   G=(none)   M=DwmApi   ACBP=A9
 0002:000003D4 00000008 C=ICODE    S=.itext   G=(none)   M=Printers ACBP=A9
 0002:000003DC 00000098 C=ICODE    S=.itext   G=(none)   M=GraphUtil ACBP=A9
 0002:00000474 00000044 C=ICODE    S=.itext   G=(none)   M=ExtCtrls ACBP=A9
 0002:000004B8 0000003D C=ICODE    S=.itext   G=(none)   M=Dialogs  ACBP=A9
 0002:000004F8 00000058 C=ICODE    S=.itext   G=(none)   M=Clipbrd  ACBP=A9
 0002:00000550 0000000F C=ICODE    S=.itext   G=(none)   M=FlatSB   ACBP=A9
 0002:00000560 00000085 C=ICODE    S=.itext   G=(none)   M=Menus    ACBP=A9
 0002:000005E8 0000008F C=ICODE    S=.itext   G=(none)   M=Controls ACBP=A9
 0002:00000678 00000008 C=ICODE    S=.itext   G=(none)   M=Themes   ACBP=A9
 0002:00000680 0000002A C=ICODE    S=.itext   G=(none)   M=ActnList ACBP=A9
 0002:000006AC 00000070 C=ICODE    S=.itext   G=(none)   M=Forms    ACBP=A9
 0002:0000071C 00000025 C=ICODE    S=.itext   G=(none)   M=Buttons  ACBP=A9
 0002:00000744 00000014 C=ICODE    S=.itext   G=(none)   M=ExtDlgs  ACBP=A9
 0002:00000758 00000008 C=ICODE    S=.itext   G=(none)   M=Mapi     ACBP=A9
 0002:00000760 00000008 C=ICODE    S=.itext   G=(none)   M=ExtActns ACBP=A9
 0002:00000768 00000008 C=ICODE    S=.itext   G=(none)   M=ComCtrls ACBP=A9
 0002:00000770 000000B0 C=ICODE    S=.itext   G=(none)   M=jpeg     ACBP=A9
 0002:00000820 00000008 C=ICODE    S=.itext   G=(none)   M=FMagAbout ACBP=A9
 0002:00000828 000000AC C=ICODE    S=.itext   G=(none)   M=Magwrks  ACBP=A9
 0003:00000000 00000788 C=DATA     S=.data    G=DGROUP   M=System   ACBP=A9
 0003:00000788 00000020 C=DATA     S=.data    G=DGROUP   M=SysInit  ACBP=A9
 0003:000007A8 00000254 C=DATA     S=.data    G=DGROUP   M=SysUtils ACBP=A9
 0003:000009FC 00000008 C=DATA     S=.data    G=DGROUP   M=VarUtils ACBP=A9
 0003:00000A04 00000136 C=DATA     S=.data    G=DGROUP   M=Variants ACBP=A9
 0003:00000B3C 0000000C C=DATA     S=.data    G=DGROUP   M=TypInfo  ACBP=A9
 0003:00000B48 000000E4 C=DATA     S=.data    G=DGROUP   M=Classes  ACBP=A9
 0003:00000C2C 00000008 C=DATA     S=.data    G=DGROUP   M=IniFiles ACBP=A9
 0003:00000C34 00000008 C=DATA     S=.data    G=DGROUP   M=Registry ACBP=A9
 0003:00000C3C 00000314 C=DATA     S=.data    G=DGROUP   M=Graphics ACBP=A9
 0003:00000F50 00000010 C=DATA     S=.data    G=DGROUP   M=ShlObj   ACBP=A9
 0003:00000F60 00000154 C=DATA     S=.data    G=DGROUP   M=StdCtrls ACBP=A9
 0003:000010B4 00000004 C=DATA     S=.data    G=DGROUP   M=Printers ACBP=A9
 0003:000010B8 000004B8 C=DATA     S=.data    G=DGROUP   M=GraphUtil ACBP=A9
 0003:00001570 00000020 C=DATA     S=.data    G=DGROUP   M=ExtCtrls ACBP=A9
 0003:00001590 000000F8 C=DATA     S=.data    G=DGROUP   M=Dialogs  ACBP=A9
 0003:00001688 0000012C C=DATA     S=.data    G=DGROUP   M=Menus    ACBP=A9
 0003:000017B4 00000140 C=DATA     S=.data    G=DGROUP   M=Controls ACBP=A9
 0003:000018F4 00000068 C=DATA     S=.data    G=DGROUP   M=Themes   ACBP=A9
 0003:0000195C 00000020 C=DATA     S=.data    G=DGROUP   M=ImgList  ACBP=A9
 0003:0000197C 0000013C C=DATA     S=.data    G=DGROUP   M=Forms    ACBP=A9
 0003:00001AB8 00000090 C=DATA     S=.data    G=DGROUP   M=Buttons  ACBP=A9
 0003:00001B48 00000020 C=DATA     S=.data    G=DGROUP   M=ToolWin  ACBP=A9
 0003:00001B68 00000018 C=DATA     S=.data    G=DGROUP   M=ExtDlgs  ACBP=A9
 0003:00001B80 00000008 C=DATA     S=.data    G=DGROUP   M=Mapi     ACBP=A9
 0003:00001B88 00000148 C=DATA     S=.data    G=DGROUP   M=ComCtrls ACBP=A9
 0003:00001CD0 00000908 C=DATA     S=.data    G=DGROUP   M=jpeg     ACBP=A9
 0003:000025D8 00000400 C=DATA     S=.data    G=DGROUP   M=UMagCRC32 ACBP=A9
 0003:000029D8 00000004 C=DATA     S=.data    G=DGROUP   M=FMagAbout ACBP=A9
 0004:00000000 000027EC C=BSS      S=.bss     G=DGROUP   M=System   ACBP=A9
 0004:000027EC 0000000C C=BSS      S=.bss     G=DGROUP   M=SysInit  ACBP=A9
 0004:000027F8 00000008 C=BSS      S=.bss     G=DGROUP   M=Windows  ACBP=A9
 0004:00002800 00002108 C=BSS      S=.bss     G=DGROUP   M=SysUtils ACBP=A9
 0004:00004908 0000005C C=BSS      S=.bss     G=DGROUP   M=VarUtils ACBP=A9
 0004:00004964 00000040 C=BSS      S=.bss     G=DGROUP   M=Variants ACBP=A9
 0004:000049A4 00000004 C=BSS      S=.bss     G=DGROUP   M=TypInfo  ACBP=A9
 0004:000049A8 00000040 C=BSS      S=.bss     G=DGROUP   M=Classes  ACBP=A9
 0004:000049E8 00000008 C=BSS      S=.bss     G=DGROUP   M=HelpIntfs ACBP=A9
 0004:000049F0 00000031 C=BSS      S=.bss     G=DGROUP   M=MultiMon ACBP=A9
 0004:00004A24 0000000C C=BSS      S=.bss     G=DGROUP   M=CommCtrl ACBP=A9
 0004:00004A30 00000004 C=BSS      S=.bss     G=DGROUP   M=IniFiles ACBP=A9
 0004:00004A34 00000004 C=BSS      S=.bss     G=DGROUP   M=Registry ACBP=A9
 0004:00004A38 00000060 C=BSS      S=.bss     G=DGROUP   M=Graphics ACBP=A9
 0004:00004A98 000000DC C=BSS      S=.bss     G=DGROUP   M=UxTheme  ACBP=A9
 0004:00004B74 00000010 C=BSS      S=.bss     G=DGROUP   M=DwmApi   ACBP=A9
 0004:00004B84 00000004 C=BSS      S=.bss     G=DGROUP   M=Printers ACBP=A9
 0004:00004B88 00000010 C=BSS      S=.bss     G=DGROUP   M=GraphUtil ACBP=A9
 0004:00004B98 00000008 C=BSS      S=.bss     G=DGROUP   M=ExtCtrls ACBP=A9
 0004:00004BA0 00000038 C=BSS      S=.bss     G=DGROUP   M=Dialogs  ACBP=A9
 0004:00004BD8 0000000C C=BSS      S=.bss     G=DGROUP   M=Clipbrd  ACBP=A9
 0004:00004BE4 00000034 C=BSS      S=.bss     G=DGROUP   M=FlatSB   ACBP=A9
 0004:00004C18 00000010 C=BSS      S=.bss     G=DGROUP   M=Menus    ACBP=A9
 0004:00004C28 00000088 C=BSS      S=.bss     G=DGROUP   M=Controls ACBP=A9
 0004:00004CB0 0000000C C=BSS      S=.bss     G=DGROUP   M=Themes   ACBP=A9
 0004:00004CBC 00000008 C=BSS      S=.bss     G=DGROUP   M=ImgList  ACBP=A9
 0004:00004CC4 00000004 C=BSS      S=.bss     G=DGROUP   M=ActnList ACBP=A9
 0004:00004CC8 00000031 C=BSS      S=.bss     G=DGROUP   M=Forms    ACBP=A9
 0004:00004CFC 00000030 C=BSS      S=.bss     G=DGROUP   M=Buttons  ACBP=A9
 0004:00004D2C 00000004 C=BSS      S=.bss     G=DGROUP   M=ExtDlgs  ACBP=A9
 0004:00004D30 00000004 C=BSS      S=.bss     G=DGROUP   M=Mapi     ACBP=A9
 0004:00004D34 00000009 C=BSS      S=.bss     G=DGROUP   M=ExtActns ACBP=A9
 0004:00004D40 00000039 C=BSS      S=.bss     G=DGROUP   M=ComCtrls ACBP=A9
 0004:00004D7C 00000004 C=BSS      S=.bss     G=DGROUP   M=jpeg     ACBP=A9
 0004:00004D80 00000008 C=BSS      S=.bss     G=DGROUP   M=FMagAbout ACBP=A9
 0004:00004D88 00000004 C=BSS      S=.bss     G=DGROUP   M=MagWrksMemou ACBP=A9
 0004:00004D8C 00000004 C=BSS      S=.bss     G=DGROUP   M=Magwkcnf ACBP=A9
 0005:00000000 00000008 C=TLS      S=.tls     G=(none)   M=System   ACBP=A9
 0005:00000008 00000008 C=TLS      S=.tls     G=(none)   M=Classes  ACBP=A9
 0005:00000010 00000030 C=TLS      S=.tls     G=(none)   M=GraphUtil ACBP=A9


  Address             Publics by Name

 0001:00006878       ActiveX.CoCreateInstance
 0001:00006868       ActiveX.CoInitialize
 0001:00006880       ActiveX.CoTaskMemAlloc
 0001:00006888       ActiveX.CoTaskMemFree
 0001:00006870       ActiveX.CoUninitialize
 0004:00004CC4       ActnList..9
 0001:00062128       ActnList..TActionLink
 0001:00061CC4       ActnList..TContainedAction
 0001:00062020       ActnList..TCustomAction
 0001:00061DE8       ActnList..TCustomActionList
 0001:00061EC8       ActnList..TShortCutList
 0002:00000680       ActnList.ActnList
 0001:0006305C       ActnList.Finalization
 0001:00062818       ActnList.TActionLink.IsCaptionLinked
 0001:0006282C       ActnList.TActionLink.IsCheckedLinked
 0001:00062840       ActnList.TActionLink.IsEnabledLinked
 0001:00062854       ActnList.TActionLink.IsGroupIndexLinked
 0001:00062868       ActnList.TActionLink.IsHelpContextLinked
 0001:0006287C       ActnList.TActionLink.IsHelpLinked
 0001:00062890       ActnList.TActionLink.IsHintLinked
 0001:000628A4       ActnList.TActionLink.IsImageIndexLinked
 0001:000628B8       ActnList.TActionLink.IsShortCutLinked
 0001:000628CC       ActnList.TActionLink.IsVisibleLinked
 0001:000628E0       ActnList.TActionLink.SetAutoCheck
 0001:000628E4       ActnList.TActionLink.SetCaption
 0001:000628E8       ActnList.TActionLink.SetChecked
 0001:000628EC       ActnList.TActionLink.SetEnabled
 0001:000628F0       ActnList.TActionLink.SetGroupIndex
 0001:000628F4       ActnList.TActionLink.SetHelpContext
 0001:000628F8       ActnList.TActionLink.SetHelpKeyword
 0001:000628FC       ActnList.TActionLink.SetHelpType
 0001:00062900       ActnList.TActionLink.SetHint
 0001:00062904       ActnList.TActionLink.SetImageIndex
 0001:00062908       ActnList.TActionLink.SetShortCut
 0001:0006290C       ActnList.TActionLink.SetVisible
 0001:000621F8       ActnList.TContainedAction.Destroy
 0001:00062364       ActnList.TContainedAction.Execute
 0001:0006222C       ActnList.TContainedAction.GetIndex
 0001:00062248       ActnList.TContainedAction.GetParentComponent
 0001:00062258       ActnList.TContainedAction.HasParent
 0001:00062244       ActnList.TContainedAction.IsCategoryStored
 0001:00062268       ActnList.TContainedAction.ReadState
 0001:00062310       ActnList.TContainedAction.SetActionList
 0001:000622E4       ActnList.TContainedAction.SetCategory
 0001:0006229C       ActnList.TContainedAction.SetIndex
 0001:00062338       ActnList.TContainedAction.SetParentComponent
 0001:000623BC       ActnList.TContainedAction.Update
 0001:000629B4       ActnList.TCustomAction.AssignTo
 0001:00062910       ActnList.TCustomAction.Create
 0001:00062964       ActnList.TCustomAction.Destroy
 0001:00062ED4       ActnList.TCustomAction.DoHint
 0001:00062EFC       ActnList.TCustomAction.Execute
 0001:00062F60       ActnList.TCustomAction.GetSecondaryShortCuts
 0001:00062FE0       ActnList.TCustomAction.HandleShortCut
 0001:00062FBC       ActnList.TCustomAction.IsSecondaryShortCutsStored
 0001:00062A64       ActnList.TCustomAction.SetCaption
 0001:00062AC4       ActnList.TCustomAction.SetChecked
 0001:00062BCC       ActnList.TCustomAction.SetEnabled
 0001:00062CB0       ActnList.TCustomAction.SetHelpContext
 0001:00062C48       ActnList.TCustomAction.SetHelpKeyword
 0001:00062D08       ActnList.TCustomAction.SetHint
 0001:00062D68       ActnList.TCustomAction.SetImageIndex
 0001:00062E88       ActnList.TCustomAction.SetName
 0001:00062F88       ActnList.TCustomAction.SetSecondaryShortCuts
 0001:00062DC4       ActnList.TCustomAction.SetShortCut
 0001:00062E28       ActnList.TCustomAction.SetVisible
 0001:000625EC       ActnList.TCustomActionList.AddAction
 0001:00062628       ActnList.TCustomActionList.Change
 0001:00062414       ActnList.TCustomActionList.Create
 0001:00062480       ActnList.TCustomActionList.Destroy
 0001:00062734       ActnList.TCustomActionList.ExecuteAction
 0001:00062548       ActnList.TCustomActionList.GetAction
 0001:0006255C       ActnList.TCustomActionList.GetActionCount
 0001:000624D0       ActnList.TCustomActionList.GetChildren
 0001:00062598       ActnList.TCustomActionList.ImageListChange
 0001:00062690       ActnList.TCustomActionList.IsShortCut
 0001:000625A4       ActnList.TCustomActionList.Notification
 0001:0006260C       ActnList.TCustomActionList.RemoveAction
 0001:00062518       ActnList.TCustomActionList.SetChildOrder
 0001:00062564       ActnList.TCustomActionList.SetImages
 0001:00062774       ActnList.TCustomActionList.SetState
 0001:00062754       ActnList.TCustomActionList.UpdateAction
 0001:00062FEC       ActnList.TShortCutList.Add
 0001:00063018       ActnList.TShortCutList.IndexOfShortCut
 0004:00004CFC       Buttons..5
 0001:0007277C       Buttons..TBitBtn
 0001:00072610       Buttons..TBitBtnActionLink
 0001:00072E74       Buttons..TButtonGlyph
 0001:00072E1C       Buttons..TGlyphCache
 0001:00072D5C       Buttons..TGlyphList
 0003:00001AE4       Buttons.BitBtnCaptions
 0004:00004D00       Buttons.BitBtnGlyphs
 0003:00001B10       Buttons.BitBtnModalResults
 0003:00001AB8       Buttons.BitBtnResNames
 0002:0000071C       Buttons.Buttons
 0001:00074C88       Buttons.DestroyLocals
 0001:00073AC8       Buttons.DoDrawText
 0001:00074E9C       Buttons.Finalization
 0001:00072CD0       Buttons.GetBitBtnGlyph
 0003:00001B3C       Buttons.GlyphCache
 0001:00074BCC       Buttons.TBitBtn.ActionChange
 0001:00074250       Buttons.TBitBtn.Click
 0001:000747DC       Buttons.TBitBtn.CMEnabledChanged
 0001:000747C4       Buttons.TBitBtn.CMFontChanged
 0001:00074CA4       Buttons.TBitBtn.CMMouseEnter
 0001:00074CE0       Buttons.TBitBtn.CMMouseLeave
 0001:000742D0       Buttons.TBitBtn.CNDrawItem
 0001:000742C0       Buttons.TBitBtn.CNMeasureItem
 0001:00074B48       Buttons.TBitBtn.CopyImage
 0001:00074110       Buttons.TBitBtn.Create
 0001:00074200       Buttons.TBitBtn.CreateHandle
 0001:0007422C       Buttons.TBitBtn.CreateParams
 0001:000741C4       Buttons.TBitBtn.Destroy
 0001:000742DC       Buttons.TBitBtn.DrawItem
 0001:00074D14       Buttons.TBitBtn.GetActionLinkClass
 0001:00074840       Buttons.TBitBtn.GetGlyph
 0001:00074A50       Buttons.TBitBtn.GetKind
 0001:00074AD8       Buttons.TBitBtn.GetNumGlyphs
 0001:00074808       Buttons.TBitBtn.GetPalette
 0001:0007484C       Buttons.TBitBtn.GlyphChanged
 0001:00074858       Buttons.TBitBtn.IsCustom
 0001:00074990       Buttons.TBitBtn.IsCustomCaption
 0001:0007423C       Buttons.TBitBtn.SetButtonStyle
 0001:0007481C       Buttons.TBitBtn.SetGlyph
 0001:00074884       Buttons.TBitBtn.SetKind
 0001:00074AC0       Buttons.TBitBtn.SetLayout
 0001:00074B2C       Buttons.TBitBtn.SetMargin
 0001:00074AE4       Buttons.TBitBtn.SetNumGlyphs
 0001:00074B14       Buttons.TBitBtn.SetSpacing
 0001:0007486C       Buttons.TBitBtn.SetStyle
 0001:000747F4       Buttons.TBitBtn.WMLButtonDblClk
 0001:00074D1C       Buttons.TBitBtnActionLink.AssignClient
 0001:00074D40       Buttons.TBitBtnActionLink.Create
 0001:00074D7C       Buttons.TBitBtnActionLink.IsImageIndexLinked
 0001:00074DAC       Buttons.TBitBtnActionLink.SetImageIndex
 0001:00073D50       Buttons.TButtonGlyph.CalcButtonLayout
 0001:00073100       Buttons.TButtonGlyph.Create
 0001:00073300       Buttons.TButtonGlyph.CreateButtonGlyph
 0001:00073190       Buttons.TButtonGlyph.Destroy
 0001:0007409C       Buttons.TButtonGlyph.Draw
 0001:000738D4       Buttons.TButtonGlyph.DrawButtonGlyph
 0001:00073BCC       Buttons.TButtonGlyph.DrawButtonText
 0001:00073230       Buttons.TButtonGlyph.GlyphChanged
 0001:000731EC       Buttons.TButtonGlyph.Invalidate
 0001:00073260       Buttons.TButtonGlyph.SetGlyph
 0001:000732D8       Buttons.TButtonGlyph.SetNumGlyphs
 0001:00072FFC       Buttons.TGlyphCache.Create
 0001:00073040       Buttons.TGlyphCache.Destroy
 0001:000730F4       Buttons.TGlyphCache.Empty
 0001:00073070       Buttons.TGlyphCache.GetList
 0001:000730D0       Buttons.TGlyphCache.ReturnList
 0001:00072FA0       Buttons.TGlyphList.AddMasked
 0001:00072F54       Buttons.TGlyphList.AllocateIndex
 0001:00072ED0       Buttons.TGlyphList.CreateSize
 0001:00072FCC       Buttons.TGlyphList.Delete
 0001:00072F24       Buttons.TGlyphList.Destroy
 0003:00001B40       Buttons.WordBreakFlag
 0004:000049B4       Classes..95
 0001:00016240       Classes..EBitsError
 0001:00016130       Classes..EClassNotFound
 0001:000162F8       Classes..EComponentError
 0001:00015F74       Classes..EFCreateError
 0001:00016028       Classes..EFilerError
 0001:00015F14       Classes..EFileStreamError
 0001:00015FD0       Classes..EFOpenError
 0001:000163B0       Classes..EInvalidOperation
 0001:000161E8       Classes..EListError
 0001:00016354       Classes..EOutOfResources
 0001:00016080       Classes..EReadError
 0001:0001618C       Classes..EResNotFound
 0001:00015EB8       Classes..EStreamError
 0001:00016298       Classes..EStringListError
 0001:000171E4       Classes..EThread
 0001:000160D8       Classes..EWriteError
 0001:0001750C       Classes..TBasicAction
 0001:0001748C       Classes..TBasicActionLink
 0001:000164CC       Classes..TBits
 0001:00017010       Classes..TClassFinder
 0001:0001677C       Classes..TCollection
 0001:000166C4       Classes..TCollectionItem
 0001:0001732C       Classes..TComponent
 0001:00016D04       Classes..TCustomMemoryStream
 0001:0001706C       Classes..TFiler
 0001:00016C7C       Classes..TFileStream
 0001:00016C04       Classes..THandleStream
 0001:000183D0       Classes..TIntConst
 0001:00016610       Classes..TInterfacedPersistent
 0001:00016410       Classes..TList
 0001:00016D80       Classes..TMemoryStream
 0001:00016850       Classes..TOwnedCollection
 0001:00016520       Classes..TPersistent
 0001:0001BF04       Classes..TPropFixup
 0001:0001BF7C       Classes..TPropIntfFixup
 0001:000170D0       Classes..TReader
 0001:000176AC       Classes..TRegGroup
 0001:00017704       Classes..TRegGroups
 0001:00016DFC       Classes..TResourceStream
 0001:00016B94       Classes..TStream
 0001:00016F88       Classes..TStreamAdapter
 0001:00016A7C       Classes..TStringList
 0001:00016944       Classes..TStrings
 0001:00016474       Classes..TThreadList
 0001:00017164       Classes..TWriter
 0001:00018374       Classes.ActivateClassGroup
 0003:00000B48       Classes.AddDataModule
 0001:0001C1DC       Classes.AddFinished
 0001:0001C214       Classes.AddNotFinished
 0001:0001CD88       Classes.AddSubComponentsToLoaded
 0001:00022994       Classes.AllocateHWnd
 0001:0001FCBC       Classes.AncestorIsValid
 0003:00000B58       Classes.ApplicationHandleException
 0003:00000B60       Classes.ApplicationShowException
 0001:00018748       Classes.BeginGlobalLoading
 0001:00021538       Classes.BinToHex
 0003:00000C00       Classes.BlockCode
 0001:00017654       Classes.Bounds
 0001:000228D0       Classes.CalcJmpOffset
 0001:0001CDC4       Classes.CheckSubComponents
 0001:00021640       Classes.CheckSynchronize
 0002:000001F8       Classes.Classes
 0001:00018138       Classes.ClassNotFound
 0001:00018A08       Classes.CollectionsEqual
 0001:0001CEA4       Classes.ComponentCreated
 0003:00000B7C       Classes.Convert
 0003:00000B8C       Classes.Convert
 0001:0001CF24       Classes.CreateComponent
 0001:00022A48       Classes.DeallocateHWnd
 0001:00021600       Classes.DoneThreadSynchronization
 0001:00019F98       Classes.DoWrite
 0001:000187D0       Classes.EndGlobalLoading
 0001:00017CD8       Classes.Error
 0001:0001BD3C       Classes.Error
 0003:00000B70       Classes.FilerSignature
 0001:00022A70       Classes.Finalization
 0001:0001F3A8       Classes.FindAncestor
 0001:000181F8       Classes.FindClass
 0001:0001D0D4       Classes.FindExistingComponent
 0001:00018660       Classes.FindGlobalComponent
 0004:000049C0       Classes.FindGlobalComponentProcs
 0001:00018508       Classes.FindIdentToInt
 0001:0001848C       Classes.FindIntToIdent
 0001:00020148       Classes.FindMethodName
 0001:0001C110       Classes.FindNestedComponent
 0001:0001E078       Classes.FindUniqueName
 0001:0002283C       Classes.FreeIntConstList
 0001:00022970       Classes.FreeObjectInstance
 0001:000181A4       Classes.GetClass
 0001:00020838       Classes.GetComponentValue
 0001:00019518       Classes.GetDesigner
 0001:0001812C       Classes.GetFieldClassTable
 0004:000049C4       Classes.GlobalFixupList
 0001:0001C25C       Classes.GlobalFixupReferences
 0005:0000000C       Classes.GlobalLists
 0005:00000008       Classes.GlobalLoaded
 0004:000049A8       Classes.GlobalNameSpace
 0001:00018320       Classes.GroupDescendentsWith
 0001:0001D848       Classes.HandleException
 0001:00021574       Classes.HexToBin
 0001:00018584       Classes.IdentToInt
 0001:0001882C       Classes.InitComponent
 0001:000188D4       Classes.InitInheritedComponent
 0001:000215CC       Classes.InitThreadSynchronization
 0004:000049E0       Classes.InstBlockList
 0004:000049E4       Classes.InstFreeList
 0004:000049B8       Classes.IntConstList
 0001:000186C4       Classes.InternalReadComponentRes
 0001:000185C4       Classes.IntToIdent
 0001:0001767C       Classes.InvalidPoint
 0001:00017690       Classes.InvalidPoint
 0001:0001FEC8       Classes.IsDefault
 0001:0001FD44       Classes.IsDefaultFloatProp
 0001:0001FDA0       Classes.IsDefaultInt64Prop
 0001:0002006C       Classes.IsDefaultInterfaceProp
 0001:000201B4       Classes.IsDefaultMethodProp
 0001:0001FF20       Classes.IsDefaultObjectProp
 0001:0001FCEC       Classes.IsDefaultOrdProp
 0001:000202EC       Classes.IsDefaultPropertyValue
 0001:0001FDF8       Classes.IsDefaultStrProp
 0001:0001FFA0       Classes.IsDefaultValue
 0001:00020254       Classes.IsDefaultVariantProp
 0001:000186A0       Classes.IsUniqueGlobalComponentName
 0004:000049AC       Classes.IsUniqueGlobalComponentNameProc
 0001:000228D8       Classes.MakeObjectInstance
 0001:00019124       Classes.Min
 0001:000228A8       Classes.ModuleUnload
 0003:00000B74       Classes.NilMethod
 0001:000195B8       Classes.NotifyDesigner
 0001:000187A0       Classes.NotifyGlobalLoading
 0001:0001FE88       Classes.ObjectAncestorMatch
 0001:00020820       Classes.OwnedBy
 0001:00017604       Classes.Point
 0001:00017A64       Classes.PointerInModule
 0001:0001C57C       Classes.PropertyNotFound
 0001:0001D948       Classes.PropPathError
 0001:0001C570       Classes.PropValueError
 0001:0001B474       Classes.RaiseException
 0001:0001EC2C       Classes.ReadCustomVariant
 0001:0001C558       Classes.ReadError
 0001:0001CEC4       Classes.Recover
 0001:0001762C       Classes.Rect
 0004:000049BC       Classes.RegGroups
 0001:00018218       Classes.RegisterClass
 0001:00018608       Classes.RegisterFindGlobalComponentProc
 0001:00018460       Classes.RegisterIntegerConsts
 0003:00000B50       Classes.RemoveDataModule
 0001:0001C428       Classes.RemoveFixupReferences
 0001:0001C4D4       Classes.RemoveFixups
 0001:0001C86C       Classes.RemoveGlobalFixup
 0001:00021618       Classes.ResetSyncEvent
 0001:00018BF4       Classes.ReturnAddr
 0001:0001A0F8       Classes.ReturnAddr
 0001:0001D034       Classes.SetCompName
 0001:0001C5A8       Classes.SetElementValue
 0001:0001DCA0       Classes.SetInterfaceReference
 0001:0001DBBC       Classes.SetIntIdent
 0001:0001DC04       Classes.SetObjectIdent
 0001:0001CE3C       Classes.SetSubComponentState
 0001:0001DC44       Classes.SetVariantReference
 0001:0001E74C       Classes.SkipBinary
 0001:0001E77C       Classes.SkipCollection
 0001:0001E724       Classes.SkipList
 0001:0001761C       Classes.SmallPoint
 0001:000182D4       Classes.StartClassGroup
 0001:000228B0       Classes.StdWndProc
 0001:0001B29C       Classes.StringListCompareStrings
 0004:000049B0       Classes.SyncEvent
 0003:00000BFC       Classes.SyncList
 0001:000222A8       Classes.TBasicAction.Change
 0001:0002213C       Classes.TBasicAction.Create
 0001:00022180       Classes.TBasicAction.Destroy
 0001:00022214       Classes.TBasicAction.Execute
 0001:000221E4       Classes.TBasicAction.ExecuteTarget
 0001:000221E0       Classes.TBasicAction.HandlesTarget
 0001:000221E8       Classes.TBasicAction.Notification
 0001:000222BC       Classes.TBasicAction.RegisterChanges
 0001:00022308       Classes.TBasicAction.SetActionComponent
 0001:0002224C       Classes.TBasicAction.SetOnExecute
 0001:000222C8       Classes.TBasicAction.UnRegisterChanges
 0001:00022230       Classes.TBasicAction.Update
 0001:00022210       Classes.TBasicAction.UpdateTarget
 0001:0002208C       Classes.TBasicActionLink.AssignClient
 0001:000220C4       Classes.TBasicActionLink.Change
 0001:00022048       Classes.TBasicActionLink.Create
 0001:00022090       Classes.TBasicActionLink.Destroy
 0001:000220DC       Classes.TBasicActionLink.Execute
 0001:00022124       Classes.TBasicActionLink.IsOnExecuteLinked
 0001:000220F8       Classes.TBasicActionLink.SetAction
 0001:00022128       Classes.TBasicActionLink.SetOnExecute
 0001:00022130       Classes.TBasicActionLink.Update
 0001:000190DC       Classes.TBits.Destroy
 0001:0001910C       Classes.TBits.Error
 0001:00019200       Classes.TBits.GetBit
 0001:00019218       Classes.TBits.OpenBit
 0001:000191D4       Classes.TBits.SetBit
 0001:00019130       Classes.TBits.SetSize
 0001:00017F48       Classes.TClassFinder.Create
 0001:00018074       Classes.TClassFinder.Destroy
 0001:000180A4       Classes.TClassFinder.GetClass
 0001:00019898       Classes.TCollection.Add
 0001:00019D24       Classes.TCollection.Added
 0001:000198B8       Classes.TCollection.Assign
 0001:00019950       Classes.TCollection.BeginUpdate
 0001:00019954       Classes.TCollection.Changed
 0001:00019964       Classes.TCollection.Clear
 0001:00019800       Classes.TCollection.Create
 0001:00019CE8       Classes.TCollection.Delete
 0001:00019D28       Classes.TCollection.Deleting
 0001:0001984C       Classes.TCollection.Destroy
 0001:000199CC       Classes.TCollection.EndUpdate
 0001:000199DC       Classes.TCollection.GetAttr
 0001:000199D8       Classes.TCollection.GetAttrCount
 0001:00019A08       Classes.TCollection.GetCount
 0001:00019A10       Classes.TCollection.GetItem
 0001:000199E8       Classes.TCollection.GetItemAttr
 0001:00019A24       Classes.TCollection.GetNamePath
 0001:00019AEC       Classes.TCollection.GetPropName
 0001:00019C08       Classes.TCollection.Insert
 0001:00019C24       Classes.TCollection.InsertItem
 0001:00019D2C       Classes.TCollection.Notify
 0001:00019D18       Classes.TCollection.Owner
 0001:00019C8C       Classes.TCollection.RemoveItem
 0001:00019CE0       Classes.TCollection.SetItemName
 0001:00019CE4       Classes.TCollection.Update
 0001:00019684       Classes.TCollectionItem.Changed
 0001:0001961C       Classes.TCollectionItem.Create
 0001:00019654       Classes.TCollectionItem.Destroy
 0001:000196C0       Classes.TCollectionItem.GetDisplayName
 0001:000196A8       Classes.TCollectionItem.GetIndex
 0001:000196E8       Classes.TCollectionItem.GetNamePath
 0001:0001979C       Classes.TCollectionItem.GetOwner
 0001:000197A0       Classes.TCollectionItem.SetCollection
 0001:000197C8       Classes.TCollectionItem.SetDisplayName
 0001:000197D0       Classes.TCollectionItem.SetIndex
 0001:000218E0       Classes.TComponent.BeforeDestruction
 0001:00021E18       Classes.TComponent.ChangeName
 0001:00021818       Classes.TComponent.Create
 0001:00021BA8       Classes.TComponent.DefineProperties
 0001:00021864       Classes.TComponent.Destroy
 0001:00021A70       Classes.TComponent.DestroyComponents
 0001:00021ACC       Classes.TComponent.Destroying
 0001:00021F54       Classes.TComponent.ExecuteAction
 0001:00021D38       Classes.TComponent.FindComponent
 0001:000218EC       Classes.TComponent.FreeNotification
 0001:00021C3C       Classes.TComponent.GetChildOwner
 0001:00021C40       Classes.TComponent.GetChildParent
 0001:00021C34       Classes.TComponent.GetChildren
 0001:00021E2C       Classes.TComponent.GetComponent
 0001:00021E58       Classes.TComponent.GetComponentCount
 0001:00021C44       Classes.TComponent.GetNamePath
 0001:00021C58       Classes.TComponent.GetOwner
 0001:00021C60       Classes.TComponent.GetParentComponent
 0001:00021C30       Classes.TComponent.HasParent
 0001:00021980       Classes.TComponent.Insert
 0001:000219D4       Classes.TComponent.InsertComponent
 0001:00022044       Classes.TComponent.IntfGetComponent
 0001:00021C80       Classes.TComponent.Loaded
 0001:00021B48       Classes.TComponent.Notification
 0001:00021C8C       Classes.TComponent.PaletteCreated
 0001:00021FC4       Classes.TComponent.QueryInterface
 0001:00021940       Classes.TComponent.ReadLeft
 0001:00021C90       Classes.TComponent.ReadState
 0001:00021954       Classes.TComponent.ReadTop
 0001:000219AC       Classes.TComponent.Remove
 0001:00021A38       Classes.TComponent.RemoveComponent
 0001:00021B2C       Classes.TComponent.RemoveFreeNotification
 0001:00021B08       Classes.TComponent.RemoveNotification
 0001:00021FA4       Classes.TComponent.SafeCallException
 0001:00021C5C       Classes.TComponent.SetChildOrder
 0001:00021E68       Classes.TComponent.SetComponentIndex
 0001:00021EBC       Classes.TComponent.SetDesigning
 0001:00021D88       Classes.TComponent.SetName
 0001:00021C64       Classes.TComponent.SetParentComponent
 0001:00021F0C       Classes.TComponent.SetReference
 0001:00021F7C       Classes.TComponent.UpdateAction
 0001:00021C74       Classes.TComponent.Updated
 0001:00021FBC       Classes.TComponent.UpdateRegistry
 0001:00021C68       Classes.TComponent.Updating
 0001:00021D20       Classes.TComponent.ValidateContainer
 0001:00021D34       Classes.TComponent.ValidateInsert
 0001:00021CA0       Classes.TComponent.ValidateRename
 0001:00021968       Classes.TComponent.WriteLeft
 0001:00021C98       Classes.TComponent.WriteState
 0001:00021974       Classes.TComponent.WriteTop
 0001:00022004       Classes.TComponent._AddRef
 0001:00022024       Classes.TComponent._Release
 0001:0001BA94       Classes.TCustomMemoryStream.Read
 0001:0001BACC       Classes.TCustomMemoryStream.Seek
 0001:0001BA8C       Classes.TCustomMemoryStream.SetPointer
 0001:0001BE90       Classes.TFiler.Create
 0001:0001BED8       Classes.TFiler.Destroy
 0001:0001BF00       Classes.TFiler.SetRoot
 0001:0001B8A0       Classes.TFileStream.Create
 0001:0001B8E4       Classes.TFileStream.Create
 0001:0001BA58       Classes.TFileStream.Destroy
 0001:0001B7DC       Classes.THandleStream.Create
 0001:0001B818       Classes.THandleStream.Read
 0001:0001B838       Classes.THandleStream.Seek
 0001:0001B878       Classes.THandleStream.SetSize
 0001:0001B864       Classes.THandleStream.SetSize
 0001:0001B828       Classes.THandleStream.Write
 0004:000049C8       Classes.ThreadLock
 0001:00018428       Classes.TIntConst.Create
 0001:00019460       Classes.TInterfacedPersistent.AfterConstruction
 0001:000194F0       Classes.TInterfacedPersistent.QueryInterface
 0001:000194B0       Classes.TInterfacedPersistent._AddRef
 0001:000194D0       Classes.TInterfacedPersistent._Release
 0001:00018B4C       Classes.TList.Add
 0001:00018B80       Classes.TList.Clear
 0001:00018B98       Classes.TList.Delete
 0001:00018B2C       Classes.TList.Destroy
 0001:00018BF8       Classes.TList.Error
 0001:00018C30       Classes.TList.Error
 0001:00018C84       Classes.TList.Expand
 0001:00018C9C       Classes.TList.First
 0001:00018CA4       Classes.TList.Get
 0001:00018CCC       Classes.TList.Grow
 0001:00018D00       Classes.TList.IndexOf
 0001:00018D20       Classes.TList.Insert
 0001:00018D8C       Classes.TList.Last
 0001:00018D98       Classes.TList.Move
 0001:00018F10       Classes.TList.Notify
 0001:00018DF0       Classes.TList.Put
 0001:00018E40       Classes.TList.Remove
 0001:00018E60       Classes.TList.SetCapacity
 0001:00018E9C       Classes.TList.SetCount
 0001:0001BB1C       Classes.TMemoryStream.Clear
 0001:0001BAF0       Classes.TMemoryStream.Destroy
 0001:0001BB6C       Classes.TMemoryStream.LoadFromFile
 0001:0001BB34       Classes.TMemoryStream.LoadFromStream
 0001:0001BC14       Classes.TMemoryStream.Realloc
 0001:0001BBC0       Classes.TMemoryStream.SetCapacity
 0001:0001BBE8       Classes.TMemoryStream.SetSize
 0001:0001BC94       Classes.TMemoryStream.Write
 0001:00019D50       Classes.TOwnedCollection.Create
 0001:00019D94       Classes.TOwnedCollection.GetOwner
 0001:000192BC       Classes.TPersistent.Assign
 0001:000192D0       Classes.TPersistent.AssignError
 0001:000193A0       Classes.TPersistent.AssignTo
 0001:000193A8       Classes.TPersistent.DefineProperties
 0001:00019290       Classes.TPersistent.Destroy
 0001:000193AC       Classes.TPersistent.GetNamePath
 0001:0001945C       Classes.TPersistent.GetOwner
 0001:0001BFDC       Classes.TPropFixup.Create
 0001:0001C034       Classes.TPropFixup.MakeGlobalReference
 0001:0001C07C       Classes.TPropFixup.ResolveReference
 0001:0001C08C       Classes.TPropIntfFixup.ResolveReference
 0001:0001C5FC       Classes.TReader.CheckValue
 0001:0001C65C       Classes.TReader.DefineBinaryProperty
 0001:0001C620       Classes.TReader.DefineProperty
 0001:0001C5C0       Classes.TReader.Destroy
 0001:0001C8E8       Classes.TReader.DoFixupReferences
 0001:0001C744       Classes.TReader.EndOfList
 0001:0001C758       Classes.TReader.Error
 0001:0001EA78       Classes.TReader.FindAncestorComponent
 0001:0001EB70       Classes.TReader.FindComponentClass
 0001:0001C804       Classes.TReader.FindMethod
 0001:0001C77C       Classes.TReader.FindMethodInstance
 0001:0001CA2C       Classes.TReader.FlushBuffer
 0001:0001CA50       Classes.TReader.FreeFixups
 0001:0001CA8C       Classes.TReader.GetFieldClass
 0001:0001CB24       Classes.TReader.GetPosition
 0001:0001CB3C       Classes.TReader.NextValue
 0001:0001CB4C       Classes.TReader.PropertyError
 0001:0001CB60       Classes.TReader.Read
 0001:0001CBE8       Classes.TReader.ReadBoolean
 0001:0001CBAC       Classes.TReader.ReadBuffer
 0001:0001CBFC       Classes.TReader.ReadChar
 0001:0001CCB8       Classes.TReader.ReadCollection
 0001:0001D178       Classes.TReader.ReadComponent
 0001:0001D5B8       Classes.TReader.ReadCurrency
 0001:0001D3B8       Classes.TReader.ReadData
 0001:0001D428       Classes.TReader.ReadDataInner
 0001:0001D608       Classes.TReader.ReadDate
 0001:0001D530       Classes.TReader.ReadDouble
 0001:0001D4F8       Classes.TReader.ReadFloat
 0001:0001D64C       Classes.TReader.ReadIdent
 0001:0001D7B4       Classes.TReader.ReadInt64
 0001:0001D748       Classes.TReader.ReadInteger
 0001:0001D7F8       Classes.TReader.ReadListBegin
 0001:0001D800       Classes.TReader.ReadListEnd
 0001:0001D808       Classes.TReader.ReadPrefix
 0001:0001D964       Classes.TReader.ReadProperty
 0001:0001DD60       Classes.TReader.ReadPropValue
 0001:0001E0D8       Classes.TReader.ReadRootComponent
 0001:0001E40C       Classes.TReader.ReadSet
 0001:0001E4C8       Classes.TReader.ReadSignature
 0001:0001D574       Classes.TReader.ReadSingle
 0001:0001E4EC       Classes.TReader.ReadStr
 0001:0001E528       Classes.TReader.ReadString
 0001:0001E6C8       Classes.TReader.ReadValue
 0001:0001EDF4       Classes.TReader.ReadVariant
 0001:0001CC5C       Classes.TReader.ReadWideChar
 0001:0001E5E4       Classes.TReader.ReadWideString
 0001:0001EB30       Classes.TReader.ReferenceName
 0001:0001EB48       Classes.TReader.SetName
 0001:0001EBE4       Classes.TReader.SkipBytes
 0001:0001E9D0       Classes.TReader.SkipComponent
 0001:0001E988       Classes.TReader.SkipProperty
 0001:0001E6DC       Classes.TReader.SkipSetBody
 0001:0001E7D8       Classes.TReader.SkipValue
 0001:0001775C       Classes.TRegGroup.AddClass
 0001:00017768       Classes.TRegGroup.BestClass
 0001:000177C8       Classes.TRegGroup.BestGroup
 0001:00017838       Classes.TRegGroup.Create
 0001:00017894       Classes.TRegGroup.Destroy
 0001:000178D4       Classes.TRegGroup.GetClass
 0001:0001793C       Classes.TRegGroup.InGroup
 0001:00017980       Classes.TRegGroup.RegisterClass
 0001:00017A40       Classes.TRegGroup.Registered
 0001:00017A84       Classes.TRegGroup.UnregisterModuleClasses
 0001:00017B30       Classes.TRegGroups.Activate
 0001:00017B7C       Classes.TRegGroups.Create
 0001:00017BF0       Classes.TRegGroups.Destroy
 0001:00017C50       Classes.TRegGroups.FindGroup
 0001:00017C94       Classes.TRegGroups.GetClass
 0001:00017D68       Classes.TRegGroups.GroupWith
 0001:00017E34       Classes.TRegGroups.Lock
 0001:00017E40       Classes.TRegGroups.RegisterClass
 0001:00017E58       Classes.TRegGroups.Registered
 0001:00017E9C       Classes.TRegGroups.StartGroup
 0001:00017EEC       Classes.TRegGroups.Unlock
 0001:00017EF8       Classes.TRegGroups.UnregisterModuleClasses
 0001:0001BCE4       Classes.TResourceStream.Create
 0001:0001BE48       Classes.TResourceStream.Destroy
 0001:0001BDDC       Classes.TResourceStream.Initialize
 0001:0001BE78       Classes.TResourceStream.Write
 0001:0001B624       Classes.TStream.CopyFrom
 0001:0001B388       Classes.TStream.GetPosition
 0001:0001B3BC       Classes.TStream.GetSize
 0001:0001B5B4       Classes.TStream.ReadBuffer
 0001:0001B718       Classes.TStream.ReadComponent
 0001:0001B4C0       Classes.TStream.Seek
 0001:0001B544       Classes.TStream.Seek
 0001:0001B3A8       Classes.TStream.SetPosition
 0001:0001B408       Classes.TStream.SetSize
 0001:0001B420       Classes.TStream.SetSize
 0001:0001B40C       Classes.TStream.SetSize64
 0001:0001B5EC       Classes.TStream.WriteBuffer
 0001:0001B778       Classes.TStream.WriteComponent
 0001:0001B780       Classes.TStream.WriteDescendent
 0001:00022824       Classes.TStreamAdapter.Clone
 0001:00022778       Classes.TStreamAdapter.Commit
 0001:00022570       Classes.TStreamAdapter.CopyTo
 0001:00022334       Classes.TStreamAdapter.Create
 0001:00022380       Classes.TStreamAdapter.Destroy
 0001:00022790       Classes.TStreamAdapter.LockRegion
 0001:000223B8       Classes.TStreamAdapter.Read
 0001:00022784       Classes.TStreamAdapter.Revert
 0001:00022488       Classes.TStreamAdapter.Seek
 0001:0002250C       Classes.TStreamAdapter.SetSize
 0001:000227A8       Classes.TStreamAdapter.Stat
 0001:0002279C       Classes.TStreamAdapter.UnlockRegion
 0001:00022420       Classes.TStreamAdapter.Write
 0001:0001AD08       Classes.TStringList.Add
 0001:0001AD18       Classes.TStringList.AddObject
 0001:0001AD7C       Classes.TStringList.Changed
 0001:0001AD98       Classes.TStringList.Changing
 0001:0001ADB4       Classes.TStringList.Clear
 0001:0001B304       Classes.TStringList.CompareStrings
 0001:0001B2CC       Classes.TStringList.CustomSort
 0001:0001ADF4       Classes.TStringList.Delete
 0001:0001ACAC       Classes.TStringList.Destroy
 0001:0001AE60       Classes.TStringList.Exchange
 0001:0001AEBC       Classes.TStringList.ExchangeItems
 0001:0001AEE0       Classes.TStringList.Find
 0001:0001AF64       Classes.TStringList.Get
 0001:0001AF98       Classes.TStringList.GetCapacity
 0001:0001AF9C       Classes.TStringList.GetCount
 0001:0001AFA0       Classes.TStringList.GetObject
 0001:0001AFC8       Classes.TStringList.Grow
 0001:0001AFFC       Classes.TStringList.IndexOf
 0001:0001B038       Classes.TStringList.Insert
 0001:0001B09C       Classes.TStringList.InsertItem
 0001:0001B048       Classes.TStringList.InsertObject
 0001:0001B118       Classes.TStringList.Put
 0001:0001B174       Classes.TStringList.PutObject
 0001:0001B1B4       Classes.TStringList.QuickSort
 0001:0001B248       Classes.TStringList.SetCapacity
 0001:0001B264       Classes.TStringList.SetSorted
 0001:0001B284       Classes.TStringList.SetUpdateState
 0001:0001B2BC       Classes.TStringList.Sort
 0001:00019DC8       Classes.TStrings.Add
 0001:00019DEC       Classes.TStrings.AddObject
 0001:00019E10       Classes.TStrings.AddStrings
 0001:00019EC8       Classes.TStrings.Assign
 0001:00019F80       Classes.TStrings.BeginUpdate
 0001:0001AC34       Classes.TStrings.CompareStrings
 0001:00019FF0       Classes.TStrings.DefineProperties
 0001:00019D98       Classes.TStrings.Destroy
 0001:0001A03C       Classes.TStrings.EndUpdate
 0001:0001A050       Classes.TStrings.Equals
 0001:0001A0FC       Classes.TStrings.Error
 0001:0001A134       Classes.TStrings.Error
 0001:0001A18C       Classes.TStrings.Exchange
 0001:0001A278       Classes.TStrings.GetCapacity
 0001:0001ABD4       Classes.TStrings.GetLineBreak
 0001:0001AC78       Classes.TStrings.GetNameValueSeparator
 0001:0001A280       Classes.TStrings.GetObject
 0001:0001A284       Classes.TStrings.GetText
 0001:0001A2D8       Classes.TStrings.GetTextStr
 0001:0001A410       Classes.TStrings.IndexOf
 0001:0001A49C       Classes.TStrings.IndexOfName
 0001:0001A570       Classes.TStrings.IndexOfObject
 0001:0001A5A4       Classes.TStrings.InsertObject
 0001:0001A5D4       Classes.TStrings.LoadFromFile
 0001:0001A628       Classes.TStrings.LoadFromStream
 0001:0001A6D4       Classes.TStrings.Move
 0001:0001A784       Classes.TStrings.Put
 0001:0001A7B4       Classes.TStrings.PutObject
 0001:0001A7B8       Classes.TStrings.ReadData
 0001:0001A868       Classes.TStrings.SaveToFile
 0001:0001A8C0       Classes.TStrings.SaveToStream
 0001:0001A920       Classes.TStrings.SetCapacity
 0001:0001AC08       Classes.TStrings.SetLineBreak
 0001:0001AC90       Classes.TStrings.SetNameValueSeparator
 0001:0001A924       Classes.TStrings.SetStringsAdapter
 0001:0001A958       Classes.TStrings.SetText
 0001:0001A9A8       Classes.TStrings.SetTextStr
 0001:0001AB4C       Classes.TStrings.SetUpdateState
 0001:0001AB50       Classes.TStrings.WriteData
 0001:00018FE4       Classes.TThreadList.Add
 0001:00018F14       Classes.TThreadList.Create
 0001:00018F68       Classes.TThreadList.Destroy
 0001:0001906C       Classes.TThreadList.LockList
 0001:00019080       Classes.TThreadList.Remove
 0001:000190D0       Classes.TThreadList.UnlockList
 0001:0001F040       Classes.TWriter.AddAncestor
 0001:0001F074       Classes.TWriter.DefineBinaryProperty
 0001:0001F04C       Classes.TWriter.DefineProperty
 0001:0001F014       Classes.TWriter.Destroy
 0001:0001F0B0       Classes.TWriter.FindMethodName
 0001:0001F10C       Classes.TWriter.FlushBuffer
 0001:00021514       Classes.TWriter.GetLookupInfo
 0001:0001F0A0       Classes.TWriter.GetPosition
 0001:0001F114       Classes.TWriter.SetPosition
 0001:0001F150       Classes.TWriter.SetRoot
 0001:0001F168       Classes.TWriter.Write
 0001:0001F1B4       Classes.TWriter.WriteBinary
 0001:0001F254       Classes.TWriter.WriteBoolean
 0001:0001F23C       Classes.TWriter.WriteBuffer
 0001:0001F268       Classes.TWriter.WriteChar
 0001:0001F308       Classes.TWriter.WriteCollection
 0001:0001F3F8       Classes.TWriter.WriteComponent
 0001:0001F9C4       Classes.TWriter.WriteCurrency
 0001:0001F54C       Classes.TWriter.WriteData
 0001:0001F9E8       Classes.TWriter.WriteDate
 0001:0001F954       Classes.TWriter.WriteDescendent
 0001:0001F97C       Classes.TWriter.WriteFloat
 0001:0001FA0C       Classes.TWriter.WriteIdent
 0001:0001FAD0       Classes.TWriter.WriteInteger
 0001:0001FB44       Classes.TWriter.WriteInteger
 0001:0001FB9C       Classes.TWriter.WriteListBegin
 0001:0001FBA4       Classes.TWriter.WriteListEnd
 0001:00021348       Classes.TWriter.WriteMinStr
 0001:0001FBAC       Classes.TWriter.WritePrefix
 0001:0001FBF4       Classes.TWriter.WriteProperties
 0001:00020D44       Classes.TWriter.WriteProperty
 0001:00021298       Classes.TWriter.WritePropName
 0001:000212EC       Classes.TWriter.WriteSignature
 0001:0001F9A0       Classes.TWriter.WriteSingle
 0001:000212FC       Classes.TWriter.WriteStr
 0001:000213F4       Classes.TWriter.WriteString
 0001:00021500       Classes.TWriter.WriteValue
 0001:00020E9C       Classes.TWriter.WriteVariant
 0001:0001F2B8       Classes.TWriter.WriteWideChar
 0001:00021448       Classes.TWriter.WriteWideString
 0001:00018648       Classes.UnregisterFindGlobalComponentProc
 0001:00018288       Classes.UnRegisterModuleClasses
 0003:00000C04       Classes.UtilWindowClass
 0001:00021624       Classes.WaitForSyncEvent
 0003:00000B68       Classes.WakeMainThread
 0001:0001899C       Classes.WriteCollection
 0001:000205A8       Classes.WriteCollectionProp
 0001:00020744       Classes.WriteFloatProp
 0001:00020784       Classes.WriteInt64Prop
 0001:00020B74       Classes.WriteInterfaceProp
 0001:0002053C       Classes.WriteIntProp
 0001:00020C50       Classes.WriteMethodProp
 0001:00020960       Classes.WriteObjectProp
 0001:0002064C       Classes.WriteOrdProp
 0001:00020454       Classes.WritePropPath
 0001:000204A8       Classes.WriteSet
 0001:000207C0       Classes.WriteStrProp
 0001:00020CE0       Classes.WriteVariantProp
 0004:00004BDC       Clipbrd..2
 0004:00004BDA       Clipbrd.CF_COMPONENT
 0004:00004BD8       Clipbrd.CF_PICTURE
 0002:000004F8       Clipbrd.Clipbrd
 0004:00004BE0       Clipbrd.FClipboard
 0001:00043064       Clipbrd.Finalization
 0001:0009E0C0       cMagListViewLite..TMagListViewLite
 0001:0009DFC0       cMagListViewLite..TMagListViewLiteData
 0001:0009E428       cMagListViewLite.TMagListViewLite.ApplyColumnWidthDefaults
 0001:0009E76C       cMagListViewLite.TMagListViewLite.ClearItems
 0001:0009E868       cMagListViewLite.TMagListViewLite.ColClick
 0001:0009E380       cMagListViewLite.TMagListViewLite.Create
 0001:0009E400       cMagListViewLite.TMagListViewLite.Destroy
 0001:0009E88C       cMagListViewLite.TMagListViewLite.DoCompare
 0001:0009EB08       cMagListViewLite.TMagListViewLite.LoadColumns
 0001:0009ED90       cMagListViewLite.TMagListViewLite.LoadListFromStrings
 0001:0009E6C4       cMagListViewLite.TMagListViewLite.MyMAGLENGTH
 0001:0009E5DC       cMagListViewLite.TMagListViewLite.MyMagPiece
 0001:0009EFF0       cMagListViewLite.TMagListViewLite.NewListViewData
 0001:0009E804       cMagListViewLite.TMagListViewLite.SortBycolumn
 0001:0009F04C       cMagListViewLite.TMagListViewLite.SortDateTime
 0001:0009F10C       cMagListViewLite.TMagListViewLite.SortDayCase
 0001:0009F1DC       cMagListViewLite.TMagListViewLite.SortJustifystring
 0004:00004D40       ComCtrls..76
 0001:0007C3F8       ComCtrls..TComboBoxExActionLink
 0001:000898BC       ComCtrls..TComboBoxExEnumerator
 0001:0007C0EC       ComCtrls..TComboBoxExStrings
 0001:0007BF04       ComCtrls..TComboExItem
 0001:0007C038       ComCtrls..TComboExItems
 0001:00077CD0       ComCtrls..TConversion
 0001:0007C204       ComCtrls..TCustomComboBoxEx
 0001:00079018       ComCtrls..TCustomListView
 0001:0007829C       ComCtrls..TIconOptions
 0001:00077D70       ComCtrls..TListColumn
 0001:00077F34       ComCtrls..TListColumns
 0001:00077FE8       ComCtrls..TListItem
 0001:00078080       ComCtrls..TListItems
 0001:0007928C       ComCtrls..TListView
 0001:0007A2C0       ComCtrls..TListViewActionLink
 0001:0007CEFC       ComCtrls..TSubItems
 0001:0007B0A0       ComCtrls..TToolBar
 0001:0007B040       ComCtrls..TToolBarEnumerator
 0001:0007A53C       ComCtrls..TToolButton
 0001:0007A444       ComCtrls..TToolButtonActionLink
 0001:0007810C       ComCtrls..TWorkArea
 0001:000781B8       ComCtrls..TWorkAreas
 0003:00001BD4       ComCtrls.Arrangements
 0003:00001BDC       ComCtrls.AutoArrange
 0003:00001BB4       ComCtrls.BorderStyles
 0003:00001C60       ComCtrls.ButtonStates
 0003:00001C70       ComCtrls.ButtonStyles
 0001:00085FC4       ComCtrls.CalcSize
 0001:0007C550       ComCtrls.CheckCommonControl
 0003:00001C30       ComCtrls.Codes
 0003:00001BA0       ComCtrls.Codes
 0004:00004D78       ComCtrls.CoInitExProcLoaded
 0004:00004D74       ComCtrls.CoInitializeExProc
 0003:00001C04       ComCtrls.ColumnClicks
 0003:00001CB0       ComCtrls.ComboBoxExStyles
 0003:00001CBC       ComCtrls.ComboExStyles
 0004:00004D4C       ComCtrls.ComCtlVersion
 0002:00000768       ComCtrls.ComCtrls
 0001:000868B4       ComCtrls.ContainsActiveControl
 0001:000801C0       ComCtrls.ConvertFlags
 0001:00080028       ComCtrls.ConvertMask
 0001:000801E4       ComCtrls.ConvertStates
 0003:00001CA4       ComCtrls.CustomizeStyles
 0001:0007E670       ComCtrls.DefaultListViewSort
 0003:00001C1C       ComCtrls.Directions
 0001:0007F12C       ComCtrls.DoBufferedPaint
 0001:0007F37C       ComCtrls.DoBufferedPaint
 0003:00001C7C       ComCtrls.DownMessage
 0003:00001BBC       ComCtrls.EditStyles
 0001:0008ABC8       ComCtrls.Finalization
 0001:000883D4       ComCtrls.FindButton
 0003:00001C94       ComCtrls.FlatOnXp
 0003:00001C8C       ComCtrls.FlatStyles
 0004:00004D48       ComCtrls.FRichEditModule
 0001:0007E2B0       ComCtrls.GetByteLength
 0001:0007C578       ComCtrls.GetComCtlVersion
 0001:00085114       ComCtrls.GetImageBitmap
 0001:000853D8       ComCtrls.HasDropDownButton
 0003:00001BCC       ComCtrls.HideSelections
 0003:00001C48       ComCtrls.IAlignment
 0001:0007C524       ComCtrls.InitCommonControl
 0003:00001CAC       ComCtrls.InitDone
 0001:00088758       ComCtrls.InitToolMenuHooks
 0001:00088858       ComCtrls.InitToolMenuKeyHooks
 0001:00088C64       ComCtrls.IsMenuBar
 0001:0008751C       ComCtrls.IsToolButtonMouseMsg
 0004:00004D60       ComCtrls.LastMenuItem
 0004:00004D64       ComCtrls.LastMousePos
 0003:00001BB0       ComCtrls.ListItemStreamVersion
 0003:00001C84       ComCtrls.ListStyles
 0004:00004D5C       ComCtrls.MenuButtonIndex
 0004:00004D54       ComCtrls.MenuToolBar
 0004:00004D58       ComCtrls.MenuToolBar2
 0003:00001BC4       ComCtrls.MultiSelections
 0001:0007EAF8       ComCtrls.ReadCols
 0001:00088790       ComCtrls.ReleaseToolMenuHooks
 0001:0008887C       ComCtrls.ReleaseToolMenuKeyHooks
 0003:00001B88       ComCtrls.RTFConversionFormat
 0001:000875DC       ComCtrls.SendDropdownMsg
 0004:00004D44       ComCtrls.ShellModule
 0003:00001BFC       ComCtrls.ShowColumns
 0004:00004D6C       ComCtrls.StillModal
 0001:0008A9CC       ComCtrls.TComboBoxExActionLink.AddItem
 0001:0008A95C       ComCtrls.TComboBoxExActionLink.AddItem
 0001:0008AA00       ComCtrls.TComboBoxExEnumerator.Clone
 0001:0008AA44       ComCtrls.TComboBoxExEnumerator.Create
 0001:0008AA80       ComCtrls.TComboBoxExEnumerator.GetCount
 0001:0008AA8C       ComCtrls.TComboBoxExEnumerator.GetString
 0001:0008AAB0       ComCtrls.TComboBoxExEnumerator.Next
 0001:0008AB88       ComCtrls.TComboBoxExEnumerator.Reset
 0001:0008AB9C       ComCtrls.TComboBoxExEnumerator.Skip
 0001:0008A434       ComCtrls.TComboBoxExStrings.Add
 0001:0008A458       ComCtrls.TComboBoxExStrings.AddObject
 0001:0008A488       ComCtrls.TComboBoxExStrings.Clear
 0001:0008A4F0       ComCtrls.TComboBoxExStrings.Create
 0001:0008A57C       ComCtrls.TComboBoxExStrings.Delete
 0001:0008A54C       ComCtrls.TComboBoxExStrings.Destroy
 0001:0008A588       ComCtrls.TComboBoxExStrings.Exchange
 0001:0008A6D4       ComCtrls.TComboBoxExStrings.Get
 0001:0008A6F8       ComCtrls.TComboBoxExStrings.GetCapacity
 0001:0008A704       ComCtrls.TComboBoxExStrings.GetCount
 0001:0008A870       ComCtrls.TComboBoxExStrings.GetItemClass
 0001:0008A868       ComCtrls.TComboBoxExStrings.GetItemsClass
 0001:0008A710       ComCtrls.TComboBoxExStrings.GetObject
 0001:0008A728       ComCtrls.TComboBoxExStrings.IndexOf
 0001:0008A7CC       ComCtrls.TComboBoxExStrings.IndexOfName
 0001:0008A7D4       ComCtrls.TComboBoxExStrings.Insert
 0001:0008A7E8       ComCtrls.TComboBoxExStrings.Move
 0001:0008A808       ComCtrls.TComboBoxExStrings.PutObject
 0001:0008A828       ComCtrls.TComboBoxExStrings.SetUpdateState
 0001:000894C0       ComCtrls.TComboExItem.Assign
 0001:00089514       ComCtrls.TComboExItem.SetCaption
 0001:00089548       ComCtrls.TComboExItem.SetData
 0001:0008957C       ComCtrls.TComboExItem.SetDisplayName
 0001:0008959C       ComCtrls.TComboExItem.SetImageIndex
 0001:000895CC       ComCtrls.TComboExItem.SetIndex
 0001:000895E8       ComCtrls.TComboExItem.SetOverlayImageIndex
 0001:00089604       ComCtrls.TComboExItem.SetSelectedImageIndex
 0001:00089620       ComCtrls.TComboExItems.Add
 0001:0008962C       ComCtrls.TComboExItems.AddItem
 0001:00089694       ComCtrls.TComboExItems.GetComboItem
 0001:000896A8       ComCtrls.TComboExItems.Insert
 0001:000896E0       ComCtrls.TComboExItems.Notify
 0001:00089750       ComCtrls.TComboExItems.SetItem
 0001:0007C5B0       ComCtrls.TConversion.ConvertReadStream
 0001:0007C5C4       ComCtrls.TConversion.ConvertWriteStream
 0001:0008A1A8       ComCtrls.TCustomComboBoxEx.ActionChange
 0001:00089CEC       ComCtrls.TCustomComboBoxEx.CMColorChanged
 0001:00089CC0       ComCtrls.TCustomComboBoxEx.CMParentColorChanged
 0001:00089AC0       ComCtrls.TCustomComboBoxEx.CNNotify
 0001:00089DC4       ComCtrls.TCustomComboBoxEx.ComboExWndProc
 0001:00089920       ComCtrls.TCustomComboBoxEx.Create
 0001:00089B10       ComCtrls.TCustomComboBoxEx.CreateParams
 0001:00089DE4       ComCtrls.TCustomComboBoxEx.CreateWnd
 0001:00089A48       ComCtrls.TCustomComboBoxEx.Destroy
 0001:0008A254       ComCtrls.TCustomComboBoxEx.DestroyWnd
 0001:0008A2B8       ComCtrls.TCustomComboBoxEx.Focused
 0001:0008A140       ComCtrls.TCustomComboBoxEx.GetActionLinkClass
 0001:0008A12C       ComCtrls.TCustomComboBoxEx.GetItemCount
 0001:0008A24C       ComCtrls.TCustomComboBoxEx.GetItemHt
 0001:0008A138       ComCtrls.TCustomComboBoxEx.GetItemsClass
 0001:00089C1C       ComCtrls.TCustomComboBoxEx.ImageListChange
 0001:00089C90       ComCtrls.TCustomComboBoxEx.Notification
 0001:0008A20C       ComCtrls.TCustomComboBoxEx.SetDropDownCount
 0001:00089B88       ComCtrls.TCustomComboBoxEx.SetImages
 0001:0008A148       ComCtrls.TCustomComboBoxEx.SetStyleEx
 0001:0008A2F4       ComCtrls.TCustomComboBoxEx.UpdateAutoComplete
 0001:0008A414       ComCtrls.TCustomComboBoxEx.WMHelp
 0001:00089D4C       ComCtrls.TCustomComboBoxEx.WMLButtonDown
 0001:00089C48       ComCtrls.TCustomComboBoxEx.WndProc
 0001:00082CA4       ComCtrls.TCustomListView.ActionChange
 0001:00081138       ComCtrls.TCustomListView.AddItem
 0001:000816D0       ComCtrls.TCustomListView.AlphaSort
 0001:000828D0       ComCtrls.TCustomListView.AreItemsStored
 0001:00081C10       ComCtrls.TCustomListView.Arrange
 0001:000811A0       ComCtrls.TCustomListView.CanChange
 0001:00081258       ComCtrls.TCustomListView.CanEdit
 0001:00082260       ComCtrls.TCustomListView.CanvasChanged
 0001:000811E8       ComCtrls.TCustomListView.Change
 0001:00081054       ComCtrls.TCustomListView.ChangeScale
 0001:00082C44       ComCtrls.TCustomListView.Clear
 0001:00082AA4       ComCtrls.TCustomListView.ClearSelection
 0001:0007FAD0       ComCtrls.TCustomListView.CMColorChanged
 0001:0007FAF4       ComCtrls.TCustomListView.CMCtl3DChanged
 0001:000814AC       ComCtrls.TCustomListView.CMDrag
 0001:0007FD74       ComCtrls.TCustomListView.CMFontChanged
 0001:0008271C       ComCtrls.TCustomListView.CMHintShow
 0001:00082130       ComCtrls.TCustomListView.CNDrawItem
 0001:00080230       ComCtrls.TCustomListView.CNNotify
 0001:000810C8       ComCtrls.TCustomListView.ColClick
 0001:000810E8       ComCtrls.TCustomListView.ColRightClick
 0001:0007FD5C       ComCtrls.TCustomListView.ColumnsShowing
 0001:00082AE0       ComCtrls.TCustomListView.CopySelection
 0001:0007E6DC       ComCtrls.TCustomListView.Create
 0001:0007FFDC       ComCtrls.TCustomListView.CreateListItem
 0001:00080018       ComCtrls.TCustomListView.CreateListItems
 0001:0007E9D8       ComCtrls.TCustomListView.CreateParams
 0001:0007EBAC       ComCtrls.TCustomListView.CreateWnd
 0001:0008237C       ComCtrls.TCustomListView.CustomDraw
 0001:000823D4       ComCtrls.TCustomListView.CustomDrawItem
 0001:00082448       ComCtrls.TCustomListView.CustomDrawSubItem
 0001:0008168C       ComCtrls.TCustomListView.CustomSort
 0001:00081220       ComCtrls.TCustomListView.Delete
 0001:00082B54       ComCtrls.TCustomListView.DeleteSelected
 0001:0007E8D8       ComCtrls.TCustomListView.Destroy
 0001:0007EE20       ComCtrls.TCustomListView.DestroyWnd
 0001:00081F68       ComCtrls.TCustomListView.DoAutoSize
 0001:000815E4       ComCtrls.TCustomListView.DoDragOver
 0001:00081480       ComCtrls.TCustomListView.DoEndDrag
 0001:00082844       ComCtrls.TCustomListView.DoInfoTip
 0001:000813A0       ComCtrls.TCustomListView.DoStartDrag
 0001:000824C0       ComCtrls.TCustomListView.DrawItem
 0001:0008257C       ComCtrls.TCustomListView.DrawWorkAreas
 0001:00081284       ComCtrls.TCustomListView.Edit
 0001:0007F404       ComCtrls.TCustomListView.EditWndProc
 0001:00082C9C       ComCtrls.TCustomListView.GetActionLinkClass
 0001:0008194C       ComCtrls.TCustomListView.GetColumnFromIndex
 0001:00082950       ComCtrls.TCustomListView.GetColumnFromTag
 0001:00082BFC       ComCtrls.TCustomListView.GetCount
 0001:00081304       ComCtrls.TCustomListView.GetDragImages
 0001:000819D8       ComCtrls.TCustomListView.GetDropTarget
 0001:000828A0       ComCtrls.TCustomListView.GetHoverTime
 0001:00081A44       ComCtrls.TCustomListView.GetImageIndex
 0001:00080074       ComCtrls.TCustomListView.GetItem
 0001:00081BA4       ComCtrls.TCustomListView.GetItemAt
 0001:0007FEE0       ComCtrls.TCustomListView.GetItemIndex
 0001:00081B38       ComCtrls.TCustomListView.GetNearestItem
 0001:00081A64       ComCtrls.TCustomListView.GetNextItem
 0001:000801A8       ComCtrls.TCustomListView.GetSelCount
 0001:00081958       ComCtrls.TCustomListView.GetSelected
 0001:00082538       ComCtrls.TCustomListView.GetSubItemImage
 0001:00081760       ComCtrls.TCustomListView.GetTopItem
 0001:00081744       ComCtrls.TCustomListView.GetViewOrigin
 0001:0007F1B4       ComCtrls.TCustomListView.HeaderWndProc
 0001:0007EEFC       ComCtrls.TCustomListView.ImageListChange
 0001:00081118       ComCtrls.TCustomListView.InsertItem
 0001:00082268       ComCtrls.TCustomListView.IsCustomDrawn
 0001:00082908       ComCtrls.TCustomListView.MouseUp
 0001:0007EF70       ComCtrls.TCustomListView.Notification
 0001:0007FF08       ComCtrls.TCustomListView.OwnerDataFetch
 0001:0007FF30       ComCtrls.TCustomListView.OwnerDataFind
 0001:0007FF7C       ComCtrls.TCustomListView.OwnerDataHint
 0001:0007FFA4       ComCtrls.TCustomListView.OwnerDataStateChange
 0001:0007F604       ComCtrls.TCustomListView.ResetExStyles
 0001:0007F70C       ComCtrls.TCustomListView.RestoreChecks
 0001:0007F798       ComCtrls.TCustomListView.SaveChecks
 0001:00082C08       ComCtrls.TCustomListView.SelectAll
 0001:0007FA98       ComCtrls.TCustomListView.SetAllocBy
 0001:0007F988       ComCtrls.TCustomListView.SetBorderStyle
 0001:0007F81C       ComCtrls.TCustomListView.SetCheckboxes
 0001:0007F99C       ComCtrls.TCustomListView.SetColumnClick
 0001:0007FA0C       ComCtrls.TCustomListView.SetColumnHeaders
 0001:00081A00       ComCtrls.TCustomListView.SetDropTarget
 0001:0007F960       ComCtrls.TCustomListView.SetFlatScrollBars
 0001:0007F974       ComCtrls.TCustomListView.SetFullDrag
 0001:0007F8BC       ComCtrls.TCustomListView.SetGridLines
 0001:0007FDB4       ComCtrls.TCustomListView.SetHideSelection
 0001:0007F8D0       ComCtrls.TCustomListView.SetHotTrack
 0001:0007F8E4       ComCtrls.TCustomListView.SetHotTrackStyles
 0001:00082864       ComCtrls.TCustomListView.SetHoverTime
 0001:0007FDDC       ComCtrls.TCustomListView.SetIconOptions
 0001:0007EECC       ComCtrls.TCustomListView.SetImageList
 0001:0007F9B0       ComCtrls.TCustomListView.SetItemIndex
 0001:00081670       ComCtrls.TCustomListView.SetItems
 0001:000817A0       ComCtrls.TCustomListView.SetLargeImages
 0001:0008167C       ComCtrls.TCustomListView.SetListColumns
 0001:0007F9F8       ComCtrls.TCustomListView.SetMultiSelect
 0001:0007F90C       ComCtrls.TCustomListView.SetOwnerData
 0001:0007F938       ComCtrls.TCustomListView.SetOwnerDraw
 0001:0007FDC8       ComCtrls.TCustomListView.SetReadOnly
 0001:0007F94C       ComCtrls.TCustomListView.SetRowSelect
 0001:00081970       ComCtrls.TCustomListView.SetSelected
 0001:0008270C       ComCtrls.TCustomListView.SetShowWorkAreas
 0001:00081814       ComCtrls.TCustomListView.SetSmallImages
 0001:00081708       ComCtrls.TCustomListView.SetSortType
 0001:00081890       ComCtrls.TCustomListView.SetStateImages
 0001:0007FA4C       ComCtrls.TCustomListView.SetTextBkColor
 0001:0007FA20       ComCtrls.TCustomListView.SetTextColor
 0001:0007FE0C       ComCtrls.TCustomListView.SetViewStyle
 0001:00081C78       ComCtrls.TCustomListView.UpdateColumn
 0001:00081C38       ComCtrls.TCustomListView.UpdateColumns
 0001:0007F5E4       ComCtrls.TCustomListView.UpdateItems
 0001:0007FD68       ComCtrls.TCustomListView.ValidHeaderHandle
 0001:0008298C       ComCtrls.TCustomListView.WMContextMenu
 0001:00082A14       ComCtrls.TCustomListView.WMCtlColorEdit
 0001:00081DE4       ComCtrls.TCustomListView.WMLButtonDown
 0001:0007FB18       ComCtrls.TCustomListView.WMNotify
 0001:000826E4       ComCtrls.TCustomListView.WMPaint
 0001:0007FE90       ComCtrls.TCustomListView.WMParentNotify
 0001:00082D08       ComCtrls.TCustomListView.WMVScroll
 0001:000820FC       ComCtrls.TCustomListView.WMWindowPosChanged
 0001:00081320       ComCtrls.TCustomListView.WndProc
 0003:00001B94       ComCtrls.TextConversionFormat
 0001:0007E5C0       ComCtrls.TIconOptions.Create
 0001:0007E634       ComCtrls.TIconOptions.SetArrangement
 0001:0007E648       ComCtrls.TIconOptions.SetAutoArrange
 0001:0007E65C       ComCtrls.TIconOptions.SetWrapText
 0001:0007CB38       ComCtrls.TListColumn.Assign
 0001:0007C5D8       ComCtrls.TListColumn.Create
 0001:0007C6FC       ComCtrls.TListColumn.DefineProperties
 0001:0007C688       ComCtrls.TListColumn.Destroy
 0001:0007C88C       ComCtrls.TListColumn.DoChange
 0001:0007CBAC       ComCtrls.TListColumn.GetDisplayName
 0001:0007C9F0       ComCtrls.TListColumn.GetWidth
 0001:0007CA68       ComCtrls.TListColumn.IsWidthStored
 0001:0007C744       ComCtrls.TListColumn.ReadData
 0001:0007CA9C       ComCtrls.TListColumn.SetAlignment
 0001:0007CAD4       ComCtrls.TListColumn.SetAutoSize
 0001:0007C9C8       ComCtrls.TListColumn.SetCaption
 0001:0007CB08       ComCtrls.TListColumn.SetImageIndex
 0001:0007C90C       ComCtrls.TListColumn.SetIndex
 0001:0007CB18       ComCtrls.TListColumn.SetMaxWidth
 0001:0007CB28       ComCtrls.TListColumn.SetMinWidth
 0001:0007CA70       ComCtrls.TListColumn.SetWidth
 0001:0007C76C       ComCtrls.TListColumn.WriteData
 0001:0007CC28       ComCtrls.TListColumns.Add
 0001:0007CBD0       ComCtrls.TListColumns.Create
 0001:0007CC14       ComCtrls.TListColumns.GetItem
 0001:0007CC48       ComCtrls.TListColumns.GetOwner
 0001:0007CC44       ComCtrls.TListColumns.Owner
 0001:0007CC4C       ComCtrls.TListColumns.Update
 0001:0007CC80       ComCtrls.TListColumns.UpdateCols
 0001:0007D794       ComCtrls.TListItem.Assign
 0001:0007D218       ComCtrls.TListItem.Create
 0001:0007D2EC       ComCtrls.TListItem.Delete
 0001:0007D268       ComCtrls.TListItem.Destroy
 0001:0007D884       ComCtrls.TListItem.DisplayRect
 0001:0007D348       ComCtrls.TListItem.GetChecked
 0001:0007D310       ComCtrls.TListItem.GetHandle
 0001:0007D868       ComCtrls.TListItem.GetIndex
 0001:0007D2E4       ComCtrls.TListItem.GetListView
 0001:0007D4FC       ComCtrls.TListItem.GetState
 0001:0007D8B4       ComCtrls.TListItem.GetSubItemImage
 0001:0007D82C       ComCtrls.TListItem.IsEqual
 0001:0007D324       ComCtrls.TListItem.MakeVisible
 0001:0007D418       ComCtrls.TListItem.SetCaption
 0001:0007D39C       ComCtrls.TListItem.SetChecked
 0001:0007D4CC       ComCtrls.TListItem.SetData
 0001:0007D5DC       ComCtrls.TListItem.SetImage
 0001:0007D71C       ComCtrls.TListItem.SetIndent
 0001:0007D56C       ComCtrls.TListItem.SetState
 0001:0007D8C0       ComCtrls.TListItem.SetSubItemImage
 0001:0007D854       ComCtrls.TListItem.SetSubItems
 0001:0007D3E8       ComCtrls.TListItem.Update
 0001:0007D99C       ComCtrls.TListItems.Add
 0001:0007D9A8       ComCtrls.TListItems.AddItem
 0001:0007DD48       ComCtrls.TListItems.Assign
 0001:0007DB50       ComCtrls.TListItems.BeginUpdate
 0001:0007DB24       ComCtrls.TListItems.Clear
 0001:0007D934       ComCtrls.TListItems.Create
 0001:0007E59C       ComCtrls.TListItems.CreateItem
 0001:0007DE38       ComCtrls.TListItems.DefineProperties
 0001:0007E584       ComCtrls.TListItems.Delete
 0001:0007D970       ComCtrls.TListItems.Destroy
 0001:0007DD34       ComCtrls.TListItems.EndUpdate
 0001:0007DA04       ComCtrls.TListItems.GetCount
 0001:0007DA30       ComCtrls.TListItems.GetHandle
 0001:0007DA3C       ComCtrls.TListItems.GetItem
 0001:0007DAC8       ComCtrls.TListItems.IndexOf
 0001:0007DEC0       ComCtrls.TListItems.ReadData
 0001:0007E0B8       ComCtrls.TListItems.ReadItemData
 0001:0007DAF0       ComCtrls.TListItems.SetCount
 0001:0007DB68       ComCtrls.TListItems.SetUpdateState
 0001:0007E2C8       ComCtrls.TListItems.WriteItemData
 0001:0008A878       ComCtrls.TListViewActionLink.AddItem
 0001:0008A8F0       ComCtrls.TListViewActionLink.AddItem
 0001:0008A928       ComCtrls.TListViewActionLink.SetImages
 0001:00088480       ComCtrls.ToolMenuGetMsgHook
 0004:00004D50       ComCtrls.ToolMenuHook
 0004:00004D70       ComCtrls.ToolMenuKeyHook
 0001:000887CC       ComCtrls.ToolMenuKeyMsgHook
 0003:00001C9C       ComCtrls.TransparentStyles
 0001:0007D08C       ComCtrls.TSubItems.Add
 0001:0007D0B4       ComCtrls.TSubItems.AddObject
 0001:0007D0DC       ComCtrls.TSubItems.Clear
 0001:0007D010       ComCtrls.TSubItems.Create
 0001:0007D0F0       ComCtrls.TSubItems.Delete
 0001:0007D05C       ComCtrls.TSubItems.Destroy
 0001:0007D114       ComCtrls.TSubItems.GetHandle
 0001:0007D1F8       ComCtrls.TSubItems.GetImageIndex
 0001:0007D164       ComCtrls.TSubItems.Insert
 0001:0007D1A4       ComCtrls.TSubItems.Put
 0001:0007D1C0       ComCtrls.TSubItems.RefreshItem
 0001:0007D120       ComCtrls.TSubItems.SetColumnWidth
 0001:0007D20C       ComCtrls.TSubItems.SetImageIndex
 0001:0007D1EC       ComCtrls.TSubItems.SetUpdateState
 0001:00085C50       ComCtrls.TToolBar.AdjustControl
 0001:00085D24       ComCtrls.TToolBar.AlignControls
 0001:000859E4       ComCtrls.TToolBar.BeginUpdate
 0001:00085A40       ComCtrls.TToolBar.ButtonIndex
 0001:00086844       ComCtrls.TToolBar.CanAutoSize
 0001:00088E8C       ComCtrls.TToolBar.CancelMenu
 0001:00087ACC       ComCtrls.TToolBar.CanvasChanged
 0001:00085D60       ComCtrls.TToolBar.ChangeScale
 0001:0008894C       ComCtrls.TToolBar.CheckMenuDropdown
 0001:000888A0       ComCtrls.TToolBar.ClearTempMenu
 0001:00088DA8       ComCtrls.TToolBar.ClickButton
 0001:000869F4       ComCtrls.TToolBar.CMColorChanged
 0001:0008684C       ComCtrls.TToolBar.CMControlChange
 0001:00086908       ComCtrls.TToolBar.CMDialogChar
 0001:000869D8       ComCtrls.TToolBar.CMEnabledChanged
 0001:00088F88       ComCtrls.TToolBar.CMFontChanged
 0001:00086A08       ComCtrls.TToolBar.CMParentColorChanged
 0001:00086A4C       ComCtrls.TToolBar.CMSysFontChanged
 0001:0008687C       ComCtrls.TToolBar.CNChar
 0001:00086A60       ComCtrls.TToolBar.CNDropDownClosed
 0001:00086AA0       ComCtrls.TToolBar.CNNotify
 0001:00086A28       ComCtrls.TToolBar.CNSysKeyDown
 0001:00083D1C       ComCtrls.TToolBar.Create
 0001:000841A4       ComCtrls.TToolBar.CreateButtons
 0001:00084008       ComCtrls.TToolBar.CreateParams
 0001:000840BC       ComCtrls.TToolBar.CreateWnd
 0001:000879FC       ComCtrls.TToolBar.CustomDraw
 0001:00087A54       ComCtrls.TToolBar.CustomDrawButton
 0001:00083F4C       ComCtrls.TToolBar.Destroy
 0001:000854F8       ComCtrls.TToolBar.DisabledImageListChange
 0001:00088FF0       ComCtrls.TToolBar.DoGetButton
 0001:00089204       ComCtrls.TToolBar.DoQueryDelete
 0001:00089230       ComCtrls.TToolBar.DoQueryInsert
 0001:000859EC       ComCtrls.TToolBar.EndUpdate
 0001:0008789C       ComCtrls.TToolBar.FindButtonFromAccel
 0001:00087898       ComCtrls.TToolBar.FlipChildren
 0001:00084FDC       ComCtrls.TToolBar.GetButton
 0001:00084FF4       ComCtrls.TToolBar.GetButtonCount
 0001:000844E4       ComCtrls.TToolBar.GetButtonSize
 0001:000858FC       ComCtrls.TToolBar.GetChildren
 0001:00085000       ComCtrls.TToolBar.GetEnumerator
 0001:00087AD4       ComCtrls.TToolBar.GradientDrawButton
 0001:000882D0       ComCtrls.TToolBar.GradientDrawToolBar
 0001:000855A0       ComCtrls.TToolBar.HotImageListChange
 0001:00085384       ComCtrls.TToolBar.ImageListChange
 0001:00088E14       ComCtrls.TToolBar.InitMenu
 0001:0008462C       ComCtrls.TToolBar.InsertButton
 0001:00085A30       ComCtrls.TToolBar.InternalButtonCount
 0001:0008795C       ComCtrls.TToolBar.IsCustomDrawn
 0001:000883B4       ComCtrls.TToolBar.IsGradientEndColorStored
 0001:00085998       ComCtrls.TToolBar.Loaded
 0001:0008520C       ComCtrls.TToolBar.LoadImages
 0001:000850B0       ComCtrls.TToolBar.Notification
 0001:000857D4       ComCtrls.TToolBar.RecreateButtons
 0001:00087454       ComCtrls.TToolBar.RecreateButtonsFromToolbar
 0001:00084BC8       ComCtrls.TToolBar.RefreshButton
 0001:000846E8       ComCtrls.TToolBar.RemoveButton
 0001:00085B88       ComCtrls.TToolBar.ReorderButton
 0001:00084308       ComCtrls.TToolBar.RepositionButton
 0001:0008446C       ComCtrls.TToolBar.RepositionButtons
 0001:000892E8       ComCtrls.TToolBar.Resize
 0001:000859F4       ComCtrls.TToolBar.ResizeButtons
 0001:0008925C       ComCtrls.TToolBar.SaveButtons
 0001:00084FA4       ComCtrls.TToolBar.SetAllowTextButtons
 0001:00089314       ComCtrls.TToolBar.SetAutoSize
 0001:000845BC       ComCtrls.TToolBar.SetButtonHeight
 0001:000845F4       ComCtrls.TToolBar.SetButtonWidth
 0001:00088FDC       ComCtrls.TToolBar.SetCustomizable
 0001:0008551C       ComCtrls.TToolBar.SetDisabledImageList
 0001:0008554C       ComCtrls.TToolBar.SetDisabledImages
 0001:0008833C       ComCtrls.TToolBar.SetDrawingStyle
 0001:00085034       ComCtrls.TToolBar.SetFlat
 0001:000892C0       ComCtrls.TToolBar.SetGradientDirection
 0001:00088304       ComCtrls.TToolBar.SetGradientDrawingOptions
 0001:00088364       ComCtrls.TToolBar.SetGradientEndColor
 0001:0008838C       ComCtrls.TToolBar.SetGradientStartColor
 0001:000892AC       ComCtrls.TToolBar.SetHideClippedButtons
 0001:000855C4       ComCtrls.TToolBar.SetHotImageList
 0001:000855F4       ComCtrls.TToolBar.SetHotImages
 0001:000853A8       ComCtrls.TToolBar.SetImageList
 0001:0008545C       ComCtrls.TToolBar.SetImages
 0001:00085648       ComCtrls.TToolBar.SetIndent
 0001:00085010       ComCtrls.TToolBar.SetList
 0001:0008565C       ComCtrls.TToolBar.SetMenu
 0001:00084F78       ComCtrls.TToolBar.SetShowCaptions
 0001:00085048       ComCtrls.TToolBar.SetTransparent
 0001:0008506C       ComCtrls.TToolBar.SetWrapable
 0001:00088ED8       ComCtrls.TToolBar.TrackMenu
 0001:00084CD4       ComCtrls.TToolBar.UpdateButton
 0001:00084DD0       ComCtrls.TToolBar.UpdateButtons
 0001:00084ED4       ComCtrls.TToolBar.UpdateButtonState
 0001:00084F34       ComCtrls.TToolBar.UpdateButtonStates
 0001:00085308       ComCtrls.TToolBar.UpdateImages
 0001:00084778       ComCtrls.TToolBar.UpdateItem
 0001:000849A0       ComCtrls.TToolBar.UpdateItem2
 0001:00085820       ComCtrls.TToolBar.WMCaptureChanged
 0001:00085D64       ComCtrls.TToolBar.WMEraseBkgnd
 0001:00085D84       ComCtrls.TToolBar.WMGetDlgCode
 0001:00085D98       ComCtrls.TToolBar.WMGetText
 0001:00085DC4       ComCtrls.TToolBar.WMGetTextLength
 0001:0008584C       ComCtrls.TToolBar.WMKeyDown
 0001:00085DFC       ComCtrls.TToolBar.WMNotifyFormat
 0001:00085DD8       ComCtrls.TToolBar.WMSetText
 0001:00085E20       ComCtrls.TToolBar.WMSize
 0001:00085E54       ComCtrls.TToolBar.WMSysChar
 0001:00088CD0       ComCtrls.TToolBar.WMSysCommand
 0001:00085E80       ComCtrls.TToolBar.WMWindowPosChanged
 0001:00085F64       ComCtrls.TToolBar.WMWindowPosChanging
 0001:0008764C       ComCtrls.TToolBar.WndProc
 0001:000865F8       ComCtrls.TToolBar.WrapButtons
 0001:00083CB0       ComCtrls.TToolBarEnumerator.Create
 0001:00083CF4       ComCtrls.TToolBarEnumerator.GetCurrent
 0001:00083D00       ComCtrls.TToolBarEnumerator.MoveNext
 0001:00083AE4       ComCtrls.TToolButton.ActionChange
 0001:00083BA8       ComCtrls.TToolButton.AssignTo
 0001:000839D4       ComCtrls.TToolButton.BeginUpdate
 0001:00083A58       ComCtrls.TToolButton.CheckMenuDropdown
 0001:00082F18       ComCtrls.TToolButton.Click
 0001:0008364C       ComCtrls.TToolButton.CMEnabledChanged
 0001:00083688       ComCtrls.TToolButton.CMHitTest
 0001:00082F64       ComCtrls.TToolButton.CMTextChanged
 0001:000835BC       ComCtrls.TToolButton.CMVisibleChanged
 0001:00082D6C       ComCtrls.TToolButton.Create
 0001:000839DC       ComCtrls.TToolButton.EndUpdate
 0001:00083BA0       ComCtrls.TToolButton.GetActionLinkClass
 0001:00083440       ComCtrls.TToolButton.GetButtonState
 0001:000839E4       ComCtrls.TToolButton.GetIndex
 0001:00083AA4       ComCtrls.TToolButton.IsCheckedStored
 0001:00083AC4       ComCtrls.TToolButton.IsImageIndexStored
 0001:00083A00       ComCtrls.TToolButton.IsWidthStored
 0001:00082DF0       ComCtrls.TToolButton.MouseDown
 0001:00082E4C       ComCtrls.TToolButton.MouseMove
 0001:00082EB4       ComCtrls.TToolButton.MouseUp
 0001:00082F20       ComCtrls.TToolButton.Notification
 0001:000831BC       ComCtrls.TToolButton.Paint
 0001:00083A10       ComCtrls.TToolButton.RefreshControl
 0001:000834E4       ComCtrls.TToolButton.SetAutoSize
 0001:00082FCC       ComCtrls.TToolButton.SetBounds
 0001:00083554       ComCtrls.TToolButton.SetButtonState
 0001:000836B0       ComCtrls.TToolButton.SetDown
 0001:0008370C       ComCtrls.TToolButton.SetDropdownMenu
 0001:00083C48       ComCtrls.TToolButton.SetEnableDropdown
 0001:00083728       ComCtrls.TToolButton.SetGrouped
 0001:00083748       ComCtrls.TToolButton.SetImageIndex
 0001:00083804       ComCtrls.TToolButton.SetIndeterminate
 0001:000837C8       ComCtrls.TToolButton.SetMarked
 0001:00083850       ComCtrls.TToolButton.SetMenuItem
 0001:000838C8       ComCtrls.TToolButton.SetStyle
 0001:000839AC       ComCtrls.TToolButton.SetWrap
 0001:00083A34       ComCtrls.TToolButton.UpdateControl
 0001:00083BEC       ComCtrls.TToolButton.ValidateContainer
 0001:00089340       ComCtrls.TToolButtonActionLink.AssignClient
 0001:00089364       ComCtrls.TToolButtonActionLink.IsCheckedLinked
 0001:00089398       ComCtrls.TToolButtonActionLink.IsDropdownMenuLinked
 0001:000893D0       ComCtrls.TToolButtonActionLink.IsEnableDropdownLinked
 0001:00089408       ComCtrls.TToolButtonActionLink.IsImageIndexLinked
 0001:00089440       ComCtrls.TToolButtonActionLink.SetChecked
 0001:00089460       ComCtrls.TToolButtonActionLink.SetDropdownMenu
 0001:00089480       ComCtrls.TToolButtonActionLink.SetEnableDropdown
 0001:000894A0       ComCtrls.TToolButtonActionLink.SetImageIndex
 0001:0007CD78       ComCtrls.TWorkArea.Create
 0001:0007CDBC       ComCtrls.TWorkArea.GetDisplayName
 0001:0007CDD0       ComCtrls.TWorkArea.SetDisplayName
 0001:0007CEE8       ComCtrls.TWorkAreas.GetItem
 0001:0007CE10       ComCtrls.TWorkAreas.Update
 0001:0007EFE4       ComCtrls.UpdateColumnOrder
 0003:00001BEC       ComCtrls.ViewStyles
 0003:00001C0C       ComCtrls.ViewStyles
 0001:00086210       ComCtrls.WrapHorz
 0001:00086558       ComCtrls.WrapSizeHorz
 0001:0008643C       ComCtrls.WrapSizeVert
 0003:00001BE4       ComCtrls.WrapText
 0001:0007C790       ComCtrls.WriteCols
 0001:0007DDA8       ComCtrls.WriteItems
 0004:00004A24       CommCtrl.ComCtl32DLL
 0001:00024748       CommCtrl.ImageList_Add
 0001:00024780       CommCtrl.ImageList_BeginDrag
 0001:00024728       CommCtrl.ImageList_Create
 0001:00024730       CommCtrl.ImageList_Destroy
 0001:00024790       CommCtrl.ImageList_DragEnter
 0001:00024798       CommCtrl.ImageList_DragLeave
[...]
 0004:00004B30       UxTheme.GetWindowTheme
 0004:00004B34       UxTheme.EnableThemeDialogTexture
 0004:00004B38       UxTheme.IsThemeDialogTextureEnabled
 0004:00004B3C       UxTheme.GetThemeAppProperties
 0004:00004B40       UxTheme.SetThemeAppProperties
 0004:00004B44       UxTheme.GetCurrentThemeName
 0004:00004B48       UxTheme.GetThemeDocumentationProperty
 0004:00004B4C       UxTheme.DrawThemeParentBackground
 0004:00004B50       UxTheme.EnableTheming
 0004:00004B54       UxTheme..1
 0004:00004B58       UxTheme.ThemeLibrary
 0004:00004B5C       UxTheme.ReferenceCount
 0004:00004B60       UxTheme.Lock
 0004:00004B64       UxTheme._DrawThemeTextEx
 0004:00004B68       UxTheme._BeginBufferedPaint
 0004:00004B6C       UxTheme._EndBufferedPaint
 0004:00004B70       UxTheme._BufferedPaintSetAlpha
 0004:00004B74       DwmApi..1
 0004:00004B78       DwmApi.hDWMAPI
 0004:00004B7C       DwmApi._DwmExtendFrameIntoClientArea
 0004:00004B80       DwmApi._DwmIsCompositionEnabled
 0004:00004B84       Printers..3
 0004:00004B88       GraphUtil..2
 0004:00004B8C       GraphUtil.MsImgHandle
 0004:00004B90       GraphUtil.MsImgInitialized
 0004:00004B94       GraphUtil.GradientFillFunc
 0004:00004B98       ExtCtrls.TCustomTrayIcon.RM_TaskbarCreated
 0004:00004B9C       ExtCtrls..83
 0004:00004BA0       Dialogs..03
 0004:00004BA4       Dialogs.HelpMsg
 0004:00004BA8       Dialogs.FindMsg
 0004:00004BAC       Dialogs.ButtonWidths
 0004:00004BD8       Clipbrd.CF_PICTURE
 0004:00004BDA       Clipbrd.CF_COMPONENT
 0004:00004BDC       Clipbrd..2
 0004:00004BE0       Clipbrd.FClipboard
 0004:00004BE4       FlatSB.FlatSB_EnableScrollBar
 0004:00004BE8       FlatSB.FlatSB_ShowScrollBar
 0004:00004BEC       FlatSB.FlatSB_GetScrollRange
 0004:00004BF0       FlatSB.FlatSB_GetScrollInfo
 0004:00004BF4       FlatSB.FlatSB_GetScrollPos
 0004:00004BF8       FlatSB.FlatSB_SetScrollPos
 0004:00004BFC       FlatSB.FlatSB_SetScrollInfo
 0004:00004C00       FlatSB.FlatSB_SetScrollRange
 0004:00004C04       FlatSB..1
 0004:00004C08       FlatSB._FlatSB_GetScrollProp
 0004:00004C0C       FlatSB._FlatSB_SetScrollProp
 0004:00004C10       FlatSB._InitializeFlatSB
 0004:00004C14       FlatSB._UninitializeFlatSB
 0004:00004C18       Menus.PopupList
 0004:00004C1C       Menus.ShortCutItems
 0004:00004C20       Menus..01
 0004:00004C24       Menus.CommandPool
 0004:00004C28       Controls.Mouse
 0004:00004C2C       Controls.IsVCLControlHook
 0004:00004C34       Controls.NewStyleControls
 0004:00004C38       Controls..33
 0004:00004C3C       Controls.WindowAtom
 0004:00004C3E       Controls.ControlAtom
 0004:00004C40       Controls.WindowAtomString
 0004:00004C44       Controls.ControlAtomString
 0004:00004C48       Controls.RM_GetObjectInstance
 0004:00004C4C       Controls.DragControl
 0004:00004C50       Controls.DragObject
 0004:00004C54       Controls.DragInternalObject
 0004:00004C58       Controls.DragCapture
 0004:00004C5C       Controls.DragStartPos
 0004:00004C64       Controls.DragSaveCursor
 0004:00004C68       Controls.DragThreshold
 0004:00004C6C       Controls.ActiveDrag
 0004:00004C70       Controls.DragImageList
 0004:00004C74       Controls.DockSiteList
 0004:00004C78       Controls.QualifyingSites
 0004:00004C7C       Controls.DragSave
 0004:00004C80       Controls.CanvasList
 0004:00004C84       Controls._WINNLSEnableIME
 0004:00004C88       Controls._ImmGetContext
 0004:00004C8C       Controls._ImmReleaseContext
 0004:00004C90       Controls._ImmGetConversionStatus
 0004:00004C94       Controls._ImmSetConversionStatus
 0004:00004C98       Controls._ImmSetOpenStatus
 0004:00004C9C       Controls._ImmSetCompositionWindow
 0004:00004CA0       Controls._ImmSetCompositionFont
 0004:00004CA4       Controls._ImmGetCompositionString
 0004:00004CA8       Controls._ImmIsIME
 0004:00004CAC       Controls._ImmNotifyIME
 0004:00004CB0       Themes..2
 0004:00004CB4       Themes.InternalServices
 0004:00004CB8       Themes.RM_UnthemedDesigner
 0004:00004CBC       ImgList.CachedComCtrlVer
 0004:00004CC0       ImgList.ImageListWriteExProc
 0004:00004CC4       ActnList..9
 0004:00004CC8       Forms.Application
 0004:00004CCC       Forms.Screen
 0004:00004CD0       Forms..51
 0004:00004CD4       Forms.RM_TaskbarCreated
 0004:00004CD8       Forms.AppIconic
 0004:00004CDC       Forms.HintThreadID
 0004:00004CE0       Forms.HintDoneEvent
 0004:00004CE4       Forms.HintHook
 0004:00004CE8       Forms.HintThread
 0004:00004CEC       Forms.OwnedAppWnds
 0004:00004CF0       Forms.LastActive
 0004:00004CF4       Forms.IdleTimerHandle
 0004:00004CF8       Forms.AppMainFormOnTaskBar
 0004:00004CFC       Buttons..5
 0004:00004D00       Buttons.BitBtnGlyphs
 0004:00004D2C       ExtDlgs..6
 0004:00004D30       Mapi..1
 0004:00004D34       ExtActns..72
 0004:00004D38       ExtActns.UrlMonHandle
 0004:00004D3C       ExtActns.UrlMonInitialized
 0004:00004D40       ComCtrls..76
 0004:00004D44       ComCtrls.ShellModule
 0004:00004D48       ComCtrls.FRichEditModule
 0004:00004D4C       ComCtrls.ComCtlVersion
 0004:00004D50       ComCtrls.ToolMenuHook
 0004:00004D54       ComCtrls.MenuToolBar
 0004:00004D58       ComCtrls.MenuToolBar2
 0004:00004D5C       ComCtrls.MenuButtonIndex
 0004:00004D60       ComCtrls.LastMenuItem
 0004:00004D64       ComCtrls.LastMousePos
 0004:00004D6C       ComCtrls.StillModal
 0004:00004D70       ComCtrls.ToolMenuKeyHook
 0004:00004D74       ComCtrls.CoInitializeExProc
 0004:00004D78       ComCtrls.CoInitExProcLoaded
 0004:00004D7C       jpeg..3
 0004:00004D80       FMagAbout.FrmAbout
 0004:00004D84       FMagAbout..2
 0004:00004D88       MagWrksMemou.MagWrksmemo
 0004:00004D8C       Magwkcnf.MagWrksf
 0005:00000000       System.RaiseListPtr
 0005:00000004       System.InOutRes
 0005:00000008       Classes.GlobalLoaded
 0005:0000000C       Classes.GlobalLists
 0005:00000010       GraphUtil.CachedRGBToHLSclrRGB
 0005:00000014       GraphUtil.CachedRGBToHLSHue
 0005:00000016       GraphUtil.CachedRGBToHLSLum
 0005:00000018       GraphUtil.CachedRGBToHLSSat
 0005:0000001C       GraphUtil.CachedHighlightLum
 0005:00000020       GraphUtil.CachedHighlightColor
 0005:00000024       GraphUtil.CachedHighlight
 0005:00000028       GraphUtil.CachedShadowLum
 0005:0000002C       GraphUtil.CachedShadowColor
 0005:00000030       GraphUtil.CachedShadow
 0005:00000034       GraphUtil.CachedColorValue
 0005:00000038       GraphUtil.CachedLumValue
 0005:0000003C       GraphUtil.CachedColorAdjustLuma
 0005:00000040       SysInit.TlsLast


Line numbers for Magguini(..\Shared\Magguini.pas) segment .text

   167 0001:00072460   173 0001:00072485   174 0001:000724A2   175 0001:000724B3
   176 0001:000724C7   177 0001:000724D6   681 0001:00072554

Line numbers for cMagListViewLite(..\Shared\cMagListViewLite.pas) segment .text

   171 0001:0009E380   172 0001:0009E392   173 0001:0009E39B   174 0001:0009E3A5
   175 0001:0009E3B5   176 0001:0009E3C1   177 0001:0009E3CA   178 0001:0009E3D3
   179 0001:0009E3DC   180 0001:0009E3E3   183 0001:0009E400   192 0001:0009E40B
   193 0001:0009E417   209 0001:0009E428   210 0001:0009E447   211 0001:0009E455
   212 0001:0009E463   213 0001:0009E471   214 0001:0009E497   215 0001:0009E4A9
   216 0001:0009E4CE   217 0001:0009E4E0   220 0001:0009E4F2   221 0001:0009E50D
   222 0001:0009E513   223 0001:0009E520   224 0001:0009E53D   225 0001:0009E55F
   215 0001:0009E560   228 0001:0009E576   230 0001:0009E588   232 0001:0009E59E
   238 0001:0009E5DC   239 0001:0009E611   240 0001:0009E61E   242 0001:0009E627
   243 0001:0009E632   245 0001:0009E634   247 0001:0009E63A   248 0001:0009E647
   249 0001:0009E65A   250 0001:0009E66E   245 0001:0009E68B   252 0001:0009E68E
   253 0001:0009E699   259 0001:0009E6C4   260 0001:0009E6F1   261 0001:0009E6F3
   264 0001:0009E6FA   265 0001:0009E6FD   266 0001:0009E70E   267 0001:0009E71B
   262 0001:0009E738   269 0001:0009E73C   270 0001:0009E73F   330 0001:0009E76C
   333 0001:0009E774   335 0001:0009E782   337 0001:0009E790   340 0001:0009E7A6
   341 0001:0009E7BE   337 0001:0009E7BF   344 0001:0009E7C4   347 0001:0009E7DF
   348 0001:0009E7E9   350 0001:0009E7FF   355 0001:0009E804   357 0001:0009E810
   359 0001:0009E825   360 0001:0009E839   357 0001:0009E83A   361 0001:0009E83D
   362 0001:0009E847   365 0001:0009E84D   366 0001:0009E856   368 0001:0009E861
   371 0001:0009E868   372 0001:0009E86E   373 0001:0009E888   380 0001:0009E88C
   383 0001:0009E8B3   385 0001:0009E8BC   386 0001:0009E8C7   390 0001:0009E8D7
   391 0001:0009E8E9   393 0001:0009E8FE   394 0001:0009E923   395 0001:0009E939
   396 0001:0009E95E   397 0001:0009E974   398 0001:0009E98A   400 0001:0009E9A0
   401 0001:0009E9D3   403 0001:0009E9DD   405 0001:0009E9F7   406 0001:0009EA01
   408 0001:0009EA0B   410 0001:0009EA25   411 0001:0009EA2F   413 0001:0009EA39
   415 0001:0009EA53   416 0001:0009EA5D   420 0001:0009EA67   421 0001:0009EA70
   423 0001:0009EA84   425 0001:0009EA94   432 0001:0009EB08   433 0001:0009EB35
   434 0001:0009EB39   440 0001:0009EB4B   441 0001:0009EB5B   443 0001:0009EB61
   445 0001:0009EB6D   446 0001:0009EBB3   447 0001:0009EBB7   443 0001:0009EBB8
   448 0001:0009EBBB   450 0001:0009EBC5   451 0001:0009EBD0   453 0001:0009EBE0
   454 0001:0009EBEE   460 0001:0009EBF8   462 0001:0009EC2C   463 0001:0009EC64
   465 0001:0009EC70   466 0001:0009EC7D   451 0001:0009EC7E   468 0001:0009EC85
   469 0001:0009ECAA   471 0001:0009ECCF   473 0001:0009ECE4   474 0001:0009ED08
   476 0001:0009ED26   477 0001:0009ED30   471 0001:0009ED31   479 0001:0009ED34
   480 0001:0009ED3B   492 0001:0009ED90   493 0001:0009EDB6   494 0001:0009EDC0
   495 0001:0009EDC8   496 0001:0009EDD5   497 0001:0009EDE2   498 0001:0009EDF0
   499 0001:0009EE08   500 0001:0009EE25   501 0001:0009EE3A   502 0001:0009EE70
   504 0001:0009EE8B   505 0001:0009EEAF   506 0001:0009EEC0   507 0001:0009EECD
   509 0001:0009EEEE   511 0001:0009EEFC   512 0001:0009EF1F   509 0001:0009EF20
   513 0001:0009EF23   514 0001:0009EF5C   502 0001:0009EF5F   516 0001:0009EF75
   517 0001:0009EF84   518 0001:0009EF93   520 0001:0009EFA5   523 0001:0009EFF0
   524 0001:0009F00E   525 0001:0009F01C   526 0001:0009F027   531 0001:0009F04C
   538 0001:0009F06B   539 0001:0009F079   540 0001:0009F081   543 0001:0009F0BC
   545 0001:0009F0CE   551 0001:0009F10C   552 0001:0009F12A   553 0001:0009F149
   554 0001:0009F14E   556 0001:0009F156   557 0001:0009F15C   558 0001:0009F166
   559 0001:0009F17B   560 0001:0009F18F   561 0001:0009F1A4   564 0001:0009F1DC
   565 0001:0009F1F9   566 0001:0009F230   925 0001:0009F268

Line numbers for Umagutils8(..\Shared\umagutils8.pas) segment .text

   492 0001:0009F268   493 0001:0009F29C   494 0001:0009F2A9   496 0001:0009F2B2
   497 0001:0009F2BD   499 0001:0009F2BF   501 0001:0009F2C5   502 0001:0009F2D2
   503 0001:0009F2E5   504 0001:0009F2F9   499 0001:0009F316   506 0001:0009F319
   507 0001:0009F324   921 0001:0009F34F

Line numbers for Magfileversion(Magfileversion.pas) segment .text

    66 0001:0009F350    67 0001:0009F38A    68 0001:0009F3A1    69 0001:0009F3AC
    70 0001:0009F3BA    71 0001:0009F3D8    72 0001:0009F3EE    74 0001:0009F406
    76 0001:0009F416    77 0001:0009F420    78 0001:0009F438    79 0001:0009F450
    80 0001:0009F468    81 0001:0009F480    88 0001:0009F48F    89 0001:0009F4A5
    96 0001:0009F4BD    97 0001:0009F4C8   100 0001:0009F4D3   103 0001:0009F4FB
   113 0001:0009F558   114 0001:0009F58A   115 0001:0009F594   118 0001:0009F5A0
   119 0001:0009F5B5   121 0001:0009F5C7   122 0001:0009F5E1   123 0001:0009F5F0
   124 0001:0009F5FF   127 0001:0009F60E   128 0001:0009F61E   131 0001:0009F62D
   132 0001:0009F637   133 0001:0009F644   134 0001:0009F649   135 0001:0009F656
   136 0001:0009F65B   140 0001:0009F668   143 0001:0009F6D7   182 0001:0009F7A0
   184 0001:0009F7AD   185 0001:0009F7C3   186 0001:0009F7CE   187 0001:0009F7DC
   188 0001:0009F7F7   189 0001:0009F80D   191 0001:0009F824   193 0001:0009F834
   202 0001:0009F868   204 0001:0009F875   205 0001:0009F88B   206 0001:0009F896
   207 0001:0009F8A4   208 0001:0009F8BF   209 0001:0009F8D5   211 0001:0009F8EC
   213 0001:0009F8FC   214 0001:0009F95A

Line numbers for UMagCRC32(UMagCRC32.pas) segment .text

   206 0001:0009F92C   207 0001:0009F932   209 0001:0009F937   208 0001:0009F956
   210 0001:0009F967   211 0001:0009F969   220 0001:0009F970

Line numbers for FmxUtils(Fmxutils.pas) segment .text

   106 0001:0009F970   107 0001:0009F9A3   108 0001:0009F9B1   109 0001:0009F9D8
   110 0001:0009F9E6   112 0001:0009F9FD   114 0001:0009FA10   117 0001:0009FA4C
   118 0001:0009FA52   119 0001:0009FA62   140 0001:0009FA69

Line numbers for FMagAbout(..\Shared\fMagAbout.pas) segment .text

   124 0001:0009FF44   125 0001:0009FF49   131 0001:0009FF4C   132 0001:0009FF93
   133 0001:0009FFA8   136 0001:0009FFB8   137 0001:0009FFC5   138 0001:0009FFD2
   139 0001:0009FFDF   140 0001:0009FFEC   141 0001:0009FFF9   142 0001:000A0006
   143 0001:000A0013   145 0001:000A0020   146 0001:000A0039   147 0001:000A005E
   148 0001:000A006B   149 0001:000A0079   150 0001:000A00CB   153 0001:000A00EF
   154 0001:000A014F   155 0001:000A015D   156 0001:000A016B   157 0001:000A01A3
   158 0001:000A01D0   159 0001:000A01EB   160 0001:000A0201   162 0001:000A020E
   163 0001:000A022C   164 0001:000A0235   167 0001:000A0243   171 0001:000A0252
   172 0001:000A025D   173 0001:000A0268   184 0001:000A028F   185 0001:000A02A1
   186 0001:000A02AF   187 0001:000A02B9   189 0001:000A02C0   194 0001:000A0380
   195 0001:000A03A2   196 0001:000A03B0   197 0001:000A03BE   198 0001:000A03C3
   199 0001:000A03CD   200 0001:000A03D7   202 0001:000A03F9   207 0001:000A03FE
   210 0001:000A0428   211 0001:000A042C   216 0001:000A0439   217 0001:000A044F
   218 0001:000A045C   242 0001:000A0469   248 0001:000A046C   249 0001:000A0489
   255 0001:000A0497   256 0001:000A049D   257 0001:000A04CD   258 0001:000A04EF
   260 0001:000A04F6

Line numbers for FMagAbout(..\Shared\fMagAbout.pas) segment .itext

   262 0002:00000820

Line numbers for MagWrksMemou(..\Shared\MagWrksmemou.pas) segment .text

    28 0001:00000000

Line numbers for Magwkcnf(..\Shared\MAGWKCNF.PAS) segment .text

   123 0001:000A0C88   125 0001:000A0CB7   126 0001:000A0CCF   128 0001:000A0CDD
   129 0001:000A0CF1   130 0001:000A0CFB   131 0001:000A0D13   132 0001:000A0D2E
   134 0001:000A0D54   135 0001:000A0D9A   136 0001:000A0DE0   138 0001:000A0E26
   160 0001:000A0E73   140 0001:000A0E90   142 0001:000A0EEC   132 0001:000A0EED
   143 0001:000A0EF4   144 0001:000A0F07   150 0001:000A0F30   151 0001:000A0F53
   152 0001:000A0F55   153 0001:000A0F63   156 0001:000A0F6F   157 0001:000A0F7A
   158 0001:000A0F7C   160 0001:000A0F9D   165 0001:000A1068   173 0001:000A1080
   174 0001:000A1090   175 0001:000A10A8   176 0001:000A10E6   177 0001:000A10FB
   178 0001:000A1106   181 0001:000A112C   182 0001:000A1132   184 0001:000A113B
   190 0001:000A115F   194 0001:000A1168   197 0001:000A1188   202 0001:000A118B
   209 0001:000A11C8   210 0001:000A11EA   211 0001:000A11F9   212 0001:000A1219
   213 0001:000A1228   214 0001:000A123C   215 0001:000A124A   216 0001:000A1267
   218 0001:000A1287   219 0001:000A12A4   220 0001:000A12BE   221 0001:000A12CB
   223 0001:000A12DA   224 0001:000A12E8   263 0001:000A12FF   226 0001:000A130C
   229 0001:000A1376   224 0001:000A1377   231 0001:000A137C   232 0001:000A1389
   233 0001:000A1396   234 0001:000A13A3   236 0001:000A13B1   238 0001:000A13B6
   240 0001:000A13EE   241 0001:000A13FB   243 0001:000A1408   244 0001:000A1415
   246 0001:000A142F   247 0001:000A143F   251 0001:000A1451   252 0001:000A1461
   254 0001:000A1471   256 0001:000A1473   257 0001:000A1480   258 0001:000A148D
   259 0001:000A149B   261 0001:000A14A8   262 0001:000A14B0   263 0001:000A14BB
   266 0001:000A1544   267 0001:000A1560   269 0001:000A1573   270 0001:000A157C
   271 0001:000A1596   272 0001:000A15E9   273 0001:000A15F6   274 0001:000A1601
   277 0001:000A160A   280 0001:000A1640   281 0001:000A165C   282 0001:000A1665
   283 0001:000A167F   284 0001:000A16D2   285 0001:000A16DD   287 0001:000A16E6
   291 0001:000A171C   292 0001:000A1738   293 0001:000A1742   295 0001:000A1755
   296 0001:000A175E   297 0001:000A1778   298 0001:000A17CB   299 0001:000A17D8
   300 0001:000A17E3   302 0001:000A17EC   305 0001:000A1824   306 0001:000A183E
   308 0001:000A1850   309 0001:000A1859   310 0001:000A1873   311 0001:000A18B9
   312 0001:000A18C4   314 0001:000A18CD   317 0001:000A190C   318 0001:000A1926
   320 0001:000A1938   321 0001:000A1941   322 0001:000A195B   323 0001:000A19A1
   324 0001:000A19AC   326 0001:000A19B5   330 0001:000A19F4   331 0001:000A19F9
   335 0001:000A19FC   336 0001:000A1A10   337 0001:000A1A23   340 0001:000A1A38
   341 0001:000A1A3B   342 0001:000A1A47   343 0001:000A1A59   345 0001:000A1A6B
   346 0001:000A1A7B   351 0001:000A1A80   352 0001:000A1A88   353 0001:000A1AA8
   355 0001:000A1AC8   357 0001:000A1ACB   358 0001:000A1ACE   360 0001:000A1AD1
   361 0001:000A1AD6   363 0001:000A1ADF   366 0001:000A1AF0   368 0001:000A1B0A
   369 0001:000A1B17   370 0001:000A1B24   371 0001:000A1B31   372 0001:000A1B3F
   373 0001:000A1B4C   374 0001:000A1B5A   375 0001:000A1B68   376 0001:000A1B75
   377 0001:000A1B85   378 0001:000A1B95   379 0001:000A1BC3   380 0001:000A1BDD
   381 0001:000A1C17   383 0001:000A1C22   386 0001:000A1C4C   387 0001:000A1C61
   391 0001:000A1C92   392 0001:000A1CA3   396 0001:000A1CE4   397 0001:000A1CE9
   400 0001:000A1CEC   401 0001:000A1CF4   403 0001:000A1CFD   405 0001:000A1D0B
   406 0001:000A1D14   408 0001:000A1D32   413 0001:000A1D5A   416 0001:000A1D72
   419 0001:000A1D7C   420 0001:000A1D82   421 0001:000A1D88   422 0001:000A1D95
   423 0001:000A1DA2   424 0001:000A1DAF   427 0001:000A1DB4   428 0001:000A1DCC
   431 0001:000A1DD9   435 0001:000A1DE0   439 0001:000A1DF2   440 0001:000A1E07
   441 0001:000A1E11   443 0001:000A1E16   444 0001:000A1E38   445 0001:000A1E55
   446 0001:000A1E76   448 0001:000A1E85   449 0001:000A1EAB   453 0001:000A1EB4
   458 0001:000A1EC1   462 0001:000A1F74   463 0001:000A1F80   467 0001:000A1F84
   468 0001:000A1F89   472 0001:000A1F8C   474 0001:000A1F91   478 0001:000A1F94
   479 0001:000A1F99   482 0001:000A1F9C   483 0001:000A1F9F   484 0001:000A1FA6
   487 0001:000A1FAF   488 0001:000A1FC7   489 0001:000A1FE5   493 0001:000A1FE8
   494 0001:000A1FED   497 0001:000A1FF0   498 0001:000A1FF3   499 0001:000A2003
   500 0001:000A2013   501 0001:000A2023   502 0001:000A2033   519 0001:000A2038
   520 0001:000A204C   527 0001:000A2050   528 0001:000A206F   529 0001:000A2080
   531 0001:000A20A5   532 0001:000A20B6   533 0001:000A20C4   534 0001:000A20DB
   535 0001:000A20EA   536 0001:000A20FE   537 0001:000A210C   538 0001:000A2129
   540 0001:000A2143   541 0001:000A2150   542 0001:000A215D   543 0001:000A216A
   544 0001:000A217A   547 0001:000A218A   529 0001:000A218D   548 0001:000A2196
   549 0001:000A21A7   556 0001:000A21F4   557 0001:000A2213   558 0001:000A2224
   560 0001:000A2249   561 0001:000A225A   562 0001:000A2268   563 0001:000A227F
   564 0001:000A228E   565 0001:000A22A2   566 0001:000A22B0   567 0001:000A22CD
   569 0001:000A22E7   570 0001:000A22F4   571 0001:000A2301   574 0001:000A230E
   575 0001:000A231E   577 0001:000A232E   558 0001:000A2331   578 0001:000A233A
   579 0001:000A234B   581 0001:000A23C6

Line numbers for Magwrks(Magwrks.dpr) segment .itext

    14 0002:00000828    15 0002:0000083F    16 0002:0000084B    17 0002:0000085A
    18 0002:0000086D    19 0002:00000880    20 0002:00000893    21 0002:0000089A

Bound resource files

c:\program files\codegear\rad studio\5.0\lib\Controls.res
c:\program files\codegear\rad studio\5.0\lib\Buttons.res
c:\program files\codegear\rad studio\5.0\lib\ExtDlgs.res
..\shared\FMagAbout.DFM
..\shared\MagWrksMemou.DFM
..\shared\Magwkcnf.DFM
Magwrks.RES
Magwrks.drf


Program entry point at 0002:00000828
