***** External Functions *****
1    AdminAskPath                                       iswi.obl(AdminAskPath.obs)
2    AllFeaturesDeselected                              iswi.obl(CompHelperFuncs.obs)
3    AskNData                                           setup.obs
4    AskOptions                                         isrt.obl(AskOptionsDlg.obs)
5    AskReInit                                          setup.obs
6    CHECK_RETURN                                       iswi.obl(ErrHandler.obs)
7    ChangeDirectory                                    isrt.obl(Files.obs)
8    CheckDestinations                                  setup.obs
9    CloseFile                                          isrt.obl(Files.obs)
10   CmdGetHwndDlg                                      isrt.obl(CustomDialog.obs)
11   CoCreateObject                                     isrt.obl(Misc.obs)
12   ComponentCompareSizeRequired                       isrt.obl(component.obs)
13   ComponentErrorInfo                                 isrt.obl(component.obs)
14   ComponentGetData                                   isrt.obl(component.obs)
15   ComponentGetTotalCost                              isrt.obl(component.obs)
16   ComponentIsItemSelected                            isrt.obl(component.obs)
17   ComponentListItems                                 isrt.obl(component.obs)
18   ComponentReinstall                                 isrt.obl(component.obs)
19   ComponentRemoveAll                                 isrt.obl(component.obs)
20   ComponentSaveTarget                                isrt.obl(component.obs)
21   ComponentSelectItem                                isrt.obl(component.obs)
22   ComponentTransferData                              isrt.obl(component.obs)
23   ComponentTreeInit                                  isrt.obl(Dialogs.obs)
24   ConvertWinHighLowSizeToISHighLowSize               isrt.obl(Misc.obs)
25   CopyFile                                           isrt.obl(Files.obs)
26   CreateDir                                          isrt.obl(Files.obs)
27   CreateFile                                         isrt.obl(Files.obs)
28   CreateInstallationInfo                             isrt.obl(Registry.obs)
29   CtrlGetNotificationCode                            isrt.obl(CustomDialog.obs)
30   CtrlGetState                                       isrt.obl(CustomDialog.obs)
31   CtrlGetSubCommand                                  isrt.obl(CustomDialog.obs)
32   CtrlGetText                                        isrt.obl(CustomDialog.obs)
33   CtrlSelectText                                     isrt.obl(CustomDialog.obs)
34   CtrlSetList                                        isrt.obl(CustomDialog.obs)
35   CtrlSetMLEText                                     isrt.obl(CustomDialog.obs)
36   CtrlSetState                                       isrt.obl(CustomDialog.obs)
37   CtrlSetText                                        isrt.obl(CustomDialog.obs)
38   DefineDialog                                       isrt.obl(CustomDialog.obs)
39   Delay                                              isrt.obl(Misc.obs)
40   DeleteFile                                         isrt.obl(Files.obs)
41   DeleteSingleFile                                   isrt.obl(Files.obs)
42   DialogSetDefaultFont                               isrt.obl(Dialogs.obs)
43   DialogSetFont                                      isrt.obl(Dialogs.obs)
44   DialogSetInfo                                      isrt.obl(Dialogs.obs)
45   Disable                                            isrt.obl(Enable.obs)
46   DllSizeOf                                          isrt.obl(Str.obs)
47   Do                                                 isrt.obl(Misc.obs)
48   Enable                                             isrt.obl(Enable.obs)
49   EndCurrentDialog                                   isrt.obl(Dialogs.obs)
50   EndDialog                                          isrt.obl(CustomDialog.obs)
51   ExistsDir                                          isrt.obl(Files.obs)
52   EzDefineDialog                                     isrt.obl(CustomDialog.obs)
53   FeatureCompareSizeRequired                         iswi.obl(FeatureConv.obs)
54   FeatureErrorInfo                                   iswi.obl(ComponentConv.obs)
55   FeatureFilterLanguage                              iswi.obl(ComponentConv.obs)
56   FeatureFilterOS                                    iswi.obl(ComponentConv.obs)
57   FeatureGetData                                     iswi.obl(ComponentConv.obs)
58   FeatureGetTotalCost                                iswi.obl(FeatureConv.obs)
59   FeatureIsItemSelected                              iswi.obl(ComponentConv.obs)
60   FeatureListItems                                   iswi.obl(ComponentConv.obs)
61   FeatureReinstall                                   iswi.obl(ComponentConv.obs)
62   FeatureRemoveAll                                   iswi.obl(ComponentConv.obs)
63   FeatureSaveTarget                                  iswi.obl(FeatureConv.obs)
64   FeatureSelectItem                                  iswi.obl(ComponentConv.obs)
65   FeatureSetupTypeSet                                iswi.obl(ComponentConv.obs)
66   FeatureStandardSetupTypeSet                        iswi.obl(FeatureConv.obs)
67   FeatureTransferData                                iswi.obl(ComponentConv.obs)
68   FeaturesInstalled                                  iswi.obl(FileTransferFuncsConv.obs)
69   FeaturesInstalling                                 iswi.obl(FileTransferFuncsConv.obs)
70   FindFile                                           isrt.obl(Files.obs)
71   FindWindow                                         isrt.obl(Misc.obs)
72   FixUpCmdLine                                       iswi.obl(HelperFuncs.obs)
73   FixUpCmdLinePostReboot                             iswi.obl(HelperFuncs.obs)
74   FormatMessage                                      isrt.obl(Misc.obs)
75   GDI32.CreateRectRgn                                setup.obs
76   GDI32.GetDeviceCaps                                setup.obs
77   GeneratedMSIScript                                 iswi.obl(FileTransferFuncsConv.obs)
78   GeneratingMSIScript                                iswi.obl(FileTransferFuncsConv.obs)
79   GetBasicMSI                                        isrt.obl(SysVars.obs)
80   GetBillboard                                       isrt.obl(SysVars.obs)
81   GetCommonFiles                                     isrt.obl(SysVars.obs)
82   GetComponentsFeatures                              iswi.obl(CompHelperFuncs.obs)
83   GetCurrentDialogName                               isrt.obl(Dialogs.obs)
84   GetCurrentDir                                      isrt.obl(Files.obs)
85   GetDialogTitle                                     isrt.obl(Dialogs.obs)
86   GetDir                                             isrt.obl(Str.obs)
87   GetDisk                                            isrt.obl(Str.obs)
88   GetDisk1SetupExeName                               isrt.obl(SysVars.obs)
89   GetDiskSpace                                       isrt.obl(GSI.obs)
90   GetDiskSpaceEx                                     isrt.obl(GSI.obs)
91   GetEnabledIServices                                isrt.obl(SysVars.obs)
92   GetEnvVar                                          isrt.obl(GSI.obs)
93   GetExtents                                         isrt.obl(GSI.obs)
94   GetFileInfo                                        isrt.obl(Files.obs)
95   GetFolderApplications                              isrt.obl(SysVars.obs)
96   GetFolderApplications64                            isrt.obl(SysVars.obs)
97   GetISRes                                           isrt.obl(SysVars.obs)
98   GetKeyPathWinCurrVerAuto                           isrt.obl(SysVars.obs)
99   GetLine                                            isrt.obl(Files.obs)
100  GetMSIFeatureName                                  iswi.obl(CompHelperFuncs.obs)
101  GetMaintenance                                     iswi.obl(ISWiInit.obs)
102  GetMsiFeaturePath                                  iswi.obl(CompHelperFuncs.obs)
103  GetMsiNameFromAliasTable                           iswi.obl(CompHelperFuncs.obs)
104  GetOpenFileMode                                    isrt.obl(Files.obs)
105  GetPackageLocation                                 isrt.obl(SysVars.obs)
106  GetProductGUID                                     iswi.obl(ISWiInit.obs)
107  GetProfSectionKeyCount                             isrt.obl(Profile.obs)
108  GetProfString                                      isrt.obl(Profile.obs)
109  GetProfStringList                                  isrt.obl(Profile.obs)
110  GetRemoveAllMode                                   isrt.obl(SysVars.obs)
111  GetRemoveOnly                                      isrt.obl(SysVars.obs)
112  GetSelectedLanguage                                isrt.obl(SysVars.obs)
113  GetSelectedTreeComponent                           isrt.obl(CmptView.obs)
114  GetSupportDir                                      isrt.obl(SysVars.obs)
115  GetSystemInfo                                      isrt.obl(GSI.obs)
116  GetTempFolder                                      isrt.obl(SysVars.obs)
117  GetUpdateStatus                                    iswi.obl(HelperFuncs.obs)
118  GetUpdateStatusReboot                              iswi.obl(HelperFuncs.obs)
119  GetUserSelectableAuto                              isrt.obl(SysVars.obs)
120  GetValidDrivesList                                 isrt.obl(GSI.obs)
121  GetWinDir                                          isrt.obl(SysVars.obs)
122  GetWinSysDir                                       isrt.obl(SysVars.obs)
123  GetWindowHandle                                    iswi.obl(MiscConv.obs)
124  HIWORD                                             isrt.obl(Misc.obs)
125  ISDeterminePlatform                                isrt.obl(OsInfo.obs)
126  ISMIF32.InstallStatusMIF                           isrt.obl(MIF.obs)
127  ISRT.ComponentViewSetInfoEx                        isrt.obl(Dialogs.obs)
128  ISRT.EnableHourGlass                               isrt.obl(Enable.obs)
129  ISRT.GetCPUType                                    isrt.obl(GSI.obs)
130  ISRT.GetFontSub                                    isrt.obl(Dialogs.obs)
131  ISRT.GetHandle                                     setup.obs
132  ISRT.GetPorts                                      isrt.obl(GSI.obs)
133  ISRT.IsEmpty                                       setup.obs
134  ISRT.IsNTAdmin                                     isrt.obl(Is.obs)
135  ISRT.IsObject                                      setup.obs
136  ISRT.IsPowerUser                                   isrt.obl(Is.obs)
137  ISRT.LangLoadString                                isrt.obl(SDINT.obs)
138  ISRT.MessageBeepP                                  setup.obs
139  ISRT.PathCompactPathPixel                          isrt.obl(CustomDialog.obs)
140  ISRT.PathGetDir                                    isrt.obl(Str.obs)
141  ISRT.PathGetDrive                                  isrt.obl(Str.obs)
142  ISRT.PathGetFile                                   isrt.obl(Files.obs)
143  ISRT.PathGetFileExt                                isrt.obl(Str.obs)
144  ISRT.PathGetFileName                               isrt.obl(Str.obs)
145  ISRT.PathGetLongFromShort                          isrt.obl(Str.obs)
146  ISRT.PathGetPath                                   isrt.obl(Str.obs)
147  ISRT.PathGetSpecialFolder                          isrt.obl(SysVars.obs)
148  ISRT.PathIsValidSyntax                             isrt.obl(Is.obs)
149  ISRT._BrowseForFolder                              isrt.obl(SelectDir.obs)
150  ISRT._CloseFile                                    isrt.obl(Files.obs)
151  ISRT._CmdGetHwndDlg                                isrt.obl(CustomDialog.obs)
152  ISRT._ComponentCompareSizeRequired                 iswi.obl(FeatureConv.obs)
153  ISRT._ComponentGetTotalCost                        iswi.obl(FeatureConv.obs)
154  ISRT._ComponentGetTotalCostEx                      isrt.obl(SdComponentTreeDlg.obs)
155  ISRT._ComponentSaveTarget                          iswi.obl(FeatureConv.obs)
156  ISRT._CreateDir                                    isrt.obl(Files.obs)
157  ISRT._CreateObject                                 isrt.obl(Misc.obs)
158  ISRT._CtrlGetNotificationCode                      isrt.obl(CustomDialog.obs)
159  ISRT._CtrlGetSubCommand                            isrt.obl(CustomDialog.obs)
160  ISRT._CtrlSetMLERichText                           isrt.obl(CustomDialog.obs)
161  ISRT._DefineDialog                                 isrt.obl(CustomDialog.obs)
162  ISRT._DialogSetFont                                isrt.obl(Dialogs.obs)
163  ISRT._DisableStatus                                isrt.obl(Enable.obs)
164  ISRT._DoSprintf                                    iswi.obl(HelperFuncs.obs)
165  ISRT._EnableDialogCache                            isrt.obl(Enable.obs)
166  ISRT._EnablePrevDialog                             iswi.obl(AdminAskPath.obs)
167  ISRT._EnableSkins                                  isrt.obl(Enable.obs)
168  ISRT._EnableStatus                                 isrt.obl(Enable.obs)
169  ISRT._EnableWow64FsRedirection                     isrt.obl(Enable.obs)
170  ISRT._EndDialog                                    isrt.obl(CustomDialog.obs)
171  ISRT._ExistsDir                                    isrt.obl(Files.obs)
172  ISRT._ExistsFile                                   isrt.obl(Files.obs)
173  ISRT._FileCopy                                     isrt.obl(Files.obs)
174  ISRT._GenerateFileMD5SignatureHex                  isrt.obl(Files.obs)
175  ISRT._GetCurrentDialogName                         isrt.obl(Dialogs.obs)
176  ISRT._GetDiskSpaceEx                               isrt.obl(GSI.obs)
177  ISRT._GetDiskSpaceExEx                             isrt.obl(SdComponentTreeDlg.obs)
178  ISRT._GetGlobalMemorySize                          isrt.obl(GSI.obs)
179  ISRT._GetInetFileSize                              isrt.obl(Files.obs)
180  ISRT._GetInetFileTime                              isrt.obl(Files.obs)
181  ISRT._GetLine                                      isrt.obl(Files.obs)
182  ISRT._GetLineSize                                  isrt.obl(Files.obs)
183  ISRT._GetProcessorInfo                             isrt.obl(OsInfo.obs)
184  ISRT._GetSelectedTreeComponent                     isrt.obl(CmptView.obs)
185  ISRT._GetSupportDir                                isrt.obl(SysVars.obs)
186  ISRT._IsFontTypefaceNameAvailable                  isrt.obl(Is.obs)
187  ISRT._IsSkinLoaded                                 isrt.obl(Is.obs)
188  ISRT._IsWindowsME                                  isrt.obl(GSI.obs)
189  ISRT._IsWow64                                      isrt.obl(OsInfo.obs)
190  ISRT._ListAddItem                                  isrt.obl(scrlist.obs)
191  ISRT._ListAddString                                isrt.obl(scrlist.obs)
192  ISRT._ListCount                                    isrt.obl(scrlist.obs)
193  ISRT._ListCreate                                   isrt.obl(scrlist.obs)
194  ISRT._ListCurrentString                            isrt.obl(scrlist.obs)
195  ISRT._ListDeleteItem                               isrt.obl(scrlist.obs)
196  ISRT._ListDeleteString                             isrt.obl(scrlist.obs)
197  ISRT._ListDestroy                                  isrt.obl(scrlist.obs)
198  ISRT._ListFindString                               isrt.obl(scrlist.obs)
199  ISRT._ListGetFirstItem                             isrt.obl(scrlist.obs)
200  ISRT._ListGetFirstString                           isrt.obl(scrlist.obs)
201  ISRT._ListGetNextItem                              isrt.obl(scrlist.obs)
202  ISRT._ListGetNextString                            isrt.obl(scrlist.obs)
203  ISRT._ListGetType                                  isrt.obl(scrlist.obs)
204  ISRT._ListSetIndex                                 isrt.obl(scrlist.obs)
205  ISRT._MediaGetInfo                                 iswi.obl(FeatureConv.obs)
206  ISRT._OpenFile                                     isrt.obl(Files.obs)
207  ISRT._Preprogram                                   setup.obs
208  ISRT._RegCreateKey                                 isrt.obl(Registry.obs)
209  ISRT._RegDeleteKey                                 isrt.obl(Registry.obs)
210  ISRT._RegDeleteValue                               isrt.obl(Registry.obs)
211  ISRT._RegEnableTextSubs                            isrt.obl(Enable.obs)
212  ISRT._RegEnum                                      isrt.obl(Registry.obs)
213  ISRT._RegGetOptions                                isrt.obl(SysVars.obs)
214  ISRT._RegIsRemoteRegConnected                      isrt.obl(Is.obs)
215  ISRT._RegQueryKeyBinaryValue                       isrt.obl(Registry.obs)
216  ISRT._RegQueryKeyValue                             isrt.obl(Registry.obs)
217  ISRT._RegSetKeyBinaryValue                         isrt.obl(Registry.obs)
218  ISRT._RegSetKeyValue                               isrt.obl(Registry.obs)
219  ISRT._RegSetOptions                                isrt.obl(SysVars.obs)
220  ISRT._ReleaseDialog                                isrt.obl(CustomDialog.obs)
221  ISRT._SdShowMsg                                    isrt.obl(SDSMSG.obs)
222  ISRT._SetAltMainImage                              isrt.obl(Dialogs.obs)
223  ISRT._SetDisplayEffect                             isrt.obl(ui.obs)
224  ISRT._SetSilentSdShowMsg                           isrt.obl(Enable.obs)
225  ISRT._SetTitle                                     isrt.obl(ui.obs)
226  ISRT._SetupTraceWrite                              isrt.obl(Misc.obs)
227  ISRT._TreeViewCreate                               isrt.obl(CmptView.obs)
228  ISRT._WaitOnDialog                                 isrt.obl(CustomDialog.obs)
229  ISRT._WriteLine                                    isrt.obl(Files.obs)
230  ISRT.__CreateObjectContext                         isrt.obl(ISRTInit.obs)
231  ISRT.__GetCmdLineOptions                           isrt.obl(ISRTInit.obs)
232  ISRT.__GetContextGUID                              isrt.obl(ISRTInit.obs)
233  ISRT.__GetEnabledIServices                         isrt.obl(SysVars.obs)
234  ISRT.__GetFileRegistrar                            isrt.obl(ISRTInit.obs)
235  ISRT.__GetISMSIStringTableObj                      iswi.obl(ISWiInit.obs)
236  ISRT.__GetInfo                                     isrt.obl(ISRTInit.obs)
237  ISRT.__GetInstallGuid                              isrt.obl(SysVars.obs)
238  ISRT.__GetLogDB                                    isrt.obl(ISRTInit.obs)
239  ISRT.__GetMainWindow                               setup.obs
240  ISRT.__GetMaintOption                              isrt.obl(SysVars.obs)
241  ISRT.__GetMaintenanceMode                          isrt.obl(SysVars.obs)
242  ISRT.__GetObjects                                  isrt.obl(ISRTInit.obs)
243  ISRT.__GetProductGuid                              isrt.obl(SysVars.obs)
244  ISRT.__GetProgress                                 setup.obs
245  ISRT.__GetReboot                                   isrt.obl(ISRTInit.obs)
246  ISRT.__GetRemoveAllMode                            isrt.obl(SysVars.obs)
247  ISRT.__GetTextSub                                  isrt.obl(ISRTInit.obs)
248  ISRT.__GetUpdateMode                               isrt.obl(SysVars.obs)
249  ISRT.__PutEnabledIServices                         isrt.obl(Enable.obs)
250  ISRT.__ReleaseObjectContext                        isrt.obl(ISRTInit.obs)
251  ISRT.__RestoreMainLog                              isrt.obl(ISRTInit.obs)
252  ISRT.__RestoreMainLogEx                            isrt.obl(ISRTInit.obs)
253  ISRT.__SetComponentLog                             isrt.obl(ISRTInit.obs)
254  ISRT.__SetUpdateMode                               isrt.obl(SysVars.obs)
255  ISRTHandleScriptException                          isrt.obl(Misc.obs)
256  ISRTPreprogram                                     isrt.obl(Driver.obs)
257  ISWIOnAppSearch                                    iswi.obl(DriverConv.obs)
258  ISWIOnCCPSearch                                    iswi.obl(DriverConv.obs)
259  ISWIOnExitInstall                                  iswi.obl(DriverConv.obs)
260  ISWIOnFirstUIAfter                                 iswi.obl(DriverConv.obs)
261  ISWIOnFirstUIBefore                                iswi.obl(DriverConv.obs)
262  ISWIOnInitInstall                                  iswi.obl(DriverConv.obs)
263  ISWIOnMaintUIAfter                                 iswi.obl(DriverConv.obs)
264  ISWIOnMaintUIBefore                                iswi.obl(DriverConv.obs)
265  ISWIOnMoveData                                     iswi.obl(DriverConv.obs)
266  ISWIOnResumeUIAfter                                iswi.obl(DriverConv.obs)
267  ISWIOnResumeUIBefore                               iswi.obl(DriverConv.obs)
268  ISWIPCRestoreAfter                                 iswi.obl(DriverConv.obs)
269  ISWIPCRestoreBefore                                iswi.obl(DriverConv.obs)
270  ISWIPostprogram                                    iswi.obl(DriverConv.obs)
271  ISWIPreprogram                                     iswi.obl(DriverConv.obs)
272  InitDriveLetters                                   setup.obs
273  InitINSTALLDIRDisk                                 setup.obs
274  InitPrimaryInstallDrive                            setup.obs
275  InstallCache                                       setup.obs
276  InstallFilesActionAfter                            iswi.obl(FileTransferFuncsConv.obs)
277  InstallFilesActionBefore                           iswi.obl(FileTransferFuncsConv.obs)
278  Is                                                 isrt.obl(Is.obs)
279  IsTestSetup                                        iswi.obl(HelperFuncs.obs)
280  KERNEL.GetModuleHandle                             setup.obs
281  KERNEL32.CloseHandle                               setup.obs
282  KERNEL32.CreateFileA                               setup.obs
283  KERNEL32.CreateProcess                             setup.obs
284  KERNEL32.DeleteFileA                               setup.obs
285  KERNEL32.FileTimeToLocalFileTime                   setup.obs
286  KERNEL32.FileTimeToSystemTime                      setup.obs
287  KERNEL32.FindClose                                 setup.obs
288  KERNEL32.FindFirstFileA                            setup.obs
289  KERNEL32.FindNextFileA                             setup.obs
290  KERNEL32.FormatMessageA                            setup.obs
291  KERNEL32.FreeLibrary                               setup.obs
292  KERNEL32.GetCurrentDirectoryA                      setup.obs
293  KERNEL32.GetDriveType                              setup.obs
294  KERNEL32.GetEnvironmentVariable                    setup.obs
295  KERNEL32.GetExitCodeProcess                        setup.obs
296  KERNEL32.GetFileAttributesA                        setup.obs
297  KERNEL32.GetFileTime                               setup.obs
298  KERNEL32.GetLocalTime                              setup.obs
299  KERNEL32.GetLocaleInfo                             setup.obs
300  KERNEL32.GetPrivateProfileSectionA                 setup.obs
301  KERNEL32.GetPrivateProfileString                   setup.obs
302  KERNEL32.GetPrivateProfileStringA                  setup.obs
303  KERNEL32.GetProcAddress                            setup.obs
304  KERNEL32.GetProfileStringA                         setup.obs
305  KERNEL32.GetShortPathNameA                         setup.obs
306  KERNEL32.GetSystemDefaultLCID                      setup.obs
307  KERNEL32.GetSystemDefaultLangID                    setup.obs
308  KERNEL32.GetSystemDefaultUILanguage                setup.obs
309  KERNEL32.GetTickCount                              setup.obs
310  KERNEL32.GetUserDefaultLangID                      setup.obs
311  KERNEL32.GetVersion                                setup.obs
312  KERNEL32.GetVersionEx                              setup.obs
313  KERNEL32.GetVolumeInformation                      setup.obs
314  KERNEL32.GetWindowsDirectory                       setup.obs
315  KERNEL32.LoadLibraryA                              setup.obs
316  KERNEL32.LocalFileTimeToFileTime                   setup.obs
317  KERNEL32.MoveFileA                                 setup.obs
318  KERNEL32.SetCurrentDirectoryA                      setup.obs
319  KERNEL32.SetFileAttributesA                        setup.obs
320  KERNEL32.SetFileTime                               setup.obs
321  KERNEL32.Sleep                                     setup.obs
322  KERNEL32.SystemTimeToFileTime                      setup.obs
323  KERNEL32.WritePrivateProfileString                 setup.obs
324  KERNEL32.lstrlen                                   setup.obs
325  Kernel32.GetModuleHandleA                          iswi.obl(ComponentConv.obs)
326  LOWORD                                             isrt.obl(Misc.obs)
327  LaunchAgent                                        iswi.obl(HelperFuncs.obs)
328  LaunchApp                                          isrt.obl(Extend.obs)
329  LaunchAppAndWait                                   isrt.obl(Extend.obs)
330  LaunchAppAndWaitInitStartupInfo                    isrt.obl(Extend.obs)
331  ListAddItem                                        isrt.obl(scrlist.obs)
332  ListAddString                                      isrt.obl(scrlist.obs)
333  ListCount                                          isrt.obl(scrlist.obs)
334  ListCreate                                         isrt.obl(scrlist.obs)
335  ListCurrentString                                  isrt.obl(scrlist.obs)
336  ListDeleteItem                                     isrt.obl(scrlist.obs)
337  ListDeleteString                                   isrt.obl(scrlist.obs)
338  ListDestroy                                        isrt.obl(scrlist.obs)
339  ListFindString                                     isrt.obl(scrlist.obs)
340  ListGetFirstItem                                   isrt.obl(scrlist.obs)
341  ListGetFirstString                                 isrt.obl(scrlist.obs)
342  ListGetLastString                                  iswi.obl(CompHelperFuncs.obs)
343  ListGetNextItem                                    isrt.obl(scrlist.obs)
344  ListGetNextString                                  isrt.obl(scrlist.obs)
345  ListGetType                                        isrt.obl(scrlist.obs)
346  ListSetIndex                                       isrt.obl(scrlist.obs)
347  ListValid                                          isrt.obl(scrlist.obs)
348  ListValidType                                      isrt.obl(scrlist.obs)
349  LoadStringFromStringTable                          iswi.obl(ISWiInit.obs)
350  LongPathFromShortPath                              isrt.obl(Str.obs)
351  LongPathToQuote                                    isrt.obl(Str.obs)
352  LongPathToShortPath                                isrt.obl(Str.obs)
353  MAKELONG                                           isrt.obl(Misc.obs)
354  MIFCreateMIFFile                                   isrt.obl(MIF.obs)
355  MIFDeleteMIFFile                                   isrt.obl(MIF.obs)
356  MIFInitialize                                      isrt.obl(MIF.obs)
357  MIFSetInformation                                  isrt.obl(MIF.obs)
358  MIFUnInitialize                                    isrt.obl(MIF.obs)
359  MIFWasSetInformationCalled                         isrt.obl(MIF.obs)
360  MediaGetDataEx                                     iswi.obl(FeatureConv.obs)
361  MessageBeep                                        isrt.obl(Misc.obs)
362  MessageBox                                         isrt.obl(MsgBox.obs)
363  MessageBoxEx                                       isrt.obl(MsgBox.obs)
364  Moved                                              iswi.obl(FileTransferFuncsConv.obs)
365  Moving                                             iswi.obl(FileTransferFuncsConv.obs)
366  MsiCloseHandle                                     iswi.obl(MsiFuncsConv.obs)
367  MsiCreateRecord                                    iswi.obl(MsiFuncsConv.obs)
368  MsiDatabaseOpenView                                iswi.obl(MsiFuncsConv.obs)
369  MsiDoAction                                        iswi.obl(MsiFuncsConv.obs)
370  MsiGetActiveDatabase                               iswi.obl(MsiFuncsConv.obs)
371  MsiGetProperty                                     iswi.obl(MsiFuncsConv.obs)
372  MsiGetPropertyIS                                   iswi.obl(MsiFuncsConv.obs)
373  MsiGetSourcePath                                   iswi.obl(MsiFuncsConv.obs)
374  MsiGetTargetPath                                   iswi.obl(MsiFuncsConv.obs)
375  MsiInstallProduct                                  iswi.obl(MsiFuncsConv.obs)
376  MsiProcessMessage                                  iswi.obl(MsiFuncsConv.obs)
377  MsiQueryFeatureState                               iswi.obl(MsiFuncsConv.obs)
378  MsiRecordGetInteger                                iswi.obl(MsiFuncsConv.obs)
379  MsiRecordGetString                                 iswi.obl(MsiFuncsConv.obs)
380  MsiRecordSetString                                 iswi.obl(MsiFuncsConv.obs)
381  MsiSetProperty                                     iswi.obl(MsiFuncsConv.obs)
382  MsiSetTargetPath                                   iswi.obl(MsiFuncsConv.obs)
383  MsiViewExecute                                     iswi.obl(MsiFuncsConv.obs)
384  MsiViewFetch                                       iswi.obl(MsiFuncsConv.obs)
385  OnAbort                                            iswi.obl(DriverConv.obs)
386  OnAction                                           iswi.obl(ISWiInit.obs)
387  OnAdminInstallUIAfter                              iswi.obl(DriverConv.obs)
388  OnAdminInstallUIBefore                             iswi.obl(DriverConv.obs)
389  OnAdminPatchUIAfter                                iswi.obl(DriverConv.obs)
390  OnAdminPatchUIBefore                               iswi.obl(DriverConv.obs)
391  OnAdvertisementAfter                               iswi.obl(DriverConv.obs)
392  OnAdvertisementBefore                              iswi.obl(DriverConv.obs)
393  OnAppSearch                                        iswi.obl(DriverConv.obs)
394  OnBegin                                            iswi.obl(DriverConv.obs)
395  OnCCPSearch                                        iswi.obl(DriverConv.obs)
396  OnCanceling                                        iswi.obl(DriverConv.obs)
397  OnComponentError                                   iswi.obl(Exceptions.obs)
398  OnDIFxLogCallback                                  isrt.obl(ISDIFx.obs)
399  OnDIFxLogCallbackImpl                              isrt.obl(ISDIFx.obs)
400  OnEnd                                              iswi.obl(DriverConv.obs)
401  OnError                                            iswi.obl(DriverConv.obs)
402  OnException                                        iswi.obl(Exceptions.obs)
403  OnFeaturesInstalled                                iswi.obl(FileTransferFuncsConv.obs)
404  OnFeaturesInstalling                               iswi.obl(FileTransferFuncsConv.obs)
405  OnFileError                                        iswi.obl(Exceptions.obs)
406  OnFileLocked                                       iswi.obl(Exceptions.obs)
407  OnFileReadOnly                                     iswi.obl(Exceptions.obs)
408  OnFilesInUse                                       iswi.obl(DriverConv.obs)
409  OnFirstUIAfter                                     iswi.obl(DriverConv.obs)
410  OnFirstUIBefore                                    iswi.obl(DriverConv.obs)
411  OnGeneratedMSIScript                               iswi.obl(FileTransferFuncsConv.obs)
412  OnGeneratingMSIScript                              iswi.obl(FileTransferFuncsConv.obs)
413  OnHelp                                             iswi.obl(DriverConv.obs)
414  OnInstallFilesActionAfter                          iswi.obl(FileTransferFuncsConv.obs)
415  OnInstallFilesActionBefore                         iswi.obl(FileTransferFuncsConv.obs)
416  OnInternetError                                    iswi.obl(Exceptions.obs)
417  OnLaunchAppAndWaitCallback                         iswi.obl(DriverConv.obs)
418  OnLogonUserSetMsiProperties                        iswi.obl(DriverConv.obs)
419  OnMD5Error                                         iswi.obl(Exceptions.obs)
420  OnMaintUIAfter                                     iswi.obl(DriverConv.obs)
421  OnMaintUIBefore                                    iswi.obl(DriverConv.obs)
422  OnMaintenance                                      iswi.obl(DriverConv.obs)
423  OnMoved                                            iswi.obl(FileTransferFuncsConv.obs)
424  OnMoving                                           iswi.obl(FileTransferFuncsConv.obs)
425  OnMsiSilentInstall                                 iswi.obl(DriverConv.obs)
426  OnNetApiCreateUserAccountInternal                  isrt.obl(NetApiRT.obs)
427  OnNextDisk                                         iswi.obl(Exceptions.obs)
428  OnOutOfDiskSpace                                   iswi.obl(DriverConv.obs)
429  OnPatchUIAfter                                     iswi.obl(DriverConv.obs)
430  OnPatchUIBefore                                    iswi.obl(DriverConv.obs)
431  OnRebooted                                         iswi.obl(DriverConv.obs)
432  OnRemovingSharedFile                               iswi.obl(Exceptions.obs)
433  OnResolveSource                                    iswi.obl(DriverConv.obs)
434  OnResume                                           iswi.obl(DriverConv.obs)
435  OnResumeUIAfter                                    iswi.obl(DriverConv.obs)
436  OnResumeUIBefore                                   iswi.obl(DriverConv.obs)
437  OnSQLLogin                                         iswi.obl(DriverConv.obs)
438  OnSelfRegistrationError                            iswi.obl(Exceptions.obs)
439  OnUnhandledException                               iswi.obl(DriverConv.obs)
440  OnUninstall                                        iswi.obl(DriverConv.obs)
441  OnUpdateService                                    iswi.obl(DriverConv.obs)
442  OnWarning                                          iswi.obl(DriverConv.obs)
443  OpenFile                                           isrt.obl(Files.obs)
444  OpenFileMode                                       isrt.obl(Files.obs)
445  PCRestoreOnBegin                                   isrt.obl(PCRestore.obs)
446  ParsePath                                          isrt.obl(Str.obs)
447  PostShowComponentDlg                               iswi.obl(ISWiInit.obs)
448  Postprogram                                        iswi.obl(DriverConv.obs)
449  PreShowComponentDlg                                iswi.obl(ISWiInit.obs)
450  Preprogram                                         iswi.obl(DriverConv.obs)
451  ProgDefGroupType                                   isrt.obl(Shell.obs)
452  ProgGetGroupType                                   isrt.obl(Shell.obs)
453  PthFixPath                                         isrt.obl(Pth.obs)
454  PthIsAbsPath                                       isrt.obl(Pth.obs)
455  RebootNeeded                                       iswi.obl(FileTransferFuncsConv.obs)
456  RedirectMsiCloseHandle                             iswi.obl(RedirectedMsiFuncsConv.obs)
457  RedirectMsiCreateRecord                            iswi.obl(RedirectedMsiFuncsConv.obs)
458  RedirectMsiGetActiveDatabase                       iswi.obl(RedirectedMsiFuncsConv.obs)
459  RedirectMsiProcessMessage                          iswi.obl(RedirectedMsiFuncsConv.obs)
460  RedirectMsiRecordGetInteger                        iswi.obl(RedirectedMsiFuncsConv.obs)
461  RedirectMsiViewExecute                             iswi.obl(RedirectedMsiFuncsConv.obs)
462  RedirectMsiViewFetch                               iswi.obl(RedirectedMsiFuncsConv.obs)
463  RegDBDeleteKey                                     isrt.obl(Registry.obs)
464  RegDBDeleteValue                                   isrt.obl(Registry.obs)
465  RegDBGetDefaultRoot                                isrt.obl(SysVars.obs)
466  RegDBGetItem                                       isrt.obl(Registry.obs)
467  RegDBGetKeyValueEx                                 isrt.obl(Registry.obs)
468  RegDBQueryKey                                      isrt.obl(Registry.obs)
469  RegDBQueryKeyCount                                 isrt.obl(Registry.obs)
470  RegDBQueryStringMultiStringCount                   isrt.obl(Registry.obs)
471  RegDBQueryValue                                    isrt.obl(Registry.obs)
472  RegDBQueryValue32                                  isrt.obl(Registry.obs)
473  RegDBSetDefaultRoot                                isrt.obl(SysVars.obs)
474  RegDBSetKeyValueEx                                 isrt.obl(Registry.obs)
475  RegDBSetValue                                      isrt.obl(Registry.obs)
476  ReleaseDialog                                      isrt.obl(CustomDialog.obs)
477  RemoveSpaces                                       iswi.obl(HelperFuncs.obs)
478  RenameFile                                         isrt.obl(Files.obs)
479  ResolveShellObjectsFolder                          iswi.obl(CompHelperFuncs.obs)
480  STRTOCHAR                                          isrt.obl(Str.obs)
481  SdAskDestPath                                      isrt.obl(SdAskDestPathDlg.obs)
482  SdCloseDlg                                         isrt.obl(SDINT.obs)
483  SdComponentDlgCheckSpace                           isrt.obl(SDINT.obs)
484  SdCustomerInformation                              iswi.obl(SdCustInfo.obs)
485  SdDlgToTop                                         isrt.obl(SDINT.obs)
486  SdDoStdButton                                      isrt.obl(SDINT.obs)
487  SdEnablement                                       isrt.obl(SDINT.obs)
488  SdError                                            isrt.obl(SDINT.obs)
489  SdFeatureTree                                      isrt.obl(SdComponentTreeDlg.obs)
490  SdFilesInUse                                       iswi.obl(SdFilesInUse.obs)
491  SdFinish                                           isrt.obl(SdFinishDlg.obs)
492  SdFinishEx                                         iswi.obl(SdFinishExConv.obs)
493  SdFinishReboot                                     isrt.obl(SdFinishRebootDlg.obs)
494  SdFinishUpdate                                     iswi.obl(SdFinishUpdate.obs)
495  SdFinishUpdateReboot                               iswi.obl(SdFinUpdateRebot.obs)
496  SdGeneralInit                                      isrt.obl(SDINT.obs)
497  SdInit                                             isrt.obl(SDINT.obs)
498  SdIsStdButton                                      isrt.obl(SDINT.obs)
499  SdLoadString                                       isrt.obl(SDINT.obs)
500  SdMakeName                                         isrt.obl(SDINT.obs)
501  SdOutOfDiskSpace                                   iswi.obl(SdDiskReqs.obs)
502  SdPatchWelcome                                     iswi.obl(SdPatchWel.obs)
503  SdPlugInProductName                                isrt.obl(SDINT.obs)
504  SdSetDlgTitle                                      isrt.obl(SDINT.obs)
505  SdSetStatic                                        isrt.obl(SDINT.obs)
506  SdSetupCompleteError                               iswi.obl(SdSetupCompleteError.obs)
507  SdShowMsg                                          isrt.obl(SDSMSG.obs)
508  SdStartCopy                                        isrt.obl(SdStartCopyDlg.obs)
509  SdSubstituteProductInfo                            isrt.obl(SDINT.obs)
510  SdUnInit                                           isrt.obl(SDINT.obs)
511  SdWelcome                                          isrt.obl(SdWelcomeDlg.obs)
512  SdWelcomeMaint                                     isrt.obl(SdWelcomeMaintDlg.obs)
513  SelectDir                                          isrt.obl(SelectDir.obs)
514  SelectDirNoLog                                     isrt.obl(SelectDir.obs)
515  SendMessage                                        isrt.obl(Misc.obs)
516  ServiceInitParams                                  isrt.obl(Service.obs)
517  SetCmdLine                                         isrt.obl(SysVars.obs)
518  SetDialogTitle                                     isrt.obl(Dialogs.obs)
519  SetDisplayEffect                                   isrt.obl(ui.obs)
520  SetExtendedErrInfo                                 isrt.obl(IsUtil.obs)
521  SetFileInfo                                        isrt.obl(Files.obs)
522  SetFolderDesktop                                   isrt.obl(SysVars.obs)
523  SetFolderPrograms                                  isrt.obl(SysVars.obs)
524  SetFolderStartMenu                                 isrt.obl(SysVars.obs)
525  SetFolderStartup                                   isrt.obl(SysVars.obs)
526  SetGlobalVars                                      iswi.obl(ISWiInit.obs)
527  SetInstallationInfo                                isrt.obl(Registry.obs)
528  SetMifInformationOnly                              isrt.obl(Registry.obs)
529  SetTitle                                           isrt.obl(ui.obs)
530  SetUpdateStatus                                    iswi.obl(HelperFuncs.obs)
531  SetUpdateStatusReboot                              iswi.obl(HelperFuncs.obs)
532  SetupTraceWrite                                    isrt.obl(Misc.obs)
533  SetupType                                          isrt.obl(SetupTypeDlg.obs)
534  SilentDoGeneralInfo                                isrt.obl(Silent.obs)
535  SilentFailed                                       isrt.obl(Silent.obs)
536  SilentFinish                                       isrt.obl(Silent.obs)
537  SilentInit                                         isrt.obl(Silent.obs)
538  SilentReadData                                     isrt.obl(Silent.obs)
539  SilentSetInfo                                      isrt.obl(Silent.obs)
540  SilentSetMode                                      isrt.obl(Silent.obs)
541  SilentWriteData                                    isrt.obl(Silent.obs)
542  Sprintf                                            isrt.obl(Str.obs)
543  SprintfBox                                         isrt.obl(MsgBox.obs)
544  SprintfMsiLog                                      iswi.obl(HelperFuncs.obs)
545  StrAddLastSlash                                    isrt.obl(Str.obs)
546  StrDelete                                          iswi.obl(HelperFuncs.obs)
547  StrFindEx                                          isrt.obl(Str.obs)
548  StrGetTokens                                       isrt.obl(Str.obs)
549  StrLength                                          isrt.obl(Str.obs)
550  StrRemoveLastSlash                                 isrt.obl(Str.obs)
551  StrRemoveSpaces                                    isrt.obl(Str.obs)
552  StrReplace                                         isrt.obl(Str.obs)
553  StrToNumHex                                        isrt.obl(Str.obs)
554  StrToUpper                                         isrt.obl(Str.obs)
555  SysVarsInit                                        isrt.obl(SysVars.obs)
556  SysVarsInitConv                                    iswi.obl(SysVarsConv.obs)
557  SysVarsTrace                                       isrt.obl(SysVars.obs)
558  SysVarsUnInit                                      iswi.obl(SysVarsConv.obs)
559  System                                             isrt.obl(Misc.obs)
560  TextSubGetValue                                    isrt.obl(TextSub.obs)
561  TextSubParseTextSub                                isrt.obl(TextSub.obs)
562  TextSubSetValue                                    isrt.obl(TextSub.obs)
563  TreeViewCreate                                     isrt.obl(CmptView.obs)
564  USER.EnableWindow                                  setup.obs
565  USER.GetClassName                                  setup.obs
566  USER.GetDC                                         setup.obs
567  USER.GetDlgItem                                    setup.obs
568  USER.GetFocus                                      setup.obs
569  USER.GetWindowLong                                 setup.obs
570  USER.IsIconic                                      setup.obs
571  USER.IsWindow                                      setup.obs
572  USER.IsWindowVisible                               setup.obs
573  USER.ReleaseDC                                     setup.obs
574  USER.SendMessageA                                  setup.obs
575  USER.SetFocus                                      setup.obs
576  USER.SetForegroundWindow                           setup.obs
577  USER.SetWindowPos                                  setup.obs
578  USER.SetWindowText                                 setup.obs
579  USER.ShowWindow                                    setup.obs
580  USER32.CharUpperBuffA                              setup.obs
581  USER32.DispatchMessage                             setup.obs
582  USER32.FindWindowA                                 setup.obs
583  USER32.GetDlgItem                                  iswi.obl(SdDiskReqs.obs)
584  USER32.GetSystemMetrics                            setup.obs
585  USER32.GetWindowRect                               iswi.obl(SdDiskReqs.obs)
586  USER32.GetWindowText                               setup.obs
587  USER32.GetWindowTextLength                         setup.obs
588  USER32.InvalidateRect                              setup.obs
589  USER32.MessageBoxA                                 setup.obs
590  USER32.MsgWaitForMultipleObjects                   setup.obs
591  USER32.PeekMessageA                                setup.obs
592  USER32.SendMessageA                                setup.obs
593  USER32.SetWindowLong                               setup.obs
594  USER32.SetWindowRgn                                setup.obs
595  USER32.TranslateMessage                            setup.obs
596  UpdateServiceEnableUpdateService                   isrt.obl(ISUpdateService.obs)
597  User32.DestroyWindow                               iswi.obl(SdDiskReqs.obs)
598  User32.LoadStringA                                 iswi.obl(ComponentConv.obs)
599  VarInit                                            isrt.obl(SysVars.obs)
600  VarRestore                                         iswi.obl(SysVarsConv.obs)
601  VarRestoreISRT                                     isrt.obl(SysVars.obs)
602  VarSave                                            iswi.obl(SysVarsConv.obs)
603  VarSaveISRT                                        isrt.obl(SysVars.obs)
604  VerProductGetInstalledVersion                      isrt.obl(version.obs)
605  VerProductNumToStr                                 isrt.obl(version.obs)
606  VerProductVerPartsFromVer                          isrt.obl(version.obs)
607  WaitOnDialog                                       isrt.obl(CustomDialog.obs)
608  WriteLine                                          isrt.obl(Files.obs)
609  __AddIntegerToArray                                iswi.obl(HelperFuncs.obs)
610  __AddStringToArray                                 iswi.obl(HelperFuncs.obs)
611  __Begin                                            iswi.obl(DriverConv.obs)
612  __ComponentListItemsEx                             iswi.obl(CompHelperFuncs.obs)
613  __ComponentListItemsExInstall                      iswi.obl(CompHelperFuncs.obs)
614  __ComponentListItemsExUnInstall                    iswi.obl(CompHelperFuncs.obs)
615  __ComponentMoveXferData                            iswi.obl(CompHelperFuncs.obs)
616  __End                                              iswi.obl(DriverConv.obs)
617  __GetFinishMode                                    iswi.obl(ISWiInit.obs)
618  __GetMsiHandle                                     iswi.obl(SysVarsConv.obs)
619  __GetSourceDir                                     iswi.obl(SysVarsConv.obs)
620  __GetTempFolder                                    iswi.obl(SysVarsConv.obs)
621  __HandleError                                      iswi.obl(ErrHandler.obs)
622  __ISRTDoExit                                       isrt.obl(Misc.obs)
623  __ISRTInit                                         isrt.obl(ISRTInit.obs)
624  __ISRTRestoreMainLog                               isrt.obl(ISRTInit.obs)
625  __ISRTRestoreMainLogEx                             isrt.obl(ISRTInit.obs)
626  __ISRTSetComponentLog                              isrt.obl(ISRTInit.obs)
627  __ISRTUnInit                                       isrt.obl(ISRTInit.obs)
628  __ISWIInit                                         iswi.obl(ISWiInit.obs)
629  __ISWIMsiHandle                                    iswi.obl(ISWiInit.obs)
630  __ISWIUnInit                                       iswi.obl(ISWiInit.obs)
631  __IsArrayEmpty                                     iswi.obl(HelperFuncs.obs)
632  __LoadIScriptString                                isrt.obl(LoadStr.obs)
633  __Moved                                            iswi.obl(FileTransferFuncsConv.obs)
634  __Moving                                           iswi.obl(FileTransferFuncsConv.obs)
635  __MsiOpenView                                      iswi.obl(CompHelperFuncs.obs)
636  __MsiQueryFeatureState                             iswi.obl(MsiWrappersConv.obs)
637  __MsiRecordGetString                               iswi.obl(MsiWrappersConv.obs)
638  __OnAbort                                          iswi.obl(DriverConv.obs)
639  __OnAdminPatch                                     iswi.obl(DriverConv.obs)
640  __OnAdministrativeInstall                          iswi.obl(DriverConv.obs)
641  __OnAdvertisement                                  iswi.obl(DriverConv.obs)
642  __OnBegin                                          iswi.obl(DriverConv.obs)
643  __OnCanceling                                      iswi.obl(DriverConv.obs)
644  __OnEnd                                            iswi.obl(DriverConv.obs)
645  __OnError                                          iswi.obl(DriverConv.obs)
646  __OnMsiMaintenance                                 iswi.obl(DriverConv.obs)
647  __OnMsiRebooted                                    iswi.obl(DriverConv.obs)
648  __OnMsiSilentInstall                               iswi.obl(DriverConv.obs)
649  __OnMsiUninstall                                   iswi.obl(DriverConv.obs)
650  __OnPatch                                          iswi.obl(DriverConv.obs)
651  __OnResume                                         iswi.obl(DriverConv.obs)
652  __OnWarning                                        iswi.obl(DriverConv.obs)
653  __ResetMsiObject                                   iswi.obl(ISWiInit.obs)
654  __SetMaintenance                                   iswi.obl(ISWiInit.obs)
655  __SetMsiHandle                                     iswi.obl(SysVarsConv.obs)
656  __SetMsiServer                                     iswi.obl(ISWiInit.obs)
657  __SetPatch                                         iswi.obl(SysVarsConv.obs)
658  __SetSourceDir                                     iswi.obl(SysVarsConv.obs)
659  isrt._ComponentGetData                             iswi.obl(ComponentConv.obs)
660  isrt._ComponentIsItemSelected                      iswi.obl(ComponentConv.obs)
661  isrt._ComponentListItems                           iswi.obl(ComponentConv.obs)
662  isrt._ComponentReinstall                           iswi.obl(ComponentConv.obs)
663  isrt._ComponentRemoveAll                           iswi.obl(ComponentConv.obs)
664  isrt._ComponentSelectItem                          iswi.obl(ComponentConv.obs)
665  isrt._ComponentSetupTypeSet                        iswi.obl(ComponentConv.obs)
666  isrt._EnableDialogCache                            iswi.obl(ISWiInit.obs)
667  kernel32.GetLocalTime                              iswi.obl(ErrHandler.obs)
668  kernel32.GetWindowsDirectoryA                      iswi.obl(ErrHandler.obs)
669  msi.MsiCloseHandle                                 iswi.obl(RedirectedMsiFuncsConv.obs)
670  msi.MsiCreateRecord                                iswi.obl(RedirectedMsiFuncsConv.obs)
671  msi.MsiDatabaseOpenViewA                           setup.obs
672  msi.MsiDoActionA                                   setup.obs
673  msi.MsiGetActiveDatabase                           iswi.obl(RedirectedMsiFuncsConv.obs)
674  msi.MsiGetProductInfoA                             setup.obs
675  msi.MsiGetPropertyA                                setup.obs
676  msi.MsiGetSourcePathA                              setup.obs
677  msi.MsiGetTargetPathA                              setup.obs
678  msi.MsiOpenDatabaseA                               setup.obs
679  msi.MsiProcessMessage                              iswi.obl(RedirectedMsiFuncsConv.obs)
680  msi.MsiQueryFeatureStateA                          setup.obs
681  msi.MsiRecordGetInteger                            iswi.obl(RedirectedMsiFuncsConv.obs)
682  msi.MsiRecordGetStringA                            setup.obs
683  msi.MsiRecordSetStringA                            setup.obs
684  msi.MsiSetPropertyA                                setup.obs
685  msi.MsiSetTargetPathA                              setup.obs
686  msi.MsiViewExecute                                 iswi.obl(RedirectedMsiFuncsConv.obs)
687  msi.MsiViewFetch                                   iswi.obl(RedirectedMsiFuncsConv.obs)
688  program                                            iswi.obl(DriverConv.obs)
689  sfc.SRSetRestorePoint                              setup.obs


***** External Variables *****
1    ADDREMOVE                                          iswi.obl(HelperFuncs.obs)
2    ADDREMOVE_COMBINEDBUTTON                           setup.obs
3    ADDREMOVE_HIDECHANGEOPTION                         setup.obs
4    ADDREMOVE_HIDEREMOVEOPTION                         setup.obs
5    ADDREMOVE_HIDEREPAIROPTION                         setup.obs
6    ADDREMOVE_STRING_REMOVEONLY                        setup.obs
7    ADDREMOVE_SYSTEMCOMPONENT                          setup.obs
8    ADMINUSER                                          setup.obs
9    ALLUSERS                                           setup.obs
10   AdminToolsFolder                                   iswi.obl(DebugSymbolsConv.obs)
11   AppDataFolder                                      iswi.obl(DebugSymbolsConv.obs)
12   BASICMSI                                           iswi.obl(HelperFuncs.obs)
13   BATCH_INSTALL                                      setup.obs
14   CMDLINE                                            iswi.obl(HelperFuncs.obs)
15   CMPTFILTERLANGOBJ                                  iswi.obl(CompHelperFuncs.obs)
16   COMMONFILES                                        iswi.obl(HelperFuncs.obs)
17   COMMONFILES64                                      iswi.obl(HelperFuncs.obs)
18   CommonAppDataFolder                                iswi.obl(DebugSymbolsConv.obs)
19   CommonFiles64Folder                                iswi.obl(DebugSymbolsConv.obs)
20   CommonFilesFolder                                  iswi.obl(DebugSymbolsConv.obs)
21   DISABLE_ALLUSERBTN                                 setup.obs
22   DISABLE_PERUSERBTN                                 setup.obs
23   DISK1SETUPEXENAME                                  iswi.obl(HelperFuncs.obs)
24   DISK1TARGET                                        setup.obs
25   DesktopFolder                                      iswi.obl(DebugSymbolsConv.obs)
26   ENABLED_ISERVICES                                  iswi.obl(HelperFuncs.obs)
27   ENGINECOMMONDIR                                    iswi.obl(HelperFuncs.obs)
28   ENGINEDIR                                          iswi.obl(HelperFuncs.obs)
29   ERRORFILENAME                                      setup.obs
30   ERRORINFO                                          iswi.obl(ComponentConv.obs)
31   Err                                                setup.obs
32   FEATURE                                            iswi.obl(ComponentConv.obs)
33   FILEERROR                                          iswi.obl(ComponentConv.obs)
34   FILETIME                                           setup.obs
35   FIND_DATA                                          setup.obs
36   FOLDER_APPDATA                                     iswi.obl(HelperFuncs.obs)
37   FOLDER_COMMON_APPDATA                              iswi.obl(HelperFuncs.obs)
38   FOLDER_DESKTOP                                     iswi.obl(HelperFuncs.obs)
39   FOLDER_DOTNET_10                                   iswi.obl(HelperFuncs.obs)
40   FOLDER_DOTNET_11                                   iswi.obl(HelperFuncs.obs)
41   FOLDER_DOTNET_20                                   iswi.obl(HelperFuncs.obs)
42   FOLDER_FONTS                                       iswi.obl(HelperFuncs.obs)
43   FOLDER_LOCAL_APPDATA                               iswi.obl(HelperFuncs.obs)
44   FOLDER_PERSONAL                                    iswi.obl(HelperFuncs.obs)
45   FOLDER_PROGRAMS                                    iswi.obl(HelperFuncs.obs)
46   FOLDER_STARTMENU                                   iswi.obl(HelperFuncs.obs)
47   FOLDER_STARTUP                                     iswi.obl(HelperFuncs.obs)
48   FOLDER_TEMP                                        iswi.obl(HelperFuncs.obs)
49   FavoritesFolder                                    iswi.obl(DebugSymbolsConv.obs)
50   FileRegistrar                                      setup.obs
51   FontsFolder                                        iswi.obl(DebugSymbolsConv.obs)
52   HKEYCURRENTROOTKEY                                 setup.obs
53   IFX_COMPANY_NAME                                   setup.obs
54   IFX_INSTALLED_DISPLAY_VERSION                      setup.obs
55   IFX_INSTALLED_VERSION                              setup.obs
56   IFX_KEYPATH_PRODUCT_INFO                           setup.obs
57   IFX_MULTI_INSTANCE_SUFFIX                          setup.obs
58   IFX_NETAPI_GROUP                                   setup.obs
59   IFX_NETAPI_PASSWORD                                setup.obs
60   IFX_NETAPI_USER_ACCOUNT                            setup.obs
61   IFX_PRODUCT_COMMENTS                               setup.obs
62   IFX_PRODUCT_DISPLAY_NAME                           setup.obs
63   IFX_PRODUCT_DISPLAY_VERSION                        setup.obs
64   IFX_PRODUCT_ICON                                   setup.obs
65   IFX_PRODUCT_KEY                                    setup.obs
66   IFX_PRODUCT_NAME                                   setup.obs
67   IFX_PRODUCT_README                                 setup.obs
68   IFX_PRODUCT_REGISTEREDCOMPANY                      setup.obs
69   IFX_PRODUCT_REGISTEREDOWNER                        setup.obs
70   IFX_PRODUCT_REGISTEREDSERIALNUM                    setup.obs
71   IFX_PRODUCT_SUPPORT_CONTACT                        setup.obs
72   IFX_PRODUCT_SUPPORT_PHONE                          setup.obs
73   IFX_PRODUCT_SUPPORT_URL                            setup.obs
74   IFX_PRODUCT_UPDATE_URL                             setup.obs
75   IFX_PRODUCT_URL                                    setup.obs
76   IFX_PRODUCT_VERSION                                setup.obs
77   IFX_SETUP_TITLE                                    setup.obs
78   IFX_SUPPORTED_VERSIONS                             setup.obs
79   IISROOTFOLDER                                      iswi.obl(HelperFuncs.obs)
80   INSTALLDIR                                         setup.obs
81   INSTALLSCRIPTMSI                                   iswi.obl(HelperFuncs.obs)
82   INSTANCE_GUID                                      iswi.obl(HelperFuncs.obs)
83   ISDIFXAPPID                                        setup.obs
84   ISMSI_HANDLE                                       iswi.obl(DebugSymbolsConv.obs)
85   ISRES                                              iswi.obl(HelperFuncs.obs)
86   ISUSER                                             iswi.obl(HelperFuncs.obs)
87   ISUTIL_FUNCTION_ACTUAL_ERROR                       setup.obs
88   ISUTIL_FUNCTION_ERROR                              iswi.obl(CompHelperFuncs.obs)
89   ISUTIL_LINE_NUMBER                                 setup.obs
90   ISUTIL_POSITIVE_ERROR                              iswi.obl(CompHelperFuncs.obs)
91   ISUTIL_SCRIPT_FILE                                 setup.obs
92   ISVERSION                                          iswi.obl(HelperFuncs.obs)
93   LAAW_PARAMETERS                                    setup.obs
94   LAAW_PROCESS_INFORMATION                           setup.obs
95   LAAW_STARTUPINFO                                   setup.obs
96   LAST_RESULT                                        setup.obs
97   LVITEM                                             iswi.obl(SdDiskReqs.obs)
98   LV_COLUMN                                          iswi.obl(SdDiskReqs.obs)
99   LocalAppDataFolder                                 iswi.obl(DebugSymbolsConv.obs)
100  LogDB                                              setup.obs
101  MAINTENANCE                                        iswi.obl(HelperFuncs.obs)
102  MAINT_OPTION                                       iswi.obl(HelperFuncs.obs)
103  MEDIA                                              setup.obs
104  MEDIA_INFO                                         iswi.obl(FeatureConv.obs)
105  MODE                                               setup.obs
106  MSG                                                setup.obs
107  MULTI_INSTANCE_COUNT                               iswi.obl(HelperFuncs.obs)
108  MainWindow                                         setup.obs
109  MyPicturesFolder                                   iswi.obl(DebugSymbolsConv.obs)
110  NOTHING                                            setup.obs
111  NetHoodFolder                                      iswi.obl(DebugSymbolsConv.obs)
112  OSINFO_PLATFORM_INFO                               setup.obs
113  OSINFO_PROCESSOR_INFO                              setup.obs
114  OSVERSIONINFO                                      setup.obs
115  OSVERSIONINFOEX                                    setup.obs
116  Objects                                            setup.obs
117  OriginalDatabase                                   iswi.obl(DebugSymbolsConv.obs)
118  PACKAGE_LOCATION                                   iswi.obl(HelperFuncs.obs)
119  PATCH                                              iswi.obl(DebugSymbolsConv.obs)
120  POINT                                              setup.obs
121  PRIVILEGED                                         setup.obs
122  PROCESS_INFORMATION                                setup.obs
123  PRODUCT_GUID                                       iswi.obl(HelperFuncs.obs)
124  PROGRAMFILES                                       iswi.obl(HelperFuncs.obs)
125  PROGRAMFILES64                                     iswi.obl(HelperFuncs.obs)
126  PersonalFolder                                     iswi.obl(DebugSymbolsConv.obs)
127  PrintHoodFolder                                    iswi.obl(DebugSymbolsConv.obs)
128  ProgramFiles64Folder                               iswi.obl(DebugSymbolsConv.obs)
129  ProgramFilesFolder                                 iswi.obl(DebugSymbolsConv.obs)
130  ProgramMenuFolder                                  iswi.obl(DebugSymbolsConv.obs)
131  RECT                                               setup.obs
132  REGDB_OPTIONS                                      setup.obs
133  REMOVEALLMODE                                      iswi.obl(HelperFuncs.obs)
134  REMOVEONLY                                         iswi.obl(HelperFuncs.obs)
135  RUN_ONCE_PROGRAM                                   iswi.obl(HelperFuncs.obs)
136  Reboot                                             setup.obs
137  RecentFolder                                       iswi.obl(DebugSymbolsConv.obs)
138  SELECTED_LANGUAGE                                  iswi.obl(HelperFuncs.obs)
139  SERVICE_IS_PARAMS                                  setup.obs
140  SETUPTYPE_STR_COMPACT                              setup.obs
141  SETUPTYPE_STR_COMPLETE                             setup.obs
142  SETUPTYPE_STR_CUSTOM                               setup.obs
143  SETUPTYPE_STR_TYPICAL                              setup.obs
144  SHELL_OBJECT_FOLDER                                setup.obs
145  SHOW_PASSWORD_DIALOG                               iswi.obl(HelperFuncs.obs)
146  SRCDIR                                             setup.obs
147  SRCDISK                                            iswi.obl(HelperFuncs.obs)
148  STARTUPINFO                                        setup.obs
149  SUPPORTDIR                                         iswi.obl(HelperFuncs.obs)
150  SYSTEMTIME                                         setup.obs
151  SYSTEMTIME2                                        iswi.obl(ErrHandler.obs)
152  SendToFolder                                       iswi.obl(DebugSymbolsConv.obs)
153  SetupInfo                                          setup.obs
154  SourceDir                                          iswi.obl(DebugSymbolsConv.obs)
155  StartMenuFolder                                    iswi.obl(DebugSymbolsConv.obs)
156  StartupFolder                                      iswi.obl(DebugSymbolsConv.obs)
157  StatusDlg                                          setup.obs
158  System16Folder                                     iswi.obl(DebugSymbolsConv.obs)
159  System64Folder                                     iswi.obl(DebugSymbolsConv.obs)
160  SystemFolder                                       iswi.obl(DebugSymbolsConv.obs)
161  TARGETDIR                                          setup.obs
162  TARGETDISK                                         iswi.obl(HelperFuncs.obs)
163  TempFolder                                         iswi.obl(DebugSymbolsConv.obs)
164  TemplateFolder                                     iswi.obl(DebugSymbolsConv.obs)
165  TextSub                                            setup.obs
166  UNINST                                             setup.obs
167  UNINSTALLKEY                                       setup.obs
168  UNINSTALL_DISPLAYNAME                              setup.obs
169  UNINSTALL_STRING                                   setup.obs
170  UPDATEMODE                                         setup.obs
171  WINDIR                                             iswi.obl(HelperFuncs.obs)
172  WINDISK                                            iswi.obl(HelperFuncs.obs)
173  WINSYSDIR                                          iswi.obl(HelperFuncs.obs)
174  WINSYSDIR64                                        iswi.obl(HelperFuncs.obs)
175  WINSYSDISK                                         iswi.obl(HelperFuncs.obs)
176  WindowsFolder                                      iswi.obl(DebugSymbolsConv.obs)
177  WindowsVolume                                      iswi.obl(DebugSymbolsConv.obs)
178  _INT64                                             setup.obs
179  _LAAW_PARAMETERS                                   setup.obs
180  _LAAW_TEMP_DATA                                    isrt.obl(Extend.obs)
181  _RESTOREINFO_                                      setup.obs
182  _RESTOREPTINFO                                     setup.obs
183  _SERVICE_IS_PARAMS                                 setup.obs
184  _SMGRSTATUS                                        setup.obs
185  _SMGSTATUS_                                        setup.obs
186  _WIN9X                                             setup.obs
187  _WINNT                                             setup.obs
188  __SYSTEMINFORMATION                                setup.obs
189  __SYSTEMPROCESSORINFORMATION                       setup.obs
190  __gbAliasingOff                                    iswi.obl(CompHelperFuncs.obs)
191  __gbCheckForUpdate                                 iswi.obl(CompHelperFuncs.obs)
192  __gbCheckUpdateReboot                              iswi.obl(CompHelperFuncs.obs)
193  __gbGetTarget                                      iswi.obl(CompHelperFuncs.obs)
194  __gbInitialized                                    iswi.obl(CompHelperFuncs.obs)
195  __gbInstallInfo                                    setup.obs
196  __gbMaintenance                                    iswi.obl(CompHelperFuncs.obs)
197  __gbReopening                                      iswi.obl(CompHelperFuncs.obs)
198  __ghActiveDataBase                                 iswi.obl(CompHelperFuncs.obs)
199  __ghErrFileHandle                                  iswi.obl(CompHelperFuncs.obs)
200  __ghMsiInstall                                     iswi.obl(CompHelperFuncs.obs)
201  __gnButtonSelected                                 iswi.obl(CompHelperFuncs.obs)
202  __gnLastError                                      iswi.obl(CompHelperFuncs.obs)
203  __gnMsiReturn                                      iswi.obl(CompHelperFuncs.obs)
204  __gnOSMask                                         iswi.obl(CompHelperFuncs.obs)
205  __gnScriptMode                                     iswi.obl(CompHelperFuncs.obs)
206  __goISDriver                                       iswi.obl(CompHelperFuncs.obs)
207  __goLanguageFilter                                 iswi.obl(CompHelperFuncs.obs)
208  __goMsiServer                                      iswi.obl(CompHelperFuncs.obs)
209  __gsINSTALLDIR                                     iswi.obl(CompHelperFuncs.obs)
210  __gsProductGuid                                    iswi.obl(CompHelperFuncs.obs)
211  __gsSourceDir                                      iswi.obl(CompHelperFuncs.obs)
212  __hContext                                         iswi.obl(CompHelperFuncs.obs)
213  __objGlobalTextSub                                 setup.obs
214  __objStringTable                                   iswi.obl(ISWiInit.obs)
215  __szGUID                                           isrt.obl(ISRTInit.obs)
216  bBackButton                                        setup.obs
217  bCancelButton                                      setup.obs
218  bEnterDiskBeep                                     iswi.obl(AdminAskPath.obs)
219  bFinishButton                                      setup.obs
220  bIfxPCHInitialized                                 setup.obs
221  bIfxPCHOn                                          setup.obs
222  bInstall16                                         setup.obs
223  bNextButton                                        setup.obs
224  bSdInit                                            setup.obs
225  bViewCmptKunits                                    setup.obs
226  bViewCmptUseDecimal                                setup.obs
227  g_bSuppressMissingStringWarning                    iswi.obl(DriverConv.obs)
228  nIfxPCHType                                        setup.obs
229  szAppKey                                           setup.obs
230  szSdProduct                                        setup.obs
231  szSdStr_NotEnoughSpace                             setup.obs
