 Send_Image

 Timestamp is 4d7a6073 (Fri Mar 11 12:48:35 2011)

 Preferred load address is 00400000

 Start         Length     Name                   Class
 0001:00000000 00050f9fH .text                   CODE
 0001:00050f9f 00020301H .textbss                CODE
 0002:00000000 00009c24H .rdata                  DATA
 0002:00009c24 00000000H .edata                  DATA
 0003:00000000 00000104H .CRT$XCA                DATA
 0003:00000104 00000104H .CRT$XCZ                DATA
 0003:00000208 00000104H .CRT$XIA                DATA
 0003:0000030c 00000109H .CRT$XIC                DATA
 0003:00000418 00000104H .CRT$XIZ                DATA
 0003:0000051c 00000104H .CRT$XPA                DATA
 0003:00000620 00000104H .CRT$XPX                DATA
 0003:00000724 00000104H .CRT$XPZ                DATA
 0003:00000828 00000104H .CRT$XTA                DATA
 0003:0000092c 00000104H .CRT$XTZ                DATA
 0003:00000a30 0003f883H .data                   DATA
 0003:000402b8 00009ad4H .bss                    DATA
 0004:00000000 00000028H .idata$2                DATA
 0004:00000028 00000014H .idata$3                DATA
 0004:0000003c 00000278H .idata$4                DATA
 0004:000002b4 00000278H .idata$5                DATA
 0004:0000052c 0000089bH .idata$6                DATA

  Address         Publics by Value              Rva+Base     Lib:Object

 0001:00000010       _main                      00401010 f   send_image.obj
 0001:00001cb0       _THR_Init                  00402cb0 f   ctn_lib:ctnthread.obj
 0001:00001d90       _THR_Shutdown              00402d90 f   ctn_lib:ctnthread.obj
 0001:00001e20       _THR_ObtainMutex           00402e20 f   ctn_lib:ctnthread.obj
 0001:00001eb0       _THR_ReleaseMutex          00402eb0 f   ctn_lib:ctnthread.obj
 0001:00001f00       _UTL_ConvertDatetoLong     00402f00 f   ctn_lib:utility.obj
 0001:00001fb0       _UTL_ConvertLongtoDate     00402fb0 f   ctn_lib:utility.obj
 0001:00002040       _UTL_ConvertTimetoFloat    00403040 f   ctn_lib:utility.obj
 0001:00002470       _UTL_ConvertFloattoTime    00403470 f   ctn_lib:utility.obj
 0001:00002530       _UTL_SqueezeBlanks         00403530 f   ctn_lib:utility.obj
 0001:000025a0       _UTL_DateMatch             004035a0 f   ctn_lib:utility.obj
 0001:00002730       _UTL_TimeMatch             00403730 f   ctn_lib:utility.obj
 0001:000028e0       _UTL_GetDicomDate          004038e0 f   ctn_lib:utility.obj
 0001:00002960       _UTL_GetDicomTime          00403960 f   ctn_lib:utility.obj
 0001:000029d0       _UTL_GetTimeStamp          004039d0 f   ctn_lib:utility.obj
 0001:00002a40       _UTL_DeltaTime             00403a40 f   ctn_lib:utility.obj
 0001:00002af0       _UTL_ReleaseTimeStamp      00403af0 f   ctn_lib:utility.obj
 0001:00002b50       _UTL_VerifyCreatePath      00403b50 f   ctn_lib:utility.obj
 0001:00002da0       _UTL_IsDirectory           00403da0 f   ctn_lib:utility.obj
 0001:00002e10       _UTL_ScanDirectory         00403e10 f   ctn_lib:utility.obj
 0001:00002f40       _UTL_ReadConfigFile        00403f40 f   ctn_lib:utility.obj
 0001:00003130       _UTL_SetConfigFile         00404130 f   ctn_lib:utility.obj
 0001:00003230       _UTL_TestConfigFile        00404230 f   ctn_lib:utility.obj
 0001:00003260       _UTL_GetConfigParameter    00404260 f   ctn_lib:utility.obj
 0001:000033c0       _UTL_ExpandToPointerArray  004043c0 f   ctn_lib:utility.obj
 0001:00003500       _UTL_IsFile                00404500 f   ctn_lib:utility.obj
 0001:00003570       _UTL_DeleteFile            00404570 f   ctn_lib:utility.obj
 0001:000035d0       _UTL_FileSize              004045d0 f   ctn_lib:utility.obj
 0001:00003630       _DUL_InitializeNetwork     00404630 f   ctn_lib:dulprotocol.obj
 0001:00003720       _DUL_DropNetwork           00404720 f   ctn_lib:dulprotocol.obj
 0001:000037d0       _DUL_RequestAssociation    004047d0 f   ctn_lib:dulprotocol.obj
 0001:00003d90       _DUL_RequestAssociationWithProxy 00404d90 f   ctn_lib:dulprotocol.obj
 0001:000040c0       _DUL_ReqAssocExternalSocket 004050c0 f   ctn_lib:dulprotocol.obj
 0001:000043b0       _DUL_ReceiveAssociationRQ  004053b0 f   ctn_lib:dulprotocol.obj
 0001:00004550       _DUL_ReceiveAssociationRQWithProxy 00405550 f   ctn_lib:dulprotocol.obj
 0001:00004860       _DUL_AcknowledgeAssociationRQ 00405860 f   ctn_lib:dulprotocol.obj
 0001:000048e0       _DUL_RejectAssociationRQ   004058e0 f   ctn_lib:dulprotocol.obj
 0001:00004aa0       _DUL_DropAssociation       00405aa0 f   ctn_lib:dulprotocol.obj
 0001:00004b40       _DUL_ReleaseAssociation    00405b40 f   ctn_lib:dulprotocol.obj
 0001:00004e50       _DUL_AcknowledgeRelease    00405e50 f   ctn_lib:dulprotocol.obj
 0001:00004f00       _DUL_AbortAssociation      00405f00 f   ctn_lib:dulprotocol.obj
 0001:000050b0       _DUL_WritePDVs             004060b0 f   ctn_lib:dulprotocol.obj
 0001:00005130       _DUL_ReadPDVs              00406130 f   ctn_lib:dulprotocol.obj
 0001:000052a0       _DUL_Debug                 004062a0 f   ctn_lib:dulprotocol.obj
 0001:00005300       _DUL_Blog                  00406300 f   ctn_lib:dulprotocol.obj
 0001:00005320       _DUL_AssociationParameter  00406320 f   ctn_lib:dulprotocol.obj
 0001:00005410       _DUL_NextPDV               00406410 f   ctn_lib:dulprotocol.obj
 0001:00005620       _DUL_ClearServiceParameters 00406620 f   ctn_lib:dulprotocol.obj
 0001:00005680       _DUL_DefaultServiceParameters 00406680 f   ctn_lib:dulprotocol.obj
 0001:00006400       _DUL_DumpParams            00407400 f   ctn_lib:dulprotocol.obj
 0001:00006b60       _SRV_RequestServiceClass   00407b60 f   ctn_lib:srv1.obj
 0001:00006e80       _SRV_RegisterSOPClass      00407e80 f   ctn_lib:srv1.obj
 0001:00007020       _SRV_RegisterSOPClassXfer  00408020 f   ctn_lib:srv1.obj
 0001:000071f0       _SRV_ProposeSOPClassWithXfer 004081f0 f   ctn_lib:srv1.obj
 0001:00007400       _SRV_AcceptServiceClass    00408400 f   ctn_lib:srv1.obj
 0001:00007990       _SRV_AcceptServiceClassWithOneXferSyntax 00408990 f   ctn_lib:srv1.obj
 0001:00007cc0       _SRV_AcceptSOPClass        00408cc0 f   ctn_lib:srv1.obj
 0001:00007f00       _SRV_AcceptSOPClassAsStorageClass 00408f00 f   ctn_lib:srv1.obj
 0001:00007f30       _SRV_RejectServiceClass    00408f30 f   ctn_lib:srv1.obj
 0001:00008060       _SRV_MessageIDOut          00409060 f   ctn_lib:srv1.obj
 0001:00008100       _SRV_MessageIDIn           00409100 f   ctn_lib:srv1.obj
 0001:00008120       _SRV_Debug                 00409120 f   ctn_lib:srv1.obj
 0001:00008150       _DCM_OpenFile              00409150 f   ctn_lib:dcm.obj
 0001:000083c0       _DCM_ReadStream            004093c0 f   ctn_lib:dcm.obj
 0001:000084a0       _DCM_CreateObject          004094a0 f   ctn_lib:dcm.obj
 0001:000086f0       _DCM_CloseObject           004096f0 f   ctn_lib:dcm.obj
 0001:00008a40       _DCM_AddElement            00409a40 f   ctn_lib:dcm.obj
 0001:00008cd0       _DCM_AddSequenceElement    00409cd0 f   ctn_lib:dcm.obj
 0001:00008f50       _DCM_RemoveElement         00409f50 f   ctn_lib:dcm.obj
 0001:00009290       _DCM_GetElementValue       0040a290 f   ctn_lib:dcm.obj
 0001:00009780       _DCM_GetString             0040a780 f   ctn_lib:dcm.obj
 0001:00009a60       _DCM_GetElementValueOffset 0040aa60 f   ctn_lib:dcm.obj
 0001:00009dc0       _DCM_GetElementSize        0040adc0 f   ctn_lib:dcm.obj
 0001:0000a010       _DCM_ScanParseObject       0040b010 f   ctn_lib:dcm.obj
 0001:0000a2d0       _DCM_ImportStream          0040b2d0 f   ctn_lib:dcm.obj
 0001:0000a360       _DCM_ExportStream          0040b360 f   ctn_lib:dcm.obj
 0001:0000a3e0       _DCM_GetObjectSize         0040b3e0 f   ctn_lib:dcm.obj
 0001:0000a450       _DCM_DumpElements          0040b450 f   ctn_lib:dcm.obj
 0001:0000ab50       _DCM_FormatElements        0040bb50 f   ctn_lib:dcm.obj
 0001:0000b270       _DCM_Debug                 0040c270 f   ctn_lib:dcm.obj
 0001:0000b2a0       _DCM_WriteFile             0040c2a0 f   ctn_lib:dcm.obj
 0001:0000b3b0       _DCM_ModifyElements        0040c3b0 f   ctn_lib:dcm.obj
 0001:0000b590       _DCM_ParseObject           0040c590 f   ctn_lib:dcm.obj
 0001:0000b790       _DCM_RemoveGroup           0040c790 f   ctn_lib:dcm.obj
 0001:0000b960       _DCM_StripOddGroups        0040c960 f   ctn_lib:dcm.obj
 0001:0000bb10       _DCM_GetSequenceList       0040cb10 f   ctn_lib:dcm.obj
 0001:0000bd50       _DCM_GetSequenceElement    0040cd50 f   ctn_lib:dcm.obj
 0001:0000be70       _DCM_GetSequenceObject     0040ce70 f   ctn_lib:dcm.obj
 0001:0000bef0       _DCM_GetElementValueList   0040cef0 f   ctn_lib:dcm.obj
 0001:0000c2e0       _DCM_AddElementList        0040d2e0 f   ctn_lib:dcm.obj
 0001:0000c380       _DCM_GetElement            0040d380 f   ctn_lib:dcm.obj
 0001:0000c450       _DCM_ComputeExportLength   0040d450 f   ctn_lib:dcm.obj
 0001:0000c500       _DCM_CompareAttributes     0040d500 f   ctn_lib:dcm.obj
 0001:0000c740       _DCM_GroupPresent          0040d740 f   ctn_lib:dcm.obj
 0001:00013090       _DCM_GetCompressedValue    00414090 f   ctn_lib:dcm.obj
 0001:00013640       _DCM_PrintSequenceList     00414640 f   ctn_lib:dcm.obj
 0001:00013760       _DCM_GetSequenceByOffset   00414760 f   ctn_lib:dcm.obj
 0001:00013880       _DCM_CopyObject            00414880 f   ctn_lib:dcm.obj
 0001:00013c90       _DCM_MergeObject           00414c90 f   ctn_lib:dcm.obj
 0001:00013e50       _DCM_GetFirstElement       00414e50 f   ctn_lib:dcm.obj
 0001:00013f40       _DCM_GetNextElement        00414f40 f   ctn_lib:dcm.obj
 0001:00014080       _DCM_AddFragment           00415080 f   ctn_lib:dcm.obj
 0001:000145d0       _UID_NewUID                004155d0 f   ctn_lib:uid.obj
 0001:000148e0       _UID_NewNumber             004158e0 f   ctn_lib:uid.obj
 0001:000149e0       _UID_Lookup                004159e0 f   ctn_lib:uid.obj
 0001:00014ad0       _UID_ScanDictionary        00415ad0 f   ctn_lib:uid.obj
 0001:00014f30       _UID_Translate             00415f30 f   ctn_lib:uid.obj
 0001:00014fe0       _UID_IsStorageClass        00415fe0 f   ctn_lib:uid.obj
 0001:000151d0       _COND_PushCondition        004161d0 f   ctn_lib:condition.obj
 0001:00015350       _COND_ExtractConditions    00416350 f   ctn_lib:condition.obj
 0001:00015430       _COND_TopCondition         00416430 f   ctn_lib:condition.obj
 0001:00015530       _COND_PopCondition         00416530 f   ctn_lib:condition.obj
 0001:00015610       _COND_EstablishCallback    00416610 f   ctn_lib:condition.obj
 0001:000156a0       _COND_DumpConditions       004166a0 f   ctn_lib:condition.obj
 0001:000157b0       _COND_CopyText             004167b0 f   ctn_lib:condition.obj
 0001:000158e0       _COND_WriteConditions      004168e0 f   ctn_lib:condition.obj
 0001:00015970       _LST_Create                00416970 f   ctn_lib:lst.obj
 0001:000159e0       _LST_Destroy               004169e0 f   ctn_lib:lst.obj
 0001:00015a40       _LST_Enqueue               00416a40 f   ctn_lib:lst.obj
 0001:00015ac0       _LST_Push                  00416ac0 f   ctn_lib:lst.obj
 0001:00015b40       _LST_Dequeue               00416b40 f   ctn_lib:lst.obj
 0001:00015be0       _LST_Pop                   00416be0 f   ctn_lib:lst.obj
 0001:00015c80       _LST_Count                 00416c80 f   ctn_lib:lst.obj
 0001:00015cb0       _LST_Head                  00416cb0 f   ctn_lib:lst.obj
 0001:00015ce0       _LST_Current               00416ce0 f   ctn_lib:lst.obj
 0001:00015d10       _LST_Tail                  00416d10 f   ctn_lib:lst.obj
 0001:00015d40       _LST_Insert                00416d40 f   ctn_lib:lst.obj
 0001:00015f10       _LST_Remove                00416f10 f   ctn_lib:lst.obj
 0001:00016100       _LST_Next                  00417100 f   ctn_lib:lst.obj
 0001:00016170       _LST_Previous              00417170 f   ctn_lib:lst.obj
 0001:000161f0       _LST_Position              004171f0 f   ctn_lib:lst.obj
 0001:00016280       _LST_Sort                  00417280 f   ctn_lib:lst.obj
 0001:000163c0       _LST_Index                 004173c0 f   ctn_lib:lst.obj
 0001:00016450       _MSG_DumpMessage           00417450 f   ctn_lib:dump.obj
 0001:000188f0       _SRV_SetFlagBoolean        004198f0 f   ctn_lib:storage.obj
 0001:00018940       _SRV_CStoreRequest         00419940 f   ctn_lib:storage.obj
 0001:00018dd0       _SRV_CStoreResponse        00419dd0 f   ctn_lib:storage.obj
 0001:000195d0       _DUL_InitializeFSM         0041a5d0 f   ctn_lib:dulfsm.obj
 0001:00019760       _PRV_StateMachine          0041a760 f   ctn_lib:dulfsm.obj
 0001:000198e0       _fsmDebug                  0041a8e0 f   ctn_lib:dulfsm.obj
 0001:00019910       _fsmBlog                   0041a910 f   ctn_lib:dulfsm.obj
 0001:0001be70       _PRV_NextPDUType           0041ce70 f   ctn_lib:dulfsm.obj
 0001:0001c6f0       _translatePresentationContextList 0041d6f0 f   ctn_lib:dulfsm.obj
 0001:0001c9c0       _findPresentationCtx       0041d9c0 f   ctn_lib:dulfsm.obj
 0001:0001ca50       _findSCUSCPRole            0041da50 f   ctn_lib:dulfsm.obj
 0001:0001cae0       _destroyPresentationContextList 0041dae0 f   ctn_lib:dulfsm.obj
 0001:0001cba0       _destroyUserInformationLists 0041dba0 f   ctn_lib:dulfsm.obj
 0001:0001cc20       _DULPRV_translateAssocReq  0041dc20 f   ctn_lib:dulfsm.obj
 0001:0001cdc0       _DUL_Message               0041ddc0 f   ctn_lib:dulcond.obj
 0001:0001ce20       _parseAssociate            0041de20 f   ctn_lib:dulparse.obj
 0001:0001d2e0       _parseDebug                0041e2e0 f   ctn_lib:dulparse.obj
 0001:0001dcb0       _constructAssociatePDU     0041ecb0 f   ctn_lib:dulconstruct.obj
 0001:0001e1d0       _constructAssociateRejectPDU 0041f1d0 f   ctn_lib:dulconstruct.obj
 0001:0001e230       _constructReleaseRQPDU     0041f230 f   ctn_lib:dulconstruct.obj
 0001:0001e290       _constructReleaseRPPDU     0041f290 f   ctn_lib:dulconstruct.obj
 0001:0001e2f0       _constructAbortPDU         0041f2f0 f   ctn_lib:dulconstruct.obj
 0001:0001e350       _constructDataPDU          0041f350 f   ctn_lib:dulconstruct.obj
 0001:0001e3e0       _streamAssociatePDU        0041f3e0 f   ctn_lib:dulconstruct.obj
 0001:0001e620       _streamRejectReleaseAbortPDU 0041f620 f   ctn_lib:dulconstruct.obj
 0001:0001e740       _streamDataPDUHead         0041f740 f   ctn_lib:dulconstruct.obj
 0001:0001e880       _constructDebug            0041f880 f   ctn_lib:dulconstruct.obj
 0001:0001faf0       _DUL_MakePresentationCtx   00420af0 f   ctn_lib:dulpresent.obj
 0001:0001fce0       _DUL_AddSinglePresentationCtx 00420ce0 f   ctn_lib:dulpresent.obj
 0001:0001ff00       _DUL_AddMultiplePresentationCtx 00420f00 f   ctn_lib:dulpresent.obj
 0001:0001ffa0       _SRV_Message               00420fa0 f   ctn_lib:srvcond.obj
 0001:00020000       _PRVSRV_verifyCommandValidity 00421000 f   ctn_lib:cmd_valid.obj
 0001:000201a0       _DCM_Message               004211a0 f   ctn_lib:dcmcond.obj
 0001:00020200       _DCM_DumpVector            00421200 f   ctn_lib:dcmcond.obj
 0001:00020280       _DCM_LookupElement         00421280 f   ctn_lib:dcmdict.obj
 0001:00020460       _DCM_GroupDictionary       00421460 f   ctn_lib:dcmdict.obj
 0001:00020500       _DCM_ElementDictionary     00421500 f   ctn_lib:dcmdict.obj
 0001:00020630       _DCM_ListToString          00421630 f   ctn_lib:dcmsupport.obj
 0001:000207f0       _DCM_IsString              004217f0 f   ctn_lib:dcmsupport.obj
 0001:000208c0       _DCM_IsSequence            004218c0 f   ctn_lib:dcmsupport.obj
 0001:00020940       _UID_Message               00421940 f   ctn_lib:uidcond.obj
 0001:000209a0       _MSG_Free                  004219a0 f   ctn_lib:messages.obj
 0001:00020a90       _MSG_BuildCommand          00421a90 f   ctn_lib:messages.obj
 0001:00020b30       _MSG_ParseCommand          00421b30 f   ctn_lib:messages.obj
 0001:00020c80       _MSG_StatusLookup          00421c80 f   ctn_lib:messages.obj
 0001:00021730       _SRV_ReceiveCommand        00422730 f   ctn_lib:srv2.obj
 0001:00021e80       _SRV_ReceiveDataSet        00422e80 f   ctn_lib:srv2.obj
 0001:00022300       _SRV_TestForCancel         00423300 f   ctn_lib:srv2.obj
 0001:00022a80       _SRVPRV_ReadNextPDV        00423a80 f   ctn_lib:srv2.obj
 0001:00022fc0       _SRV_SimulateError         00423fc0 f   ctn_lib:send.obj
 0001:00022ff0       _exportOptionsFromXferSyntax 00423ff0 f   ctn_lib:send.obj
 0001:00023070       _SRV_SendCommand           00424070 f   ctn_lib:send.obj
 0001:000231a0       _SRV_SendDataSet           004241a0 f   ctn_lib:send.obj
 0001:000234c0       _SRVPRV_PresentationContext 004244c0 f   ctn_lib:private.obj
 0001:000235d0       _DCM_GetFileMeta           004245d0 f   ctn_lib:dcm1.obj
 0001:00023760       _DCM_SetFileMeta           00424760 f   ctn_lib:dcm1.obj
 0001:000237d0       _DCM_FreeFileMeta          004247d0 f   ctn_lib:dcm1.obj
 0001:00023850       _DCM_DefaultFileMeta       00424850 f   ctn_lib:dcm1.obj
 0001:00023a00       _MSG_Message               00424a00 f   ctn_lib:msgcond.obj
 0001:00023a5e       _gethostname@8             00424a5e f   wsock32:WSOCK32.dll
 0001:00023a64       _setsockopt@20             00424a64 f   wsock32:WSOCK32.dll
 0001:00023a6a       _WSAStartup@8              00424a6a f   wsock32:WSOCK32.dll
 0001:00023a70       _WSACleanup@0              00424a70 f   wsock32:WSOCK32.dll
 0001:00023a76       _closesocket@4             00424a76 f   wsock32:WSOCK32.dll
 0001:00023a7c       _connect@12                00424a7c f   wsock32:WSOCK32.dll
 0001:00023a82       _htons@4                   00424a82 f   wsock32:WSOCK32.dll
 0001:00023a88       _gethostbyname@4           00424a88 f   wsock32:WSOCK32.dll
 0001:00023a8e       _socket@12                 00424a8e f   wsock32:WSOCK32.dll
 0001:00023a94       _send@16                   00424a94 f   wsock32:WSOCK32.dll
 0001:00023a9a       _recv@16                   00424a9a f   wsock32:WSOCK32.dll
 0001:00023aa0       ___WSAFDIsSet@8            00424aa0 f   wsock32:WSOCK32.dll
 0001:00023aa6       _select@20                 00424aa6 f   wsock32:WSOCK32.dll
 0001:00023aac       _gethostbyaddr@12          00424aac f   wsock32:WSOCK32.dll
 0001:00023ab2       _accept@12                 00424ab2 f   wsock32:WSOCK32.dll
 0001:00023ab8       _listen@8                  00424ab8 f   wsock32:WSOCK32.dll
 0001:00023abe       _getsockname@12            00424abe f   wsock32:WSOCK32.dll
 0001:00023ac4       _bind@12                   00424ac4 f   wsock32:WSOCK32.dll
 0001:00023aca       _CreateMutexA@12           00424aca f   kernel32:KERNEL32.dll
 0001:00023ad0       _CloseHandle@4             00424ad0 f   kernel32:KERNEL32.dll
 0001:00023ad6       _WaitForSingleObject@8     00424ad6 f   kernel32:KERNEL32.dll
 0001:00023adc       _OpenMutexA@12             00424adc f   kernel32:KERNEL32.dll
 0001:00023ae2       _ReleaseMutex@4            00424ae2 f   kernel32:KERNEL32.dll
 0001:00023af0       _sprintf                   00424af0 f   LIBCMTD:sprintf.obj
 0001:00023bf0       _strcpy                    00424bf0 f   LIBCMTD:strcat.obj
 0001:00023c00       _strcat                    00424c00 f   LIBCMTD:strcat.obj
 0001:00023ce0       _strcmp                    00424ce0 f   LIBCMTD:strcmp.obj
 0001:00023d70       _sscanf                    00424d70 f   LIBCMTD:sscanf.obj
 0001:00023e30       _malloc                    00424e30 f   LIBCMTD:dbgheap.obj
 0001:00023e60       __malloc_dbg               00424e60 f   LIBCMTD:dbgheap.obj
 0001:00023e90       __nh_malloc                00424e90 f   LIBCMTD:dbgheap.obj
 0001:00023eb0       __nh_malloc_dbg            00424eb0 f   LIBCMTD:dbgheap.obj
 0001:00023f50       __heap_alloc               00424f50 f   LIBCMTD:dbgheap.obj
 0001:00023f70       __heap_alloc_dbg           00424f70 f   LIBCMTD:dbgheap.obj
 0001:00024290       _calloc                    00425290 f   LIBCMTD:dbgheap.obj
 0001:000242c0       __calloc_dbg               004252c0 f   LIBCMTD:dbgheap.obj
 0001:00024320       _realloc                   00425320 f   LIBCMTD:dbgheap.obj
 0001:00024350       __realloc_dbg              00425350 f   LIBCMTD:dbgheap.obj
 0001:00024900       __expand                   00425900 f   LIBCMTD:dbgheap.obj
 0001:00024930       __expand_dbg               00425930 f   LIBCMTD:dbgheap.obj
 0001:000249c0       _free                      004259c0 f   LIBCMTD:dbgheap.obj
 0001:000249e0       __free_lk                  004259e0 f   LIBCMTD:dbgheap.obj
 0001:00024a00       __free_dbg                 00425a00 f   LIBCMTD:dbgheap.obj
 0001:00024a70       __free_dbg_lk              00425a70 f   LIBCMTD:dbgheap.obj
 0001:00024e60       __msize                    00425e60 f   LIBCMTD:dbgheap.obj
 0001:00024e80       __msize_dbg                00425e80 f   LIBCMTD:dbgheap.obj
 0001:00025010       __CrtSetBreakAlloc         00426010 f   LIBCMTD:dbgheap.obj
 0001:00025030       __CrtSetDbgBlockType       00426030 f   LIBCMTD:dbgheap.obj
 0001:00025110       __CrtSetAllocHook          00426110 f   LIBCMTD:dbgheap.obj
 0001:000251c0       __CrtCheckMemory           004261c0 f   LIBCMTD:dbgheap.obj
 0001:00025570       __CrtSetDbgFlag            00426570 f   LIBCMTD:dbgheap.obj
 0001:000255a0       __CrtDoForAllClientObjects 004265a0 f   LIBCMTD:dbgheap.obj
 0001:00025650       __CrtIsValidPointer        00426650 f   LIBCMTD:dbgheap.obj
 0001:000256a0       __CrtIsValidHeapPointer    004266a0 f   LIBCMTD:dbgheap.obj
 0001:000257d0       __CrtIsMemoryBlock         004267d0 f   LIBCMTD:dbgheap.obj
 0001:00025900       __CrtSetDumpClient         00426900 f   LIBCMTD:dbgheap.obj
 0001:00025920       __CrtMemCheckpoint         00426920 f   LIBCMTD:dbgheap.obj
 0001:00025ad0       __CrtMemDifference         00426ad0 f   LIBCMTD:dbgheap.obj
 0001:00025c00       __CrtMemDumpAllObjectsSince 00426c00 f   LIBCMTD:dbgheap.obj
 0001:00026020       __CrtDumpMemoryLeaks       00427020 f   LIBCMTD:dbgheap.obj
 0001:000260a0       __CrtMemDumpStatistics     004270a0 f   LIBCMTD:dbgheap.obj
 0001:00026170       _strlen                    00427170 f   LIBCMTD:strlen.obj
 0001:000261f0       _printf                    004271f0 f   LIBCMTD:printf.obj
 0001:00026290       __fpmath                   00427290 f   LIBCMTD:fpinit.obj
 0001:000262c0       __fpclear                  004272c0 f   LIBCMTD:fpinit.obj
 0001:000262d0       __cfltcvt_init             004272d0 f   LIBCMTD:fpinit.obj
 0001:00026320       ___setfflag                00427320 f   LIBCMTD:fpinit.obj
 0001:00026340       __cinit                    00427340 f   LIBCMTD:crt0dat.obj
 0001:00026380       _exit                      00427380 f   LIBCMTD:crt0dat.obj
 0001:000263a0       __exit                     004273a0 f   LIBCMTD:crt0dat.obj
 0001:000263c0       __cexit                    004273c0 f   LIBCMTD:crt0dat.obj
 0001:000263e0       __c_exit                   004273e0 f   LIBCMTD:crt0dat.obj
 0001:000264f0       __lockexit                 004274f0 f   LIBCMTD:crt0dat.obj
 0001:00026500       __unlockexit               00427500 f   LIBCMTD:crt0dat.obj
 0001:00026540       _fprintf                   00427540 f   LIBCMTD:fprintf.obj
 0001:00026610       ___initstdio               00427610 f   LIBCMTD:_file.obj
 0001:00026740       ___endstdio                00427740 f   LIBCMTD:_file.obj
 0001:00026760       __lock_file                00427760 f   LIBCMTD:_file.obj
 0001:000267a0       __lock_file2               004277a0 f   LIBCMTD:_file.obj
 0001:000267d0       __unlock_file              004277d0 f   LIBCMTD:_file.obj
 0001:00026810       __unlock_file2             00427810 f   LIBCMTD:_file.obj
 0001:00026840       _mainCRTStartup            00427840 f   LIBCMTD:crt0.obj
 0001:00026990       __amsg_exit                00427990 f   LIBCMTD:crt0.obj
 0001:000269f0       __chkesp                   004279f0 f   LIBCMTD:chkesp.obj
 0001:00026a30       _atol                      00427a30 f   LIBCMTD:atox.obj
 0001:00026b30       _atoi                      00427b30 f   LIBCMTD:atox.obj
 0001:00026b50       __atoi64                   00427b50 f   LIBCMTD:atox.obj
 0001:00026c80       _strncpy                   00427c80 f   LIBCMTD:strncpy.obj
 0001:00026d80       _atof                      00427d80 f   LIBCMTD:atof.obj
 0001:00026e00       __isctype                  00427e00 f   LIBCMTD:isctype.obj
 0001:00026eb8       __ftol                     00427eb8 f   LIBCMTD:ftol.obj
 0001:00026ef0       _strchr                    00427ef0 f   LIBCMTD:strchr.obj
 0001:00026ef6       ___from_strstr_to_strchr   00427ef6 f   LIBCMTD:strchr.obj
 0001:00026fb0       _localtime                 00427fb0 f   LIBCMTD:localtim.obj
 0001:00027210       _time                      00428210 f   LIBCMTD:time.obj
 0001:000273a0       __ftime                    004283a0 f   LIBCMTD:ftime.obj
 0001:000274b0       _perror                    004284b0 f   LIBCMTD:perror.obj
 0001:00027590       __mkdir                    00428590 f   LIBCMTD:mkdir.obj
 0001:000275e0       _memset                    004285e0 f   LIBCMTD:memset.obj
 0001:00027640       __dosmaperr                00428640 f   LIBCMTD:dosmap.obj
 0001:000276e0       __errno                    004286e0 f   LIBCMTD:dosmap.obj
 0001:000276f0       ___doserrno                004286f0 f   LIBCMTD:dosmap.obj
 0001:00027700       ___dtoxmode                00428700 f   LIBCMTD:stat.obj
 0001:00027850       __stat                     00428850 f   LIBCMTD:stat.obj
 0001:00027850       _stat                      00428850 f   LIBCMTD:stat.obj
 0001:00027dd0       __findfirst                00428dd0 f   LIBCMTD:findfile.obj
 0001:00027f10       __findnext                 00428f10 f   LIBCMTD:findfile.obj
 0001:00028040       __findclose                00429040 f   LIBCMTD:findfile.obj
 0001:00028070       ___timet_from_ft           00429070 f   LIBCMTD:findfile.obj
 0001:00028100       _fclose                    00429100 f   LIBCMTD:fclose.obj
 0001:00028190       __fclose_lk                00429190 f   LIBCMTD:fclose.obj
 0001:00028250       _strtok                    00429250 f   LIBCMTD:strtok.obj
 0001:000283a0       _fgets                     004293a0 f   LIBCMTD:fgets.obj
 0001:000284e0       __fsopen                   004294e0 f   LIBCMTD:fopen.obj
 0001:000285e0       _fopen                     004295e0 f   LIBCMTD:fopen.obj
 0001:00028600       _getenv                    00429600 f   LIBCMTD:getenv.obj
 0001:00028630       __getenv_lk                00429630 f   LIBCMTD:getenv.obj
 0001:00028700       _memcpy                    00429700 f   LIBCMTD:memcpy.obj
 0001:00028a40       _strerror                  00429a40 f   LIBCMTD:strerror.obj
 0001:00028ad0       _open                      00429ad0 f   LIBCMTD:open.obj
 0001:00028ad0       __open                     00429ad0 f   LIBCMTD:open.obj
 0001:00028b10       __sopen                    00429b10 f   LIBCMTD:open.obj
 0001:00029070       _strncmp                   0042a070 f   LIBCMTD:strncmp.obj
 0001:000290b0       __read                     0042a0b0 f   LIBCMTD:read.obj
 0001:000290b0       _read                      0042a0b0 f   LIBCMTD:read.obj
 0001:00029140       __read_lk                  0042a140 f   LIBCMTD:read.obj
 0001:00029590       __tolower                  0042a590 f   LIBCMTD:tolower.obj
 0001:000295a0       _tolower                   0042a5a0 f   LIBCMTD:tolower.obj
 0001:00029640       __tolower_lk               0042a640 f   LIBCMTD:tolower.obj
 0001:00029770       _vsprintf                  0042a770 f   LIBCMTD:vsprintf.obj
 0001:00029870       _fflush                    0042a870 f   LIBCMTD:fflush.obj
 0001:000298c0       __fflush_lk                0042a8c0 f   LIBCMTD:fflush.obj
 0001:00029910       __flush                    0042a910 f   LIBCMTD:fflush.obj
 0001:000299d0       __flushall                 0042a9d0 f   LIBCMTD:fflush.obj
 0001:00029b20       __alloca_probe             0042ab20 f   LIBCMTD:chkstk.obj
 0001:00029b20       __chkstk                   0042ab20 f   LIBCMTD:chkstk.obj
 0001:00029b50       __flsbuf                   0042ab50 f   LIBCMTD:_flsbuf.obj
 0001:00029dd0       __output                   0042add0 f   LIBCMTD:output.obj
 0001:0002ad00       __CrtDbgBreak              0042bd00 f   LIBCMTD:dbgrpt.obj
 0001:0002ad10       __CrtSetReportMode         0042bd10 f   LIBCMTD:dbgrpt.obj
 0001:0002ad70       __CrtSetReportFile         0042bd70 f   LIBCMTD:dbgrpt.obj
 0001:0002adf0       __CrtSetReportHook         0042bdf0 f   LIBCMTD:dbgrpt.obj
 0001:0002ae10       __CrtDbgReport             0042be10 f   LIBCMTD:dbgrpt.obj
 0001:0002b4b0       __input                    0042c4b0 f   LIBCMTD:input.obj
 0001:0002c9b0       ?_set_new_handler@@YAP6AHI@ZP6AHI@Z@Z 0042d9b0 f   LIBCMTD:handler.obj
 0001:0002c9e0       ?_query_new_handler@@YAP6AHI@ZXZ 0042d9e0 f   LIBCMTD:handler.obj
 0001:0002c9f0       __callnewh                 0042d9f0 f   LIBCMTD:handler.obj
 0001:0002ca20       __mtinitlocks              0042da20 f   LIBCMTD:mlock.obj
 0001:0002ca60       __mtdeletelocks            0042da60 f   LIBCMTD:mlock.obj
 0001:0002cb00       __lock                     0042db00 f   LIBCMTD:mlock.obj
 0001:0002cba0       __unlock                   0042dba0 f   LIBCMTD:mlock.obj
 0001:0002cbc0       __lockerr_exit             0042dbc0 f   LIBCMTD:mlock.obj
 0001:0002cbdc       __global_unwind2           0042dbdc f   LIBCMTD:exsup.obj
 0001:0002cc1e       __local_unwind2            0042dc1e f   LIBCMTD:exsup.obj
 0001:0002cc76       __NLG_Return2              0042dc76 f   LIBCMTD:exsup.obj
 0001:0002cc86       __abnormal_termination     0042dc86 f   LIBCMTD:exsup.obj
 0001:0002cca9       __NLG_Notify1              0042dca9 f   LIBCMTD:exsup.obj
 0001:0002ccb2       __NLG_Notify               0042dcb2 f   LIBCMTD:exsup.obj
 0001:0002ccc5       __NLG_Dispatch             0042dcc5 f   LIBCMTD:exsup.obj
 0001:0002ccd4       __except_handler3          0042dcd4 f   LIBCMTD:exsup3.obj
 0001:0002cd91       __seh_longjmp_unwind@4     0042dd91 f   LIBCMTD:exsup3.obj
 0001:0002cdb0       __malloc_base              0042ddb0 f   LIBCMTD:malloc.obj
 0001:0002cdd0       __nh_malloc_base           0042ddd0 f   LIBCMTD:malloc.obj
 0001:0002ce30       __heap_alloc_base          0042de30 f   LIBCMTD:malloc.obj
 0001:0002cf80       __CrtDefaultAllocHook      0042df80 f   LIBCMTD:dbghook.obj
 0001:0002cf90       __expand_base              0042df90 f   LIBCMTD:expand.obj
 0001:0002d1a0       __realloc_base             0042e1a0 f   LIBCMTD:realloc.obj
 0001:0002d640       __free_base                0042e640 f   LIBCMTD:free.obj
 0001:0002d790       __heapchk                  0042e790 f   LIBCMTD:heapchk.obj
 0001:0002d8a0       __heapset                  0042e8a0 f   LIBCMTD:heapchk.obj
 0001:0002d8b0       __get_sbh_threshold        0042e8b0 f   LIBCMTD:sbheap.obj
 0001:0002d8e0       __set_sbh_threshold        0042e8e0 f   LIBCMTD:sbheap.obj
 0001:0002d9f0       ___sbh_heap_init           0042e9f0 f   LIBCMTD:sbheap.obj
 0001:0002da60       ___sbh_find_block          0042ea60 f   LIBCMTD:sbheap.obj
 0001:0002dac0       ___sbh_verify_block        0042eac0 f   LIBCMTD:sbheap.obj
 0001:0002db20       ___sbh_free_block          0042eb20 f   LIBCMTD:sbheap.obj
 0001:0002e100       ___sbh_alloc_block         0042f100 f   LIBCMTD:sbheap.obj
 0001:0002e640       ___sbh_alloc_new_region    0042f640 f   LIBCMTD:sbheap.obj
 0001:0002e750       ___sbh_alloc_new_group     0042f750 f   LIBCMTD:sbheap.obj
 0001:0002e940       ___sbh_resize_block        0042f940 f   LIBCMTD:sbheap.obj
 0001:0002ef30       ___sbh_heapmin             0042ff30 f   LIBCMTD:sbheap.obj
 0001:0002f060       ___sbh_heap_check          00430060 f   LIBCMTD:sbheap.obj
 0001:0002f680       __get_old_sbh_threshold    00430680 f   LIBCMTD:sbheap.obj
 0001:0002f690       __set_old_sbh_threshold    00430690 f   LIBCMTD:sbheap.obj
 0001:0002f6c0       ___old_sbh_new_region      004306c0 f   LIBCMTD:sbheap.obj
 0001:0002f8a0       ___old_sbh_release_region  004308a0 f   LIBCMTD:sbheap.obj
 0001:0002f920       ___old_sbh_decommit_pages  00430920 f   LIBCMTD:sbheap.obj
 0001:0002fa80       ___old_sbh_find_block      00430a80 f   LIBCMTD:sbheap.obj
 0001:0002fb10       ___old_sbh_free_block      00430b10 f   LIBCMTD:sbheap.obj
 0001:0002fb80       ___old_sbh_alloc_block     00430b80 f   LIBCMTD:sbheap.obj
 0001:0002ff40       ___old_sbh_alloc_block_from_page 00430f40 f   LIBCMTD:sbheap.obj
 0001:000301f0       ___old_sbh_resize_block    004311f0 f   LIBCMTD:sbheap.obj
 0001:00030360       ___old_sbh_heap_check      00431360 f   LIBCMTD:sbheap.obj
 0001:000305a0       __GetLinkerVersion         004315a0 f   LIBCMTD:heapinit.obj
 0001:00030600       ___heap_select             00431600 f   LIBCMTD:heapinit.obj
 0001:00030830       __heap_init                00431830 f   LIBCMTD:heapinit.obj
 0001:000308c0       __heap_term                004318c0 f   LIBCMTD:heapinit.obj
 0001:000309b0       __stbuf                    004319b0 f   LIBCMTD:_sftbuf.obj
 0001:00030b10       __ftbuf                    00431b10 f   LIBCMTD:_sftbuf.obj
 0001:00030bb0       __setdefaultprecision      00431bb0 f   LIBCMTD:fp8.obj
 0001:00030bd0       __ms_p5_test_fdiv          00431bd0 f   LIBCMTD:testfdiv.obj
 0001:00030c30       __ms_p5_mp_test_fdiv       00431c30 f   LIBCMTD:testfdiv.obj
 0001:00030c80       __forcdecpt                00431c80 f   LIBCMTD:cvt.obj
 0001:00030d30       __cropzeros                00431d30 f   LIBCMTD:cvt.obj
 0001:00030e10       __positive                 00431e10 f   LIBCMTD:cvt.obj
 0001:00030e40       __fassign                  00431e40 f   LIBCMTD:cvt.obj
 0001:00030e90       __cftoe                    00431e90 f   LIBCMTD:cvt.obj
 0001:00031080       __cftof                    00432080 f   LIBCMTD:cvt.obj
 0001:00031230       __cftog                    00432230 f   LIBCMTD:cvt.obj
 0001:00031320       __cfltcvt                  00432320 f   LIBCMTD:cvt.obj
 0001:000313b0       __ioinit                   004323b0 f   LIBCMTD:ioinit.obj
 0001:000316e0       __ioterm                   004326e0 f   LIBCMTD:ioinit.obj
 0001:00031780       __fcloseall                00432780 f   LIBCMTD:closeall.obj
 0001:00031860       __XcptFilter               00432860 f   LIBCMTD:winxfltr.obj
 0001:00031a80       __setenvp                  00432a80 f   LIBCMTD:stdenvp.obj
 0001:00031bd0       __setargv                  00432bd0 f   LIBCMTD:stdargv.obj
 0001:000320e0       ___crtGetEnvironmentStringsA 004330e0 f   LIBCMTD:a_env.obj
 0001:00032300       __mtinit                   00433300 f   LIBCMTD:tidtable.obj
 0001:00032390       __mtterm                   00433390 f   LIBCMTD:tidtable.obj
 0001:000323c0       __initptd                  004333c0 f   LIBCMTD:tidtable.obj
 0001:000323e0       __getptd                   004333e0 f   LIBCMTD:tidtable.obj
 0001:00032480       __freeptd                  00433480 f   LIBCMTD:tidtable.obj
 0001:00032590       ___threadid                00433590 f   LIBCMTD:tidtable.obj
 0001:000325a0       ___threadhandle            004335a0 f   LIBCMTD:tidtable.obj
 0001:000325b0       __FF_MSGBANNER             004335b0 f   LIBCMTD:crt0msg.obj
 0001:00032600       __NMSG_WRITE               00433600 f   LIBCMTD:crt0msg.obj
 0001:000327c0       __GET_RTERRMSG             004337c0 f   LIBCMTD:crt0msg.obj
 0001:00032810       __allmul                   00433810 f   LIBCMTD:llmul.obj
 0001:00032850       __fltin2                   00433850 f   LIBCMTD:cfin.obj
 0001:00032910       ___crtGetStringTypeA       00433910 f   LIBCMTD:a_str.obj
 0001:00032ad0       ___tzset                   00433ad0 f   LIBCMTD:tzset.obj
 0001:00032b10       __tzset                    00433b10 f   LIBCMTD:tzset.obj
 0001:00032ee0       __isindst                  00433ee0 f   LIBCMTD:tzset.obj
 0001:00033410       _gmtime                    00434410 f   LIBCMTD:gmtime.obj
 0001:00033610       ___loctotime_t             00434610 f   LIBCMTD:dtoxtime.obj
 0001:00033700       __aullrem                  00434700 f   LIBCMTD:ullrem.obj
 0001:00033780       __aulldiv                  00434780 f   LIBCMTD:ulldiv.obj
 0001:000337f0       __alloc_osfhnd             004347f0 f   LIBCMTD:osfinfo.obj
 0001:000339e0       __set_osfhnd               004349e0 f   LIBCMTD:osfinfo.obj
 0001:00033aa0       __free_osfhnd              00434aa0 f   LIBCMTD:osfinfo.obj
 0001:00033b80       __get_osfhandle            00434b80 f   LIBCMTD:osfinfo.obj
 0001:00033bf0       __open_osfhandle           00434bf0 f   LIBCMTD:osfinfo.obj
 0001:00033d00       __lock_fhandle             00434d00 f   LIBCMTD:osfinfo.obj
 0001:00033d90       __unlock_fhandle           00434d90 f   LIBCMTD:osfinfo.obj
 0001:00033dc0       _write                     00434dc0 f   LIBCMTD:write.obj
 0001:00033dc0       __write                    00434dc0 f   LIBCMTD:write.obj
 0001:00033e50       __write_lk                 00434e50 f   LIBCMTD:write.obj
 0001:000340d0       __mbsicmp                  004350d0 f   LIBCMTD:mbsicmp.obj
 0001:00034370       __mbsrchr                  00435370 f   LIBCMTD:mbsrchr.obj
 0001:00034440       __fullpath                 00435440 f   LIBCMTD:fullpath.obj
 0001:00034520       __getdrive                 00435520 f   LIBCMTD:drive.obj
 0001:00034580       __chdrive                  00435580 f   LIBCMTD:drive.obj
 0001:00034610       __mbctolower               00435610 f   LIBCMTD:mbtolwr.obj
 0001:000346f0       __mbspbrk                  004356f0 f   LIBCMTD:mbspbrk.obj
 0001:00034830       __close                    00435830 f   LIBCMTD:close.obj
 0001:00034830       _close                     00435830 f   LIBCMTD:close.obj
 0001:000348b0       __close_lk                 004358b0 f   LIBCMTD:close.obj
 0001:00034960       __freebuf                  00435960 f   LIBCMTD:_freebuf.obj
 0001:00034a00       __filbuf                   00435a00 f   LIBCMTD:_filbuf.obj
 0001:00034bf0       __openfile                 00435bf0 f   LIBCMTD:_open.obj
 0001:00034f80       __getstream                00435f80 f   LIBCMTD:stream.obj
 0001:00035100       __mbsnbicoll               00436100 f   LIBCMTD:mbsnbico.obj
 0001:00035150       ___wtomb_environ           00436150 f   LIBCMTD:wtombenv.obj
 0001:00035200       __chsize                   00436200 f   LIBCMTD:chsize.obj
 0001:00035280       __chsize_lk                00436280 f   LIBCMTD:chsize.obj
 0001:000354b0       _lseek                     004364b0 f   LIBCMTD:lseek.obj
 0001:000354b0       __lseek                    004364b0 f   LIBCMTD:lseek.obj
 0001:00035540       __lseek_lk                 00436540 f   LIBCMTD:lseek.obj
 0001:00035600       _setlocale                 00436600 f   LIBCMTD:setlocal.obj
 0001:00035c90       __expandlocale             00436c90 f   LIBCMTD:setlocal.obj
 0001:00035e20       ___init_dummy              00436e20 f   LIBCMTD:setlocal.obj
 0001:00035e30       __strcats                  00436e30 f   LIBCMTD:setlocal.obj
 0001:00035e80       ___lc_strtolc              00436e80 f   LIBCMTD:setlocal.obj
 0001:00035fe0       ___lc_lctostr              00436fe0 f   LIBCMTD:setlocal.obj
 0001:00036050       ___crtLCMapStringA         00437050 f   LIBCMTD:a_map.obj
 0001:000363b0       __commit                   004373b0 f   LIBCMTD:commit.obj
 0001:00036490       __getbuf                   00437490 f   LIBCMTD:_getbuf.obj
 0001:00036560       __isatty                   00437560 f   LIBCMTD:isatty.obj
 0001:000365a0       _wctomb                    004375a0 f   LIBCMTD:wctomb.obj
 0001:00036620       __wctomb_lk                00437620 f   LIBCMTD:wctomb.obj
 0001:000366c0       __itoa                     004376c0 f   LIBCMTD:xtoa.obj
 0001:000367e0       __ltoa                     004377e0 f   LIBCMTD:xtoa.obj
 0001:00036820       __ultoa                    00437820 f   LIBCMTD:xtoa.obj
 0001:00036840       __i64toa                   00437840 f   LIBCMTD:xtoa.obj
 0001:00036990       __ui64toa                  00437990 f   LIBCMTD:xtoa.obj
 0001:000369b0       __snprintf                 004379b0 f   LIBCMTD:snprintf.obj
 0001:00036ab0       __vsnprintf                00437ab0 f   LIBCMTD:vsnprint.obj
 0001:00036bb0       _signal                    00437bb0 f   LIBCMTD:winsig.obj
 0001:00036e80       _raise                     00437e80 f   LIBCMTD:winsig.obj
 0001:00037120       ___fpecode                 00438120 f   LIBCMTD:winsig.obj
 0001:00037130       ___pxcptinfoptrs           00438130 f   LIBCMTD:winsig.obj
 0001:00037140       ___crtMessageBoxA          00438140 f   LIBCMTD:crtmbox.obj
 0001:00037200       _mbtowc                    00438200 f   LIBCMTD:mbtowc.obj
 0001:00037280       __mbtowc_lk                00438280 f   LIBCMTD:mbtowc.obj
 0001:000373e0       _isalpha                   004383e0 f   LIBCMTD:_ctype.obj
 0001:00037430       _isupper                   00438430 f   LIBCMTD:_ctype.obj
 0001:00037470       _islower                   00438470 f   LIBCMTD:_ctype.obj
 0001:000374b0       _isdigit                   004384b0 f   LIBCMTD:_ctype.obj
 0001:000374f0       _isxdigit                  004384f0 f   LIBCMTD:_ctype.obj
 0001:00037540       _isspace                   00438540 f   LIBCMTD:_ctype.obj
 0001:00037580       _ispunct                   00438580 f   LIBCMTD:_ctype.obj
 0001:000375c0       _isalnum                   004385c0 f   LIBCMTD:_ctype.obj
 0001:00037610       _isprint                   00438610 f   LIBCMTD:_ctype.obj
 0001:00037660       _isgraph                   00438660 f   LIBCMTD:_ctype.obj
 0001:000376b0       _iscntrl                   004386b0 f   LIBCMTD:_ctype.obj
 0001:000376f0       ___isascii                 004386f0 f   LIBCMTD:_ctype.obj
 0001:00037700       ___toascii                 00438700 f   LIBCMTD:_ctype.obj
 0001:00037710       ___iscsymf                 00438710 f   LIBCMTD:_ctype.obj
 0001:00037770       ___iscsym                  00438770 f   LIBCMTD:_ctype.obj
 0001:000377d0       __allshl                   004387d0 f   LIBCMTD:llshl.obj
 0001:000377f0       _ungetc                    004387f0 f   LIBCMTD:ungetc.obj
 0001:00037860       __ungetc_lk                00438860 f   LIBCMTD:ungetc.obj
 0001:000379a0       _memmove                   004389a0 f   LIBCMTD:memmove.obj
 0001:00037ce0       _strtol                    00438ce0 f   LIBCMTD:strtol.obj
 0001:00038040       _strtoul                   00439040 f   LIBCMTD:strtol.obj
 0001:00038060       _strstr                    00439060 f   LIBCMTD:strstr.obj
 0001:000380e0       __statusfp                 004390e0 f   LIBCMTD:ieee87.obj
 0001:00038100       __clearfp                  00439100 f   LIBCMTD:ieee87.obj
 0001:00038120       __control87                00439120 f   LIBCMTD:ieee87.obj
 0001:00038170       __controlfp                00439170 f   LIBCMTD:ieee87.obj
 0001:00038190       __fpreset                  00439190 f   LIBCMTD:ieee87.obj
 0001:00038580       __ZeroTail                 00439580 f   LIBCMTD:intrncvt.obj
 0001:00038610       __IncMan                   00439610 f   LIBCMTD:intrncvt.obj
 0001:000386c0       __RoundMan                 004396c0 f   LIBCMTD:intrncvt.obj
 0001:000387a0       __CopyMan                  004397a0 f   LIBCMTD:intrncvt.obj
 0001:000387f0       __FillZeroMan              004397f0 f   LIBCMTD:intrncvt.obj
 0001:00038820       __IsZeroMan                00439820 f   LIBCMTD:intrncvt.obj
 0001:00038860       __ShrMan                   00439860 f   LIBCMTD:intrncvt.obj
 0001:00038950       __ld12cvt                  00439950 f   LIBCMTD:intrncvt.obj
 0001:00038ba0       __ld12tod                  00439ba0 f   LIBCMTD:intrncvt.obj
 0001:00038bc0       __ld12tof                  00439bc0 f   LIBCMTD:intrncvt.obj
 0001:00038be0       __ld12told                 00439be0 f   LIBCMTD:intrncvt.obj
 0001:00038ca0       __atodbl                   00439ca0 f   LIBCMTD:intrncvt.obj
 0001:00038ce0       __atoldbl                  00439ce0 f   LIBCMTD:intrncvt.obj
 0001:00038d20       __atoflt                   00439d20 f   LIBCMTD:intrncvt.obj
 0001:00038d60       __fptostr                  00439d60 f   LIBCMTD:_fptostr.obj
 0001:00038e60       __fltout2                  00439e60 f   LIBCMTD:cfout.obj
 0001:00038ee0       ___dtold                   00439ee0 f   LIBCMTD:cfout.obj
 0001:00039050       __fptrap                   0043a050 f   LIBCMTD:crt0fp.obj
 0001:00039060       __setmbcp                  0043a060 f   LIBCMTD:mbctype.obj
 0001:00039820       __getmbcp                  0043a820 f   LIBCMTD:mbctype.obj
 0001:00039840       ___initmbctable            0043a840 f   LIBCMTD:mbctype.obj
 0001:00039870       ___strgtold12              0043a870 f   LIBCMTD:strgtold.obj
 0001:0003a3a0       ___STRINGTOLD              0043b3a0 f   LIBCMTD:strgtold.obj
 0001:0003a3f0       __strcmpi                  0043b3f0 f   LIBCMTD:stricmp.obj
 0001:0003a3f0       __stricmp                  0043b3f0 f   LIBCMTD:stricmp.obj
 0001:0003a4c0       _strrchr                   0043b4c0 f   LIBCMTD:strrchr.obj
 0001:0003a4f0       __getcwd                   0043b4f0 f   LIBCMTD:getcwd.obj
 0001:0003a530       __getdcwd                  0043b530 f   LIBCMTD:getcwd.obj
 0001:0003a570       __getdcwd_lk               0043b570 f   LIBCMTD:getcwd.obj
 0001:0003a690       __validdrive               0043b690 f   LIBCMTD:getcwd.obj
 0001:0003a6e0       __toupper                  0043b6e0 f   LIBCMTD:toupper.obj
 0001:0003a6f0       _toupper                   0043b6f0 f   LIBCMTD:toupper.obj
 0001:0003a790       __toupper_lk               0043b790 f   LIBCMTD:toupper.obj
 0001:0003a8c0       _strpbrk                   0043b8c0 f   LIBCMTD:strpbrk.obj
 0001:0003a900       ___crtCompareStringA       0043b900 f   LIBCMTD:a_cmp.obj
 0001:0003ad50       ___crtsetenv               0043bd50 f   LIBCMTD:setenv.obj
 0001:0003b1a0       __setmode                  0043c1a0 f   LIBCMTD:setmode.obj
 0001:0003b220       __setmode_lk               0043c220 f   LIBCMTD:setmode.obj
 0001:0003b2f0       ___init_time               0043c2f0 f   LIBCMTD:inittime.obj
 0001:0003bc70       ___init_numeric            0043cc70 f   LIBCMTD:initnum.obj
 0001:0003bfa0       ___init_monetary           0043cfa0 f   LIBCMTD:initmon.obj
 0001:0003c400       ___init_ctype              0043d400 f   LIBCMTD:initctyp.obj
 0001:0003c7a0       ___init_collate            0043d7a0 f   LIBCMTD:initcoll.obj
 0001:0003c7b0       _strcspn                   0043d7b0 f   LIBCMTD:strcspn.obj
 0001:0003c7f0       ___get_qualified_locale    0043d7f0 f   LIBCMTD:getqloc.obj
 0001:0003d590       ___addl                    0043e590 f   LIBCMTD:mantold.obj
 0001:0003d5d0       ___add_12                  0043e5d0 f   LIBCMTD:mantold.obj
 0001:0003d680       ___shl_12                  0043e680 f   LIBCMTD:mantold.obj
 0001:0003d6e0       ___shr_12                  0043e6e0 f   LIBCMTD:mantold.obj
 0001:0003d750       ___mtold12                 0043e750 f   LIBCMTD:mantold.obj
 0001:0003d890       _$I10_OUTPUT               0043e890 f   LIBCMTD:x10fout.obj
 0001:0003ddb0       ___ld12mul                 0043edb0 f   LIBCMTD:tenpow.obj
 0001:0003e1f0       ___multtenpow12            0043f1f0 f   LIBCMTD:tenpow.obj
 0001:0003e2c0       __mbschr                   0043f2c0 f   LIBCMTD:mbschr.obj
 0001:0003e3b0       __Getdays                  0043f3b0 f   LIBCMTD:strftime.obj
 0001:0003e4e0       __Getmonths                0043f4e0 f   LIBCMTD:strftime.obj
 0001:0003e610       __Gettnames                0043f610 f   LIBCMTD:strftime.obj
 0001:0003e980       _strftime                  0043f980 f   LIBCMTD:strftime.obj
 0001:0003e9a0       __Strftime                 0043f9a0 f   LIBCMTD:strftime.obj
 0001:0003f8c0       ___getlocaleinfo           004408c0 f   LIBCMTD:inithelp.obj
 0001:0003fb50       _localeconv                00440b50 f   LIBCMTD:lconv.obj
 0001:0003fb60       ___crtGetStringTypeW       00440b60 f   LIBCMTD:w_str.obj
 0001:0003fdd0       __strnicmp                 00440dd0 f   LIBCMTD:strnicmp.obj
 0001:0003fee0       ___crtGetLocaleInfoW       00440ee0 f   LIBCMTD:w_loc.obj
 0001:00040080       ___crtGetLocaleInfoA       00441080 f   LIBCMTD:a_loc.obj
 0001:00040230       _IsBadWritePtr@8           00441230 f   kernel32:KERNEL32.dll
 0001:00040236       _IsBadReadPtr@8            00441236 f   kernel32:KERNEL32.dll
 0001:0004023c       _HeapValidate@12           0044123c f   kernel32:KERNEL32.dll
 0001:00040242       _ExitProcess@4             00441242 f   kernel32:KERNEL32.dll
 0001:00040248       _TerminateProcess@8        00441248 f   kernel32:KERNEL32.dll
 0001:0004024e       _GetCurrentProcess@0       0044124e f   kernel32:KERNEL32.dll
 0001:00040254       _EnterCriticalSection@4    00441254 f   kernel32:KERNEL32.dll
 0001:0004025a       _LeaveCriticalSection@4    0044125a f   kernel32:KERNEL32.dll
 0001:00040260       _GetCommandLineA@0         00441260 f   kernel32:KERNEL32.dll
 0001:00040266       _GetVersion@0              00441266 f   kernel32:KERNEL32.dll
 0001:0004026c       _GetTimeZoneInformation@4  0044126c f   kernel32:KERNEL32.dll
 0001:00040272       _GetSystemTime@4           00441272 f   kernel32:KERNEL32.dll
 0001:00040278       _GetLocalTime@4            00441278 f   kernel32:KERNEL32.dll
 0001:0004027e       _GetSystemTimeAsFileTime@4 0044127e f   kernel32:KERNEL32.dll
 0001:00040284       _GetLastError@0            00441284 f   kernel32:KERNEL32.dll
 0001:0004028a       _CreateDirectoryA@8        0044128a f   kernel32:KERNEL32.dll
 0001:00040290       _FindClose@4               00441290 f   kernel32:KERNEL32.dll
 0001:00040296       _FileTimeToSystemTime@8    00441296 f   kernel32:KERNEL32.dll
 0001:0004029c       _FileTimeToLocalFileTime@8 0044129c f   kernel32:KERNEL32.dll
 0001:000402a2       _GetDriveTypeA@4           004412a2 f   kernel32:KERNEL32.dll
 0001:000402a8       _FindFirstFileA@8          004412a8 f   kernel32:KERNEL32.dll
 0001:000402ae       _FindNextFileA@8           004412ae f   kernel32:KERNEL32.dll
 0001:000402b4       _GetFileType@4             004412b4 f   kernel32:KERNEL32.dll
 0001:000402ba       _CreateFileA@28            004412ba f   kernel32:KERNEL32.dll
 0001:000402c0       _ReadFile@20               004412c0 f   kernel32:KERNEL32.dll
 0001:000402c6       _InterlockedDecrement@4    004412c6 f   kernel32:KERNEL32.dll
 0001:000402cc       _InterlockedIncrement@4    004412cc f   kernel32:KERNEL32.dll
 0001:000402d2       _DebugBreak@0              004412d2 f   kernel32:KERNEL32.dll
 0001:000402d8       _GetStdHandle@4            004412d8 f   kernel32:KERNEL32.dll
 0001:000402de       _WriteFile@20              004412de f   kernel32:KERNEL32.dll
 0001:000402e4       _OutputDebugStringA@4      004412e4 f   kernel32:KERNEL32.dll
 0001:000402ea       _GetProcAddress@8          004412ea f   kernel32:KERNEL32.dll
 0001:000402f0       _LoadLibraryA@4            004412f0 f   kernel32:KERNEL32.dll
 0001:000402f6       _GetModuleFileNameA@12     004412f6 f   kernel32:KERNEL32.dll
 0001:000402fc       _InitializeCriticalSection@4 004412fc f   kernel32:KERNEL32.dll
 0001:00040302       _DeleteCriticalSection@4   00441302 f   kernel32:KERNEL32.dll
 0001:00040308       _FatalAppExitA@8           00441308 f   kernel32:KERNEL32.dll
 0001:0004030e       _RtlUnwind@16              0044130e f   kernel32:KERNEL32.dll
 0001:00040314       _HeapAlloc@12              00441314 f   kernel32:KERNEL32.dll
 0001:0004031a       _HeapReAlloc@16            0044131a f   kernel32:KERNEL32.dll
 0001:00040320       _HeapFree@12               00441320 f   kernel32:KERNEL32.dll
 0001:00040326       _VirtualFree@12            00441326 f   kernel32:KERNEL32.dll
 0001:0004032c       _VirtualAlloc@16           0044132c f   kernel32:KERNEL32.dll
 0001:00040332       _GetModuleHandleA@4        00441332 f   kernel32:KERNEL32.dll
 0001:00040338       _GetEnvironmentVariableA@12 00441338 f   kernel32:KERNEL32.dll
 0001:0004033e       _GetVersionExA@4           0044133e f   kernel32:KERNEL32.dll
 0001:00040344       _HeapDestroy@4             00441344 f   kernel32:KERNEL32.dll
 0001:0004034a       _HeapCreate@12             0044134a f   kernel32:KERNEL32.dll
 0001:00040350       _SetHandleCount@4          00441350 f   kernel32:KERNEL32.dll
 0001:00040356       _GetStartupInfoA@4         00441356 f   kernel32:KERNEL32.dll
 0001:0004035c       _UnhandledExceptionFilter@4 0044135c f   kernel32:KERNEL32.dll
 0001:00040362       _FreeEnvironmentStringsA@4 00441362 f   kernel32:KERNEL32.dll
 0001:00040368       _FreeEnvironmentStringsW@4 00441368 f   kernel32:KERNEL32.dll
 0001:0004036e       _WideCharToMultiByte@32    0044136e f   kernel32:KERNEL32.dll
 0001:00040374       _GetEnvironmentStrings@0   00441374 f   kernel32:KERNEL32.dll
 0001:0004037a       _GetEnvironmentStringsW@0  0044137a f   kernel32:KERNEL32.dll
 0001:00040380       _GetCurrentThreadId@0      00441380 f   kernel32:KERNEL32.dll
 0001:00040386       _TlsSetValue@8             00441386 f   kernel32:KERNEL32.dll
 0001:0004038c       _TlsAlloc@0                0044138c f   kernel32:KERNEL32.dll
 0001:00040392       _TlsFree@4                 00441392 f   kernel32:KERNEL32.dll
 0001:00040398       _SetLastError@4            00441398 f   kernel32:KERNEL32.dll
 0001:0004039e       _TlsGetValue@4             0044139e f   kernel32:KERNEL32.dll
 0001:000403a4       _GetCurrentThread@0        004413a4 f   kernel32:KERNEL32.dll
 0001:000403aa       _MultiByteToWideChar@24    004413aa f   kernel32:KERNEL32.dll
 0001:000403b0       _GetStringTypeA@20         004413b0 f   kernel32:KERNEL32.dll
 0001:000403b6       _GetStringTypeW@16         004413b6 f   kernel32:KERNEL32.dll
 0001:000403bc       _SetStdHandle@8            004413bc f   kernel32:KERNEL32.dll
 0001:000403c2       _GetFullPathNameA@16       004413c2 f   kernel32:KERNEL32.dll
 0001:000403c8       _GetCurrentDirectoryA@8    004413c8 f   kernel32:KERNEL32.dll
 0001:000403ce       _SetCurrentDirectoryA@4    004413ce f   kernel32:KERNEL32.dll
 0001:000403d4       _SetEndOfFile@4            004413d4 f   kernel32:KERNEL32.dll
 0001:000403da       _SetFilePointer@16         004413da f   kernel32:KERNEL32.dll
 0001:000403e0       _Sleep@4                   004413e0 f   kernel32:KERNEL32.dll
 0001:000403e6       _LCMapStringA@24           004413e6 f   kernel32:KERNEL32.dll
 0001:000403ec       _LCMapStringW@24           004413ec f   kernel32:KERNEL32.dll
 0001:000403f2       _FlushFileBuffers@4        004413f2 f   kernel32:KERNEL32.dll
 0001:000403f8       _SetConsoleCtrlHandler@8   004413f8 f   kernel32:KERNEL32.dll
 0001:000403fe       _GetCPInfo@8               004413fe f   kernel32:KERNEL32.dll
 0001:00040404       _GetACP@0                  00441404 f   kernel32:KERNEL32.dll
 0001:0004040a       _GetOEMCP@0                0044140a f   kernel32:KERNEL32.dll
 0001:00040410       _CompareStringA@24         00441410 f   kernel32:KERNEL32.dll
 0001:00040416       _CompareStringW@24         00441416 f   kernel32:KERNEL32.dll
 0001:0004041c       _SetEnvironmentVariableA@8 0044141c f   kernel32:KERNEL32.dll
 0001:00040422       _IsValidLocale@8           00441422 f   kernel32:KERNEL32.dll
 0001:00040428       _IsValidCodePage@4         00441428 f   kernel32:KERNEL32.dll
 0001:0004042e       _GetLocaleInfoA@16         0044142e f   kernel32:KERNEL32.dll
 0001:00040434       _EnumSystemLocalesA@8      00441434 f   kernel32:KERNEL32.dll
 0001:0004043a       _GetUserDefaultLCID@0      0044143a f   kernel32:KERNEL32.dll
 0001:00040440       _GetLocaleInfoW@16         00441440 f   kernel32:KERNEL32.dll
 0001:00040450       _remove                    00441450 f   LIBCMTD:unlink.obj
 0001:000404a0       _unlink                    004414a0 f   LIBCMTD:unlink.obj
 0001:000404a0       __unlink                   004414a0 f   LIBCMTD:unlink.obj
 0001:000404c0       _tell                      004414c0 f   LIBCMTD:tell.obj
 0001:000404c0       __tell                     004414c0 f   LIBCMTD:tell.obj
 0001:000404e0       _swab                      004414e0 f   LIBCMTD:swab.obj
 0001:000404e0       __swab                     004414e0 f   LIBCMTD:swab.obj
 0001:00040540       _getpid                    00441540 f   LIBCMTD:getpid.obj
 0001:00040540       __getpid                   00441540 f   LIBCMTD:getpid.obj
 0001:0004054c       _DeleteFileA@4             0044154c f   kernel32:KERNEL32.dll
 0001:00040552       _GetCurrentProcessId@0     00441552 f   kernel32:KERNEL32.dll
 0001:00050fa0       __enc$textbss$begin        00451fa0     <linker-defined>
 0001:000712a0       __enc$textbss$end          004722a0     <linker-defined>
 0002:0000001c       ??_C@_05IPJG@?$CFs?3?$CFs?$AA@ 0047301c     send_image.obj
 0002:00000024       ??_C@_0M@DEJO@NETWORK?5TCP?$AA@ 00473024     send_image.obj
 0002:00000034       ??_C@_0N@ECPC@AE?5REQUESTOR?$AA@ 00473034     send_image.obj
 0002:00000044       ??_C@_01FAJB@?$DL?$AA@     00473044     send_image.obj
 0002:00000048       ??_C@_03EMGA@SRV?$AA@      00473048     send_image.obj
 0002:0000004c       ??_C@_03BKNI@DUL?$AA@      0047304c     send_image.obj
 0002:00000050       ??_C@_03KNBJ@DCM?$AA@      00473050     send_image.obj
 0002:00000054       ??_C@_06LEAO@REPEAT?$AA@   00473054     send_image.obj
 0002:0000005c       ??_C@_03JGAL@?$CFlu?$AA@   0047305c     send_image.obj
 0002:00000060       ??_C@_02MECO@?$CFd?$AA@    00473060     send_image.obj
 0002:00000064       ??_C@_0DK@DDGC@1?42?4840?410008?41?42?41?$DL1?42?4840?41000@ 00473064     send_image.obj
 0002:000000ac       ??_C@_0BA@BBPP@MIRCTN11MAR2003?$AA@ 004730ac     send_image.obj
 0002:000000c0       ??_C@_0BO@IHIF@1?42?4840?4113654?42?43?41995?43?40?46?$AA@ 004730c0     send_image.obj
 0002:000000e4       ??_C@_0M@PCPM@called?5addr?$AA@ 004730e4     send_image.obj
 0002:000000f4       ??_C@_0N@EJJA@calling?5addr?$AA@ 004730f4     send_image.obj
 0002:00000104       ??_C@_00A@?$AA@            00473104     send_image.obj
 0002:00000108       ??_C@_0O@GBGI@DICOM_STORAGE?$AA@ 00473108     send_image.obj
 0002:00000118       ??_C@_0L@HMIO@DICOM_TEST?$AA@ 00473118     send_image.obj
 0002:00000128       ??_C@_0BG@GIMN@1?42?4840?410008?43?41?41?41?$AA@ 00473128     send_image.obj
 0002:00000144       ??_C@_0DA@KIGH@?$CF10d?5bytes?5transfer?5in?5?$CF7?43f?5sec@ 00473144     send_image.obj
 0002:00000180       __real@8@4008fa00000000000000 00473180     send_image.obj
 0002:0000018c       ??_C@_03HHKO@?$CFs?6?$AA@  0047318c     send_image.obj
 0002:00000190       ??_C@_01FDLN@?1?$AA@       00473190     send_image.obj
 0002:00000194       ??_C@_02OOND@?4?4?$AA@     00473194     send_image.obj
 0002:00000198       ??_C@_01PJCK@?4?$AA@       00473198     send_image.obj
 0002:0000019c       ??_C@_0CM@EPHE@Could?5not?5parse?5image?5for?5pixel?5@ 0047319c     send_image.obj
 0002:000001d0       ??_C@_0DB@NFEL@Unable?5to?5get?5Transfer?5Syntax?5fr@ 004731d0     send_image.obj
 0002:0000020c       ??_C@_0BE@FNMH@1?42?4840?410008?41?42?42?$AA@ 0047320c     send_image.obj
 0002:00000224       ??_C@_0BE@KCHO@1?42?4840?410008?41?42?41?$AA@ 00473224     send_image.obj
 0002:0000023c       ??_C@_0BC@OEFB@1?42?4840?410008?41?42?$AA@ 0047323c     send_image.obj
 0002:00000254       ??_C@_0P@OGKF@context?5string?$AA@ 00473254     send_image.obj
 0002:00000268       ??_C@_0CD@JDPE@?$CF8d?5bytes?5transmitted?5of?5?$CF8d?5?$CI?$CFs@ 00473268     send_image.obj
 0002:00000294       ??_C@_0BO@KHKP@Initial?5call?5to?5sendCallback?6?$AA@ 00473294     send_image.obj
 0002:000002b8       ??_C@_0ELC@BHMA@send_image?5?$FL?9a?5application?$FN?5?$FL?9c?5@ 004732b8     send_image.obj
 0002:0000085c       ??_C@_0NG@KHIB@The?5returned?5condition?5implies?5t@ 0047385c     send_image.obj
 0002:0000095c       ??_C@_0P@NCLG@Abnormal?5exit?6?$AA@ 0047395c     send_image.obj
 0002:00000970       ??_C@_0CD@OILO@Association?5accepted?0?5parameters@ 00473970     send_image.obj
 0002:0000099c       ??_C@_0CE@PEFA@?5Result?3?5?$CF2x?5Source?5?$CF2x?5Reason?5?$CF@ 0047399c     send_image.obj
 0002:000009c8       ??_C@_0BG@BCGC@Association?5Rejected?6?$AA@ 004739c8     send_image.obj
 0002:000009e4       ??_C@_0N@MDGD@CTN?9MUTEX?9?$CFd?$AA@ 004739e4     ctn_lib:ctnthread.obj
 0002:000009f4       ??_C@_0DB@NBC@Threads?5not?5initialized?5in?5call?5@ 004739f4     ctn_lib:ctnthread.obj
 0002:00000a28       ??_C@_0N@NPOP@?$CF04d?$CF02d?$CF02d?$AA@ 00473a28     ctn_lib:utility.obj
 0002:00000a38       __real@8@4004f000000000000000 00473a38     ctn_lib:utility.obj
 0002:00000a40       __real@8@400ae100000000000000 00473a40     ctn_lib:utility.obj
 0002:00000a48       __real@8@4002a000000000000000 00473a48     ctn_lib:utility.obj
 0002:00000a50       ??_C@_0BC@GBBF@?$CF02d?$CF02d?$CF02d?4?$CF06d?$AA@ 00473a50     ctn_lib:utility.obj
 0002:00000a68       __real@8@3ffe8000000000000000 00473a68     ctn_lib:utility.obj
 0002:00000a70       __real@8@4012f424000000000000 00473a70     ctn_lib:utility.obj
 0002:00000a78       ??_C@_09PMPP@UTL?5STAMP?$AA@ 00473a78     ctn_lib:utility.obj
 0002:00000a88       __real@8@bfff8000000000000000 00473a88     ctn_lib:utility.obj
 0002:00000a90       ??_C@_0BB@BLMA@Stat?5Count?5?$DN?5?$CFd?6?$AA@ 00473a90     ctn_lib:utility.obj
 0002:00000aa4       ??_C@_02FCCF@?1?$CK?$AA@   00473aa4     ctn_lib:utility.obj
 0002:00000aa8       ??_C@_03OALN@?5?7?6?$AA@   00473aa8     ctn_lib:utility.obj
 0002:00000aac       ??_C@_01LHO@r?$AA@         00473aac     ctn_lib:utility.obj
 0002:00000ab0       ??_C@_0BF@FBKP@?1runtime?1ctn_cfg?4txt?$AA@ 00473ab0     ctn_lib:utility.obj
 0002:00000ac8       ??_C@_0L@CJEE@CTN_TARGET?$AA@ 00473ac8     ctn_lib:utility.obj
 0002:00000ad4       ??_C@_06BLHP@SCUSCP?$AA@   00473ad4     ctn_lib:dulprotocol.obj
 0002:00000adc       ??_C@_03MPBB@SCP?$AA@      00473adc     ctn_lib:dulprotocol.obj
 0002:00000ae0       ??_C@_03MPNK@SCU?$AA@      00473ae0     ctn_lib:dulprotocol.obj
 0002:00000ae4       ??_C@_07IOPL@Default?$AA@  00473ae4     ctn_lib:dulprotocol.obj
 0002:00000aec       ??_C@_0BA@FPEL@DUL_DropNetwork?$AA@ 00473aec     ctn_lib:dulprotocol.obj
 0002:00000afc       ??_C@_0BH@OAMI@DUL_RequestAssociation?$AA@ 00473afc     ctn_lib:dulprotocol.obj
 0002:00000b14       ??_C@_08ILBF@?$CF?$FL?$FO?3?$FN?3?$CFd?$AA@ 00473b14     ctn_lib:dulprotocol.obj
 0002:00000b20       ??_C@_0BD@HIC@Writing?5to?5network?$AA@ 00473b20     ctn_lib:dulprotocol.obj
 0002:00000b34       ??_C@_06MGDF@maxPDU?$AA@   00473b34     ctn_lib:dulprotocol.obj
 0002:00000b3c       ??_C@_0CA@MBIO@DUL_RequestAssociationWithProxy?$AA@ 00473b3c     ctn_lib:dulprotocol.obj
 0002:00000b5c       ??_C@_0BO@OPPM@DUL_ReceiveAssociationRequest?$AA@ 00473b5c     ctn_lib:dulprotocol.obj
 0002:00000b7c       ??_C@_0BJ@DIB@DUL_ReceiveAssociationRQ?$AA@ 00473b7c     ctn_lib:dulprotocol.obj
 0002:00000b98       ??_C@_0CC@BDMD@DUL_ReceiveAssociationRQWithProx@ 00473b98     ctn_lib:dulprotocol.obj
 0002:00000bbc       ??_C@_07PKPP@AE?5BOTH?$AA@ 00473bbc     ctn_lib:dulprotocol.obj
 0002:00000bc4       ??_C@_0BN@KDDP@DUL_AcknowledgeAssociationRQ?$AA@ 00473bc4     ctn_lib:dulprotocol.obj
 0002:00000be4       ??_C@_0BI@GILH@DUL_RejectAssociationRQ?$AA@ 00473be4     ctn_lib:dulprotocol.obj
 0002:00000bfc       ??_C@_0BE@OKOA@DUL_DropAssociation?$AA@ 00473bfc     ctn_lib:dulprotocol.obj
 0002:00000c10       ??_C@_0DB@ECII@DUL_ReleaseAssociation?3?3?5final?5c@ 00473c10     ctn_lib:dulprotocol.obj
 0002:00000c44       ??_C@_0DC@PDFJ@DUL_ReleaseAssociation?3?3?5event?5?$DN@ 00473c44     ctn_lib:dulprotocol.obj
 0002:00000c78       ??_C@_0DH@KDAB@DUL_ReleaseAssociation?3?3?5event?5?$DN@ 00473c78     ctn_lib:dulprotocol.obj
 0002:00000cb0       ??_C@_0DH@CMMD@DUL_ReleaseAssociation?3?3?5event?5?$DN@ 00473cb0     ctn_lib:dulprotocol.obj
 0002:00000ce8       ??_C@_0DF@BPAI@DUL_ReleaseAssociation?3?3?5event?5?$DN@ 00473ce8     ctn_lib:dulprotocol.obj
 0002:00000d20       ??_C@_0DK@OIFF@DUL_ReleaseAssociation?3?3?5event?5?$DN@ 00473d20     ctn_lib:dulprotocol.obj
 0002:00000d5c       ??_C@_0DK@DODD@DUL_ReleaseAssociation?3?3?5event?5?$DN@ 00473d5c     ctn_lib:dulprotocol.obj
 0002:00000d98       ??_C@_0DK@CLEH@DUL_ReleaseAssociation?3?3?5event?5?$DN@ 00473d98     ctn_lib:dulprotocol.obj
 0002:00000dd4       ??_C@_0DF@EHOL@DUL_ReleaseAssociation?3?3?5non?9nor@ 00473dd4     ctn_lib:dulprotocol.obj
 0002:00000e0c       ??_C@_0DB@CCCA@DUL_ReleaseAssociation?3?3?5event?5?$DN@ 00473e0c     ctn_lib:dulprotocol.obj
 0002:00000e40       ??_C@_0DC@ODLN@DUL_ReleaseAssociation?3?3?5event?5?$DN@ 00473e40     ctn_lib:dulprotocol.obj
 0002:00000e74       ??_C@_0BH@EMDN@DUL_ReleaseAssociation?$AA@ 00473e74     ctn_lib:dulprotocol.obj
 0002:00000e8c       ??_C@_0BH@HDLK@DUL_AcknowledgeRelease?$AA@ 00473e8c     ctn_lib:dulprotocol.obj
 0002:00000ea4       ??_C@_0BF@KLIN@DUL_AbortAssociation?$AA@ 00473ea4     ctn_lib:dulprotocol.obj
 0002:00000ebc       ??_C@_0O@PAF@DUL_WritePDVs?$AA@ 00473ebc     ctn_lib:dulprotocol.obj
 0002:00000ecc       ??_C@_0N@DIIK@DUL_ReadPDVs?$AA@ 00473ecc     ctn_lib:dulprotocol.obj
 0002:00000edc       ??_C@_0BD@HIDK@DUL_K_MAX_PDU_XMIT?$AA@ 00473edc     ctn_lib:dulprotocol.obj
 0002:00000ef0       ??_C@_0BJ@MGFL@DUL_AssociationParameter?$AA@ 00473ef0     ctn_lib:dulprotocol.obj
 0002:00000f0c       ??_C@_0M@LCJO@DUL_NextPDV?$AA@ 00473f0c     ctn_lib:dulprotocol.obj
 0002:00000f18       ??_C@_05PHOA@?$CF?$FL?$FO?4?$FN?$AA@ 00473f18     ctn_lib:dulprotocol.obj
 0002:00000f20       ??_C@_0BA@FOMA@?$CF?9d?4?$CF?9d?4?$CF?9d?4?$CF?9d?$AA@ 00473f20     ctn_lib:dulprotocol.obj
 0002:00000f30       ??_C@_0BB@KCHG@In?5?$CFs?0?5socket?5?$CFd?$AA@ 00473f30     ctn_lib:dulprotocol.obj
 0002:00000f44       ??_C@_0BO@HEAL@Accept?5Error?5In?5?$CFs?0?5socket?5?$CFd?$AA@ 00473f44     ctn_lib:dulprotocol.obj
 0002:00000f64       ??_C@_0BO@FGGA@receiveTransportConnectionTCP?$AA@ 00473f64     ctn_lib:dulprotocol.obj
 0002:00000f84       ??_C@_0DO@FGDB@?$CK?$CK?$CK?$CK?$CK?$CK?$CK?$CK?$CK?$CK?$CK?$CK?$CKAFTER?5ACCEPT?$CIsock?3?5@ 00473f84     ctn_lib:dulprotocol.obj
 0002:00000fc4       ??_C@_0CM@IDCJ@?6?6?6?$CK?$CK?$CK?$CK?$CK?$CK?$CK?$CK?$CK?$CK?$CK?$CK?$CKBEFORE?5ACCEPT?$CK?$CK?$CK@ 00473fc4     ctn_lib:dulprotocol.obj
 0002:00000ff0       ??_C@_0M@EOOM@KEY?5NETWORK?$AA@ 00473ff0     ctn_lib:dulprotocol.obj
 0002:00000ffc       ??_C@_0M@OAHH@AE?5ACCEPTOR?$AA@ 00473ffc     ctn_lib:dulprotocol.obj
 0002:00001008       ??_C@_0BG@PFMO@?$CK?$CK?$CKAFTER?5LISTEN?$CK?$CK?$CK?6?6?6?$AA@ 00474008     ctn_lib:dulprotocol.obj
 0002:00001020       ??_C@_0BI@LGEA@?6?6?6?$CK?$CK?$CKBEFORE?5LISTEN?$CK?$CK?$CK?6?$AA@ 00474020     ctn_lib:dulprotocol.obj
 0002:00001038       ??_C@_0BA@POMM@KEY?5ASSOCIATION?$AA@ 00474038     ctn_lib:dulprotocol.obj
 0002:00001048       ??_C@_0BC@JMF@TCP_BUFFER_LENGTH?$AA@ 00474048     ctn_lib:dulprotocol.obj
 0002:0000105c       ??_C@_0BL@EGOA@Accepted?5Presentation?5Ctx?6?$AA@ 0047405c     ctn_lib:dulprotocol.obj
 0002:00001078       ??_C@_0BM@OCHO@Requested?5Presentation?5Ctx?6?$AA@ 00474078     ctn_lib:dulprotocol.obj
 0002:00001094       ??_C@_0BC@DEAM@ACC?5VERSION?3?5?5?$CFs?6?$AA@ 00474094     ctn_lib:dulprotocol.obj
 0002:000010a8       ??_C@_0BC@GHMM@ACC?5IMP?5UID?3?5?5?$CFs?6?$AA@ 004740a8     ctn_lib:dulprotocol.obj
 0002:000010bc       ??_C@_0BC@BLI@REQ?5VERSION?3?5?5?$CFs?6?$AA@ 004740bc     ctn_lib:dulprotocol.obj
 0002:000010d0       ??_C@_0BC@FCHI@REQ?5IMP?5UID?3?5?5?$CFs?6?$AA@ 004740d0     ctn_lib:dulprotocol.obj
 0002:000010e4       ??_C@_0BC@NDLN@PRES?5ADDR?3?5?5?5?5?$CFs?6?$AA@ 004740e4     ctn_lib:dulprotocol.obj
 0002:000010f8       ??_C@_0BC@KNKH@Peer?5MAX?5PDU?3?5?$CFd?6?$AA@ 004740f8     ctn_lib:dulprotocol.obj
 0002:0000110c       ??_C@_0BC@BHLL@MAX?5PDU?3?5?5?5?5?5?5?$CFd?6?$AA@ 0047410c     ctn_lib:dulprotocol.obj
 0002:00001120       ??_C@_0BC@JKJC@AP?5TITLE?3?5?5?5?5?5?$CFs?6?$AA@ 00474120     ctn_lib:dulprotocol.obj
 0002:00001134       ??_C@_04OBM@?$CF13s?$AA@   00474134     ctn_lib:dulprotocol.obj
 0002:0000113c       ??_C@_0BB@PHL@APP?5CTX?5NAME?3?$CFs?6?$AA@ 0047413c     ctn_lib:dulprotocol.obj
 0002:00001150       ??_C@_0BM@CHEL@?5?5Accepted?5Xfer?5Syntax?3?5?$CFs?6?$AA@ 00474150     ctn_lib:dulprotocol.obj
 0002:0000116c       ??_C@_04IALH@?$CF18s?$AA@  0047416c     ctn_lib:dulprotocol.obj
 0002:00001174       ??_C@_0BG@CDLA@?5?5?5?5?5?5?5?5?5?5?5?5?5?5?5?5?5?5?$CFs?6?$AA@ 00474174     ctn_lib:dulprotocol.obj
 0002:0000118c       ??_C@_0BM@KOGJ@?5?5Proposed?5Xfer?5Syntax?$CIes?$CJ?6?$AA@ 0047418c     ctn_lib:dulprotocol.obj
 0002:000011a8       ??_C@_0BO@ILBB@?5?5Accepted?5SCU?1SCP?5Role?3?5?5?$CFs?6?$AA@ 004741a8     ctn_lib:dulprotocol.obj
 0002:000011c8       ??_C@_0BO@DOMK@?5?5Proposed?5SCU?1SCP?5Role?3?5?5?$CFs?6?$AA@ 004741c8     ctn_lib:dulprotocol.obj
 0002:000011e8       ??_C@_0BM@OJAF@?5?5Result?5field?3?5?5?5?5?5?5?5?5?5?$CFd?6?$AA@ 004741e8     ctn_lib:dulprotocol.obj
 0002:00001204       ??_C@_04JJHC@?$CF24s?$AA@  00474204     ctn_lib:dulprotocol.obj
 0002:0000120c       ??_C@_0BM@FGKO@?5?5Abstract?5Syntax?3?5?5?5?5?5?5?$CFs?6?$AA@ 0047420c     ctn_lib:dulprotocol.obj
 0002:00001228       ??_C@_0BM@NMCG@?5?5Context?5ID?3?5?5?5?5?5?5?5?5?5?5?5?$CFd?6?$AA@ 00474228     ctn_lib:dulprotocol.obj
 0002:00001244       ??_C@_0N@OKIB@Unknown?5UID?6?$AA@ 00474244     ctn_lib:dulprotocol.obj
 0002:00001254       ??_C@_07CGGB@?$CFs?0?5?$CFs?6?$AA@ 00474254     ctn_lib:dulprotocol.obj
 0002:0000125c       ??_C@_07KMFA@No?5UID?6?$AA@ 0047425c     ctn_lib:dulprotocol.obj
 0002:00001264       ??_C@_01FCOA@?5?$AA@       00474264     ctn_lib:dulprotocol.obj
 0002:00001268       ??_C@_0BG@DJOF@1?42?4840?4113654?42?430?42?$AA@ 00474268     ctn_lib:srv1.obj
 0002:00001280       ??_C@_0BG@MGFM@1?42?4840?4113654?42?430?41?$AA@ 00474280     ctn_lib:srv1.obj
 0002:00001298       ??_C@_0BL@KBNI@1?42?4840?410008?45?41?44?434?44?43?$AA@ 00474298     ctn_lib:srv1.obj
 0002:000012b4       ??_C@_0BH@OPOJ@1?42?4840?410008?45?41?44?433?$AA@ 004742b4     ctn_lib:srv1.obj
 0002:000012cc       ??_C@_0BI@LIFE@1?42?4840?410008?43?41?42?43?43?$AA@ 004742cc     ctn_lib:srv1.obj
 0002:000012e4       ??_C@_0BJ@PMKE@1?42?4840?410008?45?41?44?432?43?$AA@ 004742e4     ctn_lib:srv1.obj
 0002:00001300       ??_C@_0BJ@FGDD@1?42?4840?410008?45?41?44?432?42?$AA@ 00474300     ctn_lib:srv1.obj
 0002:0000131c       ??_C@_0BJ@KJIK@1?42?4840?410008?45?41?44?432?41?$AA@ 0047431c     ctn_lib:srv1.obj
 0002:00001338       ??_C@_0BH@LKMH@1?42?4840?410008?45?41?44?431?$AA@ 00474338     ctn_lib:srv1.obj
 0002:00001350       ??_C@_0BF@MFKF@1?42?4840?410008?41?420?41?$AA@ 00474350     ctn_lib:srv1.obj
 0002:00001368       ??_C@_0BI@KLFB@1?42?4840?410008?43?41?42?45?45?$AA@ 00474368     ctn_lib:srv1.obj
 0002:00001380       ??_C@_0BI@BCMD@1?42?4840?410008?43?41?42?43?42?$AA@ 00474380     ctn_lib:srv1.obj
 0002:00001398       ??_C@_0BI@BMG@1?42?4840?410008?43?41?42?45?44?$AA@ 00474398     ctn_lib:srv1.obj
 0002:000013b0       ??_C@_0BI@PHDG@1?42?4840?410008?43?41?42?46?41?$AA@ 004743b0     ctn_lib:srv1.obj
 0002:000013c8       ??_C@_0BI@BAN@1?42?4840?410008?43?41?42?45?41?$AA@ 004743c8     ctn_lib:srv1.obj
 0002:000013e0       ??_C@_0BI@ONHK@1?42?4840?410008?43?41?42?43?41?$AA@ 004743e0     ctn_lib:srv1.obj
 0002:000013f8       ??_C@_0BI@EJJM@1?42?4840?410008?43?41?42?41?44?$AA@ 004743f8     ctn_lib:srv1.obj
 0002:00001410       ??_C@_0BI@LPGM@1?42?4840?410008?43?41?42?42?41?$AA@ 00474410     ctn_lib:srv1.obj
 0002:00001428       ??_C@_0BI@EJFH@1?42?4840?410008?43?41?42?41?41?$AA@ 00474428     ctn_lib:srv1.obj
 0002:00001440       ??_C@_0BH@NJKH@1?42?4840?410008?45?41?41?418?$AA@ 00474440     ctn_lib:srv1.obj
 0002:00001458       ??_C@_0BG@NLAI@1?42?4840?410008?45?41?41?49?$AA@ 00474458     ctn_lib:srv1.obj
 0002:00001470       ??_C@_0BM@JIHB@1?42?4840?410008?45?41?44?41?42?43?43?$AA@ 00474470     ctn_lib:srv1.obj
 0002:0000148c       ??_C@_0BM@DCOG@1?42?4840?410008?45?41?44?41?42?43?42?$AA@ 0047448c     ctn_lib:srv1.obj
 0002:000014a8       ??_C@_0BM@MNFP@1?42?4840?410008?45?41?44?41?42?43?41?$AA@ 004744a8     ctn_lib:srv1.obj
 0002:000014c4       ??_C@_0BM@MKGH@1?42?4840?410008?45?41?44?41?42?42?43?$AA@ 004744c4     ctn_lib:srv1.obj
 0002:000014e0       ??_C@_0BM@GAPA@1?42?4840?410008?45?41?44?41?42?42?42?$AA@ 004744e0     ctn_lib:srv1.obj
 0002:000014fc       ??_C@_0BM@JPEJ@1?42?4840?410008?45?41?44?41?42?42?41?$AA@ 004744fc     ctn_lib:srv1.obj
 0002:00001518       ??_C@_0BM@DMFM@1?42?4840?410008?45?41?44?41?42?41?43?$AA@ 00474518     ctn_lib:srv1.obj
 0002:00001534       ??_C@_0BM@JGML@1?42?4840?410008?45?41?44?41?42?41?42?$AA@ 00474534     ctn_lib:srv1.obj
 0002:00001550       ??_C@_0BM@GJHC@1?42?4840?410008?45?41?44?41?42?41?41?$AA@ 00474550     ctn_lib:srv1.obj
 0002:0000156c       ??_C@_0BE@EDGI@1?43?412?42?41107?45?49?41?$AA@ 0047456c     ctn_lib:srv1.obj
 0002:00001580       ??_C@_0BN@ILIN@1?42?4840?410008?45?41?44?41?41?412?43?$AA@ 00474580     ctn_lib:srv1.obj
 0002:000015a0       ??_C@_0BK@IEOO@1?42?4840?410008?45?41?44?41?41?46?$AA@ 004745a0     ctn_lib:srv1.obj
 0002:000015bc       ??_C@_0BK@HLFH@1?42?4840?410008?45?41?44?41?41?45?$AA@ 004745bc     ctn_lib:srv1.obj
 0002:000015d8       ??_C@_0BK@IECF@1?42?4840?410008?45?41?44?41?41?43?$AA@ 004745d8     ctn_lib:srv1.obj
 0002:000015f4       ??_C@_0BH@ODAF@1?42?4840?410008?45?41?41?427?$AA@ 004745f4     ctn_lib:srv1.obj
 0002:0000160c       ??_C@_0BM@FIPC@1?42?4840?410008?45?41?44?41?41?4129?$AA@ 0047460c     ctn_lib:srv1.obj
 0002:00001628       ??_C@_0BL@LCNG@1?42?4840?410008?45?41?44?41?41?411?$AA@ 00474628     ctn_lib:srv1.obj
 0002:00001644       ??_C@_0BK@CPCE@1?42?4840?410008?45?41?44?41?41?48?$AA@ 00474644     ctn_lib:srv1.obj
 0002:00001660       ??_C@_0BL@BIEB@1?42?4840?410008?45?41?44?41?41?410?$AA@ 00474660     ctn_lib:srv1.obj
 0002:0000167c       ??_C@_0BK@IFLD@1?42?4840?410008?45?41?44?41?41?49?$AA@ 0047467c     ctn_lib:srv1.obj
 0002:00001698       ??_C@_0BH@EIMP@1?42?4840?410008?45?41?41?429?$AA@ 00474698     ctn_lib:srv1.obj
 0002:000016b0       ??_C@_0BH@KAEK@1?42?4840?410008?45?41?41?430?$AA@ 004746b0     ctn_lib:srv1.obj
 0002:000016c8       ??_C@_0BO@LPPD@1?42?4840?410008?45?41?44?41?41?4481?49?$AA@ 004746c8     ctn_lib:srv1.obj
 0002:000016e8       ??_C@_0BO@BFGE@1?42?4840?410008?45?41?44?41?41?4481?48?$AA@ 004746e8     ctn_lib:srv1.obj
 0002:00001708       ??_C@_0BO@BEDJ@1?42?4840?410008?45?41?44?41?41?4481?47?$AA@ 00474708     ctn_lib:srv1.obj
 0002:00001728       ??_C@_0BO@LOKO@1?42?4840?410008?45?41?44?41?41?4481?46?$AA@ 00474728     ctn_lib:srv1.obj
 0002:00001748       ??_C@_0BO@EBBH@1?42?4840?410008?45?41?44?41?41?4481?45?$AA@ 00474748     ctn_lib:srv1.obj
 0002:00001768       ??_C@_0BO@OLIA@1?42?4840?410008?45?41?44?41?41?4481?44?$AA@ 00474768     ctn_lib:srv1.obj
 0002:00001788       ??_C@_0BO@LOGF@1?42?4840?410008?45?41?44?41?41?4481?43?$AA@ 00474788     ctn_lib:srv1.obj
 0002:000017a8       ??_C@_0BO@BEPC@1?42?4840?410008?45?41?44?41?41?4481?42?$AA@ 004747a8     ctn_lib:srv1.obj
 0002:000017c8       ??_C@_0BO@OLEL@1?42?4840?410008?45?41?44?41?41?4481?41?$AA@ 004747c8     ctn_lib:srv1.obj
 0002:000017e8       ??_C@_0BM@BKOA@1?42?4840?410008?45?41?44?41?41?4131?$AA@ 004747e8     ctn_lib:srv1.obj
 0002:00001804       ??_C@_0BM@LAHH@1?42?4840?410008?45?41?44?41?41?4130?$AA@ 00474804     ctn_lib:srv1.obj
 0002:00001820       ??_C@_0BM@PCGF@1?42?4840?410008?45?41?44?41?41?4128?$AA@ 00474820     ctn_lib:srv1.obj
 0002:0000183c       ??_C@_0BO@EJO@1?42?4840?410008?45?41?44?41?41?4104?42?$AA@ 0047483c     ctn_lib:srv1.obj
 0002:0000185c       ??_C@_0BO@PLCH@1?42?4840?410008?45?41?44?41?41?4104?41?$AA@ 0047485c     ctn_lib:srv1.obj
 0002:0000187c       ??_C@_0BO@OOAP@1?42?4840?410008?45?41?44?41?41?488?469?$AA@ 0047487c     ctn_lib:srv1.obj
 0002:0000189c       ??_C@_0BO@EFMF@1?42?4840?410008?45?41?44?41?41?488?467?$AA@ 0047489c     ctn_lib:srv1.obj
 0002:000018bc       ??_C@_0BO@BAOL@1?42?4840?410008?45?41?44?41?41?488?465?$AA@ 004748bc     ctn_lib:srv1.obj
 0002:000018dc       ??_C@_0BO@NFPA@1?42?4840?410008?45?41?44?41?41?488?459?$AA@ 004748dc     ctn_lib:srv1.obj
 0002:000018fc       ??_C@_0BO@CLNP@1?42?4840?410008?45?41?44?41?41?488?450?$AA@ 004748fc     ctn_lib:srv1.obj
 0002:0000191c       ??_C@_0BO@DNHF@1?42?4840?410008?45?41?44?41?41?488?440?$AA@ 0047491c     ctn_lib:srv1.obj
 0002:0000193c       ??_C@_0BO@KDJJ@1?42?4840?410008?45?41?44?41?41?488?433?$AA@ 0047493c     ctn_lib:srv1.obj
 0002:0000195c       ??_C@_0BO@BPKE@1?42?4840?410008?45?41?44?41?41?488?422?$AA@ 0047495c     ctn_lib:srv1.obj
 0002:0000197c       ??_C@_0BO@NLOC@1?42?4840?410008?45?41?44?41?41?488?411?$AA@ 0047497c     ctn_lib:srv1.obj
 0002:0000199c       ??_C@_0BN@GHMB@1?42?4840?410008?45?41?44?41?41?479?41?$AA@ 0047499c     ctn_lib:srv1.obj
 0002:000019bc       ??_C@_0BN@GADC@1?42?4840?410008?45?41?44?41?41?478?46?$AA@ 004749bc     ctn_lib:srv1.obj
 0002:000019dc       ??_C@_0BN@JPIL@1?42?4840?410008?45?41?44?41?41?478?45?$AA@ 004749dc     ctn_lib:srv1.obj
 0002:000019fc       ??_C@_0BN@DFBM@1?42?4840?410008?45?41?44?41?41?478?44?$AA@ 004749fc     ctn_lib:srv1.obj
 0002:00001a1c       ??_C@_0BN@GAPJ@1?42?4840?410008?45?41?44?41?41?478?43?$AA@ 00474a1c     ctn_lib:srv1.obj
 0002:00001a3c       ??_C@_0BN@MKGO@1?42?4840?410008?45?41?44?41?41?478?42?$AA@ 00474a3c     ctn_lib:srv1.obj
 0002:00001a5c       ??_C@_0BN@DFNH@1?42?4840?410008?45?41?44?41?41?478?41?$AA@ 00474a5c     ctn_lib:srv1.obj
 0002:00001a7c       ??_C@_0CB@HGCC@1?42?4840?410008?45?41?44?41?41?477?41?45?44@ 00474a7c     ctn_lib:srv1.obj
 0002:00001aa0       ??_C@_0CB@CDMH@1?42?4840?410008?45?41?44?41?41?477?41?45?43@ 00474aa0     ctn_lib:srv1.obj
 0002:00001ac4       ??_C@_0CB@IJFA@1?42?4840?410008?45?41?44?41?41?477?41?45?42@ 00474ac4     ctn_lib:srv1.obj
 0002:00001ae8       ??_C@_0CB@HGOJ@1?42?4840?410008?45?41?44?41?41?477?41?45?41@ 00474ae8     ctn_lib:srv1.obj
 0002:00001b0c       ??_C@_0CB@CEPP@1?42?4840?410008?45?41?44?41?41?477?41?44?41@ 00474b0c     ctn_lib:srv1.obj
 0002:00001b30       ??_C@_0BP@BPAO@1?42?4840?410008?45?41?44?41?41?477?41?44?$AA@ 00474b30     ctn_lib:srv1.obj
 0002:00001b50       ??_C@_0BP@EKOL@1?42?4840?410008?45?41?44?41?41?477?41?43?$AA@ 00474b50     ctn_lib:srv1.obj
 0002:00001b70       ??_C@_0CB@MIII@1?42?4840?410008?45?41?44?41?41?477?41?42?41@ 00474b70     ctn_lib:srv1.obj
 0002:00001b94       ??_C@_0BP@OAHM@1?42?4840?410008?45?41?44?41?41?477?41?42?$AA@ 00474b94     ctn_lib:srv1.obj
 0002:00001bb4       ??_C@_0CB@DOLD@1?42?4840?410008?45?41?44?41?41?477?41?41?41@ 00474bb4     ctn_lib:srv1.obj
 0002:00001bd8       ??_C@_0BP@BPMF@1?42?4840?410008?45?41?44?41?41?477?41?41?$AA@ 00474bd8     ctn_lib:srv1.obj
 0002:00001bf8       ??_C@_0BL@CMPB@1?42?4840?410008?45?41?44?41?41?467?$AA@ 00474bf8     ctn_lib:srv1.obj
 0002:00001c14       ??_C@_0BN@MGBL@1?42?4840?410008?45?41?44?41?41?466?45?$AA@ 00474c14     ctn_lib:srv1.obj
 0002:00001c34       ??_C@_0BN@GMIM@1?42?4840?410008?45?41?44?41?41?466?44?$AA@ 00474c34     ctn_lib:srv1.obj
 0002:00001c54       ??_C@_0BN@DJGJ@1?42?4840?410008?45?41?44?41?41?466?43?$AA@ 00474c54     ctn_lib:srv1.obj
 0002:00001c74       ??_C@_0BN@JDPO@1?42?4840?410008?45?41?44?41?41?466?42?$AA@ 00474c74     ctn_lib:srv1.obj
 0002:00001c94       ??_C@_0BN@GMEH@1?42?4840?410008?45?41?44?41?41?466?41?$AA@ 00474c94     ctn_lib:srv1.obj
 0002:00001cb4       ??_C@_0BL@IGGG@1?42?4840?410008?45?41?44?41?41?466?$AA@ 00474cb4     ctn_lib:srv1.obj
 0002:00001cd0       ??_C@_0BL@CDLO@1?42?4840?410008?45?41?44?41?41?420?$AA@ 00474cd0     ctn_lib:srv1.obj
 0002:00001cec       ??_C@_0BP@LHLO@1?42?4840?410008?45?41?44?41?41?413?41?43?$AA@ 00474cec     ctn_lib:srv1.obj
 0002:00001d0c       ??_C@_0BP@BNCJ@1?42?4840?410008?45?41?44?41?41?413?41?42?$AA@ 00474d0c     ctn_lib:srv1.obj
 0002:00001d2c       ??_C@_0BP@OCJA@1?42?4840?410008?45?41?44?41?41?413?41?41?$AA@ 00474d2c     ctn_lib:srv1.obj
 0002:00001d4c       ??_C@_0BP@LEIO@1?42?4840?410008?45?41?44?41?41?412?42?41?$AA@ 00474d4c     ctn_lib:srv1.obj
 0002:00001d6c       ??_C@_0BN@CBBK@1?42?4840?410008?45?41?44?41?41?412?42?$AA@ 00474d6c     ctn_lib:srv1.obj
 0002:00001d8c       ??_C@_0BP@ECLF@1?42?4840?410008?45?41?44?41?41?412?41?41?$AA@ 00474d8c     ctn_lib:srv1.obj
 0002:00001dac       ??_C@_0BN@NOKD@1?42?4840?410008?45?41?44?41?41?412?41?$AA@ 00474dac     ctn_lib:srv1.obj
[...]
 0003:00031c80       _xferSyntaxMap             004aec80     ctn_lib:send.obj
 0003:00031cf0       _metaRequired              004aecf0     ctn_lib:dcm1.obj
 0003:00031e48       _metaOptional              004aee48     ctn_lib:dcm1.obj
 0003:00031fe0       __crtDbgFlag               004aefe0     LIBCMTD:dbgheap.obj
 0003:00031fe8       __crtBreakAlloc            004aefe8     LIBCMTD:dbgheap.obj
 0003:00032010       __fltused                  004af010     LIBCMTD:fpinit.obj
 0003:00032014       __ldused                   004af014     LIBCMTD:fpinit.obj
 0003:00032018       __FPinit                   004af018     LIBCMTD:fpinit.obj
 0003:0003201c       __FPmtinit                 004af01c     LIBCMTD:fpinit.obj
 0003:00032020       __FPmtterm                 004af020     LIBCMTD:fpinit.obj
 0003:00032028       __iob                      004af028     LIBCMTD:_file.obj
 0003:000322a8       __aexit_rtn                004af2a8     LIBCMTD:crt0.obj
 0003:000322ac       ___app_type                004af2ac     LIBCMTD:crt0.obj
 0003:000322b0       __pctype                   004af2b0     LIBCMTD:ctype.obj
 0003:000322b4       __pwctype                  004af2b4     LIBCMTD:ctype.obj
 0003:000322b8       __ctype                    004af2b8     LIBCMTD:ctype.obj
 0003:000324bc       ___mb_cur_max              004af4bc     LIBCMTD:nlsdata1.obj
 0003:000324c0       ___decimal_point           004af4c0     LIBCMTD:nlsdata1.obj
 0003:000324c4       ___decimal_point_length    004af4c4     LIBCMTD:nlsdata1.obj
 0003:00032650       ___nullstring              004af650     LIBCMTD:output.obj
 0003:00032654       ___wnullstring             004af654     LIBCMTD:output.obj
 0003:00032658       __crtAssertBusy            004af658     LIBCMTD:dbgrpt.obj
 0003:0003265c       __CrtDbgMode               004af65c     LIBCMTD:dbgrpt.obj
 0003:00032668       __CrtDbgFile               004af668     LIBCMTD:dbgrpt.obj
 0003:0003268c       __locktable                004af68c     LIBCMTD:mlock.obj
 0003:0003274c       __NLG_Destination          004af74c     LIBCMTD:exsup.obj
 0003:0003275c       __pfnAllocHook             004af75c     LIBCMTD:dbghook.obj
 0003:00032760       ___old_small_block_heap    004af760     LIBCMTD:sbheap.obj
 0003:00034784       ___old_sbh_threshold       004b1784     LIBCMTD:sbheap.obj
 0003:00034788       __amblksiz                 004b1788     LIBCMTD:heapinit.obj
 0003:0003478c       __cfltcvt_tab              004b178c     LIBCMTD:cmiscdat.obj
 0003:000347a8       ___badioinfo               004b17a8     LIBCMTD:ioinit.obj
 0003:000347d0       __XcptActTab               004b17d0     LIBCMTD:winxfltr.obj
 0003:00034848       __First_FPE_Indx           004b1848     LIBCMTD:winxfltr.obj
 0003:0003484c       __Num_FPE                  004b184c     LIBCMTD:winxfltr.obj
 0003:00034850       __XcptActTabSize           004b1850     LIBCMTD:winxfltr.obj
 0003:00034854       __XcptActTabCount          004b1854     LIBCMTD:winxfltr.obj
 0003:00034858       ___tlsindex                004b1858     LIBCMTD:tidtable.obj
 0003:000348f0       __timezone                 004b18f0     LIBCMTD:timeset.obj
 0003:000348f4       __daylight                 004b18f4     LIBCMTD:timeset.obj
 0003:000348f8       __dstbias                  004b18f8     LIBCMTD:timeset.obj
 0003:0003497c       __tzname                   004b197c     LIBCMTD:timeset.obj
 0003:000349b0       __sys_errlist              004b19b0     LIBCMTD:syserr.obj
 0003:00034a60       __sys_nerr                 004b1a60     LIBCMTD:syserr.obj
 0003:00034b70       ___lc_category             004b1b70     LIBCMTD:setlocal.obj
 0003:00034ce8       __lpdays                   004b1ce8     LIBCMTD:days.obj
 0003:00034d1c       __days                     004b1d1c     LIBCMTD:days.obj
 0003:00034d50       ___rgLocInfo               004b1d50     LIBCMTD:getqloc.obj
 0003:000351f4       ___rglangidNotDefault      004b21f4     LIBCMTD:getqloc.obj
 0003:00035208       ___rg_country              004b2208     LIBCMTD:getqloc.obj
 0003:000352c0       ___rg_language             004b22c0     LIBCMTD:getqloc.obj
 0003:000354c8       ___lc_time_curr            004b24c8     LIBCMTD:strftime.obj
 0003:000354d0       ___lc_time_c               004b24d0     LIBCMTD:strftime.obj
 0003:00035580       ___lconv_static_decimal    004b2580     LIBCMTD:lconv.obj
 0003:00035588       ___lconv_c                 004b2588     LIBCMTD:lconv.obj
 0003:000355b8       ___lconv                   004b25b8     LIBCMTD:lconv.obj
 0003:000355c0       __pow10pos                 004b25c0     LIBCMTD:constpow.obj
 0003:00035720       __pow10neg                 004b2720     LIBCMTD:constpow.obj
 0003:00046e78       _PRVSRV_debug              004c3e78     ctn_lib:cmd_valid.obj
 0003:000480b0       ___fastflag                004c50b0     LIBCMTD:fpinit.obj
 0003:000480b4       __adjust_fdiv              004c50b4     LIBCMTD:fpinit.obj
 0003:000480b8       __umaskval                 004c50b8     LIBCMTD:crt0dat.obj
 0003:000480bc       __osver                    004c50bc     LIBCMTD:crt0dat.obj
 0003:000480c0       __winver                   004c50c0     LIBCMTD:crt0dat.obj
 0003:000480c4       __winmajor                 004c50c4     LIBCMTD:crt0dat.obj
 0003:000480c8       __winminor                 004c50c8     LIBCMTD:crt0dat.obj
 0003:000480cc       ___argc                    004c50cc     LIBCMTD:crt0dat.obj
 0003:000480d0       ___argv                    004c50d0     LIBCMTD:crt0dat.obj
 0003:000480d4       ___wargv                   004c50d4     LIBCMTD:crt0dat.obj
 0003:000480d8       __environ                  004c50d8     LIBCMTD:crt0dat.obj
 0003:000480dc       ___initenv                 004c50dc     LIBCMTD:crt0dat.obj
 0003:000480e0       __wenviron                 004c50e0     LIBCMTD:crt0dat.obj
 0003:000480e4       ___winitenv                004c50e4     LIBCMTD:crt0dat.obj
 0003:000480e8       __pgmptr                   004c50e8     LIBCMTD:crt0dat.obj
 0003:000480ec       __wpgmptr                  004c50ec     LIBCMTD:crt0dat.obj
 0003:000480f0       __exitflag                 004c50f0     LIBCMTD:crt0dat.obj
 0003:000480f4       __C_Termination_Done       004c50f4     LIBCMTD:crt0dat.obj
 0003:000480f8       __C_Exit_Done              004c50f8     LIBCMTD:crt0dat.obj
 0003:00048100       __cflush                   004c5100     LIBCMTD:_file.obj
 0003:00048104       __aenvptr                  004c5104     LIBCMTD:crt0.obj
 0003:00048108       __wenvptr                  004c5108     LIBCMTD:crt0.obj
 0003:0004810c       ___error_mode              004c510c     LIBCMTD:crt0.obj
 0003:00048158       __newmode                  004c5158     LIBCMTD:_newmode.obj
 0003:0004815c       ?_pnhHeap@@3P6AHI@ZA       004c515c     LIBCMTD:handler.obj
 0003:000481c4       __stdbuf                   004c51c4     LIBCMTD:_sftbuf.obj
 0003:000482d4       __adbgmsg                  004c52d4     LIBCMTD:crt0msg.obj
 0003:000483c4       __fmode                    004c53c4     LIBCMTD:txtmode.obj
 0003:000483d4       ___lc_handle               004c53d4     LIBCMTD:nlsdata2.obj
 0003:000483ec       ___lc_codepage             004c53ec     LIBCMTD:nlsdata2.obj
 0003:000483f0       ___lc_collate_cp           004c53f0     LIBCMTD:nlsdata2.obj
 0003:0004841c       __commode                  004c541c     LIBCMTD:ncommode.obj
 0003:00048424       ___lc_time_intl            004c5424     LIBCMTD:inittime.obj
 0003:00048440       ___lc_id                   004c5440     LIBCMTD:nlsdata3.obj
 0003:00048490       ___lconv_static_null       004c5490     LIBCMTD:lconv.obj
 0003:000484a0       _groupElement              004c54a0     <common>
 0003:000484c0       _hMutex                    004c54c0     <common>
 0003:000485b8       ___alternate_form          004c55b8     <common>
 0003:000485c8       ___no_lead_zeros           004c55c8     <common>
 0003:000485cc       ___mbcodepage              004c55cc     <common>
 0003:00048650       ___mbulinfo                004c5650     <common>
 0003:0004865c       ___ismbcodepage            004c565c     <common>
 0003:00048660       __mbcasemap                004c5660     <common>
 0003:00048760       __mbctype                  004c5760     <common>
 0003:00048864       ___mblcid                  004c5864     <common>
 0003:00048868       ___setlc_active            004c5868     <common>
 0003:00048878       ___unguarded_readlc_active 004c5878     <common>
 0003:00048880       ___pioinfo                 004c5880     <common>
 0003:000489bc       __nhandle                  004c59bc     <common>
 0003:000489c0       __crtheap                  004c59c0     <common>
 0003:000489d0       ___active_heap             004c59d0     <common>
 0003:000489d4       ___sbh_sizeHeaderList      004c59d4     <common>
 0003:000489e8       ___sbh_indGroupDefer       004c59e8     <common>
 0003:000489ec       ___sbh_pHeaderScan         004c59ec     <common>
 0003:000489f0       ___sbh_initialized         004c59f0     <common>
 0003:000489f4       ___sbh_pHeaderDefer        004c59f4     <common>
 0003:000489f8       ___sbh_cntHeaderList       004c59f8     <common>
 0003:000489fc       ___sbh_pHeaderList         004c59fc     <common>
 0003:00048a00       ___sbh_threshold           004c5a00     <common>
 0003:00048a04       __pfnReportHook            004c5a04     <common>
 0003:00048a10       __acmdln                   004c5a10     <common>
 0003:00048a1c       ___piob                    004c5a1c     <common>
 0003:00048d60       __bufin                    004c5d60     <common>
 0003:00049d60       __nstream                  004c6d60     <common>
 0003:00049d64       ___env_initialized         004c6d64     <common>
 0003:00049d74       ___mbctype_initialized     004c6d74     <common>
 0003:00049d78       ___onexitend               004c6d78     <common>
 0003:00049d7c       ___onexitbegin             004c6d7c     <common>
 0003:00049d80       __pfnDumpClient            004c6d80     <common>
 0004:00000000       __IMPORT_DESCRIPTOR_WSOCK32 004c7000     wsock32:WSOCK32.dll
 0004:00000014       __IMPORT_DESCRIPTOR_KERNEL32 004c7014     kernel32:KERNEL32.dll
 0004:00000028       __NULL_IMPORT_DESCRIPTOR   004c7028     wsock32:WSOCK32.dll
 0004:000002b4       __imp__GetModuleFileNameA@12 004c72b4     kernel32:KERNEL32.dll
 0004:000002b8       __imp__DeleteFileA@4       004c72b8     kernel32:KERNEL32.dll
 0004:000002bc       __imp__GetLocaleInfoW@16   004c72bc     kernel32:KERNEL32.dll
 0004:000002c0       __imp__GetUserDefaultLCID@0 004c72c0     kernel32:KERNEL32.dll
 0004:000002c4       __imp__EnumSystemLocalesA@8 004c72c4     kernel32:KERNEL32.dll
 0004:000002c8       __imp__GetLocaleInfoA@16   004c72c8     kernel32:KERNEL32.dll
 0004:000002cc       __imp__IsValidCodePage@4   004c72cc     kernel32:KERNEL32.dll
 0004:000002d0       __imp__IsValidLocale@8     004c72d0     kernel32:KERNEL32.dll
 0004:000002d4       __imp__SetEnvironmentVariableA@8 004c72d4     kernel32:KERNEL32.dll
 0004:000002d8       __imp__CompareStringW@24   004c72d8     kernel32:KERNEL32.dll
 0004:000002dc       __imp__CompareStringA@24   004c72dc     kernel32:KERNEL32.dll
 0004:000002e0       __imp__GetOEMCP@0          004c72e0     kernel32:KERNEL32.dll
 0004:000002e4       __imp__GetACP@0            004c72e4     kernel32:KERNEL32.dll
 0004:000002e8       __imp__GetCPInfo@8         004c72e8     kernel32:KERNEL32.dll
 0004:000002ec       __imp__SetConsoleCtrlHandler@8 004c72ec     kernel32:KERNEL32.dll
 0004:000002f0       __imp__FlushFileBuffers@4  004c72f0     kernel32:KERNEL32.dll
 0004:000002f4       __imp__LCMapStringW@24     004c72f4     kernel32:KERNEL32.dll
 0004:000002f8       __imp__LCMapStringA@24     004c72f8     kernel32:KERNEL32.dll
 0004:000002fc       __imp__Sleep@4             004c72fc     kernel32:KERNEL32.dll
 0004:00000300       __imp__CreateMutexA@12     004c7300     kernel32:KERNEL32.dll
 0004:00000304       __imp__CloseHandle@4       004c7304     kernel32:KERNEL32.dll
 0004:00000308       __imp__WaitForSingleObject@8 004c7308     kernel32:KERNEL32.dll
 0004:0000030c       __imp__OpenMutexA@12       004c730c     kernel32:KERNEL32.dll
 0004:00000310       __imp__ReleaseMutex@4      004c7310     kernel32:KERNEL32.dll
 0004:00000314       __imp__IsBadWritePtr@8     004c7314     kernel32:KERNEL32.dll
 0004:00000318       __imp__IsBadReadPtr@8      004c7318     kernel32:KERNEL32.dll
 0004:0000031c       __imp__HeapValidate@12     004c731c     kernel32:KERNEL32.dll
 0004:00000320       __imp__ExitProcess@4       004c7320     kernel32:KERNEL32.dll
 0004:00000324       __imp__TerminateProcess@8  004c7324     kernel32:KERNEL32.dll
 0004:00000328       __imp__GetCurrentProcess@0 004c7328     kernel32:KERNEL32.dll
 0004:0000032c       __imp__EnterCriticalSection@4 004c732c     kernel32:KERNEL32.dll
 0004:00000330       __imp__LeaveCriticalSection@4 004c7330     kernel32:KERNEL32.dll
 0004:00000334       __imp__GetCommandLineA@0   004c7334     kernel32:KERNEL32.dll
 0004:00000338       __imp__GetVersion@0        004c7338     kernel32:KERNEL32.dll
 0004:0000033c       __imp__GetTimeZoneInformation@4 004c733c     kernel32:KERNEL32.dll
 0004:00000340       __imp__GetSystemTime@4     004c7340     kernel32:KERNEL32.dll
 0004:00000344       __imp__GetLocalTime@4      004c7344     kernel32:KERNEL32.dll
 0004:00000348       __imp__GetSystemTimeAsFileTime@4 004c7348     kernel32:KERNEL32.dll
 0004:0000034c       __imp__GetLastError@0      004c734c     kernel32:KERNEL32.dll
 0004:00000350       __imp__CreateDirectoryA@8  004c7350     kernel32:KERNEL32.dll
 0004:00000354       __imp__FindClose@4         004c7354     kernel32:KERNEL32.dll
 0004:00000358       __imp__FileTimeToSystemTime@8 004c7358     kernel32:KERNEL32.dll
 0004:0000035c       __imp__FileTimeToLocalFileTime@8 004c735c     kernel32:KERNEL32.dll
 0004:00000360       __imp__GetDriveTypeA@4     004c7360     kernel32:KERNEL32.dll
 0004:00000364       __imp__FindFirstFileA@8    004c7364     kernel32:KERNEL32.dll
 0004:00000368       __imp__FindNextFileA@8     004c7368     kernel32:KERNEL32.dll
 0004:0000036c       __imp__GetFileType@4       004c736c     kernel32:KERNEL32.dll
 0004:00000370       __imp__CreateFileA@28      004c7370     kernel32:KERNEL32.dll
 0004:00000374       __imp__ReadFile@20         004c7374     kernel32:KERNEL32.dll
 0004:00000378       __imp__InterlockedDecrement@4 004c7378     kernel32:KERNEL32.dll
 0004:0000037c       __imp__InterlockedIncrement@4 004c737c     kernel32:KERNEL32.dll
 0004:00000380       __imp__DebugBreak@0        004c7380     kernel32:KERNEL32.dll
 0004:00000384       __imp__GetStdHandle@4      004c7384     kernel32:KERNEL32.dll
 0004:00000388       __imp__WriteFile@20        004c7388     kernel32:KERNEL32.dll
 0004:0000038c       __imp__OutputDebugStringA@4 004c738c     kernel32:KERNEL32.dll
 0004:00000390       __imp__GetProcAddress@8    004c7390     kernel32:KERNEL32.dll
 0004:00000394       __imp__LoadLibraryA@4      004c7394     kernel32:KERNEL32.dll
 0004:00000398       __imp__GetCurrentProcessId@0 004c7398     kernel32:KERNEL32.dll
 0004:0000039c       __imp__InitializeCriticalSection@4 004c739c     kernel32:KERNEL32.dll
 0004:000003a0       __imp__DeleteCriticalSection@4 004c73a0     kernel32:KERNEL32.dll
 0004:000003a4       __imp__FatalAppExitA@8     004c73a4     kernel32:KERNEL32.dll
 0004:000003a8       __imp__RtlUnwind@16        004c73a8     kernel32:KERNEL32.dll
 0004:000003ac       __imp__HeapAlloc@12        004c73ac     kernel32:KERNEL32.dll
 0004:000003b0       __imp__HeapReAlloc@16      004c73b0     kernel32:KERNEL32.dll
 0004:000003b4       __imp__HeapFree@12         004c73b4     kernel32:KERNEL32.dll
 0004:000003b8       __imp__VirtualFree@12      004c73b8     kernel32:KERNEL32.dll
 0004:000003bc       __imp__VirtualAlloc@16     004c73bc     kernel32:KERNEL32.dll
 0004:000003c0       __imp__GetModuleHandleA@4  004c73c0     kernel32:KERNEL32.dll
 0004:000003c4       __imp__GetEnvironmentVariableA@12 004c73c4     kernel32:KERNEL32.dll
 0004:000003c8       __imp__GetVersionExA@4     004c73c8     kernel32:KERNEL32.dll
 0004:000003cc       __imp__HeapDestroy@4       004c73cc     kernel32:KERNEL32.dll
 0004:000003d0       __imp__HeapCreate@12       004c73d0     kernel32:KERNEL32.dll
 0004:000003d4       __imp__SetHandleCount@4    004c73d4     kernel32:KERNEL32.dll
 0004:000003d8       __imp__GetStartupInfoA@4   004c73d8     kernel32:KERNEL32.dll
 0004:000003dc       __imp__UnhandledExceptionFilter@4 004c73dc     kernel32:KERNEL32.dll
 0004:000003e0       __imp__FreeEnvironmentStringsA@4 004c73e0     kernel32:KERNEL32.dll
 0004:000003e4       __imp__FreeEnvironmentStringsW@4 004c73e4     kernel32:KERNEL32.dll
 0004:000003e8       __imp__WideCharToMultiByte@32 004c73e8     kernel32:KERNEL32.dll
 0004:000003ec       __imp__GetEnvironmentStrings@0 004c73ec     kernel32:KERNEL32.dll
 0004:000003f0       __imp__GetEnvironmentStringsW@0 004c73f0     kernel32:KERNEL32.dll
 0004:000003f4       __imp__GetCurrentThreadId@0 004c73f4     kernel32:KERNEL32.dll
 0004:000003f8       __imp__TlsSetValue@8       004c73f8     kernel32:KERNEL32.dll
 0004:000003fc       __imp__TlsAlloc@0          004c73fc     kernel32:KERNEL32.dll
 0004:00000400       __imp__TlsFree@4           004c7400     kernel32:KERNEL32.dll
 0004:00000404       __imp__SetLastError@4      004c7404     kernel32:KERNEL32.dll
 0004:00000408       __imp__TlsGetValue@4       004c7408     kernel32:KERNEL32.dll
 0004:0000040c       __imp__GetCurrentThread@0  004c740c     kernel32:KERNEL32.dll
 0004:00000410       __imp__MultiByteToWideChar@24 004c7410     kernel32:KERNEL32.dll
 0004:00000414       __imp__GetStringTypeA@20   004c7414     kernel32:KERNEL32.dll
 0004:00000418       __imp__GetStringTypeW@16   004c7418     kernel32:KERNEL32.dll
 0004:0000041c       __imp__SetStdHandle@8      004c741c     kernel32:KERNEL32.dll
 0004:00000420       __imp__GetFullPathNameA@16 004c7420     kernel32:KERNEL32.dll
 0004:00000424       __imp__GetCurrentDirectoryA@8 004c7424     kernel32:KERNEL32.dll
 0004:00000428       __imp__SetCurrentDirectoryA@4 004c7428     kernel32:KERNEL32.dll
 0004:0000042c       __imp__SetEndOfFile@4      004c742c     kernel32:KERNEL32.dll
 0004:00000430       __imp__SetFilePointer@16   004c7430     kernel32:KERNEL32.dll
 0004:00000434       \177KERNEL32_NULL_THUNK_DATA 004c7434     kernel32:KERNEL32.dll
 0004:000004ac       __imp__bind@12             004c74ac     wsock32:WSOCK32.dll
 0004:000004b0       __imp__getsockname@12      004c74b0     wsock32:WSOCK32.dll
 0004:000004b4       __imp__listen@8            004c74b4     wsock32:WSOCK32.dll
 0004:000004b8       __imp__accept@12           004c74b8     wsock32:WSOCK32.dll
 0004:000004bc       __imp__gethostbyaddr@12    004c74bc     wsock32:WSOCK32.dll
 0004:000004c0       __imp__select@20           004c74c0     wsock32:WSOCK32.dll
 0004:000004c4       __imp____WSAFDIsSet@8      004c74c4     wsock32:WSOCK32.dll
 0004:000004c8       __imp__recv@16             004c74c8     wsock32:WSOCK32.dll
 0004:000004cc       __imp__send@16             004c74cc     wsock32:WSOCK32.dll
 0004:000004d0       __imp__socket@12           004c74d0     wsock32:WSOCK32.dll
 0004:000004d4       __imp__gethostbyname@4     004c74d4     wsock32:WSOCK32.dll
 0004:000004d8       __imp__htons@4             004c74d8     wsock32:WSOCK32.dll
 0004:000004dc       __imp__connect@12          004c74dc     wsock32:WSOCK32.dll
 0004:000004e0       __imp__closesocket@4       004c74e0     wsock32:WSOCK32.dll
 0004:000004e4       __imp__WSACleanup@0        004c74e4     wsock32:WSOCK32.dll
 0004:000004e8       __imp__WSAStartup@8        004c74e8     wsock32:WSOCK32.dll
 0004:000004ec       __imp__setsockopt@20       004c74ec     wsock32:WSOCK32.dll
 0004:000004f0       __imp__gethostname@8       004c74f0     wsock32:WSOCK32.dll
 0004:000004f4       \177WSOCK32_NULL_THUNK_DATA 004c74f4     wsock32:WSOCK32.dll

 entry point at        0001:00026840

