
 Start         Length     Name                   Class
 0001:00401000 000544A4H .text                   CODE
 0002:00456000 00000770H .itext                  ICODE
 0003:00457000 00001AF8H .data                   DATA
 0004:00459000 00004CCCH .bss                    BSS
 0005:00000000 00000038H .tls                    TLS


Detailed map of segments

 0001:00000000 000056C1 C=CODE     S=.text    G=(none)   M=System   ACBP=A9
 0001:000056C4 00000105 C=CODE     S=.text    G=(none)   M=SysInit  ACBP=A9
 0001:000057CC 00000058 C=CODE     S=.text    G=(none)   M=Types    ACBP=A9
 0001:00005824 00000B2C C=CODE     S=.text    G=(none)   M=Windows  ACBP=A9
 0001:00006350 000002D8 C=CODE     S=.text    G=(none)   M=SysConst ACBP=A9
 0001:00006628 000066C1 C=CODE     S=.text    G=(none)   M=SysUtils ACBP=A9
 0001:0000CCEC 000007EE C=CODE     S=.text    G=(none)   M=VarUtils ACBP=A9
 0001:0000D4DC 00002990 C=CODE     S=.text    G=(none)   M=Variants ACBP=A9
 0001:0000FE6C 000000F8 C=CODE     S=.text    G=(none)   M=RTLConsts ACBP=A9
 0001:0000FF64 00000887 C=CODE     S=.text    G=(none)   M=TypInfo  ACBP=A9
 0001:000107EC 00009C21 C=CODE     S=.text    G=(none)   M=Classes  ACBP=A9
 0001:0001A410 00000191 C=CODE     S=.text    G=(none)   M=Contnrs  ACBP=A9
 0001:0001A5A4 00001262 C=CODE     S=.text    G=(none)   M=HelpIntfs ACBP=A9
 0001:0001B808 00000772 C=CODE     S=.text    G=(none)   M=MultiMon ACBP=A9
 0001:0001BF7C 000000A6 C=CODE     S=.text    G=(none)   M=CommCtrl ACBP=A9
 0001:0001C024 00000210 C=CODE     S=.text    G=(none)   M=Consts   ACBP=A9
 0001:0001C234 0000005D C=CODE     S=.text    G=(none)   M=IniFiles ACBP=A9
 0001:0001C294 000005C5 C=CODE     S=.text    G=(none)   M=Registry ACBP=A9
 0001:0001C85C 00007632 C=CODE     S=.text    G=(none)   M=Graphics ACBP=A9
 0001:00023E90 0000016A C=CODE     S=.text    G=(none)   M=SyncObjs ACBP=A9
 0001:00023FFC 00000BB9 C=CODE     S=.text    G=(none)   M=UxTheme  ACBP=A9
 0001:00024BB8 00000194 C=CODE     S=.text    G=(none)   M=DwmApi   ACBP=A9
 0001:00024D4C 00000006 C=CODE     S=.text    G=(none)   M=ShellAPI ACBP=A9
 0001:00024D54 0000003A C=CODE     S=.text    G=(none)   M=Printers ACBP=A9
 0001:00024D90 00000D76 C=CODE     S=.text    G=(none)   M=GraphUtil ACBP=A9
 0001:00025B08 00000316 C=CODE     S=.text    G=(none)   M=ExtCtrls ACBP=A9
 0001:00025E20 00000674 C=CODE     S=.text    G=(none)   M=Dialogs  ACBP=A9
 0001:00026494 0000003A C=CODE     S=.text    G=(none)   M=Clipbrd  ACBP=A9
 0001:000264D0 0000012D C=CODE     S=.text    G=(none)   M=StdActns ACBP=A9
 0001:00026600 0000030E C=CODE     S=.text    G=(none)   M=FlatSB   ACBP=A9
 0001:00026910 00007AD9 C=CODE     S=.text    G=(none)   M=Menus    ACBP=A9
 0001:0002E3EC 00013548 C=CODE     S=.text    G=(none)   M=Controls ACBP=A9
 0001:00041934 00000B76 C=CODE     S=.text    G=(none)   M=Themes   ACBP=A9
 0001:000424AC 000016DD C=CODE     S=.text    G=(none)   M=ImgList  ACBP=A9
 0001:00043B8C 00001332 C=CODE     S=.text    G=(none)   M=ActnList ACBP=A9
 0001:00044EC0 0000F14C C=CODE     S=.text    G=(none)   M=Forms    ACBP=A9
 0001:0005400C 0000005D C=CODE     S=.text    G=(none)   M=FmxUtils ACBP=A9
 0001:0005406C 00000258 C=CODE     S=.text    G=(none)   M=fMagLauncher ACBP=A9
 0001:000542C4 000001E0 C=CODE     S=.text    G=(none)   M=MagLauncher ACBP=A9
 0002:00000000 00000095 C=ICODE    S=.itext   G=(none)   M=System   ACBP=A9
 0002:00000098 00000011 C=ICODE    S=.itext   G=(none)   M=Windows  ACBP=A9
 0002:000000AC 00000088 C=ICODE    S=.itext   G=(none)   M=SysUtils ACBP=A9
 0002:00000134 0000000F C=ICODE    S=.itext   G=(none)   M=VarUtils ACBP=A9
 0002:00000144 000000AA C=ICODE    S=.itext   G=(none)   M=Variants ACBP=A9
 0002:000001F0 00000008 C=ICODE    S=.itext   G=(none)   M=TypInfo  ACBP=A9
 0002:000001F8 00000092 C=ICODE    S=.itext   G=(none)   M=Classes  ACBP=A9
 0002:0000028C 00000008 C=ICODE    S=.itext   G=(none)   M=HelpIntfs ACBP=A9
 0002:00000294 0000000F C=ICODE    S=.itext   G=(none)   M=MultiMon ACBP=A9
 0002:000002A4 00000008 C=ICODE    S=.itext   G=(none)   M=IniFiles ACBP=A9
 0002:000002AC 00000008 C=ICODE    S=.itext   G=(none)   M=Registry ACBP=A9
 0002:000002B4 000000FB C=ICODE    S=.itext   G=(none)   M=Graphics ACBP=A9
 0002:000003B0 0000001B C=ICODE    S=.itext   G=(none)   M=UxTheme  ACBP=A9
 0002:000003CC 00000008 C=ICODE    S=.itext   G=(none)   M=DwmApi   ACBP=A9
 0002:000003D4 00000008 C=ICODE    S=.itext   G=(none)   M=Printers ACBP=A9
 0002:000003DC 00000098 C=ICODE    S=.itext   G=(none)   M=GraphUtil ACBP=A9
 0002:00000474 00000044 C=ICODE    S=.itext   G=(none)   M=ExtCtrls ACBP=A9
 0002:000004B8 0000003D C=ICODE    S=.itext   G=(none)   M=Dialogs  ACBP=A9
 0002:000004F8 00000058 C=ICODE    S=.itext   G=(none)   M=Clipbrd  ACBP=A9
 0002:00000550 0000000F C=ICODE    S=.itext   G=(none)   M=FlatSB   ACBP=A9
 0002:00000560 00000085 C=ICODE    S=.itext   G=(none)   M=Menus    ACBP=A9
 0002:000005E8 0000008F C=ICODE    S=.itext   G=(none)   M=Controls ACBP=A9
 0002:00000678 00000008 C=ICODE    S=.itext   G=(none)   M=Themes   ACBP=A9
 0002:00000680 0000002A C=ICODE    S=.itext   G=(none)   M=ActnList ACBP=A9
 0002:000006AC 00000070 C=ICODE    S=.itext   G=(none)   M=Forms    ACBP=A9
 0002:0000071C 00000051 C=ICODE    S=.itext   G=(none)   M=MagLauncher ACBP=A9
 0003:00000000 00000788 C=DATA     S=.data    G=DGROUP   M=System   ACBP=A9
 0003:00000788 00000020 C=DATA     S=.data    G=DGROUP   M=SysInit  ACBP=A9
 0003:000007A8 0000024C C=DATA     S=.data    G=DGROUP   M=SysUtils ACBP=A9
 0003:000009F4 00000008 C=DATA     S=.data    G=DGROUP   M=VarUtils ACBP=A9
 0003:000009FC 0000008E C=DATA     S=.data    G=DGROUP   M=Variants ACBP=A9
 0003:00000A8C 0000000C C=DATA     S=.data    G=DGROUP   M=TypInfo  ACBP=A9
 0003:00000A98 00000064 C=DATA     S=.data    G=DGROUP   M=Classes  ACBP=A9
 0003:00000AFC 00000008 C=DATA     S=.data    G=DGROUP   M=IniFiles ACBP=A9
 0003:00000B04 00000008 C=DATA     S=.data    G=DGROUP   M=Registry ACBP=A9
 0003:00000B0C 0000030C C=DATA     S=.data    G=DGROUP   M=Graphics ACBP=A9
 0003:00000E18 00000004 C=DATA     S=.data    G=DGROUP   M=Printers ACBP=A9
 0003:00000E1C 00000450 C=DATA     S=.data    G=DGROUP   M=GraphUtil ACBP=A9
 0003:0000126C 00000074 C=DATA     S=.data    G=DGROUP   M=Dialogs  ACBP=A9
 0003:000012E0 0000012C C=DATA     S=.data    G=DGROUP   M=Menus    ACBP=A9
 0003:0000140C 00000140 C=DATA     S=.data    G=DGROUP   M=Controls ACBP=A9
 0003:0000154C 00000068 C=DATA     S=.data    G=DGROUP   M=Themes   ACBP=A9
 0003:000015B4 00000020 C=DATA     S=.data    G=DGROUP   M=ImgList  ACBP=A9
 0003:000015D4 0000013C C=DATA     S=.data    G=DGROUP   M=Forms    ACBP=A9
 0004:00000000 000027F0 C=BSS      S=.bss     G=DGROUP   M=System   ACBP=A9
 0004:000027F0 0000000C C=BSS      S=.bss     G=DGROUP   M=SysInit  ACBP=A9
 0004:000027FC 00000008 C=BSS      S=.bss     G=DGROUP   M=Windows  ACBP=A9
 0004:00002804 00002108 C=BSS      S=.bss     G=DGROUP   M=SysUtils ACBP=A9
 0004:0000490C 0000005C C=BSS      S=.bss     G=DGROUP   M=VarUtils ACBP=A9
 0004:00004968 00000040 C=BSS      S=.bss     G=DGROUP   M=Variants ACBP=A9
 0004:000049A8 00000004 C=BSS      S=.bss     G=DGROUP   M=TypInfo  ACBP=A9
 0004:000049AC 00000040 C=BSS      S=.bss     G=DGROUP   M=Classes  ACBP=A9
 0004:000049EC 00000008 C=BSS      S=.bss     G=DGROUP   M=HelpIntfs ACBP=A9
 0004:000049F4 00000031 C=BSS      S=.bss     G=DGROUP   M=MultiMon ACBP=A9
 0004:00004A28 00000004 C=BSS      S=.bss     G=DGROUP   M=IniFiles ACBP=A9
 0004:00004A2C 00000004 C=BSS      S=.bss     G=DGROUP   M=Registry ACBP=A9
 0004:00004A30 00000060 C=BSS      S=.bss     G=DGROUP   M=Graphics ACBP=A9
 0004:00004A90 000000DC C=BSS      S=.bss     G=DGROUP   M=UxTheme  ACBP=A9
 0004:00004B6C 00000010 C=BSS      S=.bss     G=DGROUP   M=DwmApi   ACBP=A9
 0004:00004B7C 00000004 C=BSS      S=.bss     G=DGROUP   M=Printers ACBP=A9
 0004:00004B80 00000010 C=BSS      S=.bss     G=DGROUP   M=GraphUtil ACBP=A9
 0004:00004B90 00000008 C=BSS      S=.bss     G=DGROUP   M=ExtCtrls ACBP=A9
 0004:00004B98 0000000C C=BSS      S=.bss     G=DGROUP   M=Dialogs  ACBP=A9
 0004:00004BA4 0000000C C=BSS      S=.bss     G=DGROUP   M=Clipbrd  ACBP=A9
 0004:00004BB0 00000034 C=BSS      S=.bss     G=DGROUP   M=FlatSB   ACBP=A9
 0004:00004BE4 00000010 C=BSS      S=.bss     G=DGROUP   M=Menus    ACBP=A9
 0004:00004BF4 00000088 C=BSS      S=.bss     G=DGROUP   M=Controls ACBP=A9
 0004:00004C7C 0000000C C=BSS      S=.bss     G=DGROUP   M=Themes   ACBP=A9
 0004:00004C88 00000008 C=BSS      S=.bss     G=DGROUP   M=ImgList  ACBP=A9
 0004:00004C90 00000004 C=BSS      S=.bss     G=DGROUP   M=ActnList ACBP=A9
 0004:00004C94 00000031 C=BSS      S=.bss     G=DGROUP   M=Forms    ACBP=A9
 0004:00004CC8 00000004 C=BSS      S=.bss     G=DGROUP   M=fMagLauncher ACBP=A9
 0005:00000000 00000008 C=TLS      S=.tls     G=(none)   M=System   ACBP=A9
 0005:00000008 00000008 C=TLS      S=.tls     G=(none)   M=Classes  ACBP=A9
 0005:00000010 00000028 C=TLS      S=.tls     G=(none)   M=GraphUtil ACBP=A9


  Address             Publics by Name

 0004:00004C90       ActnList..9
 0001:00043FB4       ActnList..TActionLink
 0001:00043B8C       ActnList..TContainedAction
 0001:00043EAC       ActnList..TCustomAction
 0001:00043CB0       ActnList..TCustomActionList
 0001:00043D90       ActnList..TShortCutList
 0002:00000680       ActnList.ActnList
 0001:00044E90       ActnList.Finalization
 0001:000446A4       ActnList.TActionLink.IsCaptionLinked
 0001:000446B8       ActnList.TActionLink.IsCheckedLinked
 0001:000446CC       ActnList.TActionLink.IsEnabledLinked
 0001:000446E0       ActnList.TActionLink.IsGroupIndexLinked
 0001:000446F4       ActnList.TActionLink.IsHelpContextLinked
 0001:00044708       ActnList.TActionLink.IsHelpLinked
 0001:0004471C       ActnList.TActionLink.IsHintLinked
 0001:00044730       ActnList.TActionLink.IsImageIndexLinked
 0001:00044744       ActnList.TActionLink.IsShortCutLinked
 0001:00044758       ActnList.TActionLink.IsVisibleLinked
 0001:0004476C       ActnList.TActionLink.SetAutoCheck
 0001:00044770       ActnList.TActionLink.SetCaption
 0001:00044774       ActnList.TActionLink.SetChecked
 0001:00044778       ActnList.TActionLink.SetEnabled
 0001:0004477C       ActnList.TActionLink.SetGroupIndex
 0001:00044780       ActnList.TActionLink.SetHelpContext
 0001:00044784       ActnList.TActionLink.SetHelpKeyword
 0001:00044788       ActnList.TActionLink.SetHelpType
 0001:0004478C       ActnList.TActionLink.SetHint
 0001:00044790       ActnList.TActionLink.SetImageIndex
 0001:00044794       ActnList.TActionLink.SetShortCut
 0001:00044798       ActnList.TActionLink.SetVisible
 0001:00044084       ActnList.TContainedAction.Destroy
 0001:000441F0       ActnList.TContainedAction.Execute
 0001:000440B8       ActnList.TContainedAction.GetIndex
 0001:000440D4       ActnList.TContainedAction.GetParentComponent
 0001:000440E4       ActnList.TContainedAction.HasParent
 0001:000440D0       ActnList.TContainedAction.IsCategoryStored
 0001:000440F4       ActnList.TContainedAction.ReadState
 0001:0004419C       ActnList.TContainedAction.SetActionList
 0001:00044170       ActnList.TContainedAction.SetCategory
 0001:00044128       ActnList.TContainedAction.SetIndex
 0001:000441C4       ActnList.TContainedAction.SetParentComponent
 0001:00044248       ActnList.TContainedAction.Update
 0001:00044840       ActnList.TCustomAction.AssignTo
 0001:0004479C       ActnList.TCustomAction.Create
 0001:000447F0       ActnList.TCustomAction.Destroy
 0001:00044D60       ActnList.TCustomAction.DoHint
 0001:00044D88       ActnList.TCustomAction.Execute
 0001:00044DEC       ActnList.TCustomAction.GetSecondaryShortCuts
 0001:00044E14       ActnList.TCustomAction.HandleShortCut
 0001:000448F0       ActnList.TCustomAction.SetCaption
 0001:00044950       ActnList.TCustomAction.SetChecked
 0001:00044A58       ActnList.TCustomAction.SetEnabled
 0001:00044B3C       ActnList.TCustomAction.SetHelpContext
 0001:00044AD4       ActnList.TCustomAction.SetHelpKeyword
 0001:00044B94       ActnList.TCustomAction.SetHint
 0001:00044BF4       ActnList.TCustomAction.SetImageIndex
 0001:00044D14       ActnList.TCustomAction.SetName
 0001:00044C50       ActnList.TCustomAction.SetShortCut
 0001:00044CB4       ActnList.TCustomAction.SetVisible
 0001:00044478       ActnList.TCustomActionList.AddAction
 0001:000444B4       ActnList.TCustomActionList.Change
 0001:000442A0       ActnList.TCustomActionList.Create
 0001:0004430C       ActnList.TCustomActionList.Destroy
 0001:000445C0       ActnList.TCustomActionList.ExecuteAction
 0001:000443D4       ActnList.TCustomActionList.GetAction
 0001:000443E8       ActnList.TCustomActionList.GetActionCount
 0001:0004435C       ActnList.TCustomActionList.GetChildren
 0001:00044424       ActnList.TCustomActionList.ImageListChange
 0001:0004451C       ActnList.TCustomActionList.IsShortCut
 0001:00044430       ActnList.TCustomActionList.Notification
 0001:00044498       ActnList.TCustomActionList.RemoveAction
 0001:000443A4       ActnList.TCustomActionList.SetChildOrder
 0001:000443F0       ActnList.TCustomActionList.SetImages
 0001:00044600       ActnList.TCustomActionList.SetState
 0001:000445E0       ActnList.TCustomActionList.UpdateAction
 0001:00044E20       ActnList.TShortCutList.Add
 0001:00044E4C       ActnList.TShortCutList.IndexOfShortCut
 0004:000049B8       Classes..95
 0001:00010CE8       Classes..EBitsError
 0001:00010BD8       Classes..EClassNotFound
 0001:00010DA0       Classes..EComponentError
 0001:00010A1C       Classes..EFCreateError
 0001:00010AD0       Classes..EFilerError
 0001:000109BC       Classes..EFileStreamError
 0001:00010A78       Classes..EFOpenError
 0001:00010E58       Classes..EInvalidOperation
 0001:00010C90       Classes..EListError
 0001:00010DFC       Classes..EOutOfResources
 0001:00010B28       Classes..EReadError
 0001:00010C34       Classes..EResNotFound
 0001:00010960       Classes..EStreamError
 0001:00010D40       Classes..EStringListError
 0001:000119C4       Classes..EThread
 0001:00010B80       Classes..EWriteError
 0001:00011CEC       Classes..TBasicAction
 0001:00011C6C       Classes..TBasicActionLink
 0001:00010F74       Classes..TBits
 0001:00011870       Classes..TClassFinder
 0001:00011B0C       Classes..TComponent
 0001:00011564       Classes..TCustomMemoryStream
 0001:000118CC       Classes..TFiler
 0001:000114DC       Classes..TFileStream
 0001:00011464       Classes..THandleStream
 0001:00012B94       Classes..TIntConst
 0001:000110B8       Classes..TInterfacedPersistent
 0001:00010EB8       Classes..TList
 0001:000115E0       Classes..TMemoryStream
 0001:00010FC8       Classes..TPersistent
 0001:00015B9C       Classes..TPropFixup
 0001:00015C14       Classes..TPropIntfFixup
 0001:00011930       Classes..TReader
 0001:00011E70       Classes..TRegGroup
 0001:00011EC8       Classes..TRegGroups
 0001:0001165C       Classes..TResourceStream
 0001:000113F4       Classes..TStream
 0001:000117E8       Classes..TStreamAdapter
 0001:000112DC       Classes..TStringList
 0001:000111A4       Classes..TStrings
 0001:00010F1C       Classes..TThreadList
 0001:00012B38       Classes.ActivateClassGroup
 0003:00000A98       Classes.AddDataModule
 0001:00015E74       Classes.AddFinished
 0001:00015EAC       Classes.AddNotFinished
 0001:00016A20       Classes.AddSubComponentsToLoaded
 0001:0001A284       Classes.AllocateHWnd
 0003:00000AA8       Classes.ApplicationHandleException
 0003:00000AB0       Classes.ApplicationShowException
 0001:00012E90       Classes.BeginGlobalLoading
 0003:00000AD0       Classes.BlockCode
 0001:00011E34       Classes.Bounds
 0001:0001A1C0       Classes.CalcJmpOffset
 0001:00016A5C       Classes.CheckSubComponents
 0001:00018F30       Classes.CheckSynchronize
 0002:000001F8       Classes.Classes
 0001:000128FC       Classes.ClassNotFound
 0001:00016B3C       Classes.ComponentCreated
 0001:00016BBC       Classes.CreateComponent
 0001:0001A338       Classes.DeallocateHWnd
 0001:00018EF0       Classes.DoneThreadSynchronization
 0001:00013CE8       Classes.DoWrite
 0001:00012F18       Classes.EndGlobalLoading
 0001:0001249C       Classes.Error
 0001:000159D4       Classes.Error
 0003:00000AC0       Classes.FilerSignature
 0001:0001A360       Classes.Finalization
 0001:000129BC       Classes.FindClass
 0001:00016D6C       Classes.FindExistingComponent
 0001:00012DA8       Classes.FindGlobalComponent
 0004:000049C4       Classes.FindGlobalComponentProcs
 0001:00012C50       Classes.FindIdentToInt
 0001:00015DA8       Classes.FindNestedComponent
 0001:00017D10       Classes.FindUniqueName
 0001:0001A12C       Classes.FreeIntConstList
 0001:0001A260       Classes.FreeObjectInstance
 0001:00012968       Classes.GetClass
 0001:000128F0       Classes.GetFieldClassTable
 0004:000049C8       Classes.GlobalFixupList
 0001:00015EF4       Classes.GlobalFixupReferences
 0005:0000000C       Classes.GlobalLists
 0005:00000008       Classes.GlobalLoaded
 0004:000049AC       Classes.GlobalNameSpace
 0001:00012AE4       Classes.GroupDescendentsWith
 0001:000174E0       Classes.HandleException
 0001:00012CCC       Classes.IdentToInt
 0001:00012F74       Classes.InitComponent
 0001:0001301C       Classes.InitInheritedComponent
 0001:00018EBC       Classes.InitThreadSynchronization
 0004:000049E4       Classes.InstBlockList
 0004:000049E8       Classes.InstFreeList
 0004:000049BC       Classes.IntConstList
 0001:00012E0C       Classes.InternalReadComponentRes
 0001:00012D0C       Classes.IntToIdent
 0001:00011E5C       Classes.InvalidPoint
 0001:00012DE8       Classes.IsUniqueGlobalComponentName
 0004:000049B0       Classes.IsUniqueGlobalComponentNameProc
 0001:0001A1C8       Classes.MakeObjectInstance
 0001:00013684       Classes.Min
 0001:0001A198       Classes.ModuleUnload
 0003:00000AC4       Classes.NilMethod
 0001:00012EE8       Classes.NotifyGlobalLoading
 0001:00011DE4       Classes.Point
 0001:00012228       Classes.PointerInModule
 0001:00016214       Classes.PropertyNotFound
 0001:000175E0       Classes.PropPathError
 0001:00016208       Classes.PropValueError
 0001:000151C4       Classes.RaiseException
 0001:000188C4       Classes.ReadCustomVariant
 0001:000161F0       Classes.ReadError
 0001:00016B5C       Classes.Recover
 0001:00011E0C       Classes.Rect
 0004:000049C0       Classes.RegGroups
 0001:000129DC       Classes.RegisterClass
 0001:00012D50       Classes.RegisterFindGlobalComponentProc
 0001:00012C24       Classes.RegisterIntegerConsts
 0003:00000AA0       Classes.RemoveDataModule
 0001:000160C0       Classes.RemoveFixupReferences
 0001:0001616C       Classes.RemoveFixups
 0001:00016504       Classes.RemoveGlobalFixup
 0001:00018F08       Classes.ResetSyncEvent
 0001:00013E48       Classes.ReturnAddr
 0001:000131AC       Classes.ReturnAddr
 0001:00016CCC       Classes.SetCompName
 0001:00016240       Classes.SetElementValue
 0001:00017938       Classes.SetInterfaceReference
 0001:00017854       Classes.SetIntIdent
 0001:0001789C       Classes.SetObjectIdent
 0001:00016AD4       Classes.SetSubComponentState
 0001:000178DC       Classes.SetVariantReference
 0001:000183E4       Classes.SkipBinary
 0001:00018414       Classes.SkipCollection
 0001:000183BC       Classes.SkipList
 0001:00011DFC       Classes.SmallPoint
 0001:00012A98       Classes.StartClassGroup
 0001:0001A1A0       Classes.StdWndProc
 0001:00014FEC       Classes.StringListCompareStrings
 0004:000049B4       Classes.SyncEvent
 0003:00000ACC       Classes.SyncList
 0001:00019B98       Classes.TBasicAction.Change
 0001:00019A2C       Classes.TBasicAction.Create
 0001:00019A70       Classes.TBasicAction.Destroy
 0001:00019B04       Classes.TBasicAction.Execute
 0001:00019AD4       Classes.TBasicAction.ExecuteTarget
 0001:00019AD0       Classes.TBasicAction.HandlesTarget
 0001:00019AD8       Classes.TBasicAction.Notification
 0001:00019BAC       Classes.TBasicAction.RegisterChanges
 0001:00019BF8       Classes.TBasicAction.SetActionComponent
 0001:00019B3C       Classes.TBasicAction.SetOnExecute
 0001:00019BB8       Classes.TBasicAction.UnRegisterChanges
 0001:00019B20       Classes.TBasicAction.Update
 0001:00019B00       Classes.TBasicAction.UpdateTarget
 0001:0001997C       Classes.TBasicActionLink.AssignClient
 0001:000199B4       Classes.TBasicActionLink.Change
 0001:00019938       Classes.TBasicActionLink.Create
 0001:00019980       Classes.TBasicActionLink.Destroy
 0001:000199CC       Classes.TBasicActionLink.Execute
 0001:00019A14       Classes.TBasicActionLink.IsOnExecuteLinked
 0001:000199E8       Classes.TBasicActionLink.SetAction
 0001:00019A18       Classes.TBasicActionLink.SetOnExecute
 0001:00019A20       Classes.TBasicActionLink.Update
 0001:0001363C       Classes.TBits.Destroy
 0001:0001366C       Classes.TBits.Error
 0001:00013760       Classes.TBits.OpenBit
 0001:00013734       Classes.TBits.SetBit
 0001:00013690       Classes.TBits.SetSize
 0001:0001270C       Classes.TClassFinder.Create
 0001:00012838       Classes.TClassFinder.Destroy
 0001:00012868       Classes.TClassFinder.GetClass
 0001:00013A60       Classes.TCollection.Add
 0001:00013A80       Classes.TCollection.Clear
 0001:000191D0       Classes.TComponent.BeforeDestruction
 0001:00019708       Classes.TComponent.ChangeName
 0001:00019108       Classes.TComponent.Create
 0001:00019498       Classes.TComponent.DefineProperties
 0001:00019154       Classes.TComponent.Destroy
 0001:00019360       Classes.TComponent.DestroyComponents
 0001:000193BC       Classes.TComponent.Destroying
 0001:00019844       Classes.TComponent.ExecuteAction
 0001:00019628       Classes.TComponent.FindComponent
 0001:000191DC       Classes.TComponent.FreeNotification
 0001:0001952C       Classes.TComponent.GetChildOwner
 0001:00019530       Classes.TComponent.GetChildParent
 0001:00019524       Classes.TComponent.GetChildren
 0001:0001971C       Classes.TComponent.GetComponent
 0001:00019748       Classes.TComponent.GetComponentCount
 0001:00019534       Classes.TComponent.GetNamePath
 0001:00019548       Classes.TComponent.GetOwner
 0001:00019550       Classes.TComponent.GetParentComponent
 0001:00019520       Classes.TComponent.HasParent
 0001:00019270       Classes.TComponent.Insert
 0001:000192C4       Classes.TComponent.InsertComponent
 0001:00019934       Classes.TComponent.IntfGetComponent
 0001:00019570       Classes.TComponent.Loaded
 0001:00019438       Classes.TComponent.Notification
 0001:0001957C       Classes.TComponent.PaletteCreated
 0001:000198B4       Classes.TComponent.QueryInterface
 0001:00019230       Classes.TComponent.ReadLeft
 0001:00019580       Classes.TComponent.ReadState
 0001:00019244       Classes.TComponent.ReadTop
 0001:0001929C       Classes.TComponent.Remove
 0001:00019328       Classes.TComponent.RemoveComponent
 0001:0001941C       Classes.TComponent.RemoveFreeNotification
 0001:000193F8       Classes.TComponent.RemoveNotification
 0001:00019894       Classes.TComponent.SafeCallException
 0001:0001954C       Classes.TComponent.SetChildOrder
 0001:00019758       Classes.TComponent.SetComponentIndex
 0001:000197AC       Classes.TComponent.SetDesigning
 0001:00019678       Classes.TComponent.SetName
 0001:00019554       Classes.TComponent.SetParentComponent
 0001:000197FC       Classes.TComponent.SetReference
 0001:0001986C       Classes.TComponent.UpdateAction
 0001:00019564       Classes.TComponent.Updated
 0001:000198AC       Classes.TComponent.UpdateRegistry
 0001:00019558       Classes.TComponent.Updating
 0001:00019610       Classes.TComponent.ValidateContainer
 0001:00019624       Classes.TComponent.ValidateInsert
 0001:00019590       Classes.TComponent.ValidateRename
 0001:00019258       Classes.TComponent.WriteLeft
 0001:00019588       Classes.TComponent.WriteState
 0001:00019264       Classes.TComponent.WriteTop
 0001:000198F4       Classes.TComponent._AddRef
 0001:00019914       Classes.TComponent._Release
 0001:00015780       Classes.TCustomMemoryStream.Read
 0001:000157B8       Classes.TCustomMemoryStream.Seek
 0001:00015778       Classes.TCustomMemoryStream.SetPointer
 0001:00015B28       Classes.TFiler.Create
 0001:00015B70       Classes.TFiler.Destroy
 0001:00015B98       Classes.TFiler.SetRoot
 0001:000155D0       Classes.TFileStream.Create
 0001:0001558C       Classes.TFileStream.Create
 0001:00015744       Classes.TFileStream.Destroy
 0001:000154C8       Classes.THandleStream.Create
 0001:00015504       Classes.THandleStream.Read
 0001:00015524       Classes.THandleStream.Seek
 0001:00015564       Classes.THandleStream.SetSize
 0001:00015550       Classes.THandleStream.SetSize
 0001:00015514       Classes.THandleStream.Write
 0004:000049CC       Classes.ThreadLock
 0001:00012BEC       Classes.TIntConst.Create
 0001:000139A8       Classes.TInterfacedPersistent.AfterConstruction
 0001:00013A38       Classes.TInterfacedPersistent.QueryInterface
 0001:000139F8       Classes.TInterfacedPersistent._AddRef
 0001:00013A18       Classes.TInterfacedPersistent._Release
 0001:00013104       Classes.TList.Add
 0001:00013138       Classes.TList.Clear
 0001:00013150       Classes.TList.Delete
 0001:000130E4       Classes.TList.Destroy
 0001:000131B0       Classes.TList.Error
 0001:000131E8       Classes.TList.Error
 0001:0001323C       Classes.TList.Expand
 0001:00013254       Classes.TList.First
 0001:0001325C       Classes.TList.Get
 0001:00013284       Classes.TList.Grow
 0001:000132B8       Classes.TList.IndexOf
 0001:000132D8       Classes.TList.Insert
 0001:00013344       Classes.TList.Last
 0001:00013470       Classes.TList.Notify
 0001:00013350       Classes.TList.Put
 0001:000133A0       Classes.TList.Remove
 0001:000133C0       Classes.TList.SetCapacity
 0001:000133FC       Classes.TList.SetCount
 0001:00015808       Classes.TMemoryStream.Clear
 0001:000157DC       Classes.TMemoryStream.Destroy
 0001:00015820       Classes.TMemoryStream.LoadFromStream
 0001:000158AC       Classes.TMemoryStream.Realloc
 0001:00015858       Classes.TMemoryStream.SetCapacity
 0001:00015880       Classes.TMemoryStream.SetSize
 0001:0001592C       Classes.TMemoryStream.Write
 0001:00013804       Classes.TPersistent.Assign
 0001:00013818       Classes.TPersistent.AssignError
 0001:000138E8       Classes.TPersistent.AssignTo
 0001:000138F0       Classes.TPersistent.DefineProperties
 0001:000137D8       Classes.TPersistent.Destroy
 0001:000138F4       Classes.TPersistent.GetNamePath
 0001:000139A4       Classes.TPersistent.GetOwner
 0001:00015C74       Classes.TPropFixup.Create
 0001:00015CCC       Classes.TPropFixup.MakeGlobalReference
 0001:00015D14       Classes.TPropFixup.ResolveReference
 0001:00015D24       Classes.TPropIntfFixup.ResolveReference
 0001:00016294       Classes.TReader.CheckValue
 0001:000162F4       Classes.TReader.DefineBinaryProperty
 0001:000162B8       Classes.TReader.DefineProperty
 0001:00016258       Classes.TReader.Destroy
 0001:00016580       Classes.TReader.DoFixupReferences
 0001:000163DC       Classes.TReader.EndOfList
 0001:000163F0       Classes.TReader.Error
 0001:00018710       Classes.TReader.FindAncestorComponent
 0001:00018808       Classes.TReader.FindComponentClass
 0001:0001649C       Classes.TReader.FindMethod
 0001:00016414       Classes.TReader.FindMethodInstance
 0001:000166C4       Classes.TReader.FlushBuffer
 0001:000166E8       Classes.TReader.FreeFixups
 0001:00016724       Classes.TReader.GetFieldClass
 0001:000167BC       Classes.TReader.GetPosition
 0001:000167D4       Classes.TReader.NextValue
 0001:000167E4       Classes.TReader.PropertyError
 0001:000167F8       Classes.TReader.Read
 0001:00016880       Classes.TReader.ReadBoolean
 0001:00016844       Classes.TReader.ReadBuffer
 0001:00016894       Classes.TReader.ReadChar
 0001:00016950       Classes.TReader.ReadCollection
 0001:00016E10       Classes.TReader.ReadComponent
 0001:00017250       Classes.TReader.ReadCurrency
 0001:00017050       Classes.TReader.ReadData
 0001:000170C0       Classes.TReader.ReadDataInner
 0001:000172A0       Classes.TReader.ReadDate
 0001:000171C8       Classes.TReader.ReadDouble
 0001:00017190       Classes.TReader.ReadFloat
 0001:000172E4       Classes.TReader.ReadIdent
 0001:0001744C       Classes.TReader.ReadInt64
 0001:000173E0       Classes.TReader.ReadInteger
 0001:00017490       Classes.TReader.ReadListBegin
 0001:00017498       Classes.TReader.ReadListEnd
 0001:000174A0       Classes.TReader.ReadPrefix
 0001:000175FC       Classes.TReader.ReadProperty
 0001:000179F8       Classes.TReader.ReadPropValue
 0001:00017D70       Classes.TReader.ReadRootComponent
 0001:000180A4       Classes.TReader.ReadSet
 0001:00018160       Classes.TReader.ReadSignature
 0001:0001720C       Classes.TReader.ReadSingle
 0001:00018184       Classes.TReader.ReadStr
 0001:000181C0       Classes.TReader.ReadString
 0001:00018360       Classes.TReader.ReadValue
 0001:00018A8C       Classes.TReader.ReadVariant
 0001:000168F4       Classes.TReader.ReadWideChar
 0001:0001827C       Classes.TReader.ReadWideString
 0001:000187C8       Classes.TReader.ReferenceName
 0001:000187E0       Classes.TReader.SetName
 0001:0001887C       Classes.TReader.SkipBytes
 0001:00018668       Classes.TReader.SkipComponent
 0001:00018620       Classes.TReader.SkipProperty
 0001:00018374       Classes.TReader.SkipSetBody
 0001:00018470       Classes.TReader.SkipValue
 0001:00011F20       Classes.TRegGroup.AddClass
 0001:00011F2C       Classes.TRegGroup.BestClass
 0001:00011F8C       Classes.TRegGroup.BestGroup
 0001:00011FFC       Classes.TRegGroup.Create
 0001:00012058       Classes.TRegGroup.Destroy
 0001:00012098       Classes.TRegGroup.GetClass
 0001:00012100       Classes.TRegGroup.InGroup
 0001:00012144       Classes.TRegGroup.RegisterClass
 0001:00012204       Classes.TRegGroup.Registered
 0001:00012248       Classes.TRegGroup.UnregisterModuleClasses
 0001:000122F4       Classes.TRegGroups.Activate
 0001:00012340       Classes.TRegGroups.Create
 0001:000123B4       Classes.TRegGroups.Destroy
 0001:00012414       Classes.TRegGroups.FindGroup
 0001:00012458       Classes.TRegGroups.GetClass
 0001:0001252C       Classes.TRegGroups.GroupWith
 0001:000125F8       Classes.TRegGroups.Lock
 0001:00012604       Classes.TRegGroups.RegisterClass
 0001:0001261C       Classes.TRegGroups.Registered
 0001:00012660       Classes.TRegGroups.StartGroup
 0001:000126B0       Classes.TRegGroups.Unlock
 0001:000126BC       Classes.TRegGroups.UnregisterModuleClasses
 0001:0001597C       Classes.TResourceStream.Create
 0001:00015AE0       Classes.TResourceStream.Destroy
 0001:00015A74       Classes.TResourceStream.Initialize
 0001:00015B10       Classes.TResourceStream.Write
 0001:00015374       Classes.TStream.CopyFrom
 0001:000150D8       Classes.TStream.GetPosition
 0001:0001510C       Classes.TStream.GetSize
 0001:00015304       Classes.TStream.ReadBuffer
 0001:00015468       Classes.TStream.ReadComponent
 0001:00015210       Classes.TStream.Seek
 0001:00015294       Classes.TStream.Seek
 0001:000150F8       Classes.TStream.SetPosition
 0001:00015170       Classes.TStream.SetSize
 0001:00015158       Classes.TStream.SetSize
 0001:0001515C       Classes.TStream.SetSize64
 0001:0001533C       Classes.TStream.WriteBuffer
 0001:0001A114       Classes.TStreamAdapter.Clone
 0001:0001A068       Classes.TStreamAdapter.Commit
 0001:00019E60       Classes.TStreamAdapter.CopyTo
 0001:00019C24       Classes.TStreamAdapter.Create
 0001:00019C70       Classes.TStreamAdapter.Destroy
 0001:0001A080       Classes.TStreamAdapter.LockRegion
 0001:00019CA8       Classes.TStreamAdapter.Read
 0001:0001A074       Classes.TStreamAdapter.Revert
 0001:00019D78       Classes.TStreamAdapter.Seek
 0001:00019DFC       Classes.TStreamAdapter.SetSize
 0001:0001A098       Classes.TStreamAdapter.Stat
 0001:0001A08C       Classes.TStreamAdapter.UnlockRegion
 0001:00019D10       Classes.TStreamAdapter.Write
 0001:00014A58       Classes.TStringList.Add
 0001:00014A68       Classes.TStringList.AddObject
 0001:00014ACC       Classes.TStringList.Changed
 0001:00014AE8       Classes.TStringList.Changing
 0001:00014B04       Classes.TStringList.Clear
 0001:00015054       Classes.TStringList.CompareStrings
 0001:0001501C       Classes.TStringList.CustomSort
 0001:00014B44       Classes.TStringList.Delete
 0001:000149FC       Classes.TStringList.Destroy
 0001:00014BB0       Classes.TStringList.Exchange
 0001:00014C0C       Classes.TStringList.ExchangeItems
 0001:00014C30       Classes.TStringList.Find
 0001:00014CB4       Classes.TStringList.Get
 0001:00014CE8       Classes.TStringList.GetCapacity
 0001:00014CEC       Classes.TStringList.GetCount
 0001:00014CF0       Classes.TStringList.GetObject
 0001:00014D18       Classes.TStringList.Grow
 0001:00014D4C       Classes.TStringList.IndexOf
 0001:00014D88       Classes.TStringList.Insert
 0001:00014DEC       Classes.TStringList.InsertItem
 0001:00014D98       Classes.TStringList.InsertObject
 0001:00014E68       Classes.TStringList.Put
 0001:00014EC4       Classes.TStringList.PutObject
 0001:00014F04       Classes.TStringList.QuickSort
 0001:00014F98       Classes.TStringList.SetCapacity
 0001:00014FB4       Classes.TStringList.SetSorted
 0001:00014FD4       Classes.TStringList.SetUpdateState
 0001:0001500C       Classes.TStringList.Sort
 0001:00013B18       Classes.TStrings.Add
 0001:00013B3C       Classes.TStrings.AddObject
 0001:00013B60       Classes.TStrings.AddStrings
 0001:00013C18       Classes.TStrings.Assign
 0001:00013CD0       Classes.TStrings.BeginUpdate
 0001:00014984       Classes.TStrings.CompareStrings
 0001:00013D40       Classes.TStrings.DefineProperties
 0001:00013AE8       Classes.TStrings.Destroy
 0001:00013D8C       Classes.TStrings.EndUpdate
 0001:00013DA0       Classes.TStrings.Equals
 0001:00013E84       Classes.TStrings.Error
 0001:00013E4C       Classes.TStrings.Error
 0001:00013EDC       Classes.TStrings.Exchange
 0001:00013FC8       Classes.TStrings.GetCapacity
 0001:00014924       Classes.TStrings.GetLineBreak
 0001:000149C8       Classes.TStrings.GetNameValueSeparator
 0001:00013FD0       Classes.TStrings.GetObject
 0001:00013FD4       Classes.TStrings.GetText
 0001:00014028       Classes.TStrings.GetTextStr
 0001:00014160       Classes.TStrings.IndexOf
 0001:000141EC       Classes.TStrings.IndexOfName
 0001:000142C0       Classes.TStrings.IndexOfObject
 0001:000142F4       Classes.TStrings.InsertObject
 0001:00014324       Classes.TStrings.LoadFromFile
 0001:00014378       Classes.TStrings.LoadFromStream
 0001:00014424       Classes.TStrings.Move
 0001:000144D4       Classes.TStrings.Put
 0001:00014504       Classes.TStrings.PutObject
 0001:00014508       Classes.TStrings.ReadData
 0001:000145B8       Classes.TStrings.SaveToFile
 0001:00014610       Classes.TStrings.SaveToStream
 0001:00014670       Classes.TStrings.SetCapacity
 0001:00014958       Classes.TStrings.SetLineBreak
 0001:000149E0       Classes.TStrings.SetNameValueSeparator
 0001:00014674       Classes.TStrings.SetStringsAdapter
 0001:000146A8       Classes.TStrings.SetText
 0001:000146F8       Classes.TStrings.SetTextStr
 0001:0001489C       Classes.TStrings.SetUpdateState
 0001:000148A0       Classes.TStrings.WriteData
 0001:00013544       Classes.TThreadList.Add
 0001:00013474       Classes.TThreadList.Create
 0001:000134C8       Classes.TThreadList.Destroy
 0001:000135CC       Classes.TThreadList.LockList
 0001:000135E0       Classes.TThreadList.Remove
 0001:00013630       Classes.TThreadList.UnlockList
 0001:00018CAC       Classes.TWriter.Write
 0001:00018D10       Classes.TWriter.WriteBoolean
 0001:00018CF8       Classes.TWriter.WriteBuffer
 0001:00018D24       Classes.TWriter.WriteInteger
 0001:00018D98       Classes.TWriter.WriteListBegin
 0001:00018DA0       Classes.TWriter.WriteListEnd
 0001:00018DA8       Classes.TWriter.WriteMinStr
 0001:00018E54       Classes.TWriter.WriteString
 0001:00018EA8       Classes.TWriter.WriteValue
 0001:00012D90       Classes.UnregisterFindGlobalComponentProc
 0001:00012A4C       Classes.UnRegisterModuleClasses
 0003:00000AD4       Classes.UtilWindowClass
 0001:00018F14       Classes.WaitForSyncEvent
 0003:00000AB8       Classes.WakeMainThread
 0004:00004BA8       Clipbrd..2
 0004:00004BA6       Clipbrd.CF_COMPONENT
 0004:00004BA4       Clipbrd.CF_PICTURE
 0002:000004F8       Clipbrd.Clipbrd
 0004:00004BAC       Clipbrd.FClipboard
 0001:00026494       Clipbrd.Finalization
 0001:0001BF9C       CommCtrl.ImageList_Add
 0001:0001BFCC       CommCtrl.ImageList_BeginDrag
 0001:0001BF7C       CommCtrl.ImageList_Create
 0001:0001BF84       CommCtrl.ImageList_Destroy
 0001:0001BFDC       CommCtrl.ImageList_DragEnter
 0001:0001BFE4       CommCtrl.ImageList_DragLeave
 0001:0001BFEC       CommCtrl.ImageList_DragMove
 0001:0001BFF4       CommCtrl.ImageList_DragShowNolock
 0001:0001BFB4       CommCtrl.ImageList_Draw
 0001:0001BFBC       CommCtrl.ImageList_DrawEx
 0001:0001BFD4       CommCtrl.ImageList_EndDrag
 0001:0001BFAC       CommCtrl.ImageList_GetBkColor
 0001:0001C00C       CommCtrl.ImageList_GetIconSize
 0001:0001BF8C       CommCtrl.ImageList_GetImageCount
 0001:0001BFFC       CommCtrl.ImageList_Read
 0001:0001BFC4       CommCtrl.ImageList_Remove
 0001:0001BFA4       CommCtrl.ImageList_SetBkColor
 0001:0001C014       CommCtrl.ImageList_SetIconSize
 0001:0001BF94       CommCtrl.ImageList_SetImageCount
 0001:0001C004       CommCtrl.ImageList_Write
 0001:0001C01C       CommCtrl._TrackMouseEvent
 0001:0001A410       Contnrs..TOrderedList
 0001:0001A478       Contnrs..TStack
 0001:0001A4F0       Contnrs.TOrderedList.Create
 0001:0001A534       Contnrs.TOrderedList.Destroy
 0001:0001A564       Contnrs.TOrderedList.PeekItem
 0001:0001A4D8       Contnrs.TOrderedList.Pop
 0001:0001A578       Contnrs.TOrderedList.PopItem
 0001:0001A4E0       Contnrs.TOrderedList.Push
 0001:0001A598       Contnrs.TStack.PushItem
 0004:00004C04       Controls..33
 0001:0002E504       Controls..TBaseDragControlObject
 0001:0002F830       Controls..TControl
 0001:0002E9D4       Controls..TControlActionLink
 0001:0002E84C       Controls..TControlCanvas
 0001:00030340       Controls..TCustomControl
 0001:0002E8EC       Controls..TCustomControlAction
 0001:00030788       Controls..TDockTree
 0001:0003063C       Controls..TDockZone
 0001:0002E5C8       Controls..TDragControlObject
 0001:0002E654       Controls..TDragControlObjectEx
 0001:0002E6E4       Controls..TDragDockObject
 0001:0002E7AC       Controls..TDragDockObjectEx
 0001:0002E460       Controls..TDragObject
 0001:000304AC       Controls..THintWindow
 0001:0002EE0C       Controls..TMargins
 0001:0003082C       Controls..TMouse
 0001:0002EF24       Controls..TPadding
 0001:00030D7C       Controls..TSiteList
 0001:0002ECC0       Controls..TSizeConstraints
 0001:0002FF30       Controls..TWinControl
 0001:0002FCA0       Controls..TWinControlActionLink
 0001:000313EC       Controls.AbsMin
 0004:00004C38       Controls.ActiveDrag
 0001:000376E0       Controls.AlignWork
 0003:00001418       Controls.AnchorAlign
 0003:0000140C       Controls.AnimateWindowProc
 0003:00001518       Controls.AnimationStyle
 0001:00034328       Controls.BackgroundClipped
 0001:00040AA0       Controls.CalcSplitterPos
 0001:00032490       Controls.CancelDrag
 0004:00004C4C       Controls.CanvasList
 0003:000014D0       Controls.CaptureControl
 0001:000320F8       Controls.CheckUndock
 0001:0003D928       Controls.ClientToWindow
 0004:00004C0A       Controls.ControlAtom
 0004:00004C10       Controls.ControlAtomString
 0002:000005E8       Controls.Controls
 0003:00001410       Controls.CreationControl
 0003:000014D4       Controls.csPerformingShowingChanged
 0003:00001510       Controls.Ctl3DStyles
 0003:00001420       Controls.Cursors
 0001:00030C14       Controls.CursorToIdent
 0003:00001414       Controls.DefaultDockTreeClass
 0001:00038600       Controls.DestroyChildWindow
 0001:00037554       Controls.DoAlign
 0001:0003C3BC       Controls.DoCalcConstraints
 0004:00004C40       Controls.DockSiteList
 0001:000394D0       Controls.DoControlMsg
 0001:00031A00       Controls.DoDragOver
 0001:0003E5A8       Controls.DoFindControlZone
 0001:0003ECD0       Controls.DoFindZone
 0001:0003E62C       Controls.DoForEach
 0001:00040274       Controls.DoGetNextLimit
 0001:000412AC       Controls.DoneControls
 0001:0003750C       Controls.DoPosition
 0001:0003F784       Controls.DoPrune
 0001:0003FC98       Controls.DoSaveZone
 0001:0003FF5C       Controls.DoSetNewBounds
 0001:000382AC       Controls.DoWriteDesignSize
 0001:0003569C       Controls.DoWriteExplicit
 0001:00035668       Controls.DoWriteIsControl
 0004:00004C24       Controls.DragCapture
 0004:00004C18       Controls.DragControl
 0001:0003216C       Controls.DragDone
 0001:000319B0       Controls.DragFindTarget
 0001:00031984       Controls.DragFindWindow
 0004:00004C3C       Controls.DragImageList
 0001:00031DC4       Controls.DragInit
 0001:00031F34       Controls.DragInitControl
 0004:00004C20       Controls.DragInternalObject
 0001:000318CC       Controls.DragMessage
 0004:00004C1C       Controls.DragObject
 0004:00004C48       Controls.DragSave
 0004:00004C30       Controls.DragSaveCursor
 0004:00004C28       Controls.DragStartPos
 0004:00004C34       Controls.DragThreshold
 0001:00031ADC       Controls.DragTo
 0001:0003F208       Controls.DrawCloseButton
 0001:0003F29C       Controls.DrawGrabberLine
 0001:0003F324       Controls.DrawThemedGrabber
 0001:0003997C       Controls.DrawThemeEdge
 0003:00001500       Controls.EdgeStyles
 0001:000418CC       Controls.Finalization
 0001:000309C4       Controls.FindControl
 0001:000324DC       Controls.FindDragTarget
 0001:000324A8       Controls.FindVCLWindow
 0001:000325A0       Controls.FreeDeviceContext
 0001:0003265C       Controls.FreeDeviceContexts
 0001:00030D10       Controls.GetCaptureControl
 0001:0003737C       Controls.GetClientSize
 0001:00038B1C       Controls.GetControlAtPos
 0001:00040354       Controls.GetDockAlign
 0001:0003171C       Controls.GetDockSiteAtPos
 0001:00031A3C       Controls.GetDropCtl
 0001:0003E2D8       Controls.GetLastChildZone
 0001:00030C78       Controls.GetLongHint
 0001:00030C34       Controls.GetShortHint
 0001:00030E1C       Controls.GetTopParent
 0001:000403D0       Controls.HideZone
 0001:00030C24       Controls.IdentToCursor
 0003:00001540       Controls.IMM32DLL
 0001:00041298       Controls.Imm32IsIME
 0001:00041334       Controls.InitControls
 0001:00040F3C       Controls.InitIMM32
 0001:00030880       Controls.InitWndProc
 0003:000014E0       Controls.InnerStyles
 0001:000373DC       Controls.InsertBefore
 0001:000314D0       Controls.IsBeforeTargetWindow
 0001:00031924       Controls.IsDelphiHandle
 0001:0003DD0C       Controls.IsOrientationSet
 0001:000316D8       Controls.IsSiteChildOfClient
 0001:00030A20       Controls.IsVCLControl
 0004:00004BF8       Controls.IsVCLControlHook
 0001:00032528       Controls.ListAdd
 0001:00032550       Controls.ListRemove
 0003:0000152C       Controls.MakeLast
 0001:00036764       Controls.MinVar
 0003:00001544       Controls.ModeMap
 0004:00004BF4       Controls.Mouse
 0001:00032570       Controls.MoveWindowOrg
 0004:00004C00       Controls.NewStyleControls
 0001:0003DCF0       Controls.NextVisibleZone
 0001:00030990       Controls.ObjectFromHWnd
 0003:00001524       Controls.OrientArray
 0003:000014F0       Controls.OuterStyles
 0001:0003E100       Controls.ParentNotLast
 0001:00030CBC       Controls.PerformEraseBackground
 0001:00038298       Controls.PointsEqual
 0004:00004C44       Controls.QualifyingSites
 0001:0003EE6C       Controls.ReadControlName
 0001:00031870       Controls.RegisterDockSite
 0004:00004C14       Controls.RM_GetObjectInstance
 0001:00030A50       Controls.SendAppMessage
 0001:00030D38       Controls.SetCaptureControl
 0001:000411C0       Controls.SetImeMode
 0001:00036124       Controls.SetParentColor
 0003:000014D8       Controls.ShowFlags
 0001:00040450       Controls.ShowZone
 0003:00001538       Controls.SizeCursors
 0001:000311EC       Controls.TBaseDragControlObject.Assign
 0001:000311C8       Controls.TBaseDragControlObject.Create
 0001:00031218       Controls.TBaseDragControlObject.EndDrag
 0001:0003123C       Controls.TBaseDragControlObject.Finished
 0001:000364D4       Controls.TControl.ActionChange
 0001:00036884       Controls.TControl.AdjustSize
 0001:000366B8       Controls.TControl.AssignTo
 0001:0003467C       Controls.TControl.BeginAutoDrag
 0001:00034698       Controls.TControl.BeginDrag
 0001:000341C0       Controls.TControl.BringToFront
 0001:000350E0       Controls.TControl.CalcCursorPos
 0001:00035248       Controls.TControl.CalcDockSizes
 0001:00034FE0       Controls.TControl.CanAutoSize
 0001:00034FE4       Controls.TControl.CanResize
 0001:00033B6C       Controls.TControl.ChangeScale
 0001:00035C58       Controls.TControl.CheckNewSize
 0001:00035A4C       Controls.TControl.Click
 0001:000339F4       Controls.TControl.ClientToScreen
 0001:0003622C       Controls.TControl.CMBiDiModeChanged
 0001:00036114       Controls.TControl.CMColorChanged
 0001:0003635C       Controls.TControl.CMDesignHitTest
 0001:000360F4       Controls.TControl.CMEnabledChanged
 0001:00036474       Controls.TControl.CMFloat
 0001:00036104       Controls.TControl.CMFontChanged
 0001:000368D0       Controls.TControl.CMHintShow
 0001:000362DC       Controls.TControl.CMHitTest
 0001:00036A84       Controls.TControl.CMMouseActivate
 0001:000362E4       Controls.TControl.CMMouseEnter
 0001:00036320       Controls.TControl.CMMouseLeave
 0001:000361BC       Controls.TControl.CMMouseWheel
 0001:00036198       Controls.TControl.CMParentBiDiModeChanged
 0001:0003615C       Controls.TControl.CMParentColorChanged
 0001:00036288       Controls.TControl.CMParentFontChanged
 0001:0003624C       Controls.TControl.CMParentShowHintChanged
 0001:000362B8       Controls.TControl.CMSysFontChanged
 0001:000360CC       Controls.TControl.CMVisibleChanged
 0001:000350B0       Controls.TControl.ConstrainedResize
 0001:00032DCC       Controls.TControl.Create
 0001:00036364       Controls.TControl.CreateFloatingDockSite
 0001:00035AB8       Controls.TControl.DblClick
 0001:00034B20       Controls.TControl.DefaultDockImage
 0001:000355C0       Controls.TControl.DefaultHandler
 0001:000358BC       Controls.TControl.DefineProperties
 0001:0003510C       Controls.TControl.DesignWndProc
 0001:00032EC4       Controls.TControl.Destroy
 0001:000365D4       Controls.TControl.DoActionChange
 0001:00035014       Controls.TControl.DoCanAutoSize
 0001:00035080       Controls.TControl.DoCanResize
 0001:000336C4       Controls.TControl.Dock
 0001:0003491C       Controls.TControl.DockTrackNoTarget
 0001:00035140       Controls.TControl.DoConstrainedResize
 0001:00034FD0       Controls.TControl.DoConstraintsChange
 0001:00036A44       Controls.TControl.DoContextPopup
 0001:000337F4       Controls.TControl.DoDock
 0001:00034C6C       Controls.TControl.DoDragMsg
 0001:00034934       Controls.TControl.DoEndDock
 0001:0003481C       Controls.TControl.DoEndDrag
 0001:00036AA8       Controls.TControl.DoMarginChange
 0001:00034980       Controls.TControl.DoMouseActivate
 0001:00035B10       Controls.TControl.DoMouseDown
 0001:00035E88       Controls.TControl.DoMouseUp
 0001:000349B4       Controls.TControl.DoMouseWheel
 0001:00034A88       Controls.TControl.DoMouseWheelDown
 0001:00034AD4       Controls.TControl.DoMouseWheelUp
 0001:00034960       Controls.TControl.DoStartDock
 0001:000347FC       Controls.TControl.DoStartDrag
 0001:00034784       Controls.TControl.DragCanceled
 0001:000347D0       Controls.TControl.DragDrop
 0001:00034788       Controls.TControl.Dragging
 0001:00034794       Controls.TControl.DragOver
 0001:00034C4C       Controls.TControl.DrawDragDockImage
 0001:000368A4       Controls.TControl.DrawTextBiDiModeFlagsReadingOnly
 0001:00034C5C       Controls.TControl.EraseDragDockImage
 0001:0003400C       Controls.TControl.FontChanged
 0001:0003304C       Controls.TControl.GetAction
 0001:000365F8       Controls.TControl.GetActionLinkClass
 0001:00036ABC       Controls.TControl.GetAlignWithMargins
 0001:00033884       Controls.TControl.GetBoundsRect
 0001:00033924       Controls.TControl.GetClientHeight
 0001:00033964       Controls.TControl.GetClientOrigin
 0001:000338C8       Controls.TControl.GetClientRect
 0001:000338E0       Controls.TControl.GetClientWidth
 0001:0003462C       Controls.TControl.GetControlsAlignment
 0001:00034280       Controls.TControl.GetDeviceContext
 0001:000367A0       Controls.TControl.GetDockEdge
 0001:00032F8C       Controls.TControl.GetDragImages
 0001:00032F90       Controls.TControl.GetEnabled
 0001:00036850       Controls.TControl.GetFloating
 0001:0003687C       Controls.TControl.GetFloatingDockSiteClass
 0001:00034188       Controls.TControl.GetMouseCapture
 0001:00032F98       Controls.TControl.GetPalette
 0001:00032FA4       Controls.TControl.GetParentComponent
 0001:00035C50       Controls.TControl.GetPopupMenu
 0001:00033F5C       Controls.TControl.GetText
 0001:00033EDC       Controls.TControl.GetTextBuf
 0001:00033ECC       Controls.TControl.GetTextLen
 0001:00033EE8       Controls.TControl.GetUndockHeight
 0001:00033EFC       Controls.TControl.GetUndockWidth
 0001:00032F9C       Controls.TControl.HasParent
 0001:000368C0       Controls.TControl.InitiateAction
 0001:00034440       Controls.TControl.Invalidate
 0001:000343B4       Controls.TControl.InvalidateControl
 0001:00033178       Controls.TControl.IsAnchorsStored
 0001:00034080       Controls.TControl.IsBiDiModeStored
 0001:0003411C       Controls.TControl.IsColorStored
 0001:00036600       Controls.TControl.IsEnabledStored
 0001:00034060       Controls.TControl.IsFontStored
 0001:00036640       Controls.TControl.IsHelpContextStored
 0001:00036620       Controls.TControl.IsHintStored
 0001:00034074       Controls.TControl.IsShowHintStored
 0001:00036660       Controls.TControl.IsVisibleStored
 0001:00036680       Controls.TControl.Loaded
 0001:00034D5C       Controls.TControl.ManualDock
 0001:00034F3C       Controls.TControl.ManualFloat
 0001:00034454       Controls.TControl.MouseActivate
 0001:00035AD8       Controls.TControl.MouseDown
 0001:00035DA4       Controls.TControl.MouseMove
 0001:00035E50       Controls.TControl.MouseUp
 0001:0003449C       Controls.TControl.MouseWheelHandler
 0001:00033290       Controls.TControl.Notification
 0001:00032FD0       Controls.TControl.PaletteChanged
 0001:00035214       Controls.TControl.Perform
 0001:00034848       Controls.TControl.PositionDockRect
 0001:00036B98       Controls.TControl.ReadExplicitHeight
 0001:00036BB0       Controls.TControl.ReadExplicitLeft
 0001:00036B80       Controls.TControl.ReadExplicitTop
 0001:00036B58       Controls.TControl.ReadExplicitWidth
 0001:00035648       Controls.TControl.ReadIsControl
 0001:000331FC       Controls.TControl.ReadState
 0001:00034530       Controls.TControl.Repaint
 0001:000331CC       Controls.TControl.RequestAlign
 0001:000331DC       Controls.TControl.Resize
 0001:00033A20       Controls.TControl.ScaleConstraints
 0001:00033AA4       Controls.TControl.ScreenToClient
 0001:00033AD0       Controls.TControl.SendCancelMode
 0001:00033B00       Controls.TControl.SendDockNotification
 0001:000330FC       Controls.TControl.SetAction
 0001:000332E8       Controls.TControl.SetAlign
 0001:00036AC4       Controls.TControl.SetAlignWithMargins
 0001:0003305C       Controls.TControl.SetAnchors
 0001:00033D28       Controls.TControl.SetAutoSize
 0001:00033FF0       Controls.TControl.SetBiDiMode
 0001:000333D0       Controls.TControl.SetBounds
 0001:000338A4       Controls.TControl.SetBoundsRect
 0001:0003393C       Controls.TControl.SetClientHeight
 0001:00033DE8       Controls.TControl.SetClientSize
 0001:000338F8       Controls.TControl.SetClientWidth
 0001:000340D0       Controls.TControl.SetColor
 0001:00036A78       Controls.TControl.SetConstraints
 0001:0003416C       Controls.TControl.SetCursor
 0001:00033190       Controls.TControl.SetDesignVisible
 0001:000331C8       Controls.TControl.SetDragMode
 0001:00033EB4       Controls.TControl.SetEnabled
 0001:00034050       Controls.TControl.SetFont
 0001:00033690       Controls.TControl.SetHeight
 0001:0003384C       Controls.TControl.SetHelpContext
 0001:00033860       Controls.TControl.SetHelpKeyword
 0001:000335F4       Controls.TControl.SetLeft
 0001:00036AB0       Controls.TControl.SetMargins
 0001:00034198       Controls.TControl.SetMouseCapture
 0001:00033D44       Controls.TControl.SetName
 0001:00033E30       Controls.TControl.SetParent
 0001:00034148       Controls.TControl.SetParentBiDiMode
 0001:00034124       Controls.TControl.SetParentColor
 0001:00032FA8       Controls.TControl.SetParentComponent
 0001:00034088       Controls.TControl.SetParentFont
 0001:00033F10       Controls.TControl.SetPopupMenu
 0001:000340AC       Controls.TControl.SetShowHint
 0001:00033F8C       Controls.TControl.SetText
 0001:00033F38       Controls.TControl.SetTextBuf
 0001:00033628       Controls.TControl.SetTop
 0001:00033E7C       Controls.TControl.SetVisible
 0001:0003365C       Controls.TControl.SetWidth
 0001:0003425C       Controls.TControl.SetZOrder
 0001:000341D4       Controls.TControl.SetZOrderPosition
 0001:0003451C       Controls.TControl.Update
 0001:00033470       Controls.TControl.UpdateAnchorRules
 0001:000352BC       Controls.TControl.UpdateBoundsRect
 0001:00036AF4       Controls.TControl.UpdateExplicitBounds
 0001:00034648       Controls.TControl.UseRightToLeftAlignment
 0001:00034630       Controls.TControl.UseRightToLeftReading
 0001:00034660       Controls.TControl.UseRightToLeftScrollBar
 0001:000352EC       Controls.TControl.VisibleChanging
 0001:00035FDC       Controls.TControl.WMCancelMode
 0001:00036900       Controls.TControl.WMContextMenu
 0001:00035BFC       Controls.TControl.WMLButtonDblClk
 0001:00035B94       Controls.TControl.WMLButtonDown
 0001:00035EC0       Controls.TControl.WMLButtonUp
 0001:00035D78       Controls.TControl.WMMButtonDblClk
 0001:00035D4C       Controls.TControl.WMMButtonDown
 0001:00035F64       Controls.TControl.WMMButtonUp
 0001:00035DD8       Controls.TControl.WMMouseMove
 0001:00035F84       Controls.TControl.WMMouseWheel
 0001:00035BE0       Controls.TControl.WMNCLButtonDown
 0001:00035D20       Controls.TControl.WMRButtonDblClk
 0001:00035CF4       Controls.TControl.WMRButtonDown
 0001:00035F44       Controls.TControl.WMRButtonUp
 0001:0003601C       Controls.TControl.WMWindowPosChanged
 0001:000352F0       Controls.TControl.WndProc
 0001:00036B38       Controls.TControl.WriteExplicitHeight
 0001:00036B48       Controls.TControl.WriteExplicitLeft
 0001:00036B28       Controls.TControl.WriteExplicitTop
 0001:00036B70       Controls.TControl.WriteExplicitWidth
 0001:0003565C       Controls.TControl.WriteIsControl
 0001:00032978       Controls.TControlActionLink.AssignClient
 0001:00032994       Controls.TControlActionLink.DoShowHint
 0001:00032A84       Controls.TControlActionLink.IsCaptionLinked
 0001:00032AF8       Controls.TControlActionLink.IsDropdownMenuLinked
 0001:00032B0C       Controls.TControlActionLink.IsEnabledLinked
 0001:00032B40       Controls.TControlActionLink.IsEnableDropdownLinked
 0001:00032CE0       Controls.TControlActionLink.IsHelpLinked
 0001:00032B54       Controls.TControlActionLink.IsHintLinked
 0001:00032C00       Controls.TControlActionLink.IsOnExecuteLinked
 0001:00032B8C       Controls.TControlActionLink.IsPopupMenuLinked
 0001:00032BCC       Controls.TControlActionLink.IsVisibleLinked
 0001:00032C28       Controls.TControlActionLink.SetCaption
 0001:00032C48       Controls.TControlActionLink.SetDropdownMenu
 0001:00032C4C       Controls.TControlActionLink.SetEnabled
 0001:00032C6C       Controls.TControlActionLink.SetEnableDropdown
 0001:00032D68       Controls.TControlActionLink.SetHelpContext
 0001:00032D48       Controls.TControlActionLink.SetHelpKeyword
 0001:00032D88       Controls.TControlActionLink.SetHelpType
 0001:00032C70       Controls.TControlActionLink.SetHint
 0001:00032CB4       Controls.TControlActionLink.SetOnExecute
 0001:00032DA8       Controls.TControlActionLink.SetPopupMenu
 0001:00032C94       Controls.TControlActionLink.SetVisible
 0001:00032734       Controls.TControlCanvas.CreateHandle
 0001:00032708       Controls.TControlCanvas.Destroy
 0001:000327DC       Controls.TControlCanvas.FreeHandle
 0001:00032810       Controls.TControlCanvas.SetControl
 0001:00032828       Controls.TControlCanvas.UpdateTextFlags
 0001:0003DB94       Controls.TCustomControl.Create
 0001:0003DBF0       Controls.TCustomControl.Destroy
 0001:0003DCEC       Controls.TCustomControl.Paint
 0001:0003DC40       Controls.TCustomControl.PaintWindow
 0001:0003DC20       Controls.TCustomControl.WMPaint
 0001:000408A8       Controls.TDockTree.ActualSize
 0001:0003E578       Controls.TDockTree.AdjustDockRect
 0001:0004093C       Controls.TDockTree.AdjustFrameRect
 0001:0003E590       Controls.TDockTree.BeginUpdate
 0001:00040588       Controls.TDockTree.ControlVisibilityChanged
 0001:0003E3BC       Controls.TDockTree.Create
 0001:0003E524       Controls.TDockTree.Destroy
 0001:00040188       Controls.TDockTree.DrawSizeSplitter
 0001:0003E594       Controls.TDockTree.EndUpdate
 0001:0003EC44       Controls.TDockTree.FindControlAtPos
 0001:0003E600       Controls.TDockTree.FindControlZone
 0001:0003E668       Controls.TDockTree.ForEachAt
 0001:0003E680       Controls.TDockTree.GetControlBounds
 0001:00040304       Controls.TDockTree.GetNextLimit
 0001:0003E6F4       Controls.TDockTree.HitTest
 0001:0003E704       Controls.TDockTree.InsertControl
 0001:0003E920       Controls.TDockTree.InsertNewParent
 0001:0003EAC8       Controls.TDockTree.InsertSibling
 0001:0003EDE4       Controls.TDockTree.InternalHitTest
 0001:0003EEB4       Controls.TDockTree.LoadFromStream
 0001:0004097C       Controls.TDockTree.MouseDown
 0001:00040B30       Controls.TDockTree.MouseMove
 0001:00040B80       Controls.TDockTree.MouseUp
 0001:0003F380       Controls.TDockTree.PaintDockFrame
 0001:0003F4D4       Controls.TDockTree.PaintSite
 0001:0003F608       Controls.TDockTree.PositionDockRect
 0001:0003F7B8       Controls.TDockTree.PruneZone
 0001:00040910       Controls.TDockTree.ReferenceFromOrient
 0001:000408D8       Controls.TDockTree.RelativeSize
 0001:0003F814       Controls.TDockTree.RemoveControl
 0001:0003F854       Controls.TDockTree.RemoveZone
 0001:0003FAF4       Controls.TDockTree.ResetBounds
 0001:0003FDA8       Controls.TDockTree.SaveToStream
 0001:0003FBDC       Controls.TDockTree.ScaleZone
 0001:0003FFE4       Controls.TDockTree.SetNewBounds
 0001:00040014       Controls.TDockTree.SetReplacingControl
 0001:0004002C       Controls.TDockTree.ShiftZone
 0001:00040BF4       Controls.TDockTree.ShowHint
 0001:00040060       Controls.TDockTree.SplitterMouseDown
 0001:000400C0       Controls.TDockTree.SplitterMouseUp
 0001:0004013C       Controls.TDockTree.UpdateAll
 0001:00040164       Controls.TDockTree.UpdateZone
 0001:00040174       Controls.TDockTree.WindowProc
 0001:00040610       Controls.TDockTree.WndProc
 0001:0003EB40       Controls.TDockTree.ZoneCaptionHitTest
 0001:0003DD30       Controls.TDockZone.Create
 0001:0003E2E8       Controls.TDockZone.ExpandZoneLimit
 0001:0003E3B0       Controls.TDockZone.FirstVisibleChild
 0001:0003DD54       Controls.TDockZone.GetChildCount
 0001:0003E038       Controls.TDockZone.GetControlName
 0001:0003DED8       Controls.TDockZone.GetHeightWidth
 0001:0003DDC4       Controls.TDockZone.GetLimitBegin
 0001:0003DE0C       Controls.TDockZone.GetLimitSize
 0001:0003DE54       Controls.TDockZone.GetTopLeft
 0001:0003DD8C       Controls.TDockZone.GetVisible
 0001:0003DD68       Controls.TDockZone.GetVisibleChildCount
 0001:0003E2AC       Controls.TDockZone.GetZoneLimit
 0001:0003E388       Controls.TDockZone.NextVisible
 0001:0003E394       Controls.TDockZone.PrevVisible
 0001:0003DF90       Controls.TDockZone.ResetChildren
 0001:0003E328       Controls.TDockZone.ResetZoneLimits
 0001:0003E07C       Controls.TDockZone.SetControlName
 0001:0003E2D4       Controls.TDockZone.SetZoneLimit
 0001:0003E130       Controls.TDockZone.Update
 0001:00031270       Controls.TDragControlObject.GetDragCursor
 0001:00031288       Controls.TDragControlObject.GetDragImages
 0001:00031294       Controls.TDragControlObject.HideDragImage
 0001:000312B4       Controls.TDragControlObject.ShowDragImage
 0001:000312D4       Controls.TDragControlObjectEx.BeforeDestruction
 0001:00031410       Controls.TDragDockObject.AdjustDockRect
 0001:00031370       Controls.TDragDockObject.Assign
 0001:000312D8       Controls.TDragDockObject.Create
 0001:00031340       Controls.TDragDockObject.Destroy
 0001:0003148C       Controls.TDragDockObject.DrawDragDockImage
 0001:000313D0       Controls.TDragDockObject.EndDrag
 0001:000314A0       Controls.TDragDockObject.EraseDragDockImage
 0001:000314B4       Controls.TDragDockObject.GetDragCursor
 0001:000314C0       Controls.TDragDockObject.GetEraseWhenMoving
 0001:000314C4       Controls.TDragDockObject.GetFrameWidth
 0001:000314CC       Controls.TDragDockObjectEx.BeforeDestruction
 0001:0003D9D4       Controls.TDragImageList.BeginDrag
 0001:0003DA48       Controls.TDragImageList.DragLock
 0001:0003DAD0       Controls.TDragImageList.DragMove
 0001:0003DAAC       Controls.TDragImageList.DragUnlock
 0001:0003DB44       Controls.TDragImageList.EndDrag
 0001:0003DB2C       Controls.TDragImageList.HideDragImage
 0001:0003D9B0       Controls.TDragImageList.SetDragCursor
 0001:0003D968       Controls.TDragImageList.SetDragImage
 0001:0003DB14       Controls.TDragImageList.ShowDragImage
 0001:000311B8       Controls.TDragObject.AfterConstruction
 0001:00030F64       Controls.TDragObject.Assign
 0001:000311A8       Controls.TDragObject.BeforeDestruction
 0001:00030FA4       Controls.TDragObject.Capture
 0001:00030FBC       Controls.TDragObject.Finished
 0001:00031134       Controls.TDragObject.GetDragCursor
 0001:00031130       Controls.TDragObject.GetDragImages
 0001:00030FC4       Controls.TDragObject.GetName
 0001:0003114C       Controls.TDragObject.HideDragImage
 0001:00031150       Controls.TDragObject.Instance
 0001:0003115C       Controls.TDragObject.MainWndProc
 0001:00030FEC       Controls.TDragObject.ReleaseCapture
 0001:00031158       Controls.TDragObject.ShowDragImage
 0001:00031000       Controls.TDragObject.WndProc
 0001:0003D594       Controls.THintWindow.ActivateHint
 0001:0003D810       Controls.THintWindow.ActivateHintData
 0001:0003D838       Controls.THintWindow.CalcHintRect
 0001:0003D4FC       Controls.THintWindow.CMTextChanged
 0001:0003D2A8       Controls.THintWindow.Create
 0001:0003D314       Controls.THintWindow.CreateParams
 0001:0003D48C       Controls.THintWindow.IsHintMsg
 0001:0003D894       Controls.THintWindow.NCPaint
 0001:0003D3E4       Controls.THintWindow.Paint
 0001:0003D4F0       Controls.THintWindow.ReleaseHandle
 0001:0003D924       Controls.THintWindow.ShouldHideHint
 0001:0003D378       Controls.THintWindow.WMNCHitTest
 0001:0003D380       Controls.THintWindow.WMNCPaint
 0001:0003D900       Controls.THintWindow.WMPrint
 0001:00041544       Controls.TMargins.AssignTo
 0001:0004158C       Controls.TMargins.Change
 0001:00041500       Controls.TMargins.Create
 0001:00041704       Controls.TMargins.GetControlBound
 0001:000415A0       Controls.TMargins.InitDefaults
 0001:00041618       Controls.TMargins.SetControlBounds
 0001:000415C0       Controls.TMargins.SetMargin
 0001:00040CE8       Controls.TMouse.Create
 0001:00040D78       Controls.TMouse.CreatePanningWindow
 0001:00040DA4       Controls.TMouse.Destroy
 0001:00040DD4       Controls.TMouse.GetCapture
 0001:00040DDC       Controls.TMouse.GetCursorPos
 0001:00040DEC       Controls.TMouse.GetIsDragging
 0001:00040DF8       Controls.TMouse.GetIsPanning
 0001:00040E1C       Controls.TMouse.GetMouseData
 0001:00040E38       Controls.TMouse.GetNativeData
 0001:00040E68       Controls.TMouse.GetRegisteredData
 0001:00040E90       Controls.TMouse.SetCapture
 0001:00040EB8       Controls.TMouse.SetPanningWindow
 0001:00040ED8       Controls.TMouse.SettingChanged
 0001:000418C8       Controls.TPadding.InitDefaults
 0001:0003ADF8       Controls.TraverseControls
 0003:00001534       Controls.TreeStreamEndFlag
 0001:00030E48       Controls.TSiteList.AddSite
 0001:00030ECC       Controls.TSiteList.Clear
 0001:00030DE4       Controls.TSiteList.Find
 0001:00030F00       Controls.TSiteList.GetTopSite
 0001:00032890       Controls.TSizeConstraints.AssignTo
 0001:00032964       Controls.TSizeConstraints.Change
 0001:00032854       Controls.TSizeConstraints.Create
 0001:000328D8       Controls.TSizeConstraints.SetConstraints
 0001:0003C948       Controls.TWinControl.ActionChange
 0001:00037E68       Controls.TWinControl.AddBiDiModeExStyle
 0001:00036F6C       Controls.TWinControl.AdjustClientRect
 0001:0003BF54       Controls.TWinControl.AdjustSize
 0001:00037838       Controls.TWinControl.AlignControl
 0001:00037734       Controls.TWinControl.AlignControls
 0001:00036F9C       Controls.TWinControl.ArrangeControl
 0001:0003C990       Controls.TWinControl.AssignTo
 0001:00037DD0       Controls.TWinControl.Broadcast
 0001:0003C480       Controls.TWinControl.CalcConstraints
 0001:0003C9C0       Controls.TWinControl.CanAutoSize
 0001:0003BD10       Controls.TWinControl.CanFocus
 0001:0003C3B4       Controls.TWinControl.CanResize
 0001:0003B8D4       Controls.TWinControl.ChangeScale
 0001:0003B120       Controls.TWinControl.CMBiDiModeChanged
 0001:0003B37C       Controls.TWinControl.CMBorderChanged
 0001:0003B1F8       Controls.TWinControl.CMChanged
 0001:0003B20C       Controls.TWinControl.CMChildKey
 0001:0003B2D8       Controls.TWinControl.CMColorChanged
 0001:0003B4BC       Controls.TWinControl.CMControlListChange
 0001:0003B4D0       Controls.TWinControl.CMControlListChanging
 0001:0003B3BC       Controls.TWinControl.CMCtl3DChanged
 0001:0003B33C       Controls.TWinControl.CMCursorChanged
 0001:0003B1D8       Controls.TWinControl.CMDesignHitTest
 0001:0003B228       Controls.TWinControl.CMDialogChar
 0001:0003B220       Controls.TWinControl.CMDialogKey
 0001:0003A9B4       Controls.TWinControl.CMDockClient
 0001:0003B45C       Controls.TWinControl.CMDrag
 0001:0003B290       Controls.TWinControl.CMEnabledChanged
 0001:0003B158       Controls.TWinControl.CMEnter
 0001:0003B1C8       Controls.TWinControl.CMExit
 0001:0003AACC       Controls.TWinControl.CMFloat
 0001:0003B230       Controls.TWinControl.CMFocusChanged
 0001:0003B44C       Controls.TWinControl.CMFontChange
 0001:0003B300       Controls.TWinControl.CMFontChanged
 0001:0003BC0C       Controls.TWinControl.CMInvalidate
 0001:0003B3FC       Controls.TWinControl.CMParentCtl3DChanged
 0001:000386D0       Controls.TWinControl.CMRecreateWnd
 0001:0003B108       Controls.TWinControl.CMShowHintChanged
 0001:0003B268       Controls.TWinControl.CMShowingChanged
 0001:0003B43C       Controls.TWinControl.CMSysColorChange
 0001:0003B4E4       Controls.TWinControl.CMSysFontChanged
 0001:0003D0A0       Controls.TWinControl.CMTextChanged
 0001:0003B454       Controls.TWinControl.CMTimeChange
 0001:0003AAA4       Controls.TWinControl.CMUnDockClient
 0001:0003B238       Controls.TWinControl.CMVisibleChanged
 0001:0003B444       Controls.TWinControl.CMWinIniChange
 0001:0003B6D0       Controls.TWinControl.CNChar
 0001:0003B598       Controls.TWinControl.CNKeyDown
 0001:0003B67C       Controls.TWinControl.CNKeyUp
 0001:0003B77C       Controls.TWinControl.CNSysChar
 0001:0003B720       Controls.TWinControl.CNSysKeyDown
 0001:0003C90C       Controls.TWinControl.ConstrainedResize
 0001:00037B18       Controls.TWinControl.ContainsControl
 0001:00038BE8       Controls.TWinControl.ControlAtPos
 0001:0003A858       Controls.TWinControl.ControlsAligned
 0001:00036BFC       Controls.TWinControl.Create
 0001:0003A85C       Controls.TWinControl.CreateDockManager
 0001:000384F4       Controls.TWinControl.CreateHandle
 0001:00037ED0       Controls.TWinControl.CreateParams
 0001:000381CC       Controls.TWinControl.CreateWindowHandle
 0001:00037FFC       Controls.TWinControl.CreateWnd
 0001:0003858C       Controls.TWinControl.CustomAlignInsertBefore
 0001:000385B0       Controls.TWinControl.CustomAlignPosition
 0001:000393CC       Controls.TWinControl.DefaultHandler
 0001:0003838C       Controls.TWinControl.DefineProperties
 0001:00036D40       Controls.TWinControl.Destroy
 0001:00038644       Controls.TWinControl.DestroyHandle
 0001:00038448       Controls.TWinControl.DestroyWindowHandle
 0001:000383E8       Controls.TWinControl.DestroyWnd
 0001:000378CC       Controls.TWinControl.DisableAlign
 0001:0003A5EC       Controls.TWinControl.DoAddDockClient
 0001:0003A640       Controls.TWinControl.DockDrop
 0001:0003A6C4       Controls.TWinControl.DockOver
 0001:0003D0EC       Controls.TWinControl.DockReplaceDockClient
 0001:0003A690       Controls.TWinControl.DoDockOver
 0001:0003A600       Controls.TWinControl.DoEnter
 0001:0003A620       Controls.TWinControl.DoExit
 0001:000378FC       Controls.TWinControl.DoFlipChildren
 0001:0003AB7C       Controls.TWinControl.DoKeyDown
 0001:0003AD70       Controls.TWinControl.DoKeyPress
 0001:0003ACA8       Controls.TWinControl.DoKeyUp
 0001:0003D150       Controls.TWinControl.DoPaddingChange
 0001:0003A5FC       Controls.TWinControl.DoRemoveDockClient
 0001:0003A708       Controls.TWinControl.DoUnDock
 0001:000378D4       Controls.TWinControl.EnableAlign
 0001:0003C1F4       Controls.TWinControl.FindNextControl
 0001:00036E20       Controls.TWinControl.FixupTabList
 0001:000379D0       Controls.TWinControl.FlipChildren
 0001:0003BD8C       Controls.TWinControl.Focused
 0001:0003C988       Controls.TWinControl.GetActionLinkClass
 0001:0003C32C       Controls.TWinControl.GetChildren
 0001:0003BF1C       Controls.TWinControl.GetClientOrigin
 0001:0003BF3C       Controls.TWinControl.GetClientRect
 0001:00037D74       Controls.TWinControl.GetControl
 0001:00037DB0       Controls.TWinControl.GetControlCount
 0001:0003BDE8       Controls.TWinControl.GetControlExtents
 0001:0003BBA8       Controls.TWinControl.GetDeviceContext
 0001:0003A788       Controls.TWinControl.GetDockClientCount
 0001:0003A79C       Controls.TWinControl.GetDockClients
 0001:0003BDD4       Controls.TWinControl.GetHandle
 0001:0003D058       Controls.TWinControl.GetParentBackground
 0001:0003A7C0       Controls.TWinControl.GetSiteInfo
 0001:0003BFE0       Controls.TWinControl.GetTabOrder
 0001:0003C194       Controls.TWinControl.GetTabOrderList
 0001:0003A81C       Controls.TWinControl.GetVisibleDockClientCount
 0001:0003C0D0       Controls.TWinControl.HandleAllocated
 0001:0003BDB0       Controls.TWinControl.HandleNeeded
 0001:00037B4C       Controls.TWinControl.Insert
 0001:00037BE0       Controls.TWinControl.InsertControl
 0001:0003BBFC       Controls.TWinControl.Invalidate
 0001:0003D0B8       Controls.TWinControl.InvalidateDockHostSite
 0001:0003BCD8       Controls.TWinControl.InvalidateFrame
 0001:00038CAC       Controls.TWinControl.IsControlActivateMsg
 0001:00038DF8       Controls.TWinControl.IsControlMouseMsg
 0001:0003BFD4       Controls.TWinControl.IsCtl3DStored
 0001:0003B500       Controls.TWinControl.IsMenuKey
 0001:0003D12C       Controls.TWinControl.IsQualifyingSite
 0001:0003AB50       Controls.TWinControl.KeyDown
 0001:0003AD50       Controls.TWinControl.KeyPress
 0001:0003AC7C       Controls.TWinControl.KeyUp
 0001:00038AA4       Controls.TWinControl.MainWndProc
 0001:00037E10       Controls.TWinControl.Notification
 0001:00037E40       Controls.TWinControl.NotifyControls
 0001:0003969C       Controls.TWinControl.PaintControls
 0001:00039504       Controls.TWinControl.PaintHandler
 0001:00039A2C       Controls.TWinControl.PaintTo
 0001:00039674       Controls.TWinControl.PaintWindow
 0001:0003B06C       Controls.TWinControl.PaletteChanged
 0001:000384AC       Controls.TWinControl.PrecedingWindow
 0001:0003D0F8       Controls.TWinControl.PreProcessMessage
 0001:0003820C       Controls.TWinControl.ReadDesignSize
 0001:00036EF4       Controls.TWinControl.ReadState
 0001:000378F4       Controls.TWinControl.Realign
 0001:000386B8       Controls.TWinControl.RecreateWnd
 0001:0003A764       Controls.TWinControl.ReloadDockedControl
 0001:00037B98       Controls.TWinControl.Remove
 0001:00037CD4       Controls.TWinControl.RemoveControl
 0001:00037B2C       Controls.TWinControl.RemoveFocus
 0001:0003D0FC       Controls.TWinControl.RemoveWindowProps
 0001:0003BCBC       Controls.TWinControl.Repaint
 0001:0003A50C       Controls.TWinControl.ResetIme
 0001:0003B88C       Controls.TWinControl.ScaleControls
 0001:0003B980       Controls.TWinControl.ScrollBy
 0001:0003C300       Controls.TWinControl.SelectNext
 0001:0003BF90       Controls.TWinControl.SetBorderWidth
 0001:0003B7B0       Controls.TWinControl.SetBounds
 0001:0003C374       Controls.TWinControl.SetChildOrder
 0001:0003BFB0       Controls.TWinControl.SetCtl3D
 0001:0003A8C8       Controls.TWinControl.SetDesignVisible
 0001:0003A8FC       Controls.TWinControl.SetDockSite
 0001:0003BD50       Controls.TWinControl.SetFocus
 0001:0003A3DC       Controls.TWinControl.SetIme
 0001:0003D158       Controls.TWinControl.SetPadding
 0001:0003D22C       Controls.TWinControl.SetParent
 0001:0003D060       Controls.TWinControl.SetParentBackground
 0001:000389C0       Controls.TWinControl.SetParentWindow
 0001:0003C060       Controls.TWinControl.SetUseDockManager
 0001:0003BB48       Controls.TWinControl.SetZOrder
 0001:0003BA70       Controls.TWinControl.SetZOrderPosition
 0001:0003BA58       Controls.TWinControl.ShowControl
 0001:0003BCA0       Controls.TWinControl.Update
 0001:0003C0DC       Controls.TWinControl.UpdateBounds
 0001:0003D1B0       Controls.TWinControl.UpdateControlOriginalParentSize
 0001:000388CC       Controls.TWinControl.UpdateControlState
 0001:0003D164       Controls.TWinControl.UpdateRecreatingFlag
 0001:0003875C       Controls.TWinControl.UpdateShowing
 0001:0003C004       Controls.TWinControl.UpdateTabOrder
 0001:0003CF80       Controls.TWinControl.UpdateUIState
 0001:0003ADD8       Controls.TWinControl.WMChar
 0001:0003AF54       Controls.TWinControl.WMCharToItem
 0001:00039EE0       Controls.TWinControl.WMCommand
 0001:00039FB4       Controls.TWinControl.WMCompareItem
 0001:0003CF08       Controls.TWinControl.WMContextMenu
 0001:00039FD8       Controls.TWinControl.WMDeleteItem
 0001:0003AFC8       Controls.TWinControl.WMDestroy
 0001:00039FFC       Controls.TWinControl.WMDrawItem
 0001:0003A074       Controls.TWinControl.WMEraseBkgnd
 0001:00039F54       Controls.TWinControl.WMFontChange
 0001:00039F74       Controls.TWinControl.WMHScroll
 0001:0003A3C8       Controls.TWinControl.WMIMEEndComp
 0001:0003A3B4       Controls.TWinControl.WMIMEStartComp
 0001:0003AC24       Controls.TWinControl.WMKeyDown
 0001:0003AD10       Controls.TWinControl.WMKeyUp
 0001:0003A398       Controls.TWinControl.WMKillFocus
 0001:0003A020       Controls.TWinControl.WMMeasureItem
 0001:0003A040       Controls.TWinControl.WMMouseActivate
 0001:0003A260       Controls.TWinControl.WMMove
 0001:0003CB88       Controls.TWinControl.WMNCCalcSize
 0001:0003B02C       Controls.TWinControl.WMNCDestroy
 0001:0003B048       Controls.TWinControl.WMNCHitTest
 0001:0003CC18       Controls.TWinControl.WMNCPaint
 0001:00039F00       Controls.TWinControl.WMNotify
 0001:00039C84       Controls.TWinControl.WMPaint
 0001:0003B0E8       Controls.TWinControl.WMPaletteChanged
 0001:0003AF74       Controls.TWinControl.WMParentNotify
 0001:0003CFCC       Controls.TWinControl.WMPrintClient
 0001:0003B0C4       Controls.TWinControl.WMQueryNewPalette
 0001:0003A27C       Controls.TWinControl.WMSetCursor
 0001:0003A37C       Controls.TWinControl.WMSetFocus
 0001:0003A228       Controls.TWinControl.WMSize
 0001:00039F24       Controls.TWinControl.WMSysColorChange
 0001:0003AEA8       Controls.TWinControl.WMSysCommand
 0001:0003AC50       Controls.TWinControl.WMSysKeyDown
 0001:0003AD30       Controls.TWinControl.WMSysKeyUp
 0001:00039F64       Controls.TWinControl.WMTimeChange
 0001:0003AFA8       Controls.TWinControl.WMVKeyToItem
 0001:00039F94       Controls.TWinControl.WMVScroll
 0001:0003A114       Controls.TWinControl.WMWindowPosChanged
 0001:0003A1D4       Controls.TWinControl.WMWindowPosChanging
 0001:00039F40       Controls.TWinControl.WMWinIniChange
 0001:00038EAC       Controls.TWinControl.WndProc
 0001:00038244       Controls.TWinControl.WriteDesignSize
 0001:00036BC8       Controls.TWinControlActionLink.AssignClient
 0001:00036BEC       Controls.TWinControlActionLink.IsHelpContextLinked
 0001:00036BF4       Controls.TWinControlActionLink.SetHelpContext
 0001:000363E8       Controls.UpdateFloatingDockSitePos
 0001:0003153C       Controls.ValidDockTarget
 0001:000411A4       Controls.Win32NLSEnableIME
 0004:00004C08       Controls.WindowAtom
 0004:00004C0C       Controls.WindowAtomString
 0003:000014DC       Controls.WindowPos
 0001:0003FC1C       Controls.WriteControlName
 0004:00004C70       Controls._ImmGetCompositionString
 0004:00004C54       Controls._ImmGetContext
 0004:00004C5C       Controls._ImmGetConversionStatus
 0004:00004C74       Controls._ImmIsIME
 0004:00004C78       Controls._ImmNotifyIME
 0004:00004C58       Controls._ImmReleaseContext
 0004:00004C6C       Controls._ImmSetCompositionFont
 0004:00004C68       Controls._ImmSetCompositionWindow
 0004:00004C60       Controls._ImmSetConversionStatus
 0004:00004C64       Controls._ImmSetOpenStatus
 0004:00004C50       Controls._WINNLSEnableIME
 0004:00004B98       Dialogs..03
 0001:00025E20       Dialogs..TCommonDialog
 0003:000012B4       Dialogs.ButtonCaptions
 0003:00001288       Dialogs.ButtonNames
 0003:00001274       Dialogs.Captions
 0003:0000126C       Dialogs.CreationControl
 0002:000004B8       Dialogs.Dialogs
 0001:00026438       Dialogs.Finalization
 0004:00004BA0       Dialogs.FindMsg
 0004:00004B9C       Dialogs.HelpMsg
 0001:000262E4       Dialogs.InitGlobals
 0001:00025F90       Dialogs.TCommonDialog.Create
 0001:0002608C       Dialogs.TCommonDialog.DefaultHandler
 0001:00025FD8       Dialogs.TCommonDialog.Destroy
 0001:00026218       Dialogs.TCommonDialog.DoClose
 0001:0002622C       Dialogs.TCommonDialog.DoShow
 0001:00026020       Dialogs.TCommonDialog.Execute
 0001:000260C4       Dialogs.TCommonDialog.MainWndProc
 0001:00026064       Dialogs.TCommonDialog.MessageHook
 0001:0002615C       Dialogs.TCommonDialog.TaskModalDialog
 0001:00026118       Dialogs.TCommonDialog.WMDestroy
 0001:00026130       Dialogs.TCommonDialog.WMInitDialog
 0001:00026148       Dialogs.TCommonDialog.WMNCDestroy
 0001:00026110       Dialogs.TCommonDialog.WndProc
 0003:00001270       Dialogs.WndProcPtrAtom
 0004:00004B6C       DwmApi..1
 0002:000003CC       DwmApi.DwmApi
 0001:00024CE4       DwmApi.DwmCompositionEnabled
 0001:00024BB8       DwmApi.DwmExtendFrameIntoClientArea
 0001:00024C54       DwmApi.DwmIsCompositionEnabled
 0001:00024D08       DwmApi.Finalization
 0004:00004B70       DwmApi.hDWMAPI
 0004:00004B74       DwmApi._DwmExtendFrameIntoClientArea
 0004:00004B78       DwmApi._DwmIsCompositionEnabled
 0004:00004B94       ExtCtrls..83
 0001:00025B08       ExtCtrls..TTimer
 0002:00000474       ExtCtrls.ExtCtrls
 0001:00025DF0       ExtCtrls.Finalization
 0004:00004B90       ExtCtrls.TCustomTrayIcon.RM_TaskbarCreated
 0001:00025C1C       ExtCtrls.TTimer.Create
 0001:00025C6C       ExtCtrls.TTimer.Destroy
 0001:00025DA4       ExtCtrls.TTimer.SetEnabled
 0001:00025DB4       ExtCtrls.TTimer.SetInterval
 0001:00025DC4       ExtCtrls.TTimer.SetOnTimer
 0001:00025DDC       ExtCtrls.TTimer.Timer
 0001:00025D18       ExtCtrls.TTimer.UpdateTimer
 0001:00025CA4       ExtCtrls.TTimer.WndProc
 0004:00004BD0       FlatSB..1
 0001:000268E0       FlatSB.Finalization
[...]
 0003:0000086C       SysUtils.Format
 0003:00000870       SysUtils.DefShortMonthNames
 0003:000008A0       SysUtils.DefLongMonthNames
 0003:000008D0       SysUtils.DefShortDayNames
 0003:000008EC       SysUtils.DefLongDayNames
 0003:00000908       SysUtils.ErrorMap
 0003:00000940       SysUtils.ExceptMap
 0003:000009F0       SysUtils.TerminateProcList
 0003:000009F4       VarUtils.CResult
 0003:000009FC       Variants.NullStrictConvert
 0003:00000A00       Variants.NullAsStringValue
 0003:00000A04       Variants.PackVarCreation
 0003:00000A08       Variants.BooleanToStringRule
 0003:00000A0C       Variants.CInvalidCustomVariantType
 0003:00000A10       Variants.CRangeToType
 0003:00000A24       Variants.CText
 0003:00000A78       Variants.CRelationshipToBoolean
 0003:00000A8C       TypInfo.BooleanIdents
 0003:00000A94       TypInfo.DotSep
 0003:00000A98       Classes.AddDataModule
 0003:00000AA0       Classes.RemoveDataModule
 0003:00000AA8       Classes.ApplicationHandleException
 0003:00000AB0       Classes.ApplicationShowException
 0003:00000AB8       Classes.WakeMainThread
 0003:00000AC0       Classes.FilerSignature
 0003:00000AC4       Classes.NilMethod
 0003:00000ACC       Classes.SyncList
 0003:00000AD0       Classes.BlockCode
 0003:00000AD4       Classes.UtilWindowClass
 0003:00000AFC       IniFiles.Values
 0003:00000B04       Registry.Values
 0003:00000B0C       Graphics.DefFontData
 0003:00000B3C       Graphics.DDBsOnly
 0003:00000B40       Graphics.Colors
 0003:00000CE0       Graphics.FontCharsets
 0003:00000D70       Graphics.DefPenData
 0003:00000D80       Graphics.PenStyles
 0003:00000D94       Graphics.DefBrushData
 0003:00000DA4       Graphics.PenModes
 0003:00000DC4       Graphics.ClipboardFormats
 0003:00000DC8       Graphics.FileFormats
 0003:00000DCC       Graphics.BitmapCanvasList
 0003:00000DD0       Graphics.DIBPalSizes
 0003:00000DD4       Graphics.PalSize
 0003:00000DD8       Graphics.Pal16
 0003:00000E18       Printers.FPrinter
 0003:00000E1C       GraphUtil.WebNamedColors
 0003:0000126C       Dialogs.CreationControl
 0003:00001270       Dialogs.WndProcPtrAtom
 0003:00001274       Dialogs.Captions
 0003:00001288       Dialogs.ButtonNames
 0003:000012B4       Dialogs.ButtonCaptions
 0003:000012E0       Menus.ValidMenuHotkeys
 0003:000012E4       Menus.cMenuAutoFlagToItem
 0003:000012E8       Menus.cItemAutoFlagToMenu
 0003:000012EC       Menus.cBooleanToItemAutoFlag
 0003:000012F0       Menus.cItemAutoFlagToBoolean
 0003:000012F4       Menus.MenuKeyCaps
 0003:0000133C       Menus.Checks
 0003:00001344       Menus.Enables
 0003:0000134C       Menus.Breaks
 0003:00001358       Menus.Separators
 0003:00001360       Menus.IBreaks
 0003:0000136C       Menus.IChecks
 0003:00001374       Menus.IDefaults
 0003:0000137C       Menus.IEnables
 0003:00001384       Menus.IRadios
 0003:0000138C       Menus.ISeparators
 0003:00001394       Menus.IRTL
 0003:0000139C       Menus.IOwnerDraw
 0003:000013A4       Menus.MenuStates
 0003:000013AC       Menus.Alignments
 0003:000013B4       Menus.EdgeStyle
 0003:000013BC       Menus.ItemStates
 0003:000013C4       Menus.CheckMarkBkgs
 0003:000013CC       Menus.CheckMarkStates
 0003:000013DC       Menus.Alignments
 0003:000013E4       Menus.CheckMarkStates
 0003:000013F4       Menus.CurrentKeyboardLayout
 0003:000013F8       Menus.IsAltGRKeyLayout
 0003:000013FC       Menus.Flags
 0003:00001408       Menus.Buttons
 0003:0000140C       Controls.AnimateWindowProc
 0003:00001410       Controls.CreationControl
 0003:00001414       Controls.DefaultDockTreeClass
 0003:00001418       Controls.AnchorAlign
 0003:00001420       Controls.Cursors
 0003:000014D0       Controls.CaptureControl
 0003:000014D4       Controls.csPerformingShowingChanged
 0003:000014D8       Controls.ShowFlags
 0003:000014DC       Controls.WindowPos
 0003:000014E0       Controls.InnerStyles
 0003:000014F0       Controls.OuterStyles
 0003:00001500       Controls.EdgeStyles
 0003:00001510       Controls.Ctl3DStyles
 0003:00001518       Controls.AnimationStyle
 0003:00001524       Controls.OrientArray
 0003:0000152C       Controls.MakeLast
 0003:00001534       Controls.TreeStreamEndFlag
 0003:00001538       Controls.SizeCursors
 0003:00001540       Controls.IMM32DLL
 0003:00001544       Controls.ModeMap
 0003:0000154C       Themes.ThemeServicesClass
 0003:00001550       Themes.Copyright
 0003:00001554       Themes.ThemeDataNames
 0003:000015B4       ImgList.DrawingStyles
 0003:000015C4       ImgList.Images
 0003:000015CC       ImgList.Mask
 0003:000015D4       Forms.HintWindowClass
 0003:000015D8       Forms.SetLayeredWindowAttributes
 0003:000015DC       Forms.FocusMessages
 0003:000015E0       Forms.FocusCount
 0003:000015E4       Forms.EnumAllWinOnActivateHintFlag
 0003:000015E8       Forms.TaskActiveWindow
 0003:000015EC       Forms.TaskFirstWindow
 0003:000015F0       Forms.TaskFirstTopMost
 0003:000015F4       Forms.DisablingWindows
 0003:000015F8       Forms.TaskWindowList
 0003:000015FC       Forms.SysConsts
 0003:00001604       Forms.SysConsts
 0003:0000160C       Forms.Props
 0003:00001634       Forms.Styles
 0003:00001640       Forms.HWND_STYLE
 0003:00001648       Forms.ShowCommands
 0003:00001654       Forms.InitialMainFormState
 0003:00001658       Forms.ShowCommands
 0003:00001664       Forms.ShowCommands
 0003:00001670       Forms.cUseAlpha
 0003:00001678       Forms.cUseColorKey
 0003:00001680       Forms.CursorMap
 0003:000016D4       Forms.MonitorDefaultFlags
 0003:000016E0       Forms.WindowClass
 0003:00001708       Forms.AppVisible
 0003:0000170C       Forms.ShowFlags
 0004:00000000       System.DispCallByIDProc
 0004:00000004       System.ExceptProc
 0004:00000008       System.ErrorProc
 0004:0000000C       System.ExceptClsProc
 0004:00000010       System.ExceptObjProc
 0004:00000014       System.RaiseExceptionProc
 0004:00000018       System.RTLUnwindProc
 0004:0000001C       System.ExceptionClass
 0004:00000020       System.AssertErrorProc
 0004:00000024       System.ExitProcessProc
 0004:00000028       System.AbstractErrorProc
 0004:0000002C       System.MainInstance
 0004:00000030       System.MainThreadID
 0004:00000034       System.IsLibrary
 0004:00000038       System.CmdShow
 0004:0000003C       System.CmdLine
 0004:00000040       System.InitProc
 0004:00000044       System.ExitProc
 0004:00000048       System.IsConsole
 0004:00000049       System.IsMultiThread
 0004:0000004A       System.Test8086
 0004:0000004C       System.Input
 0004:00000218       System.Output
 0004:000003E4       System.ErrOutput
 0004:000005B0       System.ReportMemoryLeaksOnShutdown
 0004:000005B1       System.NeverSleepOnMMThreadContention
 0004:000005B4       System..6
 0004:000005B8       System.DefaultSystemCodePage
 0004:000005BC       System.AllocSize2SmallBlockTypeIndX4
 0004:00000702       System.MinimumBlockAlignment
 0004:00000704       System.MediumBlockPoolsCircularList
 0004:00000714       System.MediumBlocksLocked
 0004:00000718       System.LastSequentiallyFedMediumBlock
 0004:0000071C       System.MediumSequentialFeedBytesLeft
 0004:00000720       System.MediumBlockBinGroupBitmap
 0004:00000724       System.MediumBlockBinBitmaps
 0004:000007A4       System.MediumBlockBins
 0004:000027A4       System.LargeBlocksLocked
 0004:000027A8       System.LargeBlocksCircularList
 0004:000027B8       System.ExpectedMemoryLeaks
 0004:000027BC       System.ExpectedMemoryLeaksListLocked
 0004:000027C0       System.MMSharingWindow
 0004:000027C4       System.InitContext
 0004:000027F0       SysInit.ModuleIsLib
 0004:000027F1       SysInit.ModuleIsCpp
 0004:000027F4       SysInit.HInstance
 0004:000027F8       SysInit.tlsBuffer
 0004:000027FC       Windows..3
 0004:00002800       Windows.HtmlHelpModule
 0004:00002804       SysUtils.CurrencyString
 0004:00002808       SysUtils.CurrencyFormat
 0004:00002809       SysUtils.NegCurrFormat
 0004:0000280A       SysUtils.ThousandSeparator
 0004:0000280B       SysUtils.DecimalSeparator
 0004:0000280C       SysUtils.CurrencyDecimals
 0004:0000280D       SysUtils.DateSeparator
 0004:00002810       SysUtils.ShortDateFormat
 0004:00002814       SysUtils.LongDateFormat
 0004:00002818       SysUtils.TimeSeparator
 0004:0000281C       SysUtils.TimeAMString
 0004:00002820       SysUtils.TimePMString
 0004:00002824       SysUtils.ShortTimeFormat
 0004:00002828       SysUtils.LongTimeFormat
 0004:0000282C       SysUtils.ShortMonthNames
 0004:0000285C       SysUtils.LongMonthNames
 0004:0000288C       SysUtils.ShortDayNames
 0004:000028A8       SysUtils.LongDayNames
 0004:000028C4       SysUtils.SysLocale
 0004:000028D2       SysUtils.ListSeparator
 0004:000028D4       SysUtils.EraNames
 0004:000028F0       SysUtils.EraYearOffsets
 0004:0000290C       SysUtils.TrueBoolStrs
 0004:00002910       SysUtils.FalseBoolStrs
 0004:00002914       SysUtils..35
 0004:00002918       SysUtils.OutOfMemory
 0004:0000291C       SysUtils.InvalidPointer
 0004:00002920       SysUtils.ValidatedUnitHashBuckets
 0004:00003914       SysUtils.UnitHashBuckets
 0004:00004908       SysUtils.FLanguages
 0004:0000490C       VarUtils.VariantChangeTypeEx
 0004:00004910       VarUtils.VarNeg
 0004:00004914       VarUtils.VarNot
 0004:00004918       VarUtils.VarAdd
 0004:0000491C       VarUtils.VarSub
 0004:00004920       VarUtils.VarMul
 0004:00004924       VarUtils.VarDiv
 0004:00004928       VarUtils.VarIDiv
 0004:0000492C       VarUtils.VarMod
 0004:00004930       VarUtils.VarAnd
 0004:00004934       VarUtils.VarOr
 0004:00004938       VarUtils.VarXor
 0004:0000493C       VarUtils.VarCmp
 0004:00004940       VarUtils.VarI4FromStr
 0004:00004944       VarUtils.VarR4FromStr
 0004:00004948       VarUtils.VarR8FromStr
 0004:0000494C       VarUtils.VarDateFromStr
 0004:00004950       VarUtils.VarCyFromStr
 0004:00004954       VarUtils.VarBoolFromStr
 0004:00004958       VarUtils.VarBstrFromCy
 0004:0000495C       VarUtils.VarBstrFromDate
 0004:00004960       VarUtils.VarBstrFromBool
 0004:00004964       VarUtils..5
 0004:00004968       Variants.EmptyParam
 0004:00004978       Variants.VarDispProc
 0004:0000497C       Variants.ClearAnyProc
 0004:00004980       Variants.ChangeAnyProc
 0004:00004984       Variants.RefAnyProc
 0004:00004988       Variants..81
 0004:0000498C       Variants.LVarTypes
 0004:00004990       Variants.LVarTypeSync
 0004:000049A8       TypInfo..6
 0004:000049AC       Classes.GlobalNameSpace
 0004:000049B0       Classes.IsUniqueGlobalComponentNameProc
 0004:000049B4       Classes.SyncEvent
 0004:000049B8       Classes..95
 0004:000049BC       Classes.IntConstList
 0004:000049C0       Classes.RegGroups
 0004:000049C4       Classes.FindGlobalComponentProcs
 0004:000049C8       Classes.GlobalFixupList
 0004:000049CC       Classes.ThreadLock
 0004:000049E4       Classes.InstBlockList
 0004:000049E8       Classes.InstFreeList
 0004:000049EC       HelpIntfs..2
 0004:000049F0       HelpIntfs.HelpManager
 0004:000049F4       MultiMon.GetSystemMetrics
 0004:000049F8       MultiMon.MonitorFromWindow
 0004:000049FC       MultiMon.MonitorFromRect
 0004:00004A00       MultiMon.MonitorFromPoint
 0004:00004A04       MultiMon.GetMonitorInfo
 0004:00004A08       MultiMon.GetMonitorInfoA
 0004:00004A0C       MultiMon.GetMonitorInfoW
 0004:00004A10       MultiMon.EnumDisplayMonitors
 0004:00004A14       MultiMon..1
 0004:00004A18       MultiMon.User32Dll
 0004:00004A1C       MultiMon.InitApis
 0004:00004A24       MultiMon.MMAvailable
 0004:00004A28       IniFiles..8
 0004:00004A2C       Registry..5
 0004:00004A30       Graphics.SystemPalette16
 0004:00004A34       Graphics..12
 0004:00004A38       Graphics.ScreenLogPixels
 0004:00004A3C       Graphics.StockPen
 0004:00004A40       Graphics.StockBrush
 0004:00004A44       Graphics.StockFont
 0004:00004A48       Graphics.StockIcon
 0004:00004A4C       Graphics.BitmapImageLock
 0004:00004A64       Graphics.CounterLock
 0004:00004A7C       Graphics.FontManager
 0004:00004A80       Graphics.PenManager
 0004:00004A84       Graphics.BrushManager
 0004:00004A88       Graphics.CanvasList
 0004:00004A8C       Graphics.PatternManager
 0004:00004A90       UxTheme.OpenThemeData
 0004:00004A94       UxTheme.CloseThemeData
 0004:00004A98       UxTheme.DrawThemeBackground
 0004:00004A9C       UxTheme.DrawThemeText
 0004:00004AA0       UxTheme.GetThemeBackgroundContentRect
 0004:00004AA4       UxTheme.GetThemeBackgroundExtent
 0004:00004AA8       UxTheme.GetThemePartSize
 0004:00004AAC       UxTheme.GetThemeTextExtent
 0004:00004AB0       UxTheme.GetThemeTextMetrics
 0004:00004AB4       UxTheme.GetThemeBackgroundRegion
 0004:00004AB8       UxTheme.HitTestThemeBackground
 0004:00004ABC       UxTheme.DrawThemeEdge
 0004:00004AC0       UxTheme.DrawThemeIcon
 0004:00004AC4       UxTheme.IsThemePartDefined
 0004:00004AC8       UxTheme.IsThemeBackgroundPartiallyTransparent
 0004:00004ACC       UxTheme.GetThemeColor
 0004:00004AD0       UxTheme.GetThemeMetric
 0004:00004AD4       UxTheme.GetThemeString
 0004:00004AD8       UxTheme.GetThemeBool
 0004:00004ADC       UxTheme.GetThemeInt
 0004:00004AE0       UxTheme.GetThemeEnumValue
 0004:00004AE4       UxTheme.GetThemePosition
 0004:00004AE8       UxTheme.GetThemeFont
 0004:00004AEC       UxTheme.GetThemeRect
 0004:00004AF0       UxTheme.GetThemeMargins
 0004:00004AF4       UxTheme.GetThemeIntList
 0004:00004AF8       UxTheme.GetThemePropertyOrigin
 0004:00004AFC       UxTheme.SetWindowTheme
 0004:00004B00       UxTheme.GetThemeFilename
 0004:00004B04       UxTheme.GetThemeSysColor
 0004:00004B08       UxTheme.GetThemeSysColorBrush
 0004:00004B0C       UxTheme.GetThemeSysBool
 0004:00004B10       UxTheme.GetThemeSysSize
 0004:00004B14       UxTheme.GetThemeSysFont
 0004:00004B18       UxTheme.GetThemeSysString
 0004:00004B1C       UxTheme.GetThemeSysInt
 0004:00004B20       UxTheme.IsThemeActive
 0004:00004B24       UxTheme.IsAppThemed
 0004:00004B28       UxTheme.GetWindowTheme
 0004:00004B2C       UxTheme.EnableThemeDialogTexture
 0004:00004B30       UxTheme.IsThemeDialogTextureEnabled
 0004:00004B34       UxTheme.GetThemeAppProperties
 0004:00004B38       UxTheme.SetThemeAppProperties
 0004:00004B3C       UxTheme.GetCurrentThemeName
 0004:00004B40       UxTheme.GetThemeDocumentationProperty
 0004:00004B44       UxTheme.DrawThemeParentBackground
 0004:00004B48       UxTheme.EnableTheming
 0004:00004B4C       UxTheme..1
 0004:00004B50       UxTheme.ThemeLibrary
 0004:00004B54       UxTheme.ReferenceCount
 0004:00004B58       UxTheme.Lock
 0004:00004B5C       UxTheme._DrawThemeTextEx
 0004:00004B60       UxTheme._BeginBufferedPaint
 0004:00004B64       UxTheme._EndBufferedPaint
 0004:00004B68       UxTheme._BufferedPaintSetAlpha
 0004:00004B6C       DwmApi..1
 0004:00004B70       DwmApi.hDWMAPI
 0004:00004B74       DwmApi._DwmExtendFrameIntoClientArea
 0004:00004B78       DwmApi._DwmIsCompositionEnabled
 0004:00004B7C       Printers..3
 0004:00004B80       GraphUtil..2
 0004:00004B84       GraphUtil.MsImgHandle
 0004:00004B88       GraphUtil.MsImgInitialized
 0004:00004B8C       GraphUtil.GradientFillFunc
 0004:00004B90       ExtCtrls.TCustomTrayIcon.RM_TaskbarCreated
 0004:00004B94       ExtCtrls..83
 0004:00004B98       Dialogs..03
 0004:00004B9C       Dialogs.HelpMsg
 0004:00004BA0       Dialogs.FindMsg
 0004:00004BA4       Clipbrd.CF_PICTURE
 0004:00004BA6       Clipbrd.CF_COMPONENT
 0004:00004BA8       Clipbrd..2
 0004:00004BAC       Clipbrd.FClipboard
 0004:00004BB0       FlatSB.FlatSB_EnableScrollBar
 0004:00004BB4       FlatSB.FlatSB_ShowScrollBar
 0004:00004BB8       FlatSB.FlatSB_GetScrollRange
 0004:00004BBC       FlatSB.FlatSB_GetScrollInfo
 0004:00004BC0       FlatSB.FlatSB_GetScrollPos
 0004:00004BC4       FlatSB.FlatSB_SetScrollPos
 0004:00004BC8       FlatSB.FlatSB_SetScrollInfo
 0004:00004BCC       FlatSB.FlatSB_SetScrollRange
 0004:00004BD0       FlatSB..1
 0004:00004BD4       FlatSB._FlatSB_GetScrollProp
 0004:00004BD8       FlatSB._FlatSB_SetScrollProp
 0004:00004BDC       FlatSB._InitializeFlatSB
 0004:00004BE0       FlatSB._UninitializeFlatSB
 0004:00004BE4       Menus.PopupList
 0004:00004BE8       Menus.ShortCutItems
 0004:00004BEC       Menus..01
 0004:00004BF0       Menus.CommandPool
 0004:00004BF4       Controls.Mouse
 0004:00004BF8       Controls.IsVCLControlHook
 0004:00004C00       Controls.NewStyleControls
 0004:00004C04       Controls..33
 0004:00004C08       Controls.WindowAtom
 0004:00004C0A       Controls.ControlAtom
 0004:00004C0C       Controls.WindowAtomString
 0004:00004C10       Controls.ControlAtomString
 0004:00004C14       Controls.RM_GetObjectInstance
 0004:00004C18       Controls.DragControl
 0004:00004C1C       Controls.DragObject
 0004:00004C20       Controls.DragInternalObject
 0004:00004C24       Controls.DragCapture
 0004:00004C28       Controls.DragStartPos
 0004:00004C30       Controls.DragSaveCursor
 0004:00004C34       Controls.DragThreshold
 0004:00004C38       Controls.ActiveDrag
 0004:00004C3C       Controls.DragImageList
 0004:00004C40       Controls.DockSiteList
 0004:00004C44       Controls.QualifyingSites
 0004:00004C48       Controls.DragSave
 0004:00004C4C       Controls.CanvasList
 0004:00004C50       Controls._WINNLSEnableIME
 0004:00004C54       Controls._ImmGetContext
 0004:00004C58       Controls._ImmReleaseContext
 0004:00004C5C       Controls._ImmGetConversionStatus
 0004:00004C60       Controls._ImmSetConversionStatus
 0004:00004C64       Controls._ImmSetOpenStatus
 0004:00004C68       Controls._ImmSetCompositionWindow
 0004:00004C6C       Controls._ImmSetCompositionFont
 0004:00004C70       Controls._ImmGetCompositionString
 0004:00004C74       Controls._ImmIsIME
 0004:00004C78       Controls._ImmNotifyIME
 0004:00004C7C       Themes..2
 0004:00004C80       Themes.InternalServices
 0004:00004C84       Themes.RM_UnthemedDesigner
 0004:00004C88       ImgList.CachedComCtrlVer
 0004:00004C8C       ImgList.ImageListWriteExProc
 0004:00004C90       ActnList..9
 0004:00004C94       Forms.Application
 0004:00004C98       Forms.Screen
 0004:00004C9C       Forms..51
 0004:00004CA0       Forms.RM_TaskbarCreated
 0004:00004CA4       Forms.AppIconic
 0004:00004CA8       Forms.HintThreadID
 0004:00004CAC       Forms.HintDoneEvent
 0004:00004CB0       Forms.HintHook
 0004:00004CB4       Forms.HintThread
 0004:00004CB8       Forms.OwnedAppWnds
 0004:00004CBC       Forms.LastActive
 0004:00004CC0       Forms.IdleTimerHandle
 0004:00004CC4       Forms.AppMainFormOnTaskBar
 0004:00004CC8       fMagLauncher.frmMagLauncher
 0005:00000000       System.RaiseListPtr
 0005:00000004       System.InOutRes
 0005:00000008       Classes.GlobalLoaded
 0005:0000000C       Classes.GlobalLists
 0005:00000010       GraphUtil.CachedRGBToHLSHue
 0005:00000014       GraphUtil.CachedHighlightLum
 0005:00000018       GraphUtil.CachedHighlightColor
 0005:0000001C       GraphUtil.CachedHighlight
 0005:00000020       GraphUtil.CachedShadowLum
 0005:00000024       GraphUtil.CachedShadowColor
 0005:00000028       GraphUtil.CachedShadow
 0005:0000002C       GraphUtil.CachedColorValue
 0005:00000030       GraphUtil.CachedLumValue
 0005:00000034       GraphUtil.CachedColorAdjustLuma
 0005:00000038       SysInit.TlsLast


Line numbers for FmxUtils(Fmxutils.pas) segment .text

   135 0001:0005400C   136 0001:0005401E   139 0001:00054060   141 0001:00054097

Line numbers for fMagLauncher(fMagLauncher.pas) segment .text

    37 0001:000541FC    38 0001:00054215    39 0001:0005421D    40 0001:0005422A
    41 0001:0005423C    40 0001:00054264    42 0001:00054267    43 0001:00054276
    44 0001:00054282    46 0001:000542F2

Line numbers for MagLauncher(MagLauncher.dpr) segment .itext

     9 0002:0000071C    10 0002:0000072C    11 0002:00000738    12 0002:00000750
    13 0002:0000075C    14 0002:00000768

Bound resource files

c:\program files\codegear\rad studio\5.0\lib\Controls.res
fMagLauncher.DFM
MagLauncher.RES
MagLauncher.drf


Program entry point at 0002:0000071C
