
 Start         Length     Name                   Class
 0001:00401000 00062C6CH .text                   CODE
 0002:00464000 00000788H .itext                  ICODE
 0003:00465000 00001D18H .data                   DATA
 0004:00467000 00004D04H .bss                    BSS
 0005:00000000 00000038H .tls                    TLS


Detailed map of segments

 0001:00000000 00005661 C=CODE     S=.text    G=(none)   M=System   ACBP=A9
 0001:00005664 00000105 C=CODE     S=.text    G=(none)   M=SysInit  ACBP=A9
 0001:0000576C 00000058 C=CODE     S=.text    G=(none)   M=Types    ACBP=A9
 0001:000057C4 00000B7C C=CODE     S=.text    G=(none)   M=Windows  ACBP=A9
 0001:00006340 000002F8 C=CODE     S=.text    G=(none)   M=SysConst ACBP=A9
 0001:00006638 00006A19 C=CODE     S=.text    G=(none)   M=SysUtils ACBP=A9
 0001:0000D054 000007EE C=CODE     S=.text    G=(none)   M=VarUtils ACBP=A9
 0001:0000D844 00002990 C=CODE     S=.text    G=(none)   M=Variants ACBP=A9
 0001:000101D4 00000100 C=CODE     S=.text    G=(none)   M=RTLConsts ACBP=A9
 0001:000102D4 00000887 C=CODE     S=.text    G=(none)   M=TypInfo  ACBP=A9
 0001:00010B5C 00009D71 C=CODE     S=.text    G=(none)   M=Classes  ACBP=A9
 0001:0001A8D0 00000191 C=CODE     S=.text    G=(none)   M=Contnrs  ACBP=A9
 0001:0001AA64 00001262 C=CODE     S=.text    G=(none)   M=HelpIntfs ACBP=A9
 0001:0001BCC8 00000772 C=CODE     S=.text    G=(none)   M=MultiMon ACBP=A9
 0001:0001C43C 000000B6 C=CODE     S=.text    G=(none)   M=CommCtrl ACBP=A9
 0001:0001C4F4 00000278 C=CODE     S=.text    G=(none)   M=Consts   ACBP=A9
 0001:0001C76C 00001169 C=CODE     S=.text    G=(none)   M=IniFiles ACBP=A9
 0001:0001D8D8 000005C5 C=CODE     S=.text    G=(none)   M=Registry ACBP=A9
 0001:0001DEA0 00007776 C=CODE     S=.text    G=(none)   M=Graphics ACBP=A9
 0001:00025618 0000016A C=CODE     S=.text    G=(none)   M=SyncObjs ACBP=A9
 0001:00025784 00000BB9 C=CODE     S=.text    G=(none)   M=UxTheme  ACBP=A9
 0001:00026340 00000194 C=CODE     S=.text    G=(none)   M=DwmApi   ACBP=A9
 0001:000264D4 000044E3 C=CODE     S=.text    G=(none)   M=StdCtrls ACBP=A9
 0001:0002A9B8 0000003A C=CODE     S=.text    G=(none)   M=Printers ACBP=A9
 0001:0002A9F4 00000D76 C=CODE     S=.text    G=(none)   M=GraphUtil ACBP=A9
 0001:0002B76C 00001E86 C=CODE     S=.text    G=(none)   M=ExtCtrls ACBP=A9
 0001:0002D5F4 00000674 C=CODE     S=.text    G=(none)   M=Dialogs  ACBP=A9
 0001:0002DC68 0000003A C=CODE     S=.text    G=(none)   M=Clipbrd  ACBP=A9
 0001:0002DCA4 0000012D C=CODE     S=.text    G=(none)   M=StdActns ACBP=A9
 0001:0002DDD4 0000030E C=CODE     S=.text    G=(none)   M=FlatSB   ACBP=A9
 0001:0002E0E4 00007AD9 C=CODE     S=.text    G=(none)   M=Menus    ACBP=A9
 0001:00035BC0 00014090 C=CODE     S=.text    G=(none)   M=Controls ACBP=A9
 0001:00049C50 00000C92 C=CODE     S=.text    G=(none)   M=Themes   ACBP=A9
 0001:0004A8E4 00001B95 C=CODE     S=.text    G=(none)   M=ImgList  ACBP=A9
 0001:0004C47C 00001332 C=CODE     S=.text    G=(none)   M=ActnList ACBP=A9
 0001:0004D7B0 0000F364 C=CODE     S=.text    G=(none)   M=Forms    ACBP=A9
 0001:0005CB14 00002DB0 C=CODE     S=.text    G=(none)   M=Magguini ACBP=A9
 0001:0005F8C4 0000295D C=CODE     S=.text    G=(none)   M=Buttons  ACBP=A9
 0001:00062224 00000856 C=CODE     S=.text    G=(none)   M=fmagMinibld ACBP=A9
 0001:00062A7C 000001F0 C=CODE     S=.text    G=(none)   M=MagMinibld ACBP=A9
 0002:00000000 00000095 C=ICODE    S=.itext   G=(none)   M=System   ACBP=A9
 0002:00000098 00000011 C=ICODE    S=.itext   G=(none)   M=Windows  ACBP=A9
 0002:000000AC 00000088 C=ICODE    S=.itext   G=(none)   M=SysUtils ACBP=A9
 0002:00000134 0000000F C=ICODE    S=.itext   G=(none)   M=VarUtils ACBP=A9
 0002:00000144 000000AA C=ICODE    S=.itext   G=(none)   M=Variants ACBP=A9
 0002:000001F0 00000008 C=ICODE    S=.itext   G=(none)   M=TypInfo  ACBP=A9
 0002:000001F8 00000092 C=ICODE    S=.itext   G=(none)   M=Classes  ACBP=A9
 0002:0000028C 00000008 C=ICODE    S=.itext   G=(none)   M=HelpIntfs ACBP=A9
 0002:00000294 0000000F C=ICODE    S=.itext   G=(none)   M=MultiMon ACBP=A9
 0002:000002A4 00000008 C=ICODE    S=.itext   G=(none)   M=IniFiles ACBP=A9
 0002:000002AC 00000008 C=ICODE    S=.itext   G=(none)   M=Registry ACBP=A9
 0002:000002B4 000000FB C=ICODE    S=.itext   G=(none)   M=Graphics ACBP=A9
 0002:000003B0 0000001B C=ICODE    S=.itext   G=(none)   M=UxTheme  ACBP=A9
 0002:000003CC 00000008 C=ICODE    S=.itext   G=(none)   M=DwmApi   ACBP=A9
 0002:000003D4 00000008 C=ICODE    S=.itext   G=(none)   M=Printers ACBP=A9
 0002:000003DC 00000098 C=ICODE    S=.itext   G=(none)   M=GraphUtil ACBP=A9
 0002:00000474 00000044 C=ICODE    S=.itext   G=(none)   M=ExtCtrls ACBP=A9
 0002:000004B8 0000003D C=ICODE    S=.itext   G=(none)   M=Dialogs  ACBP=A9
 0002:000004F8 00000058 C=ICODE    S=.itext   G=(none)   M=Clipbrd  ACBP=A9
 0002:00000550 0000000F C=ICODE    S=.itext   G=(none)   M=FlatSB   ACBP=A9
 0002:00000560 00000085 C=ICODE    S=.itext   G=(none)   M=Menus    ACBP=A9
 0002:000005E8 0000008F C=ICODE    S=.itext   G=(none)   M=Controls ACBP=A9
 0002:00000678 00000008 C=ICODE    S=.itext   G=(none)   M=Themes   ACBP=A9
 0002:00000680 0000002A C=ICODE    S=.itext   G=(none)   M=ActnList ACBP=A9
 0002:000006AC 00000070 C=ICODE    S=.itext   G=(none)   M=Forms    ACBP=A9
 0002:0000071C 00000025 C=ICODE    S=.itext   G=(none)   M=Buttons  ACBP=A9
 0002:00000744 00000008 C=ICODE    S=.itext   G=(none)   M=fmagMinibld ACBP=A9
 0002:0000074C 00000039 C=ICODE    S=.itext   G=(none)   M=MagMinibld ACBP=A9
 0003:00000000 00000788 C=DATA     S=.data    G=DGROUP   M=System   ACBP=A9
 0003:00000788 00000020 C=DATA     S=.data    G=DGROUP   M=SysInit  ACBP=A9
 0003:000007A8 00000250 C=DATA     S=.data    G=DGROUP   M=SysUtils ACBP=A9
 0003:000009F8 00000008 C=DATA     S=.data    G=DGROUP   M=VarUtils ACBP=A9
 0003:00000A00 0000008E C=DATA     S=.data    G=DGROUP   M=Variants ACBP=A9
 0003:00000A90 0000000C C=DATA     S=.data    G=DGROUP   M=TypInfo  ACBP=A9
 0003:00000A9C 000000E4 C=DATA     S=.data    G=DGROUP   M=Classes  ACBP=A9
 0003:00000B80 00000008 C=DATA     S=.data    G=DGROUP   M=IniFiles ACBP=A9
 0003:00000B88 00000008 C=DATA     S=.data    G=DGROUP   M=Registry ACBP=A9
 0003:00000B90 0000030C C=DATA     S=.data    G=DGROUP   M=Graphics ACBP=A9
 0003:00000E9C 00000090 C=DATA     S=.data    G=DGROUP   M=StdCtrls ACBP=A9
 0003:00000F2C 00000004 C=DATA     S=.data    G=DGROUP   M=Printers ACBP=A9
 0003:00000F30 00000450 C=DATA     S=.data    G=DGROUP   M=GraphUtil ACBP=A9
 0003:00001380 00000020 C=DATA     S=.data    G=DGROUP   M=ExtCtrls ACBP=A9
 0003:000013A0 00000074 C=DATA     S=.data    G=DGROUP   M=Dialogs  ACBP=A9
 0003:00001414 0000012C C=DATA     S=.data    G=DGROUP   M=Menus    ACBP=A9
 0003:00001540 00000140 C=DATA     S=.data    G=DGROUP   M=Controls ACBP=A9
 0003:00001680 00000068 C=DATA     S=.data    G=DGROUP   M=Themes   ACBP=A9
 0003:000016E8 00000020 C=DATA     S=.data    G=DGROUP   M=ImgList  ACBP=A9
 0003:00001708 0000013C C=DATA     S=.data    G=DGROUP   M=Forms    ACBP=A9
 0003:00001844 00000090 C=DATA     S=.data    G=DGROUP   M=Buttons  ACBP=A9
 0004:00000000 000027EC C=BSS      S=.bss     G=DGROUP   M=System   ACBP=A9
 0004:000027EC 0000000C C=BSS      S=.bss     G=DGROUP   M=SysInit  ACBP=A9
 0004:000027F8 00000008 C=BSS      S=.bss     G=DGROUP   M=Windows  ACBP=A9
 0004:00002800 00002108 C=BSS      S=.bss     G=DGROUP   M=SysUtils ACBP=A9
 0004:00004908 0000005C C=BSS      S=.bss     G=DGROUP   M=VarUtils ACBP=A9
 0004:00004964 00000040 C=BSS      S=.bss     G=DGROUP   M=Variants ACBP=A9
 0004:000049A4 00000004 C=BSS      S=.bss     G=DGROUP   M=TypInfo  ACBP=A9
 0004:000049A8 00000040 C=BSS      S=.bss     G=DGROUP   M=Classes  ACBP=A9
 0004:000049E8 00000008 C=BSS      S=.bss     G=DGROUP   M=HelpIntfs ACBP=A9
 0004:000049F0 00000031 C=BSS      S=.bss     G=DGROUP   M=MultiMon ACBP=A9
 0004:00004A24 00000004 C=BSS      S=.bss     G=DGROUP   M=IniFiles ACBP=A9
 0004:00004A28 00000004 C=BSS      S=.bss     G=DGROUP   M=Registry ACBP=A9
 0004:00004A2C 00000060 C=BSS      S=.bss     G=DGROUP   M=Graphics ACBP=A9
 0004:00004A8C 000000DC C=BSS      S=.bss     G=DGROUP   M=UxTheme  ACBP=A9
 0004:00004B68 00000010 C=BSS      S=.bss     G=DGROUP   M=DwmApi   ACBP=A9
 0004:00004B78 00000004 C=BSS      S=.bss     G=DGROUP   M=Printers ACBP=A9
 0004:00004B7C 00000010 C=BSS      S=.bss     G=DGROUP   M=GraphUtil ACBP=A9
 0004:00004B8C 00000008 C=BSS      S=.bss     G=DGROUP   M=ExtCtrls ACBP=A9
 0004:00004B94 0000000C C=BSS      S=.bss     G=DGROUP   M=Dialogs  ACBP=A9
 0004:00004BA0 0000000C C=BSS      S=.bss     G=DGROUP   M=Clipbrd  ACBP=A9
 0004:00004BAC 00000034 C=BSS      S=.bss     G=DGROUP   M=FlatSB   ACBP=A9
 0004:00004BE0 00000010 C=BSS      S=.bss     G=DGROUP   M=Menus    ACBP=A9
 0004:00004BF0 00000088 C=BSS      S=.bss     G=DGROUP   M=Controls ACBP=A9
 0004:00004C78 0000000C C=BSS      S=.bss     G=DGROUP   M=Themes   ACBP=A9
 0004:00004C84 00000008 C=BSS      S=.bss     G=DGROUP   M=ImgList  ACBP=A9
 0004:00004C8C 00000004 C=BSS      S=.bss     G=DGROUP   M=ActnList ACBP=A9
 0004:00004C90 00000031 C=BSS      S=.bss     G=DGROUP   M=Forms    ACBP=A9
 0004:00004CC4 00000030 C=BSS      S=.bss     G=DGROUP   M=Buttons  ACBP=A9
 0004:00004CF4 00000010 C=BSS      S=.bss     G=DGROUP   M=fmagMinibld ACBP=A9
 0005:00000000 00000008 C=TLS      S=.tls     G=(none)   M=System   ACBP=A9
 0005:00000008 00000008 C=TLS      S=.tls     G=(none)   M=Classes  ACBP=A9
 0005:00000010 00000028 C=TLS      S=.tls     G=(none)   M=GraphUtil ACBP=A9


  Address             Publics by Name

 0004:00004C8C       ActnList..9
 0001:0004C8A4       ActnList..TActionLink
 0001:0004C47C       ActnList..TContainedAction
 0001:0004C79C       ActnList..TCustomAction
 0001:0004C5A0       ActnList..TCustomActionList
 0001:0004C680       ActnList..TShortCutList
 0002:00000680       ActnList.ActnList
 0001:0004D780       ActnList.Finalization
 0001:0004CF94       ActnList.TActionLink.IsCaptionLinked
 0001:0004CFA8       ActnList.TActionLink.IsCheckedLinked
 0001:0004CFBC       ActnList.TActionLink.IsEnabledLinked
 0001:0004CFD0       ActnList.TActionLink.IsGroupIndexLinked
 0001:0004CFE4       ActnList.TActionLink.IsHelpContextLinked
 0001:0004CFF8       ActnList.TActionLink.IsHelpLinked
 0001:0004D00C       ActnList.TActionLink.IsHintLinked
 0001:0004D020       ActnList.TActionLink.IsImageIndexLinked
 0001:0004D034       ActnList.TActionLink.IsShortCutLinked
 0001:0004D048       ActnList.TActionLink.IsVisibleLinked
 0001:0004D05C       ActnList.TActionLink.SetAutoCheck
 0001:0004D060       ActnList.TActionLink.SetCaption
 0001:0004D064       ActnList.TActionLink.SetChecked
 0001:0004D068       ActnList.TActionLink.SetEnabled
 0001:0004D06C       ActnList.TActionLink.SetGroupIndex
 0001:0004D070       ActnList.TActionLink.SetHelpContext
 0001:0004D074       ActnList.TActionLink.SetHelpKeyword
 0001:0004D078       ActnList.TActionLink.SetHelpType
 0001:0004D07C       ActnList.TActionLink.SetHint
 0001:0004D080       ActnList.TActionLink.SetImageIndex
 0001:0004D084       ActnList.TActionLink.SetShortCut
 0001:0004D088       ActnList.TActionLink.SetVisible
 0001:0004C974       ActnList.TContainedAction.Destroy
 0001:0004CAE0       ActnList.TContainedAction.Execute
 0001:0004C9A8       ActnList.TContainedAction.GetIndex
 0001:0004C9C4       ActnList.TContainedAction.GetParentComponent
 0001:0004C9D4       ActnList.TContainedAction.HasParent
 0001:0004C9C0       ActnList.TContainedAction.IsCategoryStored
 0001:0004C9E4       ActnList.TContainedAction.ReadState
 0001:0004CA8C       ActnList.TContainedAction.SetActionList
 0001:0004CA60       ActnList.TContainedAction.SetCategory
 0001:0004CA18       ActnList.TContainedAction.SetIndex
 0001:0004CAB4       ActnList.TContainedAction.SetParentComponent
 0001:0004CB38       ActnList.TContainedAction.Update
 0001:0004D130       ActnList.TCustomAction.AssignTo
 0001:0004D08C       ActnList.TCustomAction.Create
 0001:0004D0E0       ActnList.TCustomAction.Destroy
 0001:0004D650       ActnList.TCustomAction.DoHint
 0001:0004D678       ActnList.TCustomAction.Execute
 0001:0004D6DC       ActnList.TCustomAction.GetSecondaryShortCuts
 0001:0004D704       ActnList.TCustomAction.HandleShortCut
 0001:0004D1E0       ActnList.TCustomAction.SetCaption
 0001:0004D240       ActnList.TCustomAction.SetChecked
 0001:0004D348       ActnList.TCustomAction.SetEnabled
 0001:0004D42C       ActnList.TCustomAction.SetHelpContext
 0001:0004D3C4       ActnList.TCustomAction.SetHelpKeyword
 0001:0004D484       ActnList.TCustomAction.SetHint
 0001:0004D4E4       ActnList.TCustomAction.SetImageIndex
 0001:0004D604       ActnList.TCustomAction.SetName
 0001:0004D540       ActnList.TCustomAction.SetShortCut
 0001:0004D5A4       ActnList.TCustomAction.SetVisible
 0001:0004CD68       ActnList.TCustomActionList.AddAction
 0001:0004CDA4       ActnList.TCustomActionList.Change
 0001:0004CB90       ActnList.TCustomActionList.Create
 0001:0004CBFC       ActnList.TCustomActionList.Destroy
 0001:0004CEB0       ActnList.TCustomActionList.ExecuteAction
 0001:0004CCC4       ActnList.TCustomActionList.GetAction
 0001:0004CCD8       ActnList.TCustomActionList.GetActionCount
 0001:0004CC4C       ActnList.TCustomActionList.GetChildren
 0001:0004CD14       ActnList.TCustomActionList.ImageListChange
 0001:0004CE0C       ActnList.TCustomActionList.IsShortCut
 0001:0004CD20       ActnList.TCustomActionList.Notification
 0001:0004CD88       ActnList.TCustomActionList.RemoveAction
 0001:0004CC94       ActnList.TCustomActionList.SetChildOrder
 0001:0004CCE0       ActnList.TCustomActionList.SetImages
 0001:0004CEF0       ActnList.TCustomActionList.SetState
 0001:0004CED0       ActnList.TCustomActionList.UpdateAction
 0001:0004D710       ActnList.TShortCutList.Add
 0001:0004D73C       ActnList.TShortCutList.IndexOfShortCut
 0004:00004CC4       Buttons..5
 0001:0005FAEC       Buttons..TBitBtn
 0001:0005F980       Buttons..TBitBtnActionLink
 0001:000601E4       Buttons..TButtonGlyph
 0001:0006018C       Buttons..TGlyphCache
 0001:000600CC       Buttons..TGlyphList
 0003:00001870       Buttons.BitBtnCaptions
 0004:00004CC8       Buttons.BitBtnGlyphs
 0003:0000189C       Buttons.BitBtnModalResults
 0003:00001844       Buttons.BitBtnResNames
 0002:0000071C       Buttons.Buttons
 0001:00061FD8       Buttons.DestroyLocals
 0001:00060E38       Buttons.DoDrawText
 0001:000621EC       Buttons.Finalization
 0001:00060040       Buttons.GetBitBtnGlyph
 0003:000018C8       Buttons.GlyphCache
 0001:00061F1C       Buttons.TBitBtn.ActionChange
 0001:000615A0       Buttons.TBitBtn.Click
 0001:00061B2C       Buttons.TBitBtn.CMEnabledChanged
 0001:00061B14       Buttons.TBitBtn.CMFontChanged
 0001:00061FF4       Buttons.TBitBtn.CMMouseEnter
 0001:00062030       Buttons.TBitBtn.CMMouseLeave
 0001:00061620       Buttons.TBitBtn.CNDrawItem
 0001:00061610       Buttons.TBitBtn.CNMeasureItem
 0001:00061E98       Buttons.TBitBtn.CopyImage
 0001:00061460       Buttons.TBitBtn.Create
 0001:00061550       Buttons.TBitBtn.CreateHandle
 0001:0006157C       Buttons.TBitBtn.CreateParams
 0001:00061514       Buttons.TBitBtn.Destroy
 0001:0006162C       Buttons.TBitBtn.DrawItem
 0001:00062064       Buttons.TBitBtn.GetActionLinkClass
 0001:00061B90       Buttons.TBitBtn.GetGlyph
 0001:00061DA0       Buttons.TBitBtn.GetKind
 0001:00061E28       Buttons.TBitBtn.GetNumGlyphs
 0001:00061B58       Buttons.TBitBtn.GetPalette
 0001:00061B9C       Buttons.TBitBtn.GlyphChanged
 0001:00061BA8       Buttons.TBitBtn.IsCustom
 0001:00061CE0       Buttons.TBitBtn.IsCustomCaption
 0001:0006158C       Buttons.TBitBtn.SetButtonStyle
 0001:00061B6C       Buttons.TBitBtn.SetGlyph
 0001:00061BD4       Buttons.TBitBtn.SetKind
 0001:00061E10       Buttons.TBitBtn.SetLayout
 0001:00061E7C       Buttons.TBitBtn.SetMargin
 0001:00061E34       Buttons.TBitBtn.SetNumGlyphs
 0001:00061E64       Buttons.TBitBtn.SetSpacing
 0001:00061BBC       Buttons.TBitBtn.SetStyle
 0001:00061B44       Buttons.TBitBtn.WMLButtonDblClk
 0001:0006206C       Buttons.TBitBtnActionLink.AssignClient
 0001:00062090       Buttons.TBitBtnActionLink.Create
 0001:000620CC       Buttons.TBitBtnActionLink.IsImageIndexLinked
 0001:000620FC       Buttons.TBitBtnActionLink.SetImageIndex
 0001:000610A0       Buttons.TButtonGlyph.CalcButtonLayout
 0001:00060470       Buttons.TButtonGlyph.Create
 0001:00060670       Buttons.TButtonGlyph.CreateButtonGlyph
 0001:00060500       Buttons.TButtonGlyph.Destroy
 0001:000613EC       Buttons.TButtonGlyph.Draw
 0001:00060C44       Buttons.TButtonGlyph.DrawButtonGlyph
 0001:00060F1C       Buttons.TButtonGlyph.DrawButtonText
 0001:000605A0       Buttons.TButtonGlyph.GlyphChanged
 0001:0006055C       Buttons.TButtonGlyph.Invalidate
 0001:000605D0       Buttons.TButtonGlyph.SetGlyph
 0001:00060648       Buttons.TButtonGlyph.SetNumGlyphs
 0001:0006036C       Buttons.TGlyphCache.Create
 0001:000603B0       Buttons.TGlyphCache.Destroy
 0001:00060464       Buttons.TGlyphCache.Empty
 0001:000603E0       Buttons.TGlyphCache.GetList
 0001:00060440       Buttons.TGlyphCache.ReturnList
 0001:00060310       Buttons.TGlyphList.AddMasked
 0001:000602C4       Buttons.TGlyphList.AllocateIndex
 0001:00060240       Buttons.TGlyphList.CreateSize
 0001:0006033C       Buttons.TGlyphList.Delete
 0001:00060294       Buttons.TGlyphList.Destroy
 0003:000018CC       Buttons.WordBreakFlag
 0004:000049B4       Classes..95
 0001:000110FC       Classes..EBitsError
 0001:00010FEC       Classes..EClassNotFound
 0001:000111B4       Classes..EComponentError
 0001:00010E30       Classes..EFCreateError
 0001:00010EE4       Classes..EFilerError
 0001:00010DD0       Classes..EFileStreamError
 0001:00010E8C       Classes..EFOpenError
 0001:0001126C       Classes..EInvalidOperation
 0001:000110A4       Classes..EListError
 0001:00011210       Classes..EOutOfResources
 0001:00010F3C       Classes..EReadError
 0001:00011048       Classes..EResNotFound
 0001:00010D74       Classes..EStreamError
 0001:00011154       Classes..EStringListError
 0001:00011DD8       Classes..EThread
 0001:00010F94       Classes..EWriteError
 0001:00012100       Classes..TBasicAction
 0001:00012080       Classes..TBasicActionLink
 0001:00011388       Classes..TBits
 0001:00011C84       Classes..TClassFinder
 0001:00011F20       Classes..TComponent
 0001:00011978       Classes..TCustomMemoryStream
 0001:00011CE0       Classes..TFiler
 0001:000118F0       Classes..TFileStream
 0001:00011878       Classes..THandleStream
 0001:00012FA8       Classes..TIntConst
 0001:000114CC       Classes..TInterfacedPersistent
 0001:000112CC       Classes..TList
 0001:000119F4       Classes..TMemoryStream
 0001:000113DC       Classes..TPersistent
 0001:00015FC8       Classes..TPropFixup
 0001:00016040       Classes..TPropIntfFixup
 0001:00011D44       Classes..TReader
 0001:00012284       Classes..TRegGroup
 0001:000122DC       Classes..TRegGroups
 0001:00011A70       Classes..TResourceStream
 0001:00011808       Classes..TStream
 0001:00011BFC       Classes..TStreamAdapter
 0001:000116F0       Classes..TStringList
 0001:000115B8       Classes..TStrings
 0001:00011330       Classes..TThreadList
 0001:00012F4C       Classes.ActivateClassGroup
 0003:00000A9C       Classes.AddDataModule
 0001:000162A0       Classes.AddFinished
 0001:000162D8       Classes.AddNotFinished
 0001:00016E4C       Classes.AddSubComponentsToLoaded
 0001:0001A744       Classes.AllocateHWnd
 0003:00000AAC       Classes.ApplicationHandleException
 0003:00000AB4       Classes.ApplicationShowException
 0001:000132A4       Classes.BeginGlobalLoading
 0001:000192E8       Classes.BinToHex
 0003:00000B54       Classes.BlockCode
 0001:00012248       Classes.Bounds
 0001:0001A680       Classes.CalcJmpOffset
 0001:00016E88       Classes.CheckSubComponents
 0001:000193F0       Classes.CheckSynchronize
 0002:000001F8       Classes.Classes
 0001:00012D10       Classes.ClassNotFound
 0001:00016F68       Classes.ComponentCreated
 0003:00000AD0       Classes.Convert
 0003:00000AE0       Classes.Convert
 0001:00016FE8       Classes.CreateComponent
 0001:0001A7F8       Classes.DeallocateHWnd
 0001:000193B0       Classes.DoneThreadSynchronization
 0001:00014114       Classes.DoWrite
 0001:0001332C       Classes.EndGlobalLoading
 0001:00015E00       Classes.Error
 0001:000128B0       Classes.Error
 0003:00000AC4       Classes.FilerSignature
 0001:0001A820       Classes.Finalization
 0001:00012DD0       Classes.FindClass
 0001:00017198       Classes.FindExistingComponent
 0001:000131BC       Classes.FindGlobalComponent
 0004:000049C0       Classes.FindGlobalComponentProcs
 0001:00013064       Classes.FindIdentToInt
 0001:000161D4       Classes.FindNestedComponent
 0001:0001813C       Classes.FindUniqueName
 0001:0001A5EC       Classes.FreeIntConstList
 0001:0001A720       Classes.FreeObjectInstance
 0001:00012D7C       Classes.GetClass
 0001:00012D04       Classes.GetFieldClassTable
 0004:000049C4       Classes.GlobalFixupList
 0001:00016320       Classes.GlobalFixupReferences
 0005:0000000C       Classes.GlobalLists
 0005:00000008       Classes.GlobalLoaded
 0004:000049A8       Classes.GlobalNameSpace
 0001:00012EF8       Classes.GroupDescendentsWith
 0001:0001790C       Classes.HandleException
 0001:00019324       Classes.HexToBin
 0001:000130E0       Classes.IdentToInt
 0001:00013388       Classes.InitComponent
 0001:00013430       Classes.InitInheritedComponent
 0001:0001937C       Classes.InitThreadSynchronization
 0004:000049E0       Classes.InstBlockList
 0004:000049E4       Classes.InstFreeList
 0004:000049B8       Classes.IntConstList
 0001:00013220       Classes.InternalReadComponentRes
 0001:00013120       Classes.IntToIdent
 0001:00012270       Classes.InvalidPoint
 0001:000131FC       Classes.IsUniqueGlobalComponentName
 0004:000049AC       Classes.IsUniqueGlobalComponentNameProc
 0001:0001A688       Classes.MakeObjectInstance
 0001:00013A98       Classes.Min
 0001:0001A658       Classes.ModuleUnload
 0003:00000AC8       Classes.NilMethod
 0001:000132FC       Classes.NotifyGlobalLoading
 0001:000121F8       Classes.Point
 0001:0001263C       Classes.PointerInModule
 0001:00016640       Classes.PropertyNotFound
 0001:00017A0C       Classes.PropPathError
 0001:00016634       Classes.PropValueError
 0001:000155F0       Classes.RaiseException
 0001:00018CF0       Classes.ReadCustomVariant
 0001:0001661C       Classes.ReadError
 0001:00016F88       Classes.Recover
 0001:00012220       Classes.Rect
 0004:000049BC       Classes.RegGroups
 0001:00012DF0       Classes.RegisterClass
 0001:00013164       Classes.RegisterFindGlobalComponentProc
 0001:00013038       Classes.RegisterIntegerConsts
 0003:00000AA4       Classes.RemoveDataModule
 0001:000164EC       Classes.RemoveFixupReferences
 0001:00016598       Classes.RemoveFixups
 0001:00016930       Classes.RemoveGlobalFixup
 0001:000193C8       Classes.ResetSyncEvent
 0001:00014274       Classes.ReturnAddr
 0001:000135C0       Classes.ReturnAddr
 0001:000170F8       Classes.SetCompName
 0001:0001666C       Classes.SetElementValue
 0001:00017D64       Classes.SetInterfaceReference
 0001:00017C80       Classes.SetIntIdent
 0001:00017CC8       Classes.SetObjectIdent
 0001:00016F00       Classes.SetSubComponentState
 0001:00017D08       Classes.SetVariantReference
 0001:00018810       Classes.SkipBinary
 0001:00018840       Classes.SkipCollection
 0001:000187E8       Classes.SkipList
 0001:00012210       Classes.SmallPoint
 0001:00012EAC       Classes.StartClassGroup
 0001:0001A660       Classes.StdWndProc
 0001:00015418       Classes.StringListCompareStrings
 0004:000049B0       Classes.SyncEvent
 0003:00000B50       Classes.SyncList
 0001:0001A058       Classes.TBasicAction.Change
 0001:00019EEC       Classes.TBasicAction.Create
 0001:00019F30       Classes.TBasicAction.Destroy
 0001:00019FC4       Classes.TBasicAction.Execute
 0001:00019F94       Classes.TBasicAction.ExecuteTarget
 0001:00019F90       Classes.TBasicAction.HandlesTarget
 0001:00019F98       Classes.TBasicAction.Notification
 0001:0001A06C       Classes.TBasicAction.RegisterChanges
 0001:0001A0B8       Classes.TBasicAction.SetActionComponent
 0001:00019FFC       Classes.TBasicAction.SetOnExecute
 0001:0001A078       Classes.TBasicAction.UnRegisterChanges
 0001:00019FE0       Classes.TBasicAction.Update
 0001:00019FC0       Classes.TBasicAction.UpdateTarget
 0001:00019E3C       Classes.TBasicActionLink.AssignClient
 0001:00019E74       Classes.TBasicActionLink.Change
 0001:00019DF8       Classes.TBasicActionLink.Create
 0001:00019E40       Classes.TBasicActionLink.Destroy
 0001:00019E8C       Classes.TBasicActionLink.Execute
 0001:00019ED4       Classes.TBasicActionLink.IsOnExecuteLinked
 0001:00019EA8       Classes.TBasicActionLink.SetAction
 0001:00019ED8       Classes.TBasicActionLink.SetOnExecute
 0001:00019EE0       Classes.TBasicActionLink.Update
 0001:00013A50       Classes.TBits.Destroy
 0001:00013A80       Classes.TBits.Error
 0001:00013B74       Classes.TBits.GetBit
 0001:00013B8C       Classes.TBits.OpenBit
 0001:00013B48       Classes.TBits.SetBit
 0001:00013AA4       Classes.TBits.SetSize
 0001:00012B20       Classes.TClassFinder.Create
 0001:00012C4C       Classes.TClassFinder.Destroy
 0001:00012C7C       Classes.TClassFinder.GetClass
 0001:00013E8C       Classes.TCollection.Add
 0001:00013EAC       Classes.TCollection.Clear
 0001:00019690       Classes.TComponent.BeforeDestruction
 0001:00019BC8       Classes.TComponent.ChangeName
 0001:000195C8       Classes.TComponent.Create
 0001:00019958       Classes.TComponent.DefineProperties
 0001:00019614       Classes.TComponent.Destroy
 0001:00019820       Classes.TComponent.DestroyComponents
 0001:0001987C       Classes.TComponent.Destroying
 0001:00019D04       Classes.TComponent.ExecuteAction
 0001:00019AE8       Classes.TComponent.FindComponent
 0001:0001969C       Classes.TComponent.FreeNotification
 0001:000199EC       Classes.TComponent.GetChildOwner
 0001:000199F0       Classes.TComponent.GetChildParent
 0001:000199E4       Classes.TComponent.GetChildren
 0001:00019BDC       Classes.TComponent.GetComponent
 0001:00019C08       Classes.TComponent.GetComponentCount
 0001:000199F4       Classes.TComponent.GetNamePath
 0001:00019A08       Classes.TComponent.GetOwner
 0001:00019A10       Classes.TComponent.GetParentComponent
 0001:000199E0       Classes.TComponent.HasParent
 0001:00019730       Classes.TComponent.Insert
 0001:00019784       Classes.TComponent.InsertComponent
 0001:00019DF4       Classes.TComponent.IntfGetComponent
 0001:00019A30       Classes.TComponent.Loaded
 0001:000198F8       Classes.TComponent.Notification
 0001:00019A3C       Classes.TComponent.PaletteCreated
 0001:00019D74       Classes.TComponent.QueryInterface
 0001:000196F0       Classes.TComponent.ReadLeft
 0001:00019A40       Classes.TComponent.ReadState
 0001:00019704       Classes.TComponent.ReadTop
 0001:0001975C       Classes.TComponent.Remove
 0001:000197E8       Classes.TComponent.RemoveComponent
 0001:000198DC       Classes.TComponent.RemoveFreeNotification
 0001:000198B8       Classes.TComponent.RemoveNotification
 0001:00019D54       Classes.TComponent.SafeCallException
 0001:00019A0C       Classes.TComponent.SetChildOrder
 0001:00019C18       Classes.TComponent.SetComponentIndex
 0001:00019C6C       Classes.TComponent.SetDesigning
 0001:00019B38       Classes.TComponent.SetName
 0001:00019A14       Classes.TComponent.SetParentComponent
 0001:00019CBC       Classes.TComponent.SetReference
 0001:00019D2C       Classes.TComponent.UpdateAction
 0001:00019A24       Classes.TComponent.Updated
 0001:00019D6C       Classes.TComponent.UpdateRegistry
 0001:00019A18       Classes.TComponent.Updating
 0001:00019AD0       Classes.TComponent.ValidateContainer
 0001:00019AE4       Classes.TComponent.ValidateInsert
 0001:00019A50       Classes.TComponent.ValidateRename
 0001:00019718       Classes.TComponent.WriteLeft
 0001:00019A48       Classes.TComponent.WriteState
 0001:00019724       Classes.TComponent.WriteTop
 0001:00019DB4       Classes.TComponent._AddRef
 0001:00019DD4       Classes.TComponent._Release
 0001:00015BAC       Classes.TCustomMemoryStream.Read
 0001:00015BE4       Classes.TCustomMemoryStream.Seek
 0001:00015BA4       Classes.TCustomMemoryStream.SetPointer
 0001:00015F54       Classes.TFiler.Create
 0001:00015F9C       Classes.TFiler.Destroy
 0001:00015FC4       Classes.TFiler.SetRoot
 0001:000159FC       Classes.TFileStream.Create
 0001:000159B8       Classes.TFileStream.Create
 0001:00015B70       Classes.TFileStream.Destroy
 0001:000158F4       Classes.THandleStream.Create
 0001:00015930       Classes.THandleStream.Read
 0001:00015950       Classes.THandleStream.Seek
 0001:0001597C       Classes.THandleStream.SetSize
 0001:00015990       Classes.THandleStream.SetSize
 0001:00015940       Classes.THandleStream.Write
 0004:000049C8       Classes.ThreadLock
 0001:00013000       Classes.TIntConst.Create
 0001:00013DD4       Classes.TInterfacedPersistent.AfterConstruction
 0001:00013E64       Classes.TInterfacedPersistent.QueryInterface
 0001:00013E24       Classes.TInterfacedPersistent._AddRef
 0001:00013E44       Classes.TInterfacedPersistent._Release
 0001:00013518       Classes.TList.Add
 0001:0001354C       Classes.TList.Clear
 0001:00013564       Classes.TList.Delete
 0001:000134F8       Classes.TList.Destroy
 0001:000135FC       Classes.TList.Error
 0001:000135C4       Classes.TList.Error
 0001:00013650       Classes.TList.Expand
 0001:00013668       Classes.TList.First
 0001:00013670       Classes.TList.Get
 0001:00013698       Classes.TList.Grow
 0001:000136CC       Classes.TList.IndexOf
 0001:000136EC       Classes.TList.Insert
 0001:00013758       Classes.TList.Last
 0001:00013884       Classes.TList.Notify
 0001:00013764       Classes.TList.Put
 0001:000137B4       Classes.TList.Remove
 0001:000137D4       Classes.TList.SetCapacity
 0001:00013810       Classes.TList.SetCount
 0001:00015C34       Classes.TMemoryStream.Clear
 0001:00015C08       Classes.TMemoryStream.Destroy
 0001:00015C4C       Classes.TMemoryStream.LoadFromStream
 0001:00015CD8       Classes.TMemoryStream.Realloc
 0001:00015C84       Classes.TMemoryStream.SetCapacity
 0001:00015CAC       Classes.TMemoryStream.SetSize
 0001:00015D58       Classes.TMemoryStream.Write
 0001:00013C30       Classes.TPersistent.Assign
 0001:00013C44       Classes.TPersistent.AssignError
 0001:00013D14       Classes.TPersistent.AssignTo
 0001:00013D1C       Classes.TPersistent.DefineProperties
 0001:00013C04       Classes.TPersistent.Destroy
 0001:00013D20       Classes.TPersistent.GetNamePath
 0001:00013DD0       Classes.TPersistent.GetOwner
 0001:000160A0       Classes.TPropFixup.Create
 0001:000160F8       Classes.TPropFixup.MakeGlobalReference
 0001:00016140       Classes.TPropFixup.ResolveReference
 0001:00016150       Classes.TPropIntfFixup.ResolveReference
 0001:000166C0       Classes.TReader.CheckValue
 0001:00016720       Classes.TReader.DefineBinaryProperty
 0001:000166E4       Classes.TReader.DefineProperty
 0001:00016684       Classes.TReader.Destroy
 0001:000169AC       Classes.TReader.DoFixupReferences
 0001:00016808       Classes.TReader.EndOfList
 0001:0001681C       Classes.TReader.Error
 0001:00018B3C       Classes.TReader.FindAncestorComponent
 0001:00018C34       Classes.TReader.FindComponentClass
 0001:000168C8       Classes.TReader.FindMethod
 0001:00016840       Classes.TReader.FindMethodInstance
 0001:00016AF0       Classes.TReader.FlushBuffer
 0001:00016B14       Classes.TReader.FreeFixups
 0001:00016B50       Classes.TReader.GetFieldClass
 0001:00016BE8       Classes.TReader.GetPosition
 0001:00016C00       Classes.TReader.NextValue
 0001:00016C10       Classes.TReader.PropertyError
 0001:00016C24       Classes.TReader.Read
 0001:00016CAC       Classes.TReader.ReadBoolean
 0001:00016C70       Classes.TReader.ReadBuffer
 0001:00016CC0       Classes.TReader.ReadChar
 0001:00016D7C       Classes.TReader.ReadCollection
 0001:0001723C       Classes.TReader.ReadComponent
 0001:0001767C       Classes.TReader.ReadCurrency
 0001:0001747C       Classes.TReader.ReadData
 0001:000174EC       Classes.TReader.ReadDataInner
 0001:000176CC       Classes.TReader.ReadDate
 0001:000175F4       Classes.TReader.ReadDouble
 0001:000175BC       Classes.TReader.ReadFloat
 0001:00017710       Classes.TReader.ReadIdent
 0001:00017878       Classes.TReader.ReadInt64
 0001:0001780C       Classes.TReader.ReadInteger
 0001:000178BC       Classes.TReader.ReadListBegin
 0001:000178C4       Classes.TReader.ReadListEnd
 0001:000178CC       Classes.TReader.ReadPrefix
 0001:00017A28       Classes.TReader.ReadProperty
 0001:00017E24       Classes.TReader.ReadPropValue
 0001:0001819C       Classes.TReader.ReadRootComponent
 0001:000184D0       Classes.TReader.ReadSet
 0001:0001858C       Classes.TReader.ReadSignature
 0001:00017638       Classes.TReader.ReadSingle
 0001:000185B0       Classes.TReader.ReadStr
 0001:000185EC       Classes.TReader.ReadString
 0001:0001878C       Classes.TReader.ReadValue
 0001:00018EB8       Classes.TReader.ReadVariant
 0001:00016D20       Classes.TReader.ReadWideChar
 0001:000186A8       Classes.TReader.ReadWideString
 0001:00018BF4       Classes.TReader.ReferenceName
 0001:00018C0C       Classes.TReader.SetName
 0001:00018CA8       Classes.TReader.SkipBytes
 0001:00018A94       Classes.TReader.SkipComponent
 0001:00018A4C       Classes.TReader.SkipProperty
 0001:000187A0       Classes.TReader.SkipSetBody
 0001:0001889C       Classes.TReader.SkipValue
 0001:00012334       Classes.TRegGroup.AddClass
 0001:00012340       Classes.TRegGroup.BestClass
 0001:000123A0       Classes.TRegGroup.BestGroup
 0001:00012410       Classes.TRegGroup.Create
 0001:0001246C       Classes.TRegGroup.Destroy
 0001:000124AC       Classes.TRegGroup.GetClass
 0001:00012514       Classes.TRegGroup.InGroup
 0001:00012558       Classes.TRegGroup.RegisterClass
 0001:00012618       Classes.TRegGroup.Registered
 0001:0001265C       Classes.TRegGroup.UnregisterModuleClasses
 0001:00012708       Classes.TRegGroups.Activate
 0001:00012754       Classes.TRegGroups.Create
 0001:000127C8       Classes.TRegGroups.Destroy
 0001:00012828       Classes.TRegGroups.FindGroup
 0001:0001286C       Classes.TRegGroups.GetClass
 0001:00012940       Classes.TRegGroups.GroupWith
 0001:00012A0C       Classes.TRegGroups.Lock
 0001:00012A18       Classes.TRegGroups.RegisterClass
 0001:00012A30       Classes.TRegGroups.Registered
 0001:00012A74       Classes.TRegGroups.StartGroup
 0001:00012AC4       Classes.TRegGroups.Unlock
 0001:00012AD0       Classes.TRegGroups.UnregisterModuleClasses
 0001:00015DA8       Classes.TResourceStream.Create
 0001:00015F0C       Classes.TResourceStream.Destroy
 0001:00015EA0       Classes.TResourceStream.Initialize
 0001:00015F3C       Classes.TResourceStream.Write
 0001:000157A0       Classes.TStream.CopyFrom
 0001:00015504       Classes.TStream.GetPosition
 0001:00015538       Classes.TStream.GetSize
 0001:00015730       Classes.TStream.ReadBuffer
 0001:00015894       Classes.TStream.ReadComponent
 0001:0001563C       Classes.TStream.Seek
 0001:000156C0       Classes.TStream.Seek
 0001:00015524       Classes.TStream.SetPosition
 0001:0001559C       Classes.TStream.SetSize
 0001:00015584       Classes.TStream.SetSize
 0001:00015588       Classes.TStream.SetSize64
 0001:00015768       Classes.TStream.WriteBuffer
 0001:0001A5D4       Classes.TStreamAdapter.Clone
 0001:0001A528       Classes.TStreamAdapter.Commit
 0001:0001A320       Classes.TStreamAdapter.CopyTo
 0001:0001A0E4       Classes.TStreamAdapter.Create
 0001:0001A130       Classes.TStreamAdapter.Destroy
 0001:0001A540       Classes.TStreamAdapter.LockRegion
 0001:0001A168       Classes.TStreamAdapter.Read
 0001:0001A534       Classes.TStreamAdapter.Revert
 0001:0001A238       Classes.TStreamAdapter.Seek
 0001:0001A2BC       Classes.TStreamAdapter.SetSize
 0001:0001A558       Classes.TStreamAdapter.Stat
 0001:0001A54C       Classes.TStreamAdapter.UnlockRegion
 0001:0001A1D0       Classes.TStreamAdapter.Write
 0001:00014E84       Classes.TStringList.Add
 0001:00014E94       Classes.TStringList.AddObject
 0001:00014EF8       Classes.TStringList.Changed
 0001:00014F14       Classes.TStringList.Changing
 0001:00014F30       Classes.TStringList.Clear
 0001:00015480       Classes.TStringList.CompareStrings
 0001:00015448       Classes.TStringList.CustomSort
 0001:00014F70       Classes.TStringList.Delete
 0001:00014E28       Classes.TStringList.Destroy
 0001:00014FDC       Classes.TStringList.Exchange
 0001:00015038       Classes.TStringList.ExchangeItems
 0001:0001505C       Classes.TStringList.Find
 0001:000150E0       Classes.TStringList.Get
 0001:00015114       Classes.TStringList.GetCapacity
 0001:00015118       Classes.TStringList.GetCount
 0001:0001511C       Classes.TStringList.GetObject
 0001:00015144       Classes.TStringList.Grow
 0001:00015178       Classes.TStringList.IndexOf
 0001:000151B4       Classes.TStringList.Insert
 0001:00015218       Classes.TStringList.InsertItem
 0001:000151C4       Classes.TStringList.InsertObject
 0001:00015294       Classes.TStringList.Put
 0001:000152F0       Classes.TStringList.PutObject
 0001:00015330       Classes.TStringList.QuickSort
 0001:000153C4       Classes.TStringList.SetCapacity
 0001:000153E0       Classes.TStringList.SetSorted
 0001:00015400       Classes.TStringList.SetUpdateState
 0001:00015438       Classes.TStringList.Sort
 0001:00013F44       Classes.TStrings.Add
 0001:00013F68       Classes.TStrings.AddObject
 0001:00013F8C       Classes.TStrings.AddStrings
 0001:00014044       Classes.TStrings.Assign
 0001:000140FC       Classes.TStrings.BeginUpdate
 0001:00014DB0       Classes.TStrings.CompareStrings
 0001:0001416C       Classes.TStrings.DefineProperties
 0001:00013F14       Classes.TStrings.Destroy
 0001:000141B8       Classes.TStrings.EndUpdate
 0001:000141CC       Classes.TStrings.Equals
 0001:000142B0       Classes.TStrings.Error
 0001:00014278       Classes.TStrings.Error
 0001:00014308       Classes.TStrings.Exchange
 0001:000143F4       Classes.TStrings.GetCapacity
 0001:00014D50       Classes.TStrings.GetLineBreak
 0001:00014DF4       Classes.TStrings.GetNameValueSeparator
 0001:000143FC       Classes.TStrings.GetObject
 0001:00014400       Classes.TStrings.GetText
 0001:00014454       Classes.TStrings.GetTextStr
 0001:0001458C       Classes.TStrings.IndexOf
 0001:00014618       Classes.TStrings.IndexOfName
 0001:000146EC       Classes.TStrings.IndexOfObject
 0001:00014720       Classes.TStrings.InsertObject
 0001:00014750       Classes.TStrings.LoadFromFile
 0001:000147A4       Classes.TStrings.LoadFromStream
 0001:00014850       Classes.TStrings.Move
 0001:00014900       Classes.TStrings.Put
 0001:00014930       Classes.TStrings.PutObject
 0001:00014934       Classes.TStrings.ReadData
 0001:000149E4       Classes.TStrings.SaveToFile
 0001:00014A3C       Classes.TStrings.SaveToStream
 0001:00014A9C       Classes.TStrings.SetCapacity
 0001:00014D84       Classes.TStrings.SetLineBreak
 0001:00014E0C       Classes.TStrings.SetNameValueSeparator
 0001:00014AA0       Classes.TStrings.SetStringsAdapter
 0001:00014AD4       Classes.TStrings.SetText
 0001:00014B24       Classes.TStrings.SetTextStr
 0001:00014CC8       Classes.TStrings.SetUpdateState
 0001:00014CCC       Classes.TStrings.WriteData
 0001:00013958       Classes.TThreadList.Add
 0001:00013888       Classes.TThreadList.Create
 0001:000138DC       Classes.TThreadList.Destroy
 0001:000139E0       Classes.TThreadList.LockList
 0001:000139F4       Classes.TThreadList.Remove
 0001:00013A44       Classes.TThreadList.UnlockList
 0001:000190D8       Classes.TWriter.Write
 0001:0001913C       Classes.TWriter.WriteBoolean
 0001:00019124       Classes.TWriter.WriteBuffer
 0001:00019150       Classes.TWriter.WriteInteger
 0001:000191C4       Classes.TWriter.WriteListBegin
 0001:000191CC       Classes.TWriter.WriteListEnd
 0001:000191D4       Classes.TWriter.WriteMinStr
 0001:00019280       Classes.TWriter.WriteString
 0001:000192D4       Classes.TWriter.WriteValue
 0001:000131A4       Classes.UnregisterFindGlobalComponentProc
 0001:00012E60       Classes.UnRegisterModuleClasses
 0003:00000B58       Classes.UtilWindowClass
 0001:000193D4       Classes.WaitForSyncEvent
 0003:00000ABC       Classes.WakeMainThread
 0004:00004BA4       Clipbrd..2
 0004:00004BA2       Clipbrd.CF_COMPONENT
 0004:00004BA0       Clipbrd.CF_PICTURE
 0002:000004F8       Clipbrd.Clipbrd
 0004:00004BA8       Clipbrd.FClipboard
 0001:0002DC68       Clipbrd.Finalization
 0001:0001C45C       CommCtrl.ImageList_Add
 0001:0001C494       CommCtrl.ImageList_BeginDrag
 0001:0001C43C       CommCtrl.ImageList_Create
 0001:0001C444       CommCtrl.ImageList_Destroy
 0001:0001C4A4       CommCtrl.ImageList_DragEnter
 0001:0001C4AC       CommCtrl.ImageList_DragLeave
 0001:0001C4B4       CommCtrl.ImageList_DragMove
 0001:0001C4BC       CommCtrl.ImageList_DragShowNolock
 0001:0001C474       CommCtrl.ImageList_Draw
 0001:0001C484       CommCtrl.ImageList_DrawEx
 0001:0001C49C       CommCtrl.ImageList_EndDrag
 0001:0001C46C       CommCtrl.ImageList_GetBkColor
 0001:0001C4C4       CommCtrl.ImageList_GetDragImage
 0001:0001C4DC       CommCtrl.ImageList_GetIconSize
 0001:0001C44C       CommCtrl.ImageList_GetImageCount
 0001:0001C4CC       CommCtrl.ImageList_Read
 0001:0001C48C       CommCtrl.ImageList_Remove
 0001:0001C47C       CommCtrl.ImageList_Replace
 0001:0001C464       CommCtrl.ImageList_SetBkColor
 0001:0001C4E4       CommCtrl.ImageList_SetIconSize
 0001:0001C454       CommCtrl.ImageList_SetImageCount
 0001:0001C4D4       CommCtrl.ImageList_Write
 0001:0001C4EC       CommCtrl._TrackMouseEvent
 0001:0001A8D0       Contnrs..TOrderedList
 0001:0001A938       Contnrs..TStack
 0001:0001A9B0       Contnrs.TOrderedList.Create
 0001:0001A9F4       Contnrs.TOrderedList.Destroy
 0001:0001AA24       Contnrs.TOrderedList.PeekItem
 0001:0001A998       Contnrs.TOrderedList.Pop
 0001:0001AA38       Contnrs.TOrderedList.PopItem
 0001:0001A9A0       Contnrs.TOrderedList.Push
 0001:0001AA58       Contnrs.TStack.PushItem
 0004:00004C00       Controls..33
 0001:00035CF4       Controls..TBaseDragControlObject
 0001:00037080       Controls..TControl
 0001:000361C4       Controls..TControlActionLink
 0001:0003603C       Controls..TControlCanvas
 0001:00037E48       Controls..TCustomControl
 0001:000360DC       Controls..TCustomControlAction
 0001:0003857C       Controls..TDockTree
 0001:00038430       Controls..TDockZone
 0001:00035DB8       Controls..TDragControlObject
 0001:00035E44       Controls..TDragControlObjectEx
 0001:00035ED4       Controls..TDragDockObject
 0001:00035F9C       Controls..TDragDockObjectEx
 0001:00038144       Controls..TDragImageList
 0001:00035C50       Controls..TDragObject
 0001:00037D24       Controls..TGraphicControl
 0001:00037FB4       Controls..THintWindow
 0001:00038210       Controls..TImageList
 0001:00036614       Controls..TMargins
 0001:00038620       Controls..TMouse
 0001:0003672C       Controls..TPadding
 0001:00038B84       Controls..TSiteList
 0001:000364C8       Controls..TSizeConstraints
 0001:00037914       Controls..TWinControl
 0001:000374F0       Controls..TWinControlActionLink
 0001:000391F4       Controls.AbsMin
 0004:00004C34       Controls.ActiveDrag
 0001:0003F6C0       Controls.AlignWork
 0003:0000154C       Controls.AnchorAlign
 0003:00001540       Controls.AnimateWindowProc
 0003:0000164C       Controls.AnimationStyle
 0001:0003C16C       Controls.BackgroundClipped
 0001:00048DBC       Controls.CalcSplitterPos
 0001:0003A298       Controls.CancelDrag
 0004:00004C48       Controls.CanvasList
 0003:00001604       Controls.CaptureControl
 0001:00038674       Controls.ChangeBiDiModeAlignment
 0001:00039F00       Controls.CheckUndock
 0001:00045C00       Controls.ClientToWindow
 0004:00004C06       Controls.ControlAtom
 0004:00004C0C       Controls.ControlAtomString
 0002:000005E8       Controls.Controls
 0003:00001544       Controls.CreationControl
 0003:00001608       Controls.csPerformingShowingChanged
 0003:00001644       Controls.Ctl3DStyles
 0003:00001554       Controls.Cursors
 0001:00038A1C       Controls.CursorToIdent
 0003:00001548       Controls.DefaultDockTreeClass
 0001:0004064C       Controls.DestroyChildWindow
 0001:0003F534       Controls.DoAlign
 0001:000444AC       Controls.DoCalcConstraints
 0004:00004C3C       Controls.DockSiteList
 0001:0004151C       Controls.DoControlMsg
 0001:00039808       Controls.DoDragOver
 0001:000468C4       Controls.DoFindControlZone
 0001:00046FEC       Controls.DoFindZone
 0001:00046948       Controls.DoForEach
 0001:00048590       Controls.DoGetNextLimit
 0001:000495C8       Controls.DoneControls
 0001:0003F4EC       Controls.DoPosition
 0001:00047AA0       Controls.DoPrune
 0001:00047FB4       Controls.DoSaveZone
 0001:00048278       Controls.DoSetNewBounds
 0001:000402F8       Controls.DoWriteDesignSize
 0001:0003D4EC       Controls.DoWriteExplicit
 0001:0003D4B8       Controls.DoWriteIsControl
 0004:00004C20       Controls.DragCapture
 0004:00004C14       Controls.DragControl
 0001:00039F74       Controls.DragDone
 0001:000397B8       Controls.DragFindTarget
 0001:0003978C       Controls.DragFindWindow
 0004:00004C38       Controls.DragImageList
 0001:00039BCC       Controls.DragInit
 0001:00039D3C       Controls.DragInitControl
 0004:00004C1C       Controls.DragInternalObject
 0001:000396D4       Controls.DragMessage
 0004:00004C18       Controls.DragObject
 0004:00004C44       Controls.DragSave
 0004:00004C2C       Controls.DragSaveCursor
 0004:00004C24       Controls.DragStartPos
 0004:00004C30       Controls.DragThreshold
 0001:000398E4       Controls.DragTo
 0001:00047524       Controls.DrawCloseButton
 0001:000475B8       Controls.DrawGrabberLine
 0001:00047640       Controls.DrawThemedGrabber
 0001:000419C8       Controls.DrawThemeEdge
 0003:00001634       Controls.EdgeStyles
 0001:00049BE8       Controls.Finalization
 0001:000387CC       Controls.FindControl
 0001:0003A2E4       Controls.FindDragTarget
 0001:0003A2B0       Controls.FindVCLWindow
 0001:0003A3A8       Controls.FreeDeviceContext
 0001:0003A464       Controls.FreeDeviceContexts
 0001:00038B18       Controls.GetCaptureControl
 0001:0003F35C       Controls.GetClientSize
 0001:00040B68       Controls.GetControlAtPos
 0001:00048670       Controls.GetDockAlign
 0001:00039524       Controls.GetDockSiteAtPos
 0001:00039844       Controls.GetDropCtl
 0001:000465F4       Controls.GetLastChildZone
 0001:00038A80       Controls.GetLongHint
 0001:00038A3C       Controls.GetShortHint
 0001:00038C24       Controls.GetTopParent
 0001:000486EC       Controls.HideZone
 0001:00038A2C       Controls.IdentToCursor
 0003:00001674       Controls.IMM32DLL
 0001:000495B4       Controls.Imm32IsIME
 0001:00049650       Controls.InitControls
 0001:00049258       Controls.InitIMM32
 0001:00038688       Controls.InitWndProc
 0003:00001614       Controls.InnerStyles
 0001:0003F3BC       Controls.InsertBefore
 0001:000392D8       Controls.IsBeforeTargetWindow
 0001:0003972C       Controls.IsDelphiHandle
 0001:00046028       Controls.IsOrientationSet
 0001:000394E0       Controls.IsSiteChildOfClient
 0001:00038828       Controls.IsVCLControl
 0004:00004BF4       Controls.IsVCLControlHook
 0001:0003A330       Controls.ListAdd
 0001:0003A358       Controls.ListRemove
 0003:00001660       Controls.MakeLast
 0001:0003E5F4       Controls.MinVar
 0003:00001678       Controls.ModeMap
 0004:00004BF0       Controls.Mouse
 0001:0003A378       Controls.MoveWindowOrg
 0004:00004BFC       Controls.NewStyleControls
 0001:0004600C       Controls.NextVisibleZone
 0001:00038798       Controls.ObjectFromHWnd
 0003:00001658       Controls.OrientArray
 0003:00001624       Controls.OuterStyles
 0001:0004641C       Controls.ParentNotLast
 0001:00038AC4       Controls.PerformEraseBackground
 0001:000402E4       Controls.PointsEqual
 0004:00004C40       Controls.QualifyingSites
 0001:00047188       Controls.ReadControlName
 0001:00039678       Controls.RegisterDockSite
 0004:00004C10       Controls.RM_GetObjectInstance
 0001:00038858       Controls.SendAppMessage
 0001:00038B40       Controls.SetCaptureControl
 0001:000494DC       Controls.SetImeMode
 0001:0003DF74       Controls.SetParentColor
 0003:0000160C       Controls.ShowFlags
 0001:0004876C       Controls.ShowZone
 0003:0000166C       Controls.SizeCursors
 0001:00038FF4       Controls.TBaseDragControlObject.Assign
 0001:00038FD0       Controls.TBaseDragControlObject.Create
 0001:00039020       Controls.TBaseDragControlObject.EndDrag
 0001:00039044       Controls.TBaseDragControlObject.Finished
 0001:0003E324       Controls.TControl.ActionChange
 0001:0003E714       Controls.TControl.AdjustSize
 0001:0003E548       Controls.TControl.AssignTo
 0001:0003C4CC       Controls.TControl.BeginAutoDrag
 0001:0003C4E8       Controls.TControl.BeginDrag
 0001:0003C004       Controls.TControl.BringToFront
 0001:0003CF30       Controls.TControl.CalcCursorPos
 0001:0003D098       Controls.TControl.CalcDockSizes
 0001:0003CE30       Controls.TControl.CanAutoSize
 0001:0003CE34       Controls.TControl.CanResize
 0001:0003B974       Controls.TControl.Changed
 0001:0003B984       Controls.TControl.ChangeScale
 0001:0003DAA8       Controls.TControl.CheckNewSize
 0001:0003D89C       Controls.TControl.Click
 0001:0003E954       Controls.TControl.ClientToParent
 0001:0003B7FC       Controls.TControl.ClientToScreen
 0001:0003E07C       Controls.TControl.CMBiDiModeChanged
 0001:0003DF64       Controls.TControl.CMColorChanged
 0001:0003E1AC       Controls.TControl.CMDesignHitTest
 0001:0003DF44       Controls.TControl.CMEnabledChanged
 0001:0003E2C4       Controls.TControl.CMFloat
 0001:0003DF54       Controls.TControl.CMFontChanged
 0001:0003E7A0       Controls.TControl.CMHintShow
 0001:0003E12C       Controls.TControl.CMHitTest
 0001:0003EA64       Controls.TControl.CMMouseActivate
 0001:0003E134       Controls.TControl.CMMouseEnter
 0001:0003E170       Controls.TControl.CMMouseLeave
 0001:0003E00C       Controls.TControl.CMMouseWheel
 0001:0003DFE8       Controls.TControl.CMParentBiDiModeChanged
 0001:0003DFAC       Controls.TControl.CMParentColorChanged
 0001:0003E0D8       Controls.TControl.CMParentFontChanged
 0001:0003E09C       Controls.TControl.CMParentShowHintChanged
 0001:0003E108       Controls.TControl.CMSysFontChanged
 0001:0003DF1C       Controls.TControl.CMVisibleChanged
 0001:0003CF00       Controls.TControl.ConstrainedResize
 0001:0003ABD4       Controls.TControl.Create
 0001:0003E1B4       Controls.TControl.CreateFloatingDockSite
 0001:0003D908       Controls.TControl.DblClick
 0001:0003C970       Controls.TControl.DefaultDockImage
 0001:0003D410       Controls.TControl.DefaultHandler
 0001:0003D70C       Controls.TControl.DefineProperties
 0001:0003CF5C       Controls.TControl.DesignWndProc
 0001:0003ACCC       Controls.TControl.Destroy
 0001:0003E424       Controls.TControl.DoActionChange
 0001:0003CE64       Controls.TControl.DoCanAutoSize
 0001:0003CED0       Controls.TControl.DoCanResize
 0001:0003B4CC       Controls.TControl.Dock
 0001:0003C76C       Controls.TControl.DockTrackNoTarget
 0001:0003CF90       Controls.TControl.DoConstrainedResize
 0001:0003CE20       Controls.TControl.DoConstraintsChange
 0001:0003E914       Controls.TControl.DoContextPopup
 0001:0003B5FC       Controls.TControl.DoDock
 0001:0003CABC       Controls.TControl.DoDragMsg
 0001:0003C784       Controls.TControl.DoEndDock
 0001:0003C66C       Controls.TControl.DoEndDrag
 0001:0003EA88       Controls.TControl.DoMarginChange
 0001:0003C7D0       Controls.TControl.DoMouseActivate
 0001:0003D960       Controls.TControl.DoMouseDown
 0001:0003DCD8       Controls.TControl.DoMouseUp
 0001:0003C804       Controls.TControl.DoMouseWheel
 0001:0003C8D8       Controls.TControl.DoMouseWheelDown
 0001:0003C924       Controls.TControl.DoMouseWheelUp
 0001:0003C7B0       Controls.TControl.DoStartDock
 0001:0003C64C       Controls.TControl.DoStartDrag
 0001:0003C5D4       Controls.TControl.DragCanceled
 0001:0003C620       Controls.TControl.DragDrop
 0001:0003C5D8       Controls.TControl.Dragging
 0001:0003C5E4       Controls.TControl.DragOver
 0001:0003CA9C       Controls.TControl.DrawDragDockImage
 0001:0003E734       Controls.TControl.DrawTextBiDiModeFlags
 0001:0003E774       Controls.TControl.DrawTextBiDiModeFlagsReadingOnly
 0001:0003CAAC       Controls.TControl.EraseDragDockImage
 0001:0003BE24       Controls.TControl.FontChanged
 0001:0003AE54       Controls.TControl.GetAction
 0001:0003E448       Controls.TControl.GetActionLinkClass
 0001:0003EA9C       Controls.TControl.GetAlignWithMargins
 0001:0003B68C       Controls.TControl.GetBoundsRect
 0001:0003B72C       Controls.TControl.GetClientHeight
 0001:0003B76C       Controls.TControl.GetClientOrigin
 0001:0003B6D0       Controls.TControl.GetClientRect
 0001:0003B6E8       Controls.TControl.GetClientWidth
 0001:0003C47C       Controls.TControl.GetControlsAlignment
 0001:0003C0C4       Controls.TControl.GetDeviceContext
 0001:0003E630       Controls.TControl.GetDockEdge
 0001:0003AD94       Controls.TControl.GetDragImages
 0001:0003AD98       Controls.TControl.GetEnabled
 0001:0003E6E0       Controls.TControl.GetFloating
 0001:0003E70C       Controls.TControl.GetFloatingDockSiteClass
 0001:0003BFCC       Controls.TControl.GetMouseCapture
 0001:0003ADA0       Controls.TControl.GetPalette
 0001:0003ADAC       Controls.TControl.GetParentComponent
 0001:0003DAA0       Controls.TControl.GetPopupMenu
 0001:0003BD74       Controls.TControl.GetText
 0001:0003BCF4       Controls.TControl.GetTextBuf
 0001:0003BCE4       Controls.TControl.GetTextLen
 0001:0003BD00       Controls.TControl.GetUndockHeight
 0001:0003BD14       Controls.TControl.GetUndockWidth
 0001:0003ADA4       Controls.TControl.HasParent
 0001:0003E790       Controls.TControl.InitiateAction
 0001:0003C284       Controls.TControl.Invalidate
 0001:0003C1F8       Controls.TControl.InvalidateControl
 0001:0003AF80       Controls.TControl.IsAnchorsStored
 0001:0003BE98       Controls.TControl.IsBiDiModeStored
 0001:0003E450       Controls.TControl.IsCaptionStored
 0001:0003BF60       Controls.TControl.IsColorStored
 0001:0003E470       Controls.TControl.IsEnabledStored
 0001:0003BE78       Controls.TControl.IsFontStored
 0001:0003E4B0       Controls.TControl.IsHelpContextStored
 0001:0003E490       Controls.TControl.IsHintStored
 0001:0003E4F0       Controls.TControl.IsOnClickStored
 0001:0003BE8C       Controls.TControl.IsShowHintStored
 0001:0003E4D0       Controls.TControl.IsVisibleStored
 0001:0003E510       Controls.TControl.Loaded
 0001:0003CBAC       Controls.TControl.ManualDock
 0001:0003CD8C       Controls.TControl.ManualFloat
 0001:0003C298       Controls.TControl.MouseActivate
 0001:0003D928       Controls.TControl.MouseDown
 0001:0003DBF4       Controls.TControl.MouseMove
 0001:0003DCA0       Controls.TControl.MouseUp
 0001:0003C2E0       Controls.TControl.MouseWheelHandler
 0001:0003B098       Controls.TControl.Notification
 0001:0003ADD8       Controls.TControl.PaletteChanged
 0001:0003D064       Controls.TControl.Perform
 0001:0003C698       Controls.TControl.PositionDockRect
 0001:0003EB78       Controls.TControl.ReadExplicitHeight
 0001:0003EB90       Controls.TControl.ReadExplicitLeft
 0001:0003EB60       Controls.TControl.ReadExplicitTop
 0001:0003EB38       Controls.TControl.ReadExplicitWidth
 0001:0003D498       Controls.TControl.ReadIsControl
 0001:0003B004       Controls.TControl.ReadState
 0001:0003C374       Controls.TControl.Refresh
 0001:0003C380       Controls.TControl.Repaint
 0001:0003AFD4       Controls.TControl.RequestAlign
 0001:0003AFE4       Controls.TControl.Resize
 0001:0003B828       Controls.TControl.ScaleConstraints
 0001:0003B8AC       Controls.TControl.ScreenToClient
 0001:0003B8D8       Controls.TControl.SendCancelMode
 0001:0003B908       Controls.TControl.SendDockNotification
 0001:0003AF04       Controls.TControl.SetAction
 0001:0003B0F0       Controls.TControl.SetAlign
 0001:0003EAA4       Controls.TControl.SetAlignWithMargins
 0001:0003AE64       Controls.TControl.SetAnchors
 0001:0003BB40       Controls.TControl.SetAutoSize
 0001:0003BE08       Controls.TControl.SetBiDiMode
 0001:0003B1D8       Controls.TControl.SetBounds
 0001:0003B6AC       Controls.TControl.SetBoundsRect
 0001:0003B744       Controls.TControl.SetClientHeight
 0001:0003BC00       Controls.TControl.SetClientSize
 0001:0003B700       Controls.TControl.SetClientWidth
 0001:0003BF14       Controls.TControl.SetColor
 0001:0003E948       Controls.TControl.SetConstraints
 0001:0003BFB0       Controls.TControl.SetCursor
 0001:0003AF98       Controls.TControl.SetDesignVisible
 0001:0003AFD0       Controls.TControl.SetDragMode
 0001:0003BCCC       Controls.TControl.SetEnabled
 0001:0003BE68       Controls.TControl.SetFont
 0001:0003B498       Controls.TControl.SetHeight
 0001:0003B654       Controls.TControl.SetHelpContext
 0001:0003B668       Controls.TControl.SetHelpKeyword
 0001:0003B3FC       Controls.TControl.SetLeft
 0001:0003EA90       Controls.TControl.SetMargins
 0001:0003BFDC       Controls.TControl.SetMouseCapture
 0001:0003BB5C       Controls.TControl.SetName
 0001:0003BC48       Controls.TControl.SetParent
 0001:0003BF8C       Controls.TControl.SetParentBiDiMode
 0001:0003BF68       Controls.TControl.SetParentColor
 0001:0003ADB0       Controls.TControl.SetParentComponent
 0001:0003BEA0       Controls.TControl.SetParentFont
 0001:0003BEE8       Controls.TControl.SetParentShowHint
 0001:0003BD28       Controls.TControl.SetPopupMenu
 0001:0003BEC4       Controls.TControl.SetShowHint
 0001:0003BDA4       Controls.TControl.SetText
 0001:0003BD50       Controls.TControl.SetTextBuf
 0001:0003B430       Controls.TControl.SetTop
 0001:0003BC94       Controls.TControl.SetVisible
 0001:0003B464       Controls.TControl.SetWidth
 0001:0003C0A0       Controls.TControl.SetZOrder
 0001:0003C018       Controls.TControl.SetZOrderPosition
 0001:0003C360       Controls.TControl.Update
 0001:0003B278       Controls.TControl.UpdateAnchorRules
 0001:0003D10C       Controls.TControl.UpdateBoundsRect
 0001:0003EAD4       Controls.TControl.UpdateExplicitBounds
 0001:0003C498       Controls.TControl.UseRightToLeftAlignment
 0001:0003C480       Controls.TControl.UseRightToLeftReading
 0001:0003C4B0       Controls.TControl.UseRightToLeftScrollBar
 0001:0003D13C       Controls.TControl.VisibleChanging
 0001:0003DE2C       Controls.TControl.WMCancelMode
 0001:0003E7D0       Controls.TControl.WMContextMenu
 0001:0003DA4C       Controls.TControl.WMLButtonDblClk
 0001:0003D9E4       Controls.TControl.WMLButtonDown
 0001:0003DD10       Controls.TControl.WMLButtonUp
 0001:0003DBC8       Controls.TControl.WMMButtonDblClk
 0001:0003DB9C       Controls.TControl.WMMButtonDown
 0001:0003DDB4       Controls.TControl.WMMButtonUp
 0001:0003DC28       Controls.TControl.WMMouseMove
 0001:0003DDD4       Controls.TControl.WMMouseWheel
 0001:0003DA30       Controls.TControl.WMNCLButtonDown
 0001:0003DB70       Controls.TControl.WMRButtonDblClk
 0001:0003DB44       Controls.TControl.WMRButtonDown
 0001:0003DD94       Controls.TControl.WMRButtonUp
 0001:0003DE6C       Controls.TControl.WMWindowPosChanged
 0001:0003D140       Controls.TControl.WndProc
 0001:0003EB18       Controls.TControl.WriteExplicitHeight
 0001:0003EB28       Controls.TControl.WriteExplicitLeft
 0001:0003EB08       Controls.TControl.WriteExplicitTop
 0001:0003EB50       Controls.TControl.WriteExplicitWidth
 0001:0003D4AC       Controls.TControl.WriteIsControl
 0001:0003A780       Controls.TControlActionLink.AssignClient
 0001:0003A79C       Controls.TControlActionLink.DoShowHint
 0001:0003A88C       Controls.TControlActionLink.IsCaptionLinked
 0001:0003A900       Controls.TControlActionLink.IsDropdownMenuLinked
 0001:0003A914       Controls.TControlActionLink.IsEnabledLinked
 0001:0003A948       Controls.TControlActionLink.IsEnableDropdownLinked
 0001:0003AAE8       Controls.TControlActionLink.IsHelpLinked
 0001:0003A95C       Controls.TControlActionLink.IsHintLinked
 0001:0003AA08       Controls.TControlActionLink.IsOnExecuteLinked
 0001:0003A994       Controls.TControlActionLink.IsPopupMenuLinked
 0001:0003A9D4       Controls.TControlActionLink.IsVisibleLinked
 0001:0003AA30       Controls.TControlActionLink.SetCaption
 0001:0003AA50       Controls.TControlActionLink.SetDropdownMenu
 0001:0003AA54       Controls.TControlActionLink.SetEnabled
 0001:0003AA74       Controls.TControlActionLink.SetEnableDropdown
 0001:0003AB70       Controls.TControlActionLink.SetHelpContext
 0001:0003AB50       Controls.TControlActionLink.SetHelpKeyword
 0001:0003AB90       Controls.TControlActionLink.SetHelpType
 0001:0003AA78       Controls.TControlActionLink.SetHint
 0001:0003AABC       Controls.TControlActionLink.SetOnExecute
 0001:0003ABB0       Controls.TControlActionLink.SetPopupMenu
 0001:0003AA9C       Controls.TControlActionLink.SetVisible
 0001:0003A53C       Controls.TControlCanvas.CreateHandle
 0001:0003A510       Controls.TControlCanvas.Destroy
 0001:0003A5E4       Controls.TControlCanvas.FreeHandle
 0001:0003A618       Controls.TControlCanvas.SetControl
 0001:0003A630       Controls.TControlCanvas.UpdateTextFlags
 0001:00045EB0       Controls.TCustomControl.Create
 0001:00045F0C       Controls.TCustomControl.Destroy
 0001:00046008       Controls.TCustomControl.Paint
 0001:00045F5C       Controls.TCustomControl.PaintWindow
 0001:00045F3C       Controls.TCustomControl.WMPaint
 0001:00048BC4       Controls.TDockTree.ActualSize
 0001:00046894       Controls.TDockTree.AdjustDockRect
 0001:00048C58       Controls.TDockTree.AdjustFrameRect
 0001:000468AC       Controls.TDockTree.BeginUpdate
 0001:000488A4       Controls.TDockTree.ControlVisibilityChanged
 0001:000466D8       Controls.TDockTree.Create
 0001:00046840       Controls.TDockTree.Destroy
 0001:000484A4       Controls.TDockTree.DrawSizeSplitter
 0001:000468B0       Controls.TDockTree.EndUpdate
 0001:00046F60       Controls.TDockTree.FindControlAtPos
 0001:0004691C       Controls.TDockTree.FindControlZone
 0001:00046984       Controls.TDockTree.ForEachAt
 0001:0004699C       Controls.TDockTree.GetControlBounds
 0001:00048620       Controls.TDockTree.GetNextLimit
 0001:00046A10       Controls.TDockTree.HitTest
 0001:00046A20       Controls.TDockTree.InsertControl
 0001:00046C3C       Controls.TDockTree.InsertNewParent
 0001:00046DE4       Controls.TDockTree.InsertSibling
 0001:00047100       Controls.TDockTree.InternalHitTest
 0001:000471D0       Controls.TDockTree.LoadFromStream
 0001:00048C98       Controls.TDockTree.MouseDown
 0001:00048E4C       Controls.TDockTree.MouseMove
 0001:00048E9C       Controls.TDockTree.MouseUp
 0001:0004769C       Controls.TDockTree.PaintDockFrame
 0001:000477F0       Controls.TDockTree.PaintSite
 0001:00047924       Controls.TDockTree.PositionDockRect
 0001:00047AD4       Controls.TDockTree.PruneZone
 0001:00048C2C       Controls.TDockTree.ReferenceFromOrient
 0001:00048BF4       Controls.TDockTree.RelativeSize
 0001:00047B30       Controls.TDockTree.RemoveControl
 0001:00047B70       Controls.TDockTree.RemoveZone
 0001:00047E10       Controls.TDockTree.ResetBounds
 0001:000480C4       Controls.TDockTree.SaveToStream
 0001:00047EF8       Controls.TDockTree.ScaleZone
 0001:00048300       Controls.TDockTree.SetNewBounds
 0001:00048330       Controls.TDockTree.SetReplacingControl
 0001:00048348       Controls.TDockTree.ShiftZone
 0001:00048F10       Controls.TDockTree.ShowHint
 0001:0004837C       Controls.TDockTree.SplitterMouseDown
 0001:000483DC       Controls.TDockTree.SplitterMouseUp
 0001:00048458       Controls.TDockTree.UpdateAll
 0001:00048480       Controls.TDockTree.UpdateZone
 0001:00048490       Controls.TDockTree.WindowProc
 0001:0004892C       Controls.TDockTree.WndProc
 0001:00046E5C       Controls.TDockTree.ZoneCaptionHitTest
 0001:0004604C       Controls.TDockZone.Create
 0001:00046604       Controls.TDockZone.ExpandZoneLimit
 0001:000466CC       Controls.TDockZone.FirstVisibleChild
 0001:00046070       Controls.TDockZone.GetChildCount
 0001:00046354       Controls.TDockZone.GetControlName
 0001:000461F4       Controls.TDockZone.GetHeightWidth
 0001:000460E0       Controls.TDockZone.GetLimitBegin
 0001:00046128       Controls.TDockZone.GetLimitSize
 0001:00046170       Controls.TDockZone.GetTopLeft
 0001:000460A8       Controls.TDockZone.GetVisible
 0001:00046084       Controls.TDockZone.GetVisibleChildCount
 0001:000465C8       Controls.TDockZone.GetZoneLimit
 0001:000466A4       Controls.TDockZone.NextVisible
 0001:000466B0       Controls.TDockZone.PrevVisible
 0001:000462AC       Controls.TDockZone.ResetChildren
 0001:00046644       Controls.TDockZone.ResetZoneLimits
 0001:00046398       Controls.TDockZone.SetControlName
 0001:000465F0       Controls.TDockZone.SetZoneLimit
 0001:0004644C       Controls.TDockZone.Update
 0001:00039078       Controls.TDragControlObject.GetDragCursor
 0001:00039090       Controls.TDragControlObject.GetDragImages
 0001:0003909C       Controls.TDragControlObject.HideDragImage
 0001:000390BC       Controls.TDragControlObject.ShowDragImage
 0001:000390DC       Controls.TDragControlObjectEx.BeforeDestruction
 0001:00039218       Controls.TDragDockObject.AdjustDockRect
 0001:00039178       Controls.TDragDockObject.Assign
 0001:000390E0       Controls.TDragDockObject.Create
 0001:00039148       Controls.TDragDockObject.Destroy
 0001:00039294       Controls.TDragDockObject.DrawDragDockImage
 0001:000391D8       Controls.TDragDockObject.EndDrag
 0001:000392A8       Controls.TDragDockObject.EraseDragDockImage
 0001:000392BC       Controls.TDragDockObject.GetDragCursor
 0001:000392C8       Controls.TDragDockObject.GetEraseWhenMoving
 0001:000392CC       Controls.TDragDockObject.GetFrameWidth
 0001:000392D4       Controls.TDragDockObjectEx.BeforeDestruction
 0001:00045CF0       Controls.TDragImageList.BeginDrag
 0001:00045D64       Controls.TDragImageList.DragLock
 0001:00045DEC       Controls.TDragImageList.DragMove
 0001:00045DC8       Controls.TDragImageList.DragUnlock
 0001:00045E60       Controls.TDragImageList.EndDrag
 0001:00045CC4       Controls.TDragImageList.GetHotSpot
 0001:00045E48       Controls.TDragImageList.HideDragImage
 0001:00045C40       Controls.TDragImageList.Initialize
 0001:00045CA0       Controls.TDragImageList.SetDragCursor
 0001:00045C58       Controls.TDragImageList.SetDragImage
 0001:00045E30       Controls.TDragImageList.ShowDragImage
 0001:00038FC0       Controls.TDragObject.AfterConstruction
 0001:00038D6C       Controls.TDragObject.Assign
 0001:00038FB0       Controls.TDragObject.BeforeDestruction
 0001:00038DAC       Controls.TDragObject.Capture
 0001:00038DC4       Controls.TDragObject.Finished
 0001:00038F3C       Controls.TDragObject.GetDragCursor
 0001:00038F38       Controls.TDragObject.GetDragImages
 0001:00038DCC       Controls.TDragObject.GetName
 0001:00038F54       Controls.TDragObject.HideDragImage
 0001:00038F58       Controls.TDragObject.Instance
 0001:00038F64       Controls.TDragObject.MainWndProc
 0001:00038DF4       Controls.TDragObject.ReleaseCapture
 0001:00038F60       Controls.TDragObject.ShowDragImage
 0001:00038E08       Controls.TDragObject.WndProc
 0001:0004542C       Controls.TGraphicControl.Create
 0001:00045488       Controls.TGraphicControl.Destroy
 0001:0004557C       Controls.TGraphicControl.Paint
 0001:000454C8       Controls.TGraphicControl.WMPaint
 0001:0004586C       Controls.THintWindow.ActivateHint
 0001:00045AE8       Controls.THintWindow.ActivateHintData
 0001:00045B10       Controls.THintWindow.CalcHintRect
 0001:000457D4       Controls.THintWindow.CMTextChanged
 0001:00045580       Controls.THintWindow.Create
 0001:000455EC       Controls.THintWindow.CreateParams
 0001:00045764       Controls.THintWindow.IsHintMsg
 0001:00045B6C       Controls.THintWindow.NCPaint
 0001:000456BC       Controls.THintWindow.Paint
 0001:000457C8       Controls.THintWindow.ReleaseHandle
 0001:00045BFC       Controls.THintWindow.ShouldHideHint
 0001:00045650       Controls.THintWindow.WMNCHitTest
 0001:00045658       Controls.THintWindow.WMNCPaint
 0001:00045BD8       Controls.THintWindow.WMPrint
 0001:00049860       Controls.TMargins.AssignTo
 0001:000498A8       Controls.TMargins.Change
 0001:0004981C       Controls.TMargins.Create
 0001:00049A20       Controls.TMargins.GetControlBound
 0001:000498BC       Controls.TMargins.InitDefaults
 0001:00049934       Controls.TMargins.SetControlBounds
 0001:000498DC       Controls.TMargins.SetMargin
 0001:00049004       Controls.TMouse.Create
 0001:00049094       Controls.TMouse.CreatePanningWindow
 0001:000490C0       Controls.TMouse.Destroy
 0001:000490F0       Controls.TMouse.GetCapture
 0001:000490F8       Controls.TMouse.GetCursorPos
 0001:00049108       Controls.TMouse.GetIsDragging
 0001:00049114       Controls.TMouse.GetIsPanning
 0001:00049138       Controls.TMouse.GetMouseData
 0001:00049154       Controls.TMouse.GetNativeData
 0001:00049184       Controls.TMouse.GetRegisteredData
 0001:000491AC       Controls.TMouse.SetCapture
 0001:000491D4       Controls.TMouse.SetPanningWindow
 0001:000491F4       Controls.TMouse.SettingChanged
 0001:00049BE4       Controls.TPadding.InitDefaults
 0001:00042E44       Controls.TraverseControls
 0003:00001668       Controls.TreeStreamEndFlag
 0001:00038C50       Controls.TSiteList.AddSite
 0001:00038CD4       Controls.TSiteList.Clear
 0001:00038BEC       Controls.TSiteList.Find
 0001:00038D08       Controls.TSiteList.GetTopSite
 0001:0003A698       Controls.TSizeConstraints.AssignTo
 0001:0003A76C       Controls.TSizeConstraints.Change
 0001:0003A65C       Controls.TSizeConstraints.Create
 0001:0003A6E0       Controls.TSizeConstraints.SetConstraints
 0001:00044A38       Controls.TWinControl.ActionChange
 0001:0003FEB4       Controls.TWinControl.AddBiDiModeExStyle
 0001:0003EF4C       Controls.TWinControl.AdjustClientRect
 0001:00043FA0       Controls.TWinControl.AdjustSize
 0001:0003F818       Controls.TWinControl.AlignControl
 0001:0003F714       Controls.TWinControl.AlignControls
 0001:0003EF7C       Controls.TWinControl.ArrangeControl
 0001:00044A80       Controls.TWinControl.AssignTo
 0001:0003FDB0       Controls.TWinControl.Broadcast
 0001:00044570       Controls.TWinControl.CalcConstraints
 0001:00044AB0       Controls.TWinControl.CanAutoSize
 0001:00043D5C       Controls.TWinControl.CanFocus
 0001:000444A4       Controls.TWinControl.CanResize
 0001:00043920       Controls.TWinControl.ChangeScale
 0001:0004316C       Controls.TWinControl.CMBiDiModeChanged
 0001:000433C8       Controls.TWinControl.CMBorderChanged
 0001:00043244       Controls.TWinControl.CMChanged
 0001:00043258       Controls.TWinControl.CMChildKey
 0001:00043324       Controls.TWinControl.CMColorChanged
 0001:00043508       Controls.TWinControl.CMControlListChange
 0001:0004351C       Controls.TWinControl.CMControlListChanging
 0001:00043408       Controls.TWinControl.CMCtl3DChanged
 0001:00043388       Controls.TWinControl.CMCursorChanged
 0001:00043224       Controls.TWinControl.CMDesignHitTest
 0001:00043274       Controls.TWinControl.CMDialogChar
 0001:0004326C       Controls.TWinControl.CMDialogKey
 0001:00042A00       Controls.TWinControl.CMDockClient
 0001:000434A8       Controls.TWinControl.CMDrag
 0001:000432DC       Controls.TWinControl.CMEnabledChanged
 0001:000431A4       Controls.TWinControl.CMEnter
 0001:00043214       Controls.TWinControl.CMExit
 0001:00042B18       Controls.TWinControl.CMFloat
 0001:0004327C       Controls.TWinControl.CMFocusChanged
 0001:00043498       Controls.TWinControl.CMFontChange
 0001:0004334C       Controls.TWinControl.CMFontChanged
 0001:00043C58       Controls.TWinControl.CMInvalidate
 0001:00043448       Controls.TWinControl.CMParentCtl3DChanged
 0001:0004071C       Controls.TWinControl.CMRecreateWnd
 0001:00043154       Controls.TWinControl.CMShowHintChanged
 0001:000432B4       Controls.TWinControl.CMShowingChanged
 0001:00043488       Controls.TWinControl.CMSysColorChange
 0001:00043530       Controls.TWinControl.CMSysFontChanged
 0001:00045224       Controls.TWinControl.CMTextChanged
 0001:000434A0       Controls.TWinControl.CMTimeChange
 0001:00042AF0       Controls.TWinControl.CMUnDockClient
 0001:00043284       Controls.TWinControl.CMVisibleChanged
 0001:00043490       Controls.TWinControl.CMWinIniChange
 0001:0004371C       Controls.TWinControl.CNChar
 0001:000435E4       Controls.TWinControl.CNKeyDown
 0001:000436C8       Controls.TWinControl.CNKeyUp
 0001:000437C8       Controls.TWinControl.CNSysChar
 0001:0004376C       Controls.TWinControl.CNSysKeyDown
 0001:000449FC       Controls.TWinControl.ConstrainedResize
 0001:0003FAF8       Controls.TWinControl.ContainsControl
 0001:00040C34       Controls.TWinControl.ControlAtPos
 0001:000428A4       Controls.TWinControl.ControlsAligned
 0001:0003EBDC       Controls.TWinControl.Create
 0001:000428A8       Controls.TWinControl.CreateDockManager
 0001:00040540       Controls.TWinControl.CreateHandle
 0001:0003FF1C       Controls.TWinControl.CreateParams
 0001:0003FE48       Controls.TWinControl.CreateSubClass
 0001:00040218       Controls.TWinControl.CreateWindowHandle
 0001:00040048       Controls.TWinControl.CreateWnd
 0001:000405D8       Controls.TWinControl.CustomAlignInsertBefore
 0001:000405FC       Controls.TWinControl.CustomAlignPosition
 0001:00041418       Controls.TWinControl.DefaultHandler
 0001:000403D8       Controls.TWinControl.DefineProperties
 0001:0003ED20       Controls.TWinControl.Destroy
 0001:00040690       Controls.TWinControl.DestroyHandle
 0001:00040494       Controls.TWinControl.DestroyWindowHandle
 0001:00040434       Controls.TWinControl.DestroyWnd
 0001:0003F8AC       Controls.TWinControl.DisableAlign
 0001:00042638       Controls.TWinControl.DoAddDockClient
 0001:0004268C       Controls.TWinControl.DockDrop
 0001:00042710       Controls.TWinControl.DockOver
 0001:00045270       Controls.TWinControl.DockReplaceDockClient
 0001:000426DC       Controls.TWinControl.DoDockOver
 0001:0004264C       Controls.TWinControl.DoEnter
 0001:0004266C       Controls.TWinControl.DoExit
 0001:0003F8DC       Controls.TWinControl.DoFlipChildren
 0001:00042BC8       Controls.TWinControl.DoKeyDown
 0001:00042DBC       Controls.TWinControl.DoKeyPress
 0001:00042CF4       Controls.TWinControl.DoKeyUp
 0001:000452D4       Controls.TWinControl.DoPaddingChange
 0001:00042648       Controls.TWinControl.DoRemoveDockClient
 0001:00042754       Controls.TWinControl.DoUnDock
 0001:0003F8B4       Controls.TWinControl.EnableAlign
 0001:000442E4       Controls.TWinControl.FindNextControl
 0001:0003EE00       Controls.TWinControl.FixupTabList
 0001:0003F9B0       Controls.TWinControl.FlipChildren
 0001:00043DD8       Controls.TWinControl.Focused
 0001:00044A78       Controls.TWinControl.GetActionLinkClass
 0001:0004441C       Controls.TWinControl.GetChildren
 0001:00043F68       Controls.TWinControl.GetClientOrigin
 0001:00043F88       Controls.TWinControl.GetClientRect
 0001:0003FD54       Controls.TWinControl.GetControl
 0001:0003FD90       Controls.TWinControl.GetControlCount
 0001:00043E34       Controls.TWinControl.GetControlExtents
 0001:00043BF4       Controls.TWinControl.GetDeviceContext
 0001:000427D4       Controls.TWinControl.GetDockClientCount
 0001:000427E8       Controls.TWinControl.GetDockClients
 0001:00043E20       Controls.TWinControl.GetHandle
 0001:000451DC       Controls.TWinControl.GetParentBackground
 0001:0004280C       Controls.TWinControl.GetSiteInfo
 0001:00044058       Controls.TWinControl.GetTabOrder
 0001:00044284       Controls.TWinControl.GetTabOrderList
 0001:00042868       Controls.TWinControl.GetVisibleDockClientCount
 0001:000441C0       Controls.TWinControl.HandleAllocated
 0001:00043DFC       Controls.TWinControl.HandleNeeded
 0001:0003FB2C       Controls.TWinControl.Insert
 0001:0003FBC0       Controls.TWinControl.InsertControl
 0001:00043C48       Controls.TWinControl.Invalidate
 0001:0004523C       Controls.TWinControl.InvalidateDockHostSite
 0001:00043D24       Controls.TWinControl.InvalidateFrame
 0001:00040CF8       Controls.TWinControl.IsControlActivateMsg
 0001:00040E44       Controls.TWinControl.IsControlMouseMsg
 0001:00044020       Controls.TWinControl.IsCtl3DStored
 0001:0004354C       Controls.TWinControl.IsMenuKey
 0001:000452B0       Controls.TWinControl.IsQualifyingSite
 0001:00042B9C       Controls.TWinControl.KeyDown
 0001:00042D9C       Controls.TWinControl.KeyPress
 0001:00042CC8       Controls.TWinControl.KeyUp
 0001:00040AF0       Controls.TWinControl.MainWndProc
 0001:0003FDF0       Controls.TWinControl.Notification
 0001:0003FE20       Controls.TWinControl.NotifyControls
 0001:000416E8       Controls.TWinControl.PaintControls
 0001:00041550       Controls.TWinControl.PaintHandler
 0001:00041A78       Controls.TWinControl.PaintTo
 0001:000416C0       Controls.TWinControl.PaintWindow
 0001:000430B8       Controls.TWinControl.PaletteChanged
 0001:000404F8       Controls.TWinControl.PrecedingWindow
 0001:0004527C       Controls.TWinControl.PreProcessMessage
 0001:00040258       Controls.TWinControl.ReadDesignSize
 0001:0003EED4       Controls.TWinControl.ReadState
 0001:0003F8D4       Controls.TWinControl.Realign
 0001:00040704       Controls.TWinControl.RecreateWnd
 0001:000427B0       Controls.TWinControl.ReloadDockedControl
 0001:0003FB78       Controls.TWinControl.Remove
 0001:0003FCB4       Controls.TWinControl.RemoveControl
 0001:0003FB0C       Controls.TWinControl.RemoveFocus
 0001:00045280       Controls.TWinControl.RemoveWindowProps
 0001:00043D08       Controls.TWinControl.Repaint
 0001:00042558       Controls.TWinControl.ResetIme
 0001:000438D8       Controls.TWinControl.ScaleControls
 0001:000439CC       Controls.TWinControl.ScrollBy
 0001:000443F0       Controls.TWinControl.SelectNext
 0001:00044C78       Controls.TWinControl.SetBevelCut
 0001:00044CBC       Controls.TWinControl.SetBevelEdges
 0001:00044CEC       Controls.TWinControl.SetBevelKind
 0001:00043FDC       Controls.TWinControl.SetBorderWidth
 0001:000437FC       Controls.TWinControl.SetBounds
 0001:00044464       Controls.TWinControl.SetChildOrder
 0001:00043FFC       Controls.TWinControl.SetCtl3D
 0001:00042914       Controls.TWinControl.SetDesignVisible
 0001:00042948       Controls.TWinControl.SetDockSite
 0001:00043D9C       Controls.TWinControl.SetFocus
 0001:00042428       Controls.TWinControl.SetIme
 0001:000452DC       Controls.TWinControl.SetPadding
 0001:000453B0       Controls.TWinControl.SetParent
 0001:000451E4       Controls.TWinControl.SetParentBackground
 0001:0004402C       Controls.TWinControl.SetParentCtl3D
 0001:00040A0C       Controls.TWinControl.SetParentWindow
 0001:000440D8       Controls.TWinControl.SetTabOrder
 0001:000440F0       Controls.TWinControl.SetTabStop
 0001:00044150       Controls.TWinControl.SetUseDockManager
 0001:00043B94       Controls.TWinControl.SetZOrder
 0001:00043ABC       Controls.TWinControl.SetZOrderPosition
 0001:00043AA4       Controls.TWinControl.ShowControl
 0001:00043CEC       Controls.TWinControl.Update
 0001:000441CC       Controls.TWinControl.UpdateBounds
 0001:00045334       Controls.TWinControl.UpdateControlOriginalParentSize
 0001:00040918       Controls.TWinControl.UpdateControlState
 0001:000452E8       Controls.TWinControl.UpdateRecreatingFlag
 0001:000407A8       Controls.TWinControl.UpdateShowing
 0001:0004407C       Controls.TWinControl.UpdateTabOrder
 0001:00045104       Controls.TWinControl.UpdateUIState
 0001:00042E24       Controls.TWinControl.WMChar
[...]
 0004:000005B0       System..6
 0004:000005B4       System.DefaultSystemCodePage
 0004:000005B8       System.AllocSize2SmallBlockTypeIndX4
 0004:000006FE       System.MinimumBlockAlignment
 0004:00000700       System.MediumBlockPoolsCircularList
 0004:00000710       System.MediumBlocksLocked
 0004:00000714       System.LastSequentiallyFedMediumBlock
 0004:00000718       System.MediumSequentialFeedBytesLeft
 0004:0000071C       System.MediumBlockBinGroupBitmap
 0004:00000720       System.MediumBlockBinBitmaps
 0004:000007A0       System.MediumBlockBins
 0004:000027A0       System.LargeBlocksLocked
 0004:000027A4       System.LargeBlocksCircularList
 0004:000027B4       System.ExpectedMemoryLeaks
 0004:000027B8       System.ExpectedMemoryLeaksListLocked
 0004:000027BC       System.MMSharingWindow
 0004:000027C0       System.InitContext
 0004:000027EC       SysInit.ModuleIsLib
 0004:000027ED       SysInit.ModuleIsCpp
 0004:000027F0       SysInit.HInstance
 0004:000027F4       SysInit.tlsBuffer
 0004:000027F8       Windows..3
 0004:000027FC       Windows.HtmlHelpModule
 0004:00002800       SysUtils.CurrencyString
 0004:00002804       SysUtils.CurrencyFormat
 0004:00002805       SysUtils.NegCurrFormat
 0004:00002806       SysUtils.ThousandSeparator
 0004:00002807       SysUtils.DecimalSeparator
 0004:00002808       SysUtils.CurrencyDecimals
 0004:00002809       SysUtils.DateSeparator
 0004:0000280C       SysUtils.ShortDateFormat
 0004:00002810       SysUtils.LongDateFormat
 0004:00002814       SysUtils.TimeSeparator
 0004:00002818       SysUtils.TimeAMString
 0004:0000281C       SysUtils.TimePMString
 0004:00002820       SysUtils.ShortTimeFormat
 0004:00002824       SysUtils.LongTimeFormat
 0004:00002828       SysUtils.ShortMonthNames
 0004:00002858       SysUtils.LongMonthNames
 0004:00002888       SysUtils.ShortDayNames
 0004:000028A4       SysUtils.LongDayNames
 0004:000028C0       SysUtils.SysLocale
 0004:000028CE       SysUtils.ListSeparator
 0004:000028D0       SysUtils.EraNames
 0004:000028EC       SysUtils.EraYearOffsets
 0004:00002908       SysUtils.TrueBoolStrs
 0004:0000290C       SysUtils.FalseBoolStrs
 0004:00002910       SysUtils..35
 0004:00002914       SysUtils.OutOfMemory
 0004:00002918       SysUtils.InvalidPointer
 0004:0000291C       SysUtils.ValidatedUnitHashBuckets
 0004:00003910       SysUtils.UnitHashBuckets
 0004:00004904       SysUtils.FLanguages
 0004:00004908       VarUtils.VariantChangeTypeEx
 0004:0000490C       VarUtils.VarNeg
 0004:00004910       VarUtils.VarNot
 0004:00004914       VarUtils.VarAdd
 0004:00004918       VarUtils.VarSub
 0004:0000491C       VarUtils.VarMul
 0004:00004920       VarUtils.VarDiv
 0004:00004924       VarUtils.VarIDiv
 0004:00004928       VarUtils.VarMod
 0004:0000492C       VarUtils.VarAnd
 0004:00004930       VarUtils.VarOr
 0004:00004934       VarUtils.VarXor
 0004:00004938       VarUtils.VarCmp
 0004:0000493C       VarUtils.VarI4FromStr
 0004:00004940       VarUtils.VarR4FromStr
 0004:00004944       VarUtils.VarR8FromStr
 0004:00004948       VarUtils.VarDateFromStr
 0004:0000494C       VarUtils.VarCyFromStr
 0004:00004950       VarUtils.VarBoolFromStr
 0004:00004954       VarUtils.VarBstrFromCy
 0004:00004958       VarUtils.VarBstrFromDate
 0004:0000495C       VarUtils.VarBstrFromBool
 0004:00004960       VarUtils..5
 0004:00004964       Variants.EmptyParam
 0004:00004974       Variants.VarDispProc
 0004:00004978       Variants.ClearAnyProc
 0004:0000497C       Variants.ChangeAnyProc
 0004:00004980       Variants.RefAnyProc
 0004:00004984       Variants..81
 0004:00004988       Variants.LVarTypes
 0004:0000498C       Variants.LVarTypeSync
 0004:000049A4       TypInfo..6
 0004:000049A8       Classes.GlobalNameSpace
 0004:000049AC       Classes.IsUniqueGlobalComponentNameProc
 0004:000049B0       Classes.SyncEvent
 0004:000049B4       Classes..95
 0004:000049B8       Classes.IntConstList
 0004:000049BC       Classes.RegGroups
 0004:000049C0       Classes.FindGlobalComponentProcs
 0004:000049C4       Classes.GlobalFixupList
 0004:000049C8       Classes.ThreadLock
 0004:000049E0       Classes.InstBlockList
 0004:000049E4       Classes.InstFreeList
 0004:000049E8       HelpIntfs..2
 0004:000049EC       HelpIntfs.HelpManager
 0004:000049F0       MultiMon.GetSystemMetrics
 0004:000049F4       MultiMon.MonitorFromWindow
 0004:000049F8       MultiMon.MonitorFromRect
 0004:000049FC       MultiMon.MonitorFromPoint
 0004:00004A00       MultiMon.GetMonitorInfo
 0004:00004A04       MultiMon.GetMonitorInfoA
 0004:00004A08       MultiMon.GetMonitorInfoW
 0004:00004A0C       MultiMon.EnumDisplayMonitors
 0004:00004A10       MultiMon..1
 0004:00004A14       MultiMon.User32Dll
 0004:00004A18       MultiMon.InitApis
 0004:00004A20       MultiMon.MMAvailable
 0004:00004A24       IniFiles..8
 0004:00004A28       Registry..5
 0004:00004A2C       Graphics.SystemPalette16
 0004:00004A30       Graphics..12
 0004:00004A34       Graphics.ScreenLogPixels
 0004:00004A38       Graphics.StockPen
 0004:00004A3C       Graphics.StockBrush
 0004:00004A40       Graphics.StockFont
 0004:00004A44       Graphics.StockIcon
 0004:00004A48       Graphics.BitmapImageLock
 0004:00004A60       Graphics.CounterLock
 0004:00004A78       Graphics.FontManager
 0004:00004A7C       Graphics.PenManager
 0004:00004A80       Graphics.BrushManager
 0004:00004A84       Graphics.CanvasList
 0004:00004A88       Graphics.PatternManager
 0004:00004A8C       UxTheme.OpenThemeData
 0004:00004A90       UxTheme.CloseThemeData
 0004:00004A94       UxTheme.DrawThemeBackground
 0004:00004A98       UxTheme.DrawThemeText
 0004:00004A9C       UxTheme.GetThemeBackgroundContentRect
 0004:00004AA0       UxTheme.GetThemeBackgroundExtent
 0004:00004AA4       UxTheme.GetThemePartSize
 0004:00004AA8       UxTheme.GetThemeTextExtent
 0004:00004AAC       UxTheme.GetThemeTextMetrics
 0004:00004AB0       UxTheme.GetThemeBackgroundRegion
 0004:00004AB4       UxTheme.HitTestThemeBackground
 0004:00004AB8       UxTheme.DrawThemeEdge
 0004:00004ABC       UxTheme.DrawThemeIcon
 0004:00004AC0       UxTheme.IsThemePartDefined
 0004:00004AC4       UxTheme.IsThemeBackgroundPartiallyTransparent
 0004:00004AC8       UxTheme.GetThemeColor
 0004:00004ACC       UxTheme.GetThemeMetric
 0004:00004AD0       UxTheme.GetThemeString
 0004:00004AD4       UxTheme.GetThemeBool
 0004:00004AD8       UxTheme.GetThemeInt
 0004:00004ADC       UxTheme.GetThemeEnumValue
 0004:00004AE0       UxTheme.GetThemePosition
 0004:00004AE4       UxTheme.GetThemeFont
 0004:00004AE8       UxTheme.GetThemeRect
 0004:00004AEC       UxTheme.GetThemeMargins
 0004:00004AF0       UxTheme.GetThemeIntList
 0004:00004AF4       UxTheme.GetThemePropertyOrigin
 0004:00004AF8       UxTheme.SetWindowTheme
 0004:00004AFC       UxTheme.GetThemeFilename
 0004:00004B00       UxTheme.GetThemeSysColor
 0004:00004B04       UxTheme.GetThemeSysColorBrush
 0004:00004B08       UxTheme.GetThemeSysBool
 0004:00004B0C       UxTheme.GetThemeSysSize
 0004:00004B10       UxTheme.GetThemeSysFont
 0004:00004B14       UxTheme.GetThemeSysString
 0004:00004B18       UxTheme.GetThemeSysInt
 0004:00004B1C       UxTheme.IsThemeActive
 0004:00004B20       UxTheme.IsAppThemed
 0004:00004B24       UxTheme.GetWindowTheme
 0004:00004B28       UxTheme.EnableThemeDialogTexture
 0004:00004B2C       UxTheme.IsThemeDialogTextureEnabled
 0004:00004B30       UxTheme.GetThemeAppProperties
 0004:00004B34       UxTheme.SetThemeAppProperties
 0004:00004B38       UxTheme.GetCurrentThemeName
 0004:00004B3C       UxTheme.GetThemeDocumentationProperty
 0004:00004B40       UxTheme.DrawThemeParentBackground
 0004:00004B44       UxTheme.EnableTheming
 0004:00004B48       UxTheme..1
 0004:00004B4C       UxTheme.ThemeLibrary
 0004:00004B50       UxTheme.ReferenceCount
 0004:00004B54       UxTheme.Lock
 0004:00004B58       UxTheme._DrawThemeTextEx
 0004:00004B5C       UxTheme._BeginBufferedPaint
 0004:00004B60       UxTheme._EndBufferedPaint
 0004:00004B64       UxTheme._BufferedPaintSetAlpha
 0004:00004B68       DwmApi..1
 0004:00004B6C       DwmApi.hDWMAPI
 0004:00004B70       DwmApi._DwmExtendFrameIntoClientArea
 0004:00004B74       DwmApi._DwmIsCompositionEnabled
 0004:00004B78       Printers..3
 0004:00004B7C       GraphUtil..2
 0004:00004B80       GraphUtil.MsImgHandle
 0004:00004B84       GraphUtil.MsImgInitialized
 0004:00004B88       GraphUtil.GradientFillFunc
 0004:00004B8C       ExtCtrls.TCustomTrayIcon.RM_TaskbarCreated
 0004:00004B90       ExtCtrls..83
 0004:00004B94       Dialogs..03
 0004:00004B98       Dialogs.HelpMsg
 0004:00004B9C       Dialogs.FindMsg
 0004:00004BA0       Clipbrd.CF_PICTURE
 0004:00004BA2       Clipbrd.CF_COMPONENT
 0004:00004BA4       Clipbrd..2
 0004:00004BA8       Clipbrd.FClipboard
 0004:00004BAC       FlatSB.FlatSB_EnableScrollBar
 0004:00004BB0       FlatSB.FlatSB_ShowScrollBar
 0004:00004BB4       FlatSB.FlatSB_GetScrollRange
 0004:00004BB8       FlatSB.FlatSB_GetScrollInfo
 0004:00004BBC       FlatSB.FlatSB_GetScrollPos
 0004:00004BC0       FlatSB.FlatSB_SetScrollPos
 0004:00004BC4       FlatSB.FlatSB_SetScrollInfo
 0004:00004BC8       FlatSB.FlatSB_SetScrollRange
 0004:00004BCC       FlatSB..1
 0004:00004BD0       FlatSB._FlatSB_GetScrollProp
 0004:00004BD4       FlatSB._FlatSB_SetScrollProp
 0004:00004BD8       FlatSB._InitializeFlatSB
 0004:00004BDC       FlatSB._UninitializeFlatSB
 0004:00004BE0       Menus.PopupList
 0004:00004BE4       Menus.ShortCutItems
 0004:00004BE8       Menus..01
 0004:00004BEC       Menus.CommandPool
 0004:00004BF0       Controls.Mouse
 0004:00004BF4       Controls.IsVCLControlHook
 0004:00004BFC       Controls.NewStyleControls
 0004:00004C00       Controls..33
 0004:00004C04       Controls.WindowAtom
 0004:00004C06       Controls.ControlAtom
 0004:00004C08       Controls.WindowAtomString
 0004:00004C0C       Controls.ControlAtomString
 0004:00004C10       Controls.RM_GetObjectInstance
 0004:00004C14       Controls.DragControl
 0004:00004C18       Controls.DragObject
 0004:00004C1C       Controls.DragInternalObject
 0004:00004C20       Controls.DragCapture
 0004:00004C24       Controls.DragStartPos
 0004:00004C2C       Controls.DragSaveCursor
 0004:00004C30       Controls.DragThreshold
 0004:00004C34       Controls.ActiveDrag
 0004:00004C38       Controls.DragImageList
 0004:00004C3C       Controls.DockSiteList
 0004:00004C40       Controls.QualifyingSites
 0004:00004C44       Controls.DragSave
 0004:00004C48       Controls.CanvasList
 0004:00004C4C       Controls._WINNLSEnableIME
 0004:00004C50       Controls._ImmGetContext
 0004:00004C54       Controls._ImmReleaseContext
 0004:00004C58       Controls._ImmGetConversionStatus
 0004:00004C5C       Controls._ImmSetConversionStatus
 0004:00004C60       Controls._ImmSetOpenStatus
 0004:00004C64       Controls._ImmSetCompositionWindow
 0004:00004C68       Controls._ImmSetCompositionFont
 0004:00004C6C       Controls._ImmGetCompositionString
 0004:00004C70       Controls._ImmIsIME
 0004:00004C74       Controls._ImmNotifyIME
 0004:00004C78       Themes..2
 0004:00004C7C       Themes.InternalServices
 0004:00004C80       Themes.RM_UnthemedDesigner
 0004:00004C84       ImgList.CachedComCtrlVer
 0004:00004C88       ImgList.ImageListWriteExProc
 0004:00004C8C       ActnList..9
 0004:00004C90       Forms.Application
 0004:00004C94       Forms.Screen
 0004:00004C98       Forms..51
 0004:00004C9C       Forms.RM_TaskbarCreated
 0004:00004CA0       Forms.AppIconic
 0004:00004CA4       Forms.HintThreadID
 0004:00004CA8       Forms.HintDoneEvent
 0004:00004CAC       Forms.HintHook
 0004:00004CB0       Forms.HintThread
 0004:00004CB4       Forms.OwnedAppWnds
 0004:00004CB8       Forms.LastActive
 0004:00004CBC       Forms.IdleTimerHandle
 0004:00004CC0       Forms.AppMainFormOnTaskBar
 0004:00004CC4       Buttons..5
 0004:00004CC8       Buttons.BitBtnGlyphs
 0004:00004CF4       fmagMinibld.frmMiniBld
 0004:00004CF8       fmagMinibld.Windir
 0004:00004CFC       fmagMinibld.UPDIR
 0004:00004D00       fmagMinibld..2
 0005:00000000       System.RaiseListPtr
 0005:00000004       System.InOutRes
 0005:00000008       Classes.GlobalLoaded
 0005:0000000C       Classes.GlobalLists
 0005:00000010       GraphUtil.CachedRGBToHLSHue
 0005:00000014       GraphUtil.CachedHighlightLum
 0005:00000018       GraphUtil.CachedHighlightColor
 0005:0000001C       GraphUtil.CachedHighlight
 0005:00000020       GraphUtil.CachedShadowLum
 0005:00000024       GraphUtil.CachedShadowColor
 0005:00000028       GraphUtil.CachedShadow
 0005:0000002C       GraphUtil.CachedColorValue
 0005:00000030       GraphUtil.CachedLumValue
 0005:00000034       GraphUtil.CachedColorAdjustLuma
 0005:00000038       SysInit.TlsLast


Line numbers for Magguini(Magguini.pas) segment .text

   113 0001:0005CB14   114 0001:0005CB19   115 0001:0005CB1D   116 0001:0005CB29
   117 0001:0005CB33   118 0001:0005CB3C   119 0001:0005CB43   142 0001:0005CB48
   144 0001:0005CB71   145 0001:0005CB77   147 0001:0005CB84   148 0001:0005CB9E
   150 0001:0005CBAC   151 0001:0005CBBC   154 0001:0005CBD2   155 0001:0005CBDA
   156 0001:0005CBEA   158 0001:0005CBFA   160 0001:0005CC12   161 0001:0005CC2B
   163 0001:0005CC32   166 0001:0005CC4A   169 0001:0005CC5E   171 0001:0005CC71
   403 0001:0005CCD8   404 0001:0005CCF7   405 0001:0005CD13   410 0001:0005CD21
   411 0001:0005CD43   419 0001:0005CD60   420 0001:0005CD82   421 0001:0005CD9F
   422 0001:0005CDC1   428 0001:0005CDD8   430 0001:0005CDEA   431 0001:0005CE0C
   434 0001:0005CE29   435 0001:0005CE4B   438 0001:0005CE68   439 0001:0005CE8A
   441 0001:0005CEA7   442 0001:0005CEBE   443 0001:0005CEDB   444 0001:0005CEF2
   445 0001:0005CF0F   446 0001:0005CF26   447 0001:0005CF43   448 0001:0005CF5A
   450 0001:0005CF77   451 0001:0005CFB1   452 0001:0005CFB9   454 0001:0005CFC6
   455 0001:0005CFE3   456 0001:0005CFFA   457 0001:0005D017   458 0001:0005D02E
   459 0001:0005D04B   460 0001:0005D062   461 0001:0005D07F   462 0001:0005D096
   463 0001:0005D0B3   464 0001:0005D0CA   465 0001:0005D0E7   466 0001:0005D0FE
   467 0001:0005D11B   468 0001:0005D132   469 0001:0005D14F   471 0001:0005D166
   472 0001:0005D173   473 0001:0005D180   475 0001:0005D197   478 0001:0005D1AE
   482 0001:0005D1C5   483 0001:0005D1DC   486 0001:0005D1F3   487 0001:0005D20A
   489 0001:0005D221   490 0001:0005D25B   491 0001:0005D263   492 0001:0005D270
   493 0001:0005D28D   494 0001:0005D2A4   495 0001:0005D2C1   496 0001:0005D2D8
   497 0001:0005D2F5   498 0001:0005D30C   499 0001:0005D329   500 0001:0005D340
   501 0001:0005D35D   502 0001:0005D374   503 0001:0005D391   504 0001:0005D3A8
   505 0001:0005D3C5   506 0001:0005D3DC   507 0001:0005D3F9   508 0001:0005D410
   509 0001:0005D42D   510 0001:0005D444   511 0001:0005D467   512 0001:0005D47E
   513 0001:0005D4A1   514 0001:0005D4B8   515 0001:0005D4DB   517 0001:0005D4F2
   518 0001:0005D4FF   519 0001:0005D50C   520 0001:0005D523   521 0001:0005D53A
   522 0001:0005D551   523 0001:0005D568   524 0001:0005D57F   525 0001:0005D596
   526 0001:0005D5AD   527 0001:0005D5C4   528 0001:0005D5DB   529 0001:0005D5F2
   530 0001:0005D609   533 0001:0005D620   534 0001:0005D666   535 0001:0005D66E
   536 0001:0005D67B   537 0001:0005D69E   538 0001:0005D6B5   539 0001:0005D6D8
   540 0001:0005D6EF   541 0001:0005D712   542 0001:0005D729   543 0001:0005D74C
   544 0001:0005D763   545 0001:0005D786   547 0001:0005D79D   548 0001:0005D7C0
   549 0001:0005D7D7   550 0001:0005D7FA   551 0001:0005D811   552 0001:0005D834
   553 0001:0005D84B   554 0001:0005D86E   556 0001:0005D885   557 0001:0005D8A8
   560 0001:0005D8BF   561 0001:0005D8E2   563 0001:0005D8F9   564 0001:0005D906
   565 0001:0005D913   566 0001:0005D92A   567 0001:0005D941   568 0001:0005D958
   569 0001:0005D96F   570 0001:0005D986   571 0001:0005D99D   572 0001:0005D9B4
   574 0001:0005D9CB   575 0001:0005D9E2   577 0001:0005D9F9   578 0001:0005DA1C
   579 0001:0005DA33   580 0001:0005DA56   582 0001:0005DA6D   583 0001:0005DA7A
   584 0001:0005DA91   585 0001:0005DAA8   587 0001:0005DABF   588 0001:0005DAE2
   589 0001:0005DAF9   590 0001:0005DB1C   591 0001:0005DB33   592 0001:0005DB40
   593 0001:0005DB57   595 0001:0005DB6E   596 0001:0005DB91   598 0001:0005DBA8
   599 0001:0005DBB5   600 0001:0005DBCC   602 0001:0005DBE3   603 0001:0005DBFA
   604 0001:0005DC0D   605 0001:0005DC24   606 0001:0005DC60   607 0001:0005DC77
   608 0001:0005DC8A   609 0001:0005DC97   610 0001:0005DCAD   611 0001:0005DCC3
   613 0001:0005DCD9   614 0001:0005DCE6   615 0001:0005DCFD   616 0001:0005DD14
   618 0001:0005DD2B   619 0001:0005DD4E   621 0001:0005DD65   622 0001:0005DD88
   623 0001:0005DD9F   624 0001:0005DDC2   626 0001:0005DDD9   627 0001:0005DDFC
   628 0001:0005DE13   629 0001:0005DE36   634 0001:0005DE4D   635 0001:0005DE64
   636 0001:0005DE87   637 0001:0005DE9E   638 0001:0005DEC1   639 0001:0005DED8
   640 0001:0005DEFB   641 0001:0005DF0F   642 0001:0005DF32   643 0001:0005DF49
   644 0001:0005DF6C   645 0001:0005DF83   646 0001:0005DFA6   647 0001:0005DFBD
   648 0001:0005DFE0   649 0001:0005DFF7   650 0001:0005E01A   651 0001:0005E031
   652 0001:0005E048   653 0001:0005E05D   658 0001:0005E074   659 0001:0005E097
   661 0001:0005E0AE   662 0001:0005E0BB   663 0001:0005E0C8   665 0001:0005E0D5
   668 0001:0005E0E2   669 0001:0005E0FC   670 0001:0005E10F   672 0001:0005E11C
   676 0001:0005E13F   678 0001:0005E14F   681 0001:0005EEA4   684 0001:0005EEC5
   685 0001:0005EEF3   686 0001:0005EF21   687 0001:0005EF4F   688 0001:0005EF7D
   689 0001:0005EFAB   690 0001:0005EFD9   691 0001:0005F007   692 0001:0005F035
   693 0001:0005F063   694 0001:0005F091   695 0001:0005F0BF   697 0001:0005F0ED
   700 0001:0005F0F9   705 0001:0005F268   708 0001:0005F289   709 0001:0005F2B7
   710 0001:0005F2E5   711 0001:0005F313   712 0001:0005F341   713 0001:0005F36F
   714 0001:0005F39D   715 0001:0005F3CB   717 0001:0005F3F9   719 0001:0005F427
   720 0001:0005F455   721 0001:0005F46E   722 0001:0005F495   726 0001:0005F4AA
   729 0001:0005F4B6   732 0001:0005F630   736 0001:0005F64F   738 0001:0005F67D
   740 0001:0005F6AB   741 0001:0005F6D9   742 0001:0005F707   744 0001:0005F735
   745 0001:0005F763   747 0001:0005F791   750 0001:0005F7BF   752 0001:0005F7CB
   754 0001:0005F8F2

Line numbers for FmxUtils(Fmxutils.pas) segment .text

   141 0001:00000000

Line numbers for fmagMinibld(fmagMinibld.PAS) segment .text

    75 0001:00062494    76 0001:000624B4    77 0001:000624C8    78 0001:000624D6
    79 0001:000624E4    88 0001:00062508    89 0001:0006252A    90 0001:00062537
    91 0001:00062545    92 0001:00062551    94 0001:00062558    95 0001:00062565
    97 0001:00062572    98 0001:0006257E    99 0001:00062598   101 0001:000625B2
   102 0001:000625C5   103 0001:000625D8   104 0001:000625E4   105 0001:000625FE
   107 0001:00062618   112 0001:00062626   114 0001:00062636   116 0001:00062648
   117 0001:0006266C   118 0001:00062688   125 0001:000626C1   126 0001:000626CB
   127 0001:000626E1   128 0001:000626F9   183 0001:0006270F   185 0001:0006271B
   187 0001:00062722   188 0001:0006272E   189 0001:00062733   190 0001:00062741
   192 0001:0006275A   195 0001:00062770   198 0001:00062928   203 0001:0006293E
   204 0001:00062954   206 0001:00062962   207 0001:0006296E   208 0001:0006297B
   211 0001:000629FC   212 0001:000629FF   214 0001:00062A0C   216 0001:00062A13
   219 0001:00062A1A   223 0001:00062A1C   230 0001:00062A26   234 0001:00062A28
   235 0001:00062A37   239 0001:00062A38   240 0001:00062A3D

Line numbers for fmagMinibld(fmagMinibld.PAS) segment .itext

   242 0002:00000744

Line numbers for MagMinibld(MagMinibld.dpr) segment .itext

     9 0002:0000074C    10 0002:0000075C    11 0002:00000774    12 0002:00000780

Bound resource files

c:\program files\codegear\rad studio\5.0\lib\Controls.res
c:\program files\codegear\rad studio\5.0\lib\Buttons.res
fmagMinibld.DFM
MagMinibld.RES
MagMinibld.drf


Program entry point at 0002:0000074C
