***** External Functions *****
1    AddFolderIcon                                      isrt.obl(Shell.obs)
2    AddFontRegistrationToLog                           isrt.obl(Misc.obs)
3    AdminAskPath                                       isrt.obl(ISRTScriptDialogs.obs)
4    AllFeaturesDeselected                              iswi.obl(CompHelperFuncs.obs)
5    AskNData                                           setup.obs
6    AskOptions                                         isrt.obl(ISRTScriptDialogs.obs)
7    AskReInit                                          setup.obs
8    CHECK_RETURN                                       iswi.obl(ErrHandler.obs)
9    ChangeDirectory                                    isrt.obl(Files.obs)
10   CheckDestinations                                  setup.obs
11   CloseFile                                          isrt.obl(Files.obs)
12   CmdGetHwndDlg                                      isrt.obl(CustomDialog.obs)
13   ComponentAddFileToLog                              isrt.obl(component.obs)
14   ComponentCompareSizeRequired                       isrt.obl(component.obs)
15   ComponentErrorInfo                                 isrt.obl(component.obs)
16   ComponentGetData                                   isrt.obl(component.obs)
17   ComponentGetTotalCost                              isrt.obl(component.obs)
18   ComponentIsItemSelected                            isrt.obl(component.obs)
19   ComponentListItems                                 isrt.obl(component.obs)
20   ComponentReinstall                                 isrt.obl(component.obs)
21   ComponentRemoveAll                                 isrt.obl(component.obs)
22   ComponentSaveTarget                                isrt.obl(component.obs)
23   ComponentSelectItem                                isrt.obl(component.obs)
24   ComponentTransferData                              isrt.obl(component.obs)
25   ComponentTreeInit                                  isrt.obl(Dialogs.obs)
26   ConvertWinHighLowSizeToISHighLowSize               isrt.obl(Misc.obs)
27   CopyFile                                           isrt.obl(Files.obs)
28   CreateCacheShortcut                                setup.obs
29   CreateDir                                          isrt.obl(Files.obs)
30   CreateFile                                         isrt.obl(Files.obs)
31   CreateInstallationInfo                             isrt.obl(Registry.obs)
32   CreateRegistrySet                                  iswi.obl(ComponentConv.obs)
33   CtrlGetDlgItem                                     isrt.obl(CustomDialog.obs)
34   CtrlGetNotificationCode                            isrt.obl(CustomDialog.obs)
35   CtrlGetState                                       isrt.obl(CustomDialog.obs)
36   CtrlGetSubCommand                                  isrt.obl(CustomDialog.obs)
37   CtrlGetText                                        isrt.obl(CustomDialog.obs)
38   CtrlSelectText                                     isrt.obl(CustomDialog.obs)
39   CtrlSetList                                        isrt.obl(CustomDialog.obs)
40   CtrlSetState                                       isrt.obl(CustomDialog.obs)
41   CtrlSetText                                        isrt.obl(CustomDialog.obs)
42   DIFxDriverPackageUninstall                         isrt.obl(ISDIFx.obs)
43   DRMINSTALLERPRO.DRMInstallPRO                      isrt.obl(Activation.obs)
44   DRMINSTALLERPRO.DRMUnInstallPRO                    isrt.obl(Activation.obs)
45   DefineDialog                                       isrt.obl(CustomDialog.obs)
46   Delay                                              isrt.obl(Misc.obs)
47   DeleteFile                                         isrt.obl(Files.obs)
48   DeleteSingleFile                                   isrt.obl(Files.obs)
49   DialogSetDefaultFont                               isrt.obl(Dialogs.obs)
50   DialogSetFont                                      isrt.obl(Dialogs.obs)
51   DialogSetInfo                                      isrt.obl(Dialogs.obs)
52   Disable                                            isrt.obl(Enable.obs)
53   DllSizeOf                                          isrt.obl(Str.obs)
54   Do                                                 isrt.obl(Misc.obs)
55   Enable                                             isrt.obl(Enable.obs)
56   EndCurrentDialog                                   isrt.obl(Dialogs.obs)
57   EndDialog                                          isrt.obl(CustomDialog.obs)
58   EnterPassword                                      isrt.obl(ISRTScriptDialogs.obs)
59   ExistsDir                                          isrt.obl(Files.obs)
60   EzDefineDialog                                     isrt.obl(CustomDialog.obs)
61   FeatureAddFileToLog                                iswi.obl(FeatureConv.obs)
62   FeatureCompareSizeRequired                         iswi.obl(FeatureConv.obs)
63   FeatureConfigureFeaturesFromSuite                  iswi.obl(FeatureConv.obs)
64   FeatureErrorInfo                                   iswi.obl(ComponentConv.obs)
65   FeatureFilterLanguage                              iswi.obl(FeatureConv.obs)
66   FeatureFilterOS                                    iswi.obl(FeatureConv.obs)
67   FeatureGetData                                     iswi.obl(ComponentConv.obs)
68   FeatureGetTotalCost                                iswi.obl(FeatureConv.obs)
69   FeatureIsItemSelected                              iswi.obl(ComponentConv.obs)
70   FeatureListItems                                   iswi.obl(ComponentConv.obs)
71   FeaturePatch                                       iswi.obl(FeatureConv.obs)
72   FeatureReinstall                                   iswi.obl(ComponentConv.obs)
73   FeatureRemoveAll                                   iswi.obl(ComponentConv.obs)
74   FeatureRemoveAllInLogOnly                          iswi.obl(FeatureConv.obs)
75   FeatureRemoveAllInMedia                            iswi.obl(FeatureConv.obs)
76   FeatureRemoveAllInMediaAndLog                      iswi.obl(FeatureConv.obs)
77   FeatureSaveTarget                                  iswi.obl(FeatureConv.obs)
78   FeatureSelectItem                                  iswi.obl(ComponentConv.obs)
79   FeatureSelectNew                                   iswi.obl(FeatureConv.obs)
80   FeatureSetupTypeSet                                iswi.obl(ComponentConv.obs)
81   FeatureStandardSetupTypeSet                        iswi.obl(FeatureConv.obs)
82   FeatureTransferData                                iswi.obl(ComponentConv.obs)
83   FeatureUpdate                                      iswi.obl(ComponentConv.obs)
84   FeatureValidate                                    iswi.obl(ComponentConv.obs)
85   FeaturesInstalled                                  iswi.obl(FileTransferFuncsConv.obs)
86   FeaturesInstalling                                 iswi.obl(FileTransferFuncsConv.obs)
87   FillLists                                          isrt.obl(ISRTScriptDialogs.obs)
88   FinalConstruct                                     ifx.obl(EventsPriv.obs)
89   FinalRelease                                       ifx.obl(EventsPriv.obs)
90   FindFile                                           isrt.obl(Files.obs)
91   FindWindow                                         isrt.obl(Misc.obs)
92   FormatMessage                                      isrt.obl(Misc.obs)
93   GDI32.AddFontResource                              setup.obs
94   GDI32.CreateRectRgn                                setup.obs
95   GDI32.GetDeviceCaps                                setup.obs
96   GDI32.RemoveFontResource                           setup.obs
97   GeneratedMSIScript                                 iswi.obl(FileTransferFuncsConv.obs)
98   GeneratingMSIScript                                iswi.obl(FileTransferFuncsConv.obs)
99   GetAddRemove                                       isrt.obl(SysVars.obs)
100  GetBasicMSI                                        isrt.obl(SysVars.obs)
101  GetBillboard                                       isrt.obl(SysVars.obs)
102  GetCmdLine                                         isrt.obl(SysVars.obs)
103  GetCompItemList                                    iswi.obl(CompHelperFuncs.obs)
104  GetComponentsFeatures                              iswi.obl(CompHelperFuncs.obs)
105  GetCurrentDialogName                               isrt.obl(Dialogs.obs)
106  GetCurrentDir                                      isrt.obl(Files.obs)
107  GetDialogTitle                                     isrt.obl(Dialogs.obs)
108  GetDir                                             isrt.obl(Str.obs)
109  GetDisk                                            isrt.obl(Str.obs)
110  GetDiskSpace                                       isrt.obl(GSI.obs)
111  GetDiskSpaceEx                                     isrt.obl(GSI.obs)
112  GetEnabledIServices                                isrt.obl(SysVars.obs)
113  GetEnvVar                                          isrt.obl(GSI.obs)
114  GetExtents                                         isrt.obl(GSI.obs)
115  GetFileInfo                                        isrt.obl(Files.obs)
116  GetFolderApplications                              isrt.obl(SysVars.obs)
117  GetFolderApplications64                            isrt.obl(SysVars.obs)
118  GetFolderDesktop                                   isrt.obl(SysVars.obs)
119  GetFolderDotNet10                                  isrt.obl(SysVars.obs)
120  GetFolderDotNet11                                  isrt.obl(SysVars.obs)
121  GetFolderDotNet20                                  isrt.obl(SysVars.obs)
122  GetFolderFonts                                     isrt.obl(SysVars.obs)
123  GetFolderPrograms                                  isrt.obl(SysVars.obs)
124  GetISRes                                           isrt.obl(SysVars.obs)
125  GetInstallScriptMSI                                isrt.obl(SysVars.obs)
126  GetInstallScriptMSIEEUI                            isrt.obl(SysVars.obs)
127  GetInstanceGUID                                    isrt.obl(SysVars.obs)
128  GetKeyPathWinCurrVerAuto                           isrt.obl(SysVars.obs)
129  GetLine                                            isrt.obl(Files.obs)
130  GetLog                                             isrt.obl(SysVars.obs)
131  GetLogEx                                           isrt.obl(SysVars.obs)
132  GetMSIFeatureName                                  iswi.obl(CompHelperFuncs.obs)
133  GetMaintOption                                     isrt.obl(SysVars.obs)
134  GetMaintenance                                     iswi.obl(ISWiInit.obs)
135  GetMsiFeaturePath                                  iswi.obl(CompHelperFuncs.obs)
136  GetMsiNameFromAliasTable                           iswi.obl(CompHelperFuncs.obs)
137  GetMultiInstanceCount                              isrt.obl(SysVars.obs)
138  GetOpenFileMode                                    isrt.obl(Files.obs)
139  GetPackageLocation                                 isrt.obl(SysVars.obs)
140  GetPlatformList                                    iswi.obl(CompHelperFuncs.obs)
141  GetProductGUID                                     iswi.obl(ISWiInit.obs)
142  GetProfSectionKeyCount                             isrt.obl(Profile.obs)
143  GetProfString                                      isrt.obl(Profile.obs)
144  GetProfStringList                                  isrt.obl(Profile.obs)
145  GetProgramFiles                                    isrt.obl(SysVars.obs)
146  GetReinstallMode                                   isrt.obl(SysVars.obs)
147  GetRemoveAllMode                                   isrt.obl(SysVars.obs)
148  GetRemoveOnly                                      isrt.obl(SysVars.obs)
149  GetSelectedTreeComponent                           isrt.obl(CmptView.obs)
150  GetShowPasswordDialog                              isrt.obl(SysVars.obs)
151  GetStandardSelectedLanguage                        isrt.obl(SysVars.obs)
152  GetSuiteHosted                                     isrt.obl(SysVars.obs)
153  GetSupportDir                                      isrt.obl(SysVars.obs)
154  GetSystemInfo                                      isrt.obl(GSI.obs)
155  GetTempFolder                                      isrt.obl(SysVars.obs)
156  GetTrueTypeFontFileInfo                            isrt.obl(Misc.obs)
157  GetUserSelectableAuto                              isrt.obl(SysVars.obs)
158  GetValidDrivesList                                 isrt.obl(GSI.obs)
159  GetWinDir                                          isrt.obl(SysVars.obs)
160  GetWinSysDir                                       isrt.obl(SysVars.obs)
161  GetWindowHandle                                    iswi.obl(MiscConv.obs)
162  HIWORD                                             isrt.obl(Misc.obs)
163  ISDeterminePlatform                                isrt.obl(OsInfo.obs)
164  ISMIF32.InstallStatusMIF                           isrt.obl(MIF.obs)
165  ISRT.AddIcon                                       isrt.obl(Shell.obs)
166  ISRT.ComponentViewSetInfoEx                        isrt.obl(Dialogs.obs)
167  ISRT.EnableHourGlass                               isrt.obl(Enable.obs)
168  ISRT.GetCPUType                                    isrt.obl(GSI.obs)
169  ISRT.GetFontSub                                    isrt.obl(Dialogs.obs)
170  ISRT.GetHandle                                     setup.obs
171  ISRT.GetPorts                                      isrt.obl(GSI.obs)
172  ISRT.IsEmpty                                       setup.obs
173  ISRT.IsNTAdmin                                     isrt.obl(Is.obs)
174  ISRT.IsObject                                      setup.obs
175  ISRT.IsPowerUser                                   isrt.obl(Is.obs)
176  ISRT.LangLoadString                                isrt.obl(SDINT.obs)
177  ISRT.MessageBeepP                                  setup.obs
178  ISRT.PathCompactPathPixel                          isrt.obl(CustomDialog.obs)
179  ISRT.PathGetDir                                    isrt.obl(Str.obs)
180  ISRT.PathGetDrive                                  isrt.obl(Str.obs)
181  ISRT.PathGetFile                                   isrt.obl(Files.obs)
182  ISRT.PathGetFileExt                                isrt.obl(Str.obs)
183  ISRT.PathGetFileName                               isrt.obl(Str.obs)
184  ISRT.PathGetLongFromShort                          isrt.obl(Str.obs)
185  ISRT.PathGetPath                                   isrt.obl(Str.obs)
186  ISRT.PathIsValidSyntax                             isrt.obl(Is.obs)
187  ISRT.VerGetFileVersion                             setup.obs
188  ISRT._BrowseForFolder                              isrt.obl(ISRTScriptDialogsPriv.obs)
189  ISRT._CleanupInet                                  isrt.obl(MIO.obs)
190  ISRT._CloseFile                                    isrt.obl(Files.obs)
191  ISRT._CmdGetHwndDlg                                isrt.obl(CustomDialog.obs)
192  ISRT._CompareDWORD                                 isrt.obl(Extend.obs)
193  ISRT._ComponentCompareSizeRequired                 iswi.obl(FeatureConv.obs)
194  ISRT._ComponentFilterLanguage                      iswi.obl(FeatureConv.obs)
195  ISRT._ComponentFilterOS                            iswi.obl(FeatureConv.obs)
196  ISRT._ComponentGetTotalCost                        iswi.obl(FeatureConv.obs)
197  ISRT._ComponentGetTotalCostEx                      iswi.obl(ComponentConv.obs)
198  ISRT._ComponentPatch                               iswi.obl(FeatureConv.obs)
199  ISRT._ComponentRemoveAll                           iswi.obl(FeatureConv.obs)
200  ISRT._ComponentRemoveAllInLogOnly                  iswi.obl(FeatureConv.obs)
201  ISRT._ComponentSaveTarget                          iswi.obl(FeatureConv.obs)
202  ISRT._ComponentSelectNew                           iswi.obl(FeatureConv.obs)
203  ISRT._CreateDir                                    isrt.obl(Files.obs)
204  ISRT._CtrlGetNotificationCode                      isrt.obl(CustomDialog.obs)
205  ISRT._CtrlGetParentWindowHelper                    iswi.obl(MiscConv.obs)
206  ISRT._CtrlGetSubCommand                            isrt.obl(CustomDialog.obs)
207  ISRT._CtrlSetHtmlContent                           isrt.obl(CustomDialog.obs)
208  ISRT._DIFxDriverPackageUninstall                   isrt.obl(ISDIFx.obs)
209  ISRT._DefineDialog                                 isrt.obl(CustomDialog.obs)
210  ISRT._DialogSetFont                                isrt.obl(Dialogs.obs)
211  ISRT._DisableStatus                                isrt.obl(Enable.obs)
212  ISRT._DoSprintf                                    iswi.obl(HelperFuncs.obs)
213  ISRT._EnableDialogCache                            isrt.obl(Enable.obs)
214  ISRT._EnablePrevDialog                             setup.obs
215  ISRT._EnableSkins                                  isrt.obl(Enable.obs)
216  ISRT._EnableStatus                                 isrt.obl(Enable.obs)
217  ISRT._EnableWow64FsRedirection                     isrt.obl(Enable.obs)
218  ISRT._EndDialog                                    isrt.obl(CustomDialog.obs)
219  ISRT._ExistsDir                                    isrt.obl(Files.obs)
220  ISRT._ExistsFile                                   isrt.obl(Files.obs)
221  ISRT._FileCopy                                     isrt.obl(Files.obs)
222  ISRT._FloatingPointOperation                       iswi.obl(ComponentConv.obs)
223  ISRT._GenerateFileMD5SignatureHex                  isrt.obl(Files.obs)
224  ISRT._GetCurrentDialogName                         isrt.obl(Dialogs.obs)
225  ISRT._GetDiskSpaceEx                               isrt.obl(GSI.obs)
226  ISRT._GetDiskSpaceExEx                             iswi.obl(ComponentConv.obs)
227  ISRT._GetGlobalFlags                               isrt.obl(Misc.obs)
228  ISRT._GetGlobalMemorySize                          isrt.obl(GSI.obs)
229  ISRT._GetInetFileSize                              isrt.obl(Files.obs)
230  ISRT._GetInetFileTime                              isrt.obl(Files.obs)
231  ISRT._GetLine                                      isrt.obl(Files.obs)
232  ISRT._GetLineSize                                  isrt.obl(Files.obs)
233  ISRT._GetProcessorInfo                             isrt.obl(OsInfo.obs)
234  ISRT._GetRunningChildProcessEx2                    isrt.obl(Extend.obs)
235  ISRT._GetSelectedTreeComponent                     isrt.obl(CmptView.obs)
236  ISRT._GetStandardLangId                            isrt.obl(Misc.obs)
237  ISRT._GetSupportDir                                isrt.obl(SysVars.obs)
238  ISRT._GetTrueTypeFontFileInfo                      isrt.obl(Misc.obs)
239  ISRT._GetVirtualMachineType                        isrt.obl(GSI.obs)
240  ISRT._InetEndofTransfer                            isrt.obl(iftw.obs)
241  ISRT._InetGetNextDisk                              isrt.obl(iftw.obs)
242  ISRT._IsFontTypefaceNameAvailable                  isrt.obl(Is.obs)
243  ISRT._IsInAdminGroup                               isrt.obl(Is.obs)
244  ISRT._IsLangSupported                              isrt.obl(Is.obs)
245  ISRT._IsSkinLoaded                                 isrt.obl(Is.obs)
246  ISRT._IsVirtualMachine                             isrt.obl(OsInfo.obs)
247  ISRT._IsWindowsME                                  isrt.obl(GSI.obs)
248  ISRT._IsWow64                                      isrt.obl(OsInfo.obs)
249  ISRT._ListAddItem                                  isrt.obl(scrlist.obs)
250  ISRT._ListAddString                                isrt.obl(scrlist.obs)
251  ISRT._ListCount                                    isrt.obl(scrlist.obs)
252  ISRT._ListCreate                                   isrt.obl(scrlist.obs)
253  ISRT._ListCurrentString                            isrt.obl(scrlist.obs)
254  ISRT._ListDeleteItem                               isrt.obl(scrlist.obs)
255  ISRT._ListDeleteString                             isrt.obl(scrlist.obs)
256  ISRT._ListDestroy                                  isrt.obl(scrlist.obs)
257  ISRT._ListFindItem                                 isrt.obl(scrlist.obs)
258  ISRT._ListFindString                               isrt.obl(scrlist.obs)
259  ISRT._ListGetFirstItem                             isrt.obl(scrlist.obs)
260  ISRT._ListGetFirstString                           isrt.obl(scrlist.obs)
261  ISRT._ListGetNextItem                              isrt.obl(scrlist.obs)
262  ISRT._ListGetNextString                            isrt.obl(scrlist.obs)
263  ISRT._ListGetType                                  isrt.obl(scrlist.obs)
264  ISRT._ListSetIndex                                 isrt.obl(scrlist.obs)
265  ISRT._MediaGetFilteringInfo                        iswi.obl(FeatureConv.obs)
266  ISRT._MediaGetInfo                                 iswi.obl(FeatureConv.obs)
267  ISRT._OnUninstPriv                                 setup.obs
268  ISRT._OpenFile                                     isrt.obl(Files.obs)
269  ISRT._Preprogram                                   setup.obs
270  ISRT._Rebooted                                     setup.obs
271  ISRT._RegCreateKey                                 isrt.obl(Registry.obs)
272  ISRT._RegDeleteKey                                 isrt.obl(Registry.obs)
273  ISRT._RegDeleteValue                               isrt.obl(Registry.obs)
274  ISRT._RegEnableTextSubs                            isrt.obl(Enable.obs)
275  ISRT._RegEnum                                      isrt.obl(Registry.obs)
276  ISRT._RegGetOptions                                isrt.obl(SysVars.obs)
277  ISRT._RegIsRemoteRegConnected                      isrt.obl(Is.obs)
278  ISRT._RegQueryKeyBinaryValue                       isrt.obl(Registry.obs)
279  ISRT._RegQueryKeyValue                             isrt.obl(Registry.obs)
280  ISRT._RegSetKeyBinaryValue                         isrt.obl(Registry.obs)
281  ISRT._RegSetKeyValue                               isrt.obl(Registry.obs)
282  ISRT._RegSetOptions                                isrt.obl(SysVars.obs)
283  ISRT._ReleaseDialog                                isrt.obl(CustomDialog.obs)
284  ISRT._SdShowMsg                                    isrt.obl(ISRTScriptDialogsPriv.obs)
285  ISRT._SetAltMainImage                              isrt.obl(Dialogs.obs)
286  ISRT._SetDisplayEffect                             isrt.obl(ui.obs)
287  ISRT._SetGlobalFlags                               ifx.obl(EventsPriv.obs)
288  ISRT._SetPaletteFile                               isrt.obl(MIO.obs)
289  ISRT._SetSilentSdShowMsg                           isrt.obl(Enable.obs)
290  ISRT._SetTitle                                     isrt.obl(ui.obs)
291  ISRT._SetupInet                                    isrt.obl(MIO.obs)
292  ISRT._SetupTraceWrite                              isrt.obl(Misc.obs)
293  ISRT._StatusUpdate                                 isrt.obl(ui.obs)
294  ISRT._TreeViewCreate                               isrt.obl(CmptView.obs)
295  ISRT._WaitOnDialog                                 isrt.obl(CustomDialog.obs)
296  ISRT._WriteLine                                    isrt.obl(Files.obs)
297  ISRT.__CreateObjectContext                         isrt.obl(ISRTInit.obs)
298  ISRT.__GetCmdLineOptions                           isrt.obl(ISRTInit.obs)
299  ISRT.__GetContextGUID                              isrt.obl(ISRTInit.obs)
300  ISRT.__GetEnabledIServices                         isrt.obl(SysVars.obs)
301  ISRT.__GetFileRegistrar                            isrt.obl(ISRTInit.obs)
302  ISRT.__GetISMSIStringTableObj                      iswi.obl(ISWiInit.obs)
303  ISRT.__GetInfo                                     isrt.obl(ISRTInit.obs)
304  ISRT.__GetInstallGuid                              isrt.obl(SysVars.obs)
305  ISRT.__GetLog                                      isrt.obl(SysVars.obs)
306  ISRT.__GetLogDB                                    isrt.obl(ISRTInit.obs)
307  ISRT.__GetLogEx                                    isrt.obl(SysVars.obs)
308  ISRT.__GetMainWindow                               setup.obs
309  ISRT.__GetMaintOption                              isrt.obl(SysVars.obs)
310  ISRT.__GetMaintenanceMode                          isrt.obl(SysVars.obs)
311  ISRT.__GetObjects                                  isrt.obl(ISRTInit.obs)
312  ISRT.__GetProductGuid                              isrt.obl(SysVars.obs)
313  ISRT.__GetProgress                                 setup.obs
314  ISRT.__GetReboot                                   isrt.obl(ISRTInit.obs)
315  ISRT.__GetReinstallMode                            isrt.obl(SysVars.obs)
316  ISRT.__GetRemoveAllMode                            isrt.obl(SysVars.obs)
317  ISRT.__GetTextSub                                  isrt.obl(ISRTInit.obs)
318  ISRT.__GetUpdateMode                               isrt.obl(SysVars.obs)
319  ISRT.__GetUser                                     isrt.obl(MIO.obs)
320  ISRT.__ISRTGetPropertyBag                          ifx.obl(PersistPropertyBag.obs)
321  ISRT.__ISRTReleasePropertyBag                      ifx.obl(PersistPropertyBag.obs)
322  ISRT.__PutEnabledIServices                         isrt.obl(Enable.obs)
323  ISRT.__ReleaseObjectContext                        isrt.obl(ISRTInit.obs)
324  ISRT.__RestoreMainLog                              isrt.obl(ISRTInit.obs)
325  ISRT.__RestoreMainLogEx                            isrt.obl(ISRTInit.obs)
326  ISRT.__SetComponentLog                             isrt.obl(ISRTInit.obs)
327  ISRT.__SetUpdateMode                               isrt.obl(SysVars.obs)
328  ISRTHandleScriptException                          isrt.obl(Misc.obs)
329  ISRTOnUninstPriv                                   isrt.obl(Driver.obs)
330  ISRTPreprogram                                     isrt.obl(Driver.obs)
331  ISWIOnAppSearch                                    iswi.obl(DriverConv.obs)
332  ISWIOnCCPSearch                                    iswi.obl(DriverConv.obs)
333  ISWIOnExitInstall                                  iswi.obl(DriverConv.obs)
334  ISWIOnFirstUIAfter                                 iswi.obl(DriverConv.obs)
335  ISWIOnFirstUIBefore                                iswi.obl(DriverConv.obs)
336  ISWIOnInitInstall                                  iswi.obl(DriverConv.obs)
337  ISWIOnMaintUIAfter                                 iswi.obl(DriverConv.obs)
338  ISWIOnMaintUIBefore                                iswi.obl(DriverConv.obs)
339  ISWIOnMoveData                                     iswi.obl(DriverConv.obs)
340  ISWIOnMoveDataPostInstall                          iswi.obl(DriverConv.obs)
341  ISWIOnMoveDataPreInstall                           iswi.obl(DriverConv.obs)
342  ISWIOnResumeUIAfter                                iswi.obl(DriverConv.obs)
343  ISWIOnResumeUIBefore                               iswi.obl(DriverConv.obs)
344  ISWIPostprogram                                    iswi.obl(DriverConv.obs)
345  ISWIPreprogram                                     iswi.obl(DriverConv.obs)
346  IfxFilterComponents                                ifx.obl(EventsSetupPriv.obs)
347  IfxFinalConstruct                                  ifx.obl(EventsSetupPriv.obs)
348  IfxFinalRelease                                    ifx.obl(EventsSetupPriv.obs)
349  IfxInitProperties                                  ifx.obl(PersistPropertyBag.obs)
350  IfxOnAbortInstall                                  ifx.obl(EventsPriv.obs)
351  IfxOnAppSearch                                     ifx.obl(EventsPriv.obs)
352  IfxOnCCPSearch                                     ifx.obl(EventsPriv.obs)
353  IfxOnCanceling                                     ifx.obl(EventsPriv.obs)
354  IfxOnDisk1Installed                                ifx.obl(EventsSetupPriv.obs)
355  IfxOnDisk1Installing                               ifx.obl(EventsSetupPriv.obs)
356  IfxOnExitInstall                                   ifx.obl(EventsSetupPriv.obs)
357  IfxOnFileError                                     ifx.obl(EventsSetupPriv.obs)
358  IfxOnFileLocked                                    ifx.obl(EventsSetupPriv.obs)
359  IfxOnFileReadOnly                                  ifx.obl(EventsSetupPriv.obs)
360  IfxOnGeneralScriptOp                               ifx.obl(EventsPriv.obs)
361  IfxOnHelp                                          ifx.obl(EventsPriv.obs)
362  IfxOnInitInstall                                   ifx.obl(EventsSetupPriv.obs)
363  IfxOnInternetError                                 ifx.obl(EventsSetupPriv.obs)
364  IfxOnMD5Error                                      ifx.obl(EventsSetupPriv.obs)
365  IfxOnNextDisk                                      ifx.obl(EventsSetupPriv.obs)
366  IfxOnRebooted                                      ifx.obl(EventsPriv.obs)
367  IfxOnRemovingSharedFile                            ifx.obl(EventsSetupPriv.obs)
368  IfxOnShowWizardPages                               ifx.obl(EventsSetupPriv.obs)
369  IfxOnTransferred                                   ifx.obl(EventsPriv.obs)
370  IfxOnTransferring                                  ifx.obl(EventsSetupPriv.obs)
371  IfxOnUnhandledException                            ifx.obl(EventsPriv.obs)
372  IfxOnUninst                                        ifx.obl(EventsSetupPriv.obs)
373  IfxOnUninstPriv                                    ifx.obl(EventsSetupPriv.obs)
374  IfxPostprogram                                     ifx.obl(EventsSetupPriv.obs)
375  IfxPreprogram                                      ifx.obl(EventsSetupPriv.obs)
376  IfxReadProperties                                  ifx.obl(PersistPropertyBag.obs)
377  IfxRunAfterReboot                                  ifx.obl(EventsSetupPriv.obs)
378  IfxWriteProperties                                 ifx.obl(PersistPropertyBag.obs)
379  InetEndofTransfer                                  isrt.obl(iftw.obs)
380  InetNextDisk                                       isrt.obl(iftw.obs)
381  InitDriveLetters                                   setup.obs
382  InitINSTALLDIRDisk                                 setup.obs
383  InitPrimaryInstallDrive                            setup.obs
384  InitProperties                                     ifx.obl(PersistPropertyBag.obs)
385  InstallCache                                       setup.obs
386  InstallFilesActionAfter                            iswi.obl(FileTransferFuncsConv.obs)
387  InstallFilesActionBefore                           iswi.obl(FileTransferFuncsConv.obs)
388  Is                                                 isrt.obl(Is.obs)
389  IsComponentFiltered                                iswi.obl(CompHelperFuncs.obs)
390  IsInetInstall                                      isrt.obl(iftw.obs)
391  IsTestSetup                                        iswi.obl(HelperFuncs.obs)
392  KERNEL.GetModuleHandle                             setup.obs
393  KERNEL32.CloseHandle                               setup.obs
394  KERNEL32.CreateFileW                               setup.obs
395  KERNEL32.CreateProcess                             setup.obs
396  KERNEL32.DeleteFileW                               setup.obs
397  KERNEL32.FileTimeToLocalFileTime                   setup.obs
398  KERNEL32.FileTimeToSystemTime                      setup.obs
399  KERNEL32.FindClose                                 setup.obs
400  KERNEL32.FindFirstFileW                            setup.obs
401  KERNEL32.FindNextFileW                             setup.obs
402  KERNEL32.FormatMessageW                            setup.obs
403  KERNEL32.FreeLibrary                               setup.obs
404  KERNEL32.GetCurrentDirectoryW                      setup.obs
405  KERNEL32.GetDriveType                              setup.obs
406  KERNEL32.GetEnvironmentVariable                    setup.obs
407  KERNEL32.GetExitCodeProcess                        setup.obs
408  KERNEL32.GetFileAttributesW                        setup.obs
409  KERNEL32.GetFileTime                               setup.obs
410  KERNEL32.GetLocalTime                              setup.obs
411  KERNEL32.GetLocaleInfo                             setup.obs
412  KERNEL32.GetPrivateProfileSectionW                 setup.obs
413  KERNEL32.GetPrivateProfileString                   setup.obs
414  KERNEL32.GetPrivateProfileStringW                  setup.obs
415  KERNEL32.GetProcAddress                            setup.obs
416  KERNEL32.GetProcessId                              setup.obs
417  KERNEL32.GetProfileStringW                         setup.obs
418  KERNEL32.GetSystemDefaultLCID                      setup.obs
419  KERNEL32.GetSystemDefaultLangID                    setup.obs
420  KERNEL32.GetSystemDefaultUILanguage                setup.obs
421  KERNEL32.GetTickCount                              setup.obs
422  KERNEL32.GetUserDefaultLangID                      setup.obs
423  KERNEL32.GetVersion                                setup.obs
424  KERNEL32.GetVersionEx                              setup.obs
425  KERNEL32.GetVolumeInformation                      setup.obs
426  KERNEL32.GetWindowsDirectory                       setup.obs
427  KERNEL32.GetWindowsDirectoryW                      setup.obs
428  KERNEL32.LoadLibraryW                              setup.obs
429  KERNEL32.LocalFileTimeToFileTime                   setup.obs
430  KERNEL32.MoveFileW                                 setup.obs
431  KERNEL32.SetCurrentDirectoryW                      setup.obs
432  KERNEL32.SetFileAttributesW                        setup.obs
433  KERNEL32.SetFileTime                               setup.obs
434  KERNEL32.Sleep                                     setup.obs
435  KERNEL32.SystemTimeToFileTime                      setup.obs
436  KERNEL32.WritePrivateProfileString                 setup.obs
437  KERNEL32.WritePrivateProfileStringW                setup.obs
438  KERNEL32.WriteProfileStringW                       setup.obs
439  KERNEL32.lstrlenW                                  setup.obs
440  Kernel32.GetModuleHandleW                          iswi.obl(ComponentConv.obs)
441  LOWORD                                             isrt.obl(Misc.obs)
442  LaunchAppAndWait                                   isrt.obl(Extend.obs)
443  LaunchAppAndWaitInitStartupInfo                    isrt.obl(Extend.obs)
444  LaunchApplication                                  isrt.obl(Extend.obs)
445  LaunchApplicationInit                              isrt.obl(Extend.obs)
446  ListAddItem                                        isrt.obl(scrlist.obs)
447  ListAddString                                      isrt.obl(scrlist.obs)
448  ListConvertStrToNum                                isrt.obl(scrlist.obs)
449  ListCount                                          isrt.obl(scrlist.obs)
450  ListCreate                                         isrt.obl(scrlist.obs)
451  ListCurrentString                                  isrt.obl(scrlist.obs)
452  ListDeleteItem                                     isrt.obl(scrlist.obs)
453  ListDeleteString                                   isrt.obl(scrlist.obs)
454  ListDestroy                                        isrt.obl(scrlist.obs)
455  ListFindItem                                       isrt.obl(scrlist.obs)
456  ListFindString                                     isrt.obl(scrlist.obs)
457  ListGetFirstItem                                   isrt.obl(scrlist.obs)
458  ListGetFirstString                                 isrt.obl(scrlist.obs)
459  ListGetLastString                                  iswi.obl(CompHelperFuncs.obs)
460  ListGetNextItem                                    isrt.obl(scrlist.obs)
461  ListGetNextString                                  isrt.obl(scrlist.obs)
462  ListGetType                                        isrt.obl(scrlist.obs)
463  ListSetIndex                                       isrt.obl(scrlist.obs)
464  ListValid                                          isrt.obl(scrlist.obs)
465  ListValidType                                      isrt.obl(scrlist.obs)
466  LoadStringFromStringTable                          iswi.obl(ISWiInit.obs)
467  LogReadCustomString                                isrt.obl(Misc.obs)
468  LogReadCustomVariant                               isrt.obl(Misc.obs)
469  LogWriteCustomString                               isrt.obl(Misc.obs)
470  LogWriteCustomVariant                              isrt.obl(Misc.obs)
471  LongPathFromShortPath                              isrt.obl(Str.obs)
472  LongPathToQuote                                    isrt.obl(Str.obs)
473  MAKELONG                                           isrt.obl(Misc.obs)
474  MIFCreateMIFFile                                   isrt.obl(MIF.obs)
475  MIFDeleteMIFFile                                   isrt.obl(MIF.obs)
476  MIFInitialize                                      isrt.obl(MIF.obs)
477  MIFSetInformation                                  isrt.obl(MIF.obs)
478  MIFUnInitialize                                    isrt.obl(MIF.obs)
479  MIFWasSetInformationCalled                         isrt.obl(MIF.obs)
480  MIOShutdown                                        isrt.obl(MIO.obs)
481  MIOStartup                                         isrt.obl(MIO.obs)
482  MaintenanceStart                                   isrt.obl(Registry.obs)
483  MediaGetData                                       iswi.obl(FeatureConv.obs)
484  MediaGetDataEx                                     iswi.obl(FeatureConv.obs)
485  MessageBeep                                        isrt.obl(Misc.obs)
486  MessageBox                                         isrt.obl(ISRTScriptDialogsPriv.obs)
487  MessageBoxEx                                       isrt.obl(ISRTScriptDialogsPriv.obs)
488  Moved                                              iswi.obl(FileTransferFuncsConv.obs)
489  Moving                                             iswi.obl(FileTransferFuncsConv.obs)
490  MsiCloseHandle                                     iswi.obl(MsiFuncsConv.obs)
491  MsiCreateRecord                                    iswi.obl(MsiFuncsConv.obs)
492  MsiDatabaseOpenView                                iswi.obl(MsiFuncsConv.obs)
493  MsiDoAction                                        iswi.obl(MsiFuncsConv.obs)
494  MsiGetActiveDatabase                               iswi.obl(MsiFuncsConv.obs)
495  MsiGetMode                                         iswi.obl(MsiFuncsConv.obs)
496  MsiGetProperty                                     iswi.obl(MsiFuncsConv.obs)
497  MsiGetPropertyIS                                   iswi.obl(MsiFuncsConv.obs)
498  MsiGetSourcePath                                   iswi.obl(MsiFuncsConv.obs)
499  MsiGetTargetPath                                   iswi.obl(MsiFuncsConv.obs)
500  MsiInstallProduct                                  iswi.obl(MsiFuncsConv.obs)
501  MsiProcessMessage                                  iswi.obl(MsiFuncsConv.obs)
502  MsiQueryFeatureState                               iswi.obl(MsiFuncsConv.obs)
503  MsiRecordGetInteger                                iswi.obl(MsiFuncsConv.obs)
504  MsiRecordGetString                                 iswi.obl(MsiFuncsConv.obs)
505  MsiRecordSetString                                 iswi.obl(MsiFuncsConv.obs)
506  MsiSetProperty                                     iswi.obl(MsiFuncsConv.obs)
507  MsiSetTargetPath                                   iswi.obl(MsiFuncsConv.obs)
508  MsiViewExecute                                     iswi.obl(MsiFuncsConv.obs)
509  MsiViewFetch                                       iswi.obl(MsiFuncsConv.obs)
510  OnAbort                                            iswi.obl(DriverConv.obs)
511  OnAction                                           iswi.obl(ISWiInit.obs)
512  OnAdminInstallUIAfter                              iswi.obl(DriverConv.obs)
513  OnAdminInstallUIBefore                             iswi.obl(DriverConv.obs)
514  OnAdminPatchUIAfter                                iswi.obl(DriverConv.obs)
515  OnAdminPatchUIBefore                               iswi.obl(DriverConv.obs)
516  OnAdvertisementAfter                               iswi.obl(DriverConv.obs)
517  OnAdvertisementBefore                              iswi.obl(DriverConv.obs)
518  OnAppSearch                                        iswi.obl(DriverConv.obs)
519  OnBegin                                            iswi.obl(DriverConv.obs)
520  OnCCPSearch                                        iswi.obl(DriverConv.obs)
521  OnCanceling                                        iswi.obl(DriverConv.obs)
522  OnCheckMediaPassword                               ifx.obl(EventsSetup.obs)
523  OnComponentError                                   iswi.obl(DriverConv.obs)
524  OnCustomizeUninstInfo                              ifx.obl(EventsSetup.obs)
525  OnDIFxLogCallback                                  isrt.obl(ISDIFx.obs)
526  OnDIFxLogCallbackImpl                              isrt.obl(ISDIFx.obs)
527  OnEnd                                              iswi.obl(DriverConv.obs)
528  OnError                                            iswi.obl(DriverConv.obs)
529  OnException                                        iswi.obl(DriverConv.obs)
530  OnFeaturesInstalled                                iswi.obl(FileTransferFuncsConv.obs)
531  OnFeaturesInstalling                               iswi.obl(FileTransferFuncsConv.obs)
532  OnFileError                                        iswi.obl(Exceptions.obs)
533  OnFileLocked                                       iswi.obl(Exceptions.obs)
534  OnFileReadOnly                                     iswi.obl(Exceptions.obs)
535  OnFilesInUse                                       iswi.obl(DriverConv.obs)
536  OnFilterComponents                                 iswi.obl(DriverConv.obs)
537  OnFirstUIAfter                                     iswi.obl(DriverConv.obs)
538  OnFirstUIBefore                                    iswi.obl(DriverConv.obs)
539  OnGeneratedMSIScript                               iswi.obl(DriverConv.obs)
540  OnGeneratingMSIScript                              iswi.obl(DriverConv.obs)
541  OnHelp                                             iswi.obl(DriverConv.obs)
542  OnIISAppPoolUninstalling                           ifx.obl(EventsPriv.obs)
543  OnIISCheckRequirements                             ifx.obl(EventsPriv.obs)
544  OnIISComponentInstalled                            ifx.obl(EventsPriv.obs)
545  OnIISInitialize                                    ifx.obl(EventsPriv.obs)
546  OnIISUninitialize                                  ifx.obl(EventsPriv.obs)
547  OnIISVRootUninstalling                             ifx.obl(EventsPriv.obs)
548  OnIISWebServiceExtensionUninstalling               ifx.obl(EventsPriv.obs)
549  OnIISWebSiteUninstalling                           ifx.obl(EventsPriv.obs)
550  OnInstallDRMService                                isrt.obl(Activation.obs)
551  OnInstallFilesActionAfter                          iswi.obl(DriverConv.obs)
552  OnInstallFilesActionBefore                         iswi.obl(DriverConv.obs)
553  OnInstalledFile                                    ifx.obl(EventsSetup.obs)
554  OnInstalledFontFile                                ifx.obl(EventsSetup.obs)
555  OnInstallingFile                                   ifx.obl(EventsSetup.obs)
556  OnInternetError                                    iswi.obl(Exceptions.obs)
557  OnLaunchAppAndWaitCallback                         iswi.obl(DriverConv.obs)
558  OnLogonUserSetMsiProperties                        iswi.obl(DriverConv.obs)
559  OnMD5Error                                         iswi.obl(Exceptions.obs)
560  OnMaintUIAfter                                     iswi.obl(DriverConv.obs)
561  OnMaintUIBefore                                    iswi.obl(DriverConv.obs)
562  OnMaintenance                                      iswi.obl(DriverConv.obs)
563  OnMoveData                                         ifx.obl(EventsSetup.obs)
564  OnMoved                                            iswi.obl(DriverConv.obs)
565  OnMoving                                           iswi.obl(DriverConv.obs)
566  OnMsiSilentInstall                                 iswi.obl(DriverConv.obs)
567  OnNetApiCreateUserAccount                          ifx.obl(EventsSetup.obs)
568  OnNetApiCreateUserAccountInternal                  isrt.obl(NetApiRT.obs)
569  OnNextDisk                                         iswi.obl(Exceptions.obs)
570  OnOutOfDiskSpace                                   iswi.obl(DriverConv.obs)
571  OnPatchUIAfter                                     iswi.obl(DriverConv.obs)
572  OnPatchUIBefore                                    iswi.obl(DriverConv.obs)
573  OnRMFilesInUse                                     iswi.obl(DriverConv.obs)
574  OnRebooted                                         iswi.obl(DriverConv.obs)
575  OnRemovingSharedFile                               iswi.obl(Exceptions.obs)
576  OnResume                                           iswi.obl(DriverConv.obs)
577  OnResumeUIAfter                                    iswi.obl(DriverConv.obs)
578  OnResumeUIBefore                                   iswi.obl(DriverConv.obs)
579  OnSQLBatchScripts                                  ifx.obl(EventsPriv.obs)
580  OnSQLComponentInstalled                            ifx.obl(EventsPriv.obs)
581  OnSQLComponentUninstalled                          ifx.obl(EventsPriv.obs)
582  OnSQLLogin                                         iswi.obl(DriverConv.obs)
583  OnSQLServerInitialize                              ifx.obl(EventsPriv.obs)
584  OnSQLServerInitializeMaint                         ifx.obl(EventsPriv.obs)
585  OnSelfRegistrationError                            iswi.obl(Exceptions.obs)
586  OnSetTARGETDIR                                     ifx.obl(EventsSetup.obs)
587  OnSetUpdateMode                                    ifx.obl(EventsSetup.obs)
588  OnShowUI                                           ifx.obl(EventsSetup.obs)
589  OnSuiteInstallAfter                                ifx.obl(EventsSetup.obs)
590  OnSuiteInstallBefore                               ifx.obl(EventsSetup.obs)
591  OnSuiteMaintAfter                                  ifx.obl(EventsSetup.obs)
592  OnSuiteMaintBefore                                 ifx.obl(EventsSetup.obs)
593  OnSuiteShowUI                                      ifx.obl(EventsSetup.obs)
594  OnSuiteUpdateAfter                                 ifx.obl(EventsSetup.obs)
595  OnSuiteUpdateBefore                                ifx.obl(EventsSetup.obs)
596  OnUnInstallDRMService                              isrt.obl(Activation.obs)
597  OnUnhandledException                               iswi.obl(DriverConv.obs)
598  OnUninstall                                        iswi.obl(DriverConv.obs)
599  OnUninstalledFile                                  ifx.obl(EventsSetup.obs)
600  OnUninstallingDIFxDriverFile                       ifx.obl(EventsSetup.obs)
601  OnUninstallingFile                                 ifx.obl(EventsSetup.obs)
602  OnUninstallingFontFile                             ifx.obl(EventsSetup.obs)
603  OnUpdateService                                    iswi.obl(DriverConv.obs)
604  OnUpdateUIAfter                                    ifx.obl(EventsSetup.obs)
605  OnUpdateUIBefore                                   ifx.obl(EventsSetup.obs)
606  OnWarning                                          iswi.obl(DriverConv.obs)
607  OnXMLComponentInstalled                            ifx.obl(EventsPriv.obs)
608  OnXMLComponentUninstalling                         ifx.obl(EventsPriv.obs)
609  OnXMLInitialize                                    ifx.obl(EventsPriv.obs)
610  OnXMLUninitialize                                  ifx.obl(EventsPriv.obs)
611  OpenFile                                           isrt.obl(Files.obs)
612  OpenFileMode                                       isrt.obl(Files.obs)
613  ParsePath                                          isrt.obl(Str.obs)
614  PopulateColumnHeaders                              isrt.obl(ISRTScriptDialogs.obs)
615  PopulateListView                                   isrt.obl(ISRTScriptDialogs.obs)
616  PostShowComponentDlg                               iswi.obl(ISWiInit.obs)
617  Postprogram                                        iswi.obl(DriverConv.obs)
618  PreShowComponentDlg                                iswi.obl(ISWiInit.obs)
619  Preprogram                                         iswi.obl(DriverConv.obs)
620  ProgGetGroupType                                   isrt.obl(Shell.obs)
621  ProgramEeuiPostInstall                             iswi.obl(DriverConv.obs)
622  ProgramEeuiPreInstall                              iswi.obl(DriverConv.obs)
623  PthFixPath                                         isrt.obl(Pth.obs)
624  PthIsAbsPath                                       isrt.obl(Pth.obs)
625  ReadProperties                                     ifx.obl(PersistPropertyBag.obs)
626  RebootNeeded                                       iswi.obl(FileTransferFuncsConv.obs)
627  Rebooted                                           isrt.obl(Driver.obs)
628  RedirectMsiCloseHandle                             iswi.obl(RedirectedMsiFuncsConv.obs)
629  RedirectMsiCreateRecord                            iswi.obl(RedirectedMsiFuncsConv.obs)
630  RedirectMsiGetActiveDatabase                       iswi.obl(RedirectedMsiFuncsConv.obs)
631  RedirectMsiGetMode                                 iswi.obl(RedirectedMsiFuncsConv.obs)
632  RedirectMsiProcessMessage                          iswi.obl(RedirectedMsiFuncsConv.obs)
633  RedirectMsiRecordGetInteger                        iswi.obl(RedirectedMsiFuncsConv.obs)
634  RedirectMsiViewExecute                             iswi.obl(RedirectedMsiFuncsConv.obs)
635  RedirectMsiViewFetch                               iswi.obl(RedirectedMsiFuncsConv.obs)
636  RegDBDeleteItem                                    isrt.obl(Registry.obs)
637  RegDBDeleteKey                                     isrt.obl(Registry.obs)
638  RegDBDeleteValue                                   isrt.obl(Registry.obs)
639  RegDBDeleteValueEx                                 isrt.obl(Registry.obs)
640  RegDBDeleteValueEx32                               isrt.obl(Registry.obs)
641  RegDBGetDefaultRoot                                isrt.obl(SysVars.obs)
642  RegDBGetItem                                       isrt.obl(Registry.obs)
643  RegDBGetKeyValueEx                                 isrt.obl(Registry.obs)
644  RegDBQueryKey                                      isrt.obl(Registry.obs)
645  RegDBQueryKeyCount                                 isrt.obl(Registry.obs)
646  RegDBQueryStringMultiStringCount                   isrt.obl(Registry.obs)
647  RegDBQueryValue                                    isrt.obl(Registry.obs)
648  RegDBQueryValue32                                  isrt.obl(Registry.obs)
649  RegDBSetDefaultRoot                                isrt.obl(SysVars.obs)
650  RegDBSetItem                                       isrt.obl(Registry.obs)
651  RegDBSetKeyValueEx                                 isrt.obl(Registry.obs)
652  RegDBSetValue                                      isrt.obl(Registry.obs)
653  RegDBSetValue32                                    isrt.obl(Registry.obs)
654  RegDBSetVersion                                    isrt.obl(Registry.obs)
655  RegisterFontResource                               isrt.obl(Misc.obs)
656  ReleaseDialog                                      isrt.obl(CustomDialog.obs)
657  RemoveSpaces                                       iswi.obl(HelperFuncs.obs)
658  RenameFile                                         isrt.obl(Files.obs)
659  ResolveShellObjectsFolder                          iswi.obl(CompHelperFuncs.obs)
660  STRTOCHAR                                          isrt.obl(Str.obs)
661  SdAskDestPath                                      isrt.obl(ISRTScriptDialogs.obs)
662  SdCloseDlg                                         isrt.obl(SDINT.obs)
663  SdComponentDlgCheckSpace                           isrt.obl(SDINT.obs)
664  SdDiskSpace2                                       isrt.obl(ISRTScriptDialogs.obs)
665  SdDlgToTop                                         isrt.obl(SDINT.obs)
666  SdDoStdButton                                      isrt.obl(SDINT.obs)
667  SdEnablement                                       isrt.obl(SDINT.obs)
668  SdError                                            isrt.obl(SDINT.obs)
669  SdExceptionsInit                                   isrt.obl(ISRTScriptDialogsPriv.obs)
670  SdFeatureTree                                      isrt.obl(ISRTScriptDialogs.obs)
671  SdFilesInUse                                       isrt.obl(ISRTScriptDialogs.obs)
672  SdFinish                                           isrt.obl(ISRTScriptDialogs.obs)
673  SdFinishReboot                                     isrt.obl(ISRTScriptDialogs.obs)
674  SdGeneralInit                                      isrt.obl(SDINT.obs)
675  SdInit                                             isrt.obl(SDINT.obs)
676  SdIsStdButton                                      isrt.obl(SDINT.obs)
677  SdLoadString                                       isrt.obl(SDINT.obs)
678  SdMakeName                                         isrt.obl(SDINT.obs)
679  SdPatchWelcome                                     isrt.obl(ISRTScriptDialogs.obs)
680  SdPlugInProductName                                isrt.obl(SDINT.obs)
681  SdRMFilesInUse                                     isrt.obl(ISRTScriptDialogs.obs)
682  SdRegisterUser                                     isrt.obl(ISRTScriptDialogs.obs)
683  SdSetDlgTitle                                      isrt.obl(SDINT.obs)
684  SdSetStatic                                        isrt.obl(SDINT.obs)
685  SdSetupCompleteError                               isrt.obl(ISRTScriptDialogs.obs)
686  SdShowMsg                                          isrt.obl(ISRTScriptDialogsPriv.obs)
687  SdStartCopy2                                       isrt.obl(ISRTScriptDialogs.obs)
688  SdSubstituteProductInfo                            isrt.obl(SDINT.obs)
689  SdUnInit                                           isrt.obl(SDINT.obs)
690  SdWelcome                                          isrt.obl(ISRTScriptDialogs.obs)
691  SdWelcomeMaint                                     isrt.obl(ISRTScriptDialogs.obs)
692  SelectDir                                          isrt.obl(ISRTScriptDialogsPriv.obs)
693  SelectDirNoLog                                     isrt.obl(ISRTScriptDialogsPriv.obs)
694  SendMessage                                        isrt.obl(Misc.obs)
695  ServiceInitParams                                  isrt.obl(Service.obs)
696  SetCmdLine                                         isrt.obl(SysVars.obs)
697  SetDialogTitle                                     isrt.obl(Dialogs.obs)
698  SetDisplayEffect                                   isrt.obl(ui.obs)
699  SetExtendedErrInfo                                 isrt.obl(IsUtil.obs)
700  SetFileInfo                                        isrt.obl(Files.obs)
701  SetGlobalVars                                      iswi.obl(ISWiInit.obs)
702  SetInstallationInfo                                isrt.obl(Registry.obs)
703  SetMifInformationOnly                              isrt.obl(Registry.obs)
704  SetStatus                                          ifx.obl(EventsSetupPriv.obs)
705  SetStatusEx                                        ifx.obl(EventsSetupPriv.obs)
706  SetStatusExStaticText                              isrt.obl(ui.obs)
707  SetStatusWindow                                    isrt.obl(ui.obs)
708  SetTitle                                           isrt.obl(ui.obs)
709  SetupTraceWrite                                    isrt.obl(Misc.obs)
710  SetupType2                                         isrt.obl(ISRTScriptDialogs.obs)
711  Shell32.ShellExecuteExW                            setup.obs
712  ShowObjWizardPages                                 iswi.obl(ObjectsConv.obs)
713  SilentCreateFile                                   isrt.obl(Silent.obs)
714  SilentDoGeneralInfo                                isrt.obl(Silent.obs)
715  SilentFailed                                       isrt.obl(Silent.obs)
716  SilentFinish                                       isrt.obl(Silent.obs)
717  SilentInit                                         isrt.obl(Silent.obs)
718  SilentLogWriteData                                 isrt.obl(Silent.obs)
719  SilentReadData                                     isrt.obl(Silent.obs)
720  SilentSetInfo                                      isrt.obl(Silent.obs)
721  SilentSetMode                                      isrt.obl(Silent.obs)
722  SilentWriteData                                    isrt.obl(Silent.obs)
723  Sprintf                                            isrt.obl(Str.obs)
724  SprintfBox                                         isrt.obl(ISRTScriptDialogsPriv.obs)
725  SprintfMsiLog                                      iswi.obl(HelperFuncs.obs)
726  StatusUpdate                                       isrt.obl(ui.obs)
727  StrAddLastSlash                                    isrt.obl(Str.obs)
728  StrConvertSizeUnit                                 isrt.obl(Str.obs)
729  StrDelete                                          iswi.obl(HelperFuncs.obs)
730  StrFindEx                                          isrt.obl(Str.obs)
731  StrGetTokens                                       isrt.obl(Str.obs)
732  StrLength                                          isrt.obl(Str.obs)
733  StrParseMSIMessage                                 isrt.obl(Str.obs)
734  StrRemoveLastSlash                                 isrt.obl(Str.obs)
735  StrReplace                                         isrt.obl(Str.obs)
736  StrToNumHex                                        isrt.obl(Str.obs)
737  StrToUpper                                         isrt.obl(Str.obs)
738  StrTrim                                            isrt.obl(Str.obs)
739  SuiteLogInfo                                       isrt.obl(SuiteWrappers.obs)
740  SuiteReportError                                   isrt.obl(SuiteWrappers.obs)
741  SysVarsInit                                        isrt.obl(SysVars.obs)
742  SysVarsInitConv                                    iswi.obl(SysVarsConv.obs)
743  SysVarsTrace                                       isrt.obl(SysVars.obs)
744  SysVarsUnInit                                      iswi.obl(SysVarsConv.obs)
745  System                                             isrt.obl(Misc.obs)
746  SystemRestoreCancelRestorePointIS                  isrt.obl(PCRestore.obs)
747  SystemRestoreCloseRestorePointIS                   isrt.obl(PCRestore.obs)
748  SystemRestoreDisableIS                             isrt.obl(PCRestore.obs)
749  SystemRestoreIsEnabledIS                           isrt.obl(PCRestore.obs)
750  SystemRestoreOpenRestorePointIS                    isrt.obl(PCRestore.obs)
751  TextSubGetValue                                    isrt.obl(TextSub.obs)
752  TextSubParseTextSub                                isrt.obl(TextSub.obs)
753  TextSubSetValue                                    isrt.obl(TextSub.obs)
754  TextSubSubstitute                                  isrt.obl(TextSub.obs)
755  TreeViewCreate                                     isrt.obl(CmptView.obs)
756  USER.EnableWindow                                  setup.obs
757  USER.GetClassName                                  setup.obs
758  USER.GetDC                                         setup.obs
759  USER.GetDlgItem                                    setup.obs
760  USER.GetFocus                                      setup.obs
761  USER.GetWindowLong                                 setup.obs
762  USER.GetWindowRect                                 setup.obs
763  USER.IsIconic                                      setup.obs
764  USER.IsWindow                                      setup.obs
765  USER.PostMessage                                   setup.obs
766  USER.ReleaseDC                                     setup.obs
767  USER.SendMessageA                                  setup.obs
768  USER.SendMessageW                                  setup.obs
769  USER.SetFocus                                      setup.obs
770  USER.SetWindowPos                                  setup.obs
771  USER.SetWindowText                                 setup.obs
772  USER.ShowWindow                                    setup.obs
773  USER32.CharUpperBuffW                              setup.obs
774  USER32.DestroyWindow                               setup.obs
775  USER32.DispatchMessage                             setup.obs
776  USER32.FindWindowW                                 setup.obs
777  USER32.GetDesktopWindow                            setup.obs
778  USER32.GetSystemMetrics                            setup.obs
779  USER32.GetWindowText                               setup.obs
780  USER32.GetWindowTextLength                         setup.obs
781  USER32.InvalidateRect                              setup.obs
782  USER32.IsWindowVisible                             setup.obs
783  USER32.MessageBoxW                                 setup.obs
784  USER32.MsgWaitForMultipleObjects                   setup.obs
785  USER32.PeekMessageW                                setup.obs
786  USER32.SendMessageW                                setup.obs
787  USER32.SetForegroundWindow                         setup.obs
788  USER32.SetWindowLong                               setup.obs
789  USER32.SetWindowRgn                                setup.obs
790  USER32.TranslateMessage                            setup.obs
791  USER32.WaitForInputIdle                            setup.obs
792  UpdateDirectoryPathForIsMsiEeui                    iswi.obl(HelperFuncs.obs)
793  UpdateServiceEnableUpdateService                   isrt.obl(ISUpdateService.obs)
794  User32.LoadStringW                                 iswi.obl(ComponentConv.obs)
795  VarInit                                            isrt.obl(SysVars.obs)
796  VarRestore                                         iswi.obl(SysVarsConv.obs)
797  VarRestoreISRT                                     isrt.obl(SysVars.obs)
798  VarSave                                            iswi.obl(SysVarsConv.obs)
799  VarSaveISRT                                        isrt.obl(SysVars.obs)
800  VerCompare                                         isrt.obl(version.obs)
801  VerProductCompareVersions                          isrt.obl(version.obs)
802  VerProductGetInstalledVersion                      isrt.obl(version.obs)
803  VerProductIsVersionSupported                       isrt.obl(version.obs)
804  VerProductNumToStr                                 isrt.obl(version.obs)
805  VerProductStrToNum                                 isrt.obl(version.obs)
806  VerProductVerFromVerParts                          isrt.obl(version.obs)
807  VerProductVerPartsFromVer                          isrt.obl(version.obs)
808  WaitForApplication                                 isrt.obl(Extend.obs)
809  WaitOnDialog                                       isrt.obl(CustomDialog.obs)
810  WizardDirection                                    ifx.obl(EventsSetupPriv.obs)
811  WriteLine                                          isrt.obl(Files.obs)
812  WriteProfInt                                       isrt.obl(Profile.obs)
813  WriteProfString                                    isrt.obl(Profile.obs)
814  WriteProperties                                    ifx.obl(PersistPropertyBag.obs)
815  __AddStringToArray                                 iswi.obl(HelperFuncs.obs)
816  __Begin                                            iswi.obl(DriverConv.obs)
817  __ComponentListItemsEx                             iswi.obl(CompHelperFuncs.obs)
818  __ComponentListItemsExInstall                      iswi.obl(CompHelperFuncs.obs)
819  __ComponentListItemsExUnInstall                    iswi.obl(CompHelperFuncs.obs)
820  __ComponentMoveXferData                            iswi.obl(CompHelperFuncs.obs)
821  __End                                              iswi.obl(DriverConv.obs)
822  __GetFinishMode                                    iswi.obl(ISWiInit.obs)
823  __GetMsiHandle                                     iswi.obl(SysVarsConv.obs)
824  __GetSourceDir                                     iswi.obl(SysVarsConv.obs)
825  __GetTempFolder                                    iswi.obl(SysVarsConv.obs)
826  __HandleError                                      iswi.obl(ErrHandler.obs)
827  __ISRTDoExit                                       isrt.obl(Misc.obs)
828  __ISRTInit                                         isrt.obl(ISRTInit.obs)
829  __ISRTRestoreMainLog                               isrt.obl(ISRTInit.obs)
830  __ISRTRestoreMainLogEx                             isrt.obl(ISRTInit.obs)
831  __ISRTSetComponentLog                              isrt.obl(ISRTInit.obs)
832  __ISRTUnInit                                       isrt.obl(ISRTInit.obs)
833  __ISWIInit                                         iswi.obl(ISWiInit.obs)
834  __ISWIMsiHandle                                    iswi.obl(ISWiInit.obs)
835  __ISWIUnInit                                       iswi.obl(ISWiInit.obs)
836  __IsArrayEmpty                                     iswi.obl(HelperFuncs.obs)
837  __LoadIScriptString                                isrt.obl(LoadStr.obs)
838  __Moved                                            iswi.obl(FileTransferFuncsConv.obs)
839  __Moving                                           iswi.obl(FileTransferFuncsConv.obs)
840  __MsiOpenView                                      iswi.obl(CompHelperFuncs.obs)
841  __MsiQueryFeatureState                             iswi.obl(MsiWrappersConv.obs)
842  __MsiRecordGetString                               iswi.obl(MsiWrappersConv.obs)
843  __OnAbort                                          iswi.obl(DriverConv.obs)
844  __OnAdminPatch                                     iswi.obl(DriverConv.obs)
845  __OnAdministrativeInstall                          iswi.obl(DriverConv.obs)
846  __OnAdvertisement                                  iswi.obl(DriverConv.obs)
847  __OnBegin                                          iswi.obl(DriverConv.obs)
848  __OnCanceling                                      iswi.obl(DriverConv.obs)
849  __OnEnd                                            iswi.obl(DriverConv.obs)
850  __OnError                                          iswi.obl(DriverConv.obs)
851  __OnMsiMaintenance                                 iswi.obl(DriverConv.obs)
852  __OnMsiRebooted                                    iswi.obl(DriverConv.obs)
853  __OnMsiSilentInstall                               iswi.obl(DriverConv.obs)
854  __OnMsiUninstall                                   iswi.obl(DriverConv.obs)
855  __OnPatch                                          iswi.obl(DriverConv.obs)
856  __OnResume                                         iswi.obl(DriverConv.obs)
857  __OnWarning                                        iswi.obl(DriverConv.obs)
858  __ResetMsiObject                                   iswi.obl(ISWiInit.obs)
859  __SetMaintenance                                   iswi.obl(ISWiInit.obs)
860  __SetMsiHandle                                     iswi.obl(SysVarsConv.obs)
861  __SetMsiServer                                     iswi.obl(ISWiInit.obs)
862  __SetPatch                                         iswi.obl(SysVarsConv.obs)
863  __SetSourceDir                                     iswi.obl(SysVarsConv.obs)
864  isrt._ComponentGetData                             iswi.obl(ComponentConv.obs)
865  isrt._ComponentIsItemSelected                      iswi.obl(ComponentConv.obs)
866  isrt._ComponentListItems                           iswi.obl(ComponentConv.obs)
867  isrt._ComponentReinstall                           iswi.obl(ComponentConv.obs)
868  isrt._ComponentRemoveAll                           iswi.obl(ComponentConv.obs)
869  isrt._ComponentSelectItem                          iswi.obl(ComponentConv.obs)
870  isrt._ComponentSetupTypeSet                        iswi.obl(ComponentConv.obs)
871  isrt._EnableDialogCache                            iswi.obl(ISWiInit.obs)
872  msi.MsiCloseHandle                                 iswi.obl(RedirectedMsiFuncsConv.obs)
873  msi.MsiCreateRecord                                iswi.obl(RedirectedMsiFuncsConv.obs)
874  msi.MsiDatabaseOpenViewW                           setup.obs
875  msi.MsiDoActionW                                   setup.obs
876  msi.MsiGetActiveDatabase                           iswi.obl(RedirectedMsiFuncsConv.obs)
877  msi.MsiGetMode                                     iswi.obl(RedirectedMsiFuncsConv.obs)
878  msi.MsiGetProductInfoW                             setup.obs
879  msi.MsiGetPropertyW                                setup.obs
880  msi.MsiGetSourcePathW                              setup.obs
881  msi.MsiGetTargetPathW                              setup.obs
882  msi.MsiProcessMessage                              iswi.obl(RedirectedMsiFuncsConv.obs)
883  msi.MsiQueryFeatureStateW                          setup.obs
884  msi.MsiRecordGetInteger                            iswi.obl(RedirectedMsiFuncsConv.obs)
885  msi.MsiRecordGetStringW                            setup.obs
886  msi.MsiRecordSetStringW                            setup.obs
887  msi.MsiSetPropertyW                                setup.obs
888  msi.MsiSetTargetPathW                              setup.obs
889  msi.MsiViewExecute                                 iswi.obl(RedirectedMsiFuncsConv.obs)
890  msi.MsiViewFetch                                   iswi.obl(RedirectedMsiFuncsConv.obs)
891  program                                            iswi.obl(DriverConv.obs)
892  sfc.SRSetRestorePointW                             setup.obs


***** External Variables *****
1    ADDREMOVE                                          iswi.obl(SysVarsConv.obs)
2    ADDREMOVE_COMBINEDBUTTON                           setup.obs
3    ADDREMOVE_HIDECHANGEOPTION                         setup.obs
4    ADDREMOVE_HIDEREMOVEOPTION                         setup.obs
5    ADDREMOVE_HIDEREPAIROPTION                         setup.obs
6    ADDREMOVE_STRING_REMOVEONLY                        setup.obs
7    ADDREMOVE_SYSTEMCOMPONENT                          setup.obs
8    ADMINUSER                                          setup.obs
9    ALLUSERS                                           setup.obs
10   AdminToolsFolder                                   iswi.obl(DebugSymbolsConv.obs)
11   AppDataFolder                                      iswi.obl(DebugSymbolsConv.obs)
12   BASICMSI                                           iswi.obl(SysVarsConv.obs)
13   BATCH_INSTALL                                      setup.obs
14   CMDLINE                                            iswi.obl(SysVarsConv.obs)
15   COMMONFILES                                        iswi.obl(SysVarsConv.obs)
16   COMMONFILES64                                      iswi.obl(SysVarsConv.obs)
17   CommonAppDataFolder                                iswi.obl(DebugSymbolsConv.obs)
18   CommonFiles64Folder                                iswi.obl(DebugSymbolsConv.obs)
19   CommonFilesFolder                                  iswi.obl(DebugSymbolsConv.obs)
20   DISABLE_ALLUSERBTN                                 setup.obs
21   DISABLE_PERUSERBTN                                 setup.obs
22   DISK1SETUPEXENAME                                  iswi.obl(SysVarsConv.obs)
23   DISK1TARGET                                        setup.obs
24   DesktopFolder                                      iswi.obl(DebugSymbolsConv.obs)
25   ENABLED_ISERVICES                                  iswi.obl(SysVarsConv.obs)
26   ENGINECOMMONDIR                                    iswi.obl(SysVarsConv.obs)
27   ENGINEDIR                                          iswi.obl(SysVarsConv.obs)
28   ERRORFILENAME                                      setup.obs
29   ERRORINFO                                          iswi.obl(ComponentConv.obs)
30   Err                                                setup.obs
31   FEATURE                                            iswi.obl(ComponentConv.obs)
32   FILEERROR                                          iswi.obl(ComponentConv.obs)
33   FILETIME                                           setup.obs
34   FIND_DATAW                                         setup.obs
35   FOLDER_APPDATA                                     iswi.obl(SysVarsConv.obs)
36   FOLDER_COMMON_APPDATA                              iswi.obl(SysVarsConv.obs)
37   FOLDER_DESKTOP                                     iswi.obl(SysVarsConv.obs)
38   FOLDER_DOTNET_10                                   iswi.obl(SysVarsConv.obs)
39   FOLDER_DOTNET_11                                   iswi.obl(SysVarsConv.obs)
40   FOLDER_DOTNET_20                                   iswi.obl(SysVarsConv.obs)
41   FOLDER_DOTNET_30                                   iswi.obl(SysVarsConv.obs)
42   FOLDER_DOTNET_35                                   iswi.obl(SysVarsConv.obs)
43   FOLDER_DOTNET_40                                   iswi.obl(SysVarsConv.obs)
44   FOLDER_FONTS                                       iswi.obl(SysVarsConv.obs)
45   FOLDER_LOCAL_APPDATA                               iswi.obl(SysVarsConv.obs)
46   FOLDER_PERSONAL                                    iswi.obl(SysVarsConv.obs)
47   FOLDER_PROGRAMS                                    iswi.obl(SysVarsConv.obs)
48   FOLDER_STARTMENU                                   iswi.obl(SysVarsConv.obs)
49   FOLDER_STARTUP                                     iswi.obl(SysVarsConv.obs)
50   FOLDER_TEMP                                        iswi.obl(SysVarsConv.obs)
51   FavoritesFolder                                    iswi.obl(DebugSymbolsConv.obs)
52   FileRegistrar                                      setup.obs
53   FontsFolder                                        iswi.obl(DebugSymbolsConv.obs)
54   HIDE_DISABLED_BTNS                                 setup.obs
55   HKEYCURRENTROOTKEY                                 setup.obs
56   IFX_COMPANY_NAME                                   setup.obs
57   IFX_DISK1INSTALLED                                 setup.obs
58   IFX_INITIALIZED                                    setup.obs
59   IFX_INSTALLED_DISPLAY_VERSION                      setup.obs
60   IFX_INSTALLED_VERSION                              setup.obs
61   IFX_KEYPATH_PRODUCT_INFO                           setup.obs
62   IFX_MULTI_INSTANCE_SUFFIX                          setup.obs
63   IFX_NETAPI_GROUP                                   setup.obs
64   IFX_NETAPI_PASSWORD                                setup.obs
65   IFX_NETAPI_USER_ACCOUNT                            setup.obs
66   IFX_OPEN_RESTORE_POINT                             isrt.obl(PCRestore.obs)
67   IFX_PRODUCT_COMMENTS                               setup.obs
68   IFX_PRODUCT_DISPLAY_NAME                           setup.obs
69   IFX_PRODUCT_DISPLAY_VERSION                        setup.obs
70   IFX_PRODUCT_ICON                                   setup.obs
71   IFX_PRODUCT_KEY                                    setup.obs
72   IFX_PRODUCT_NAME                                   setup.obs
73   IFX_PRODUCT_README                                 setup.obs
74   IFX_PRODUCT_REGISTEREDCOMPANY                      setup.obs
75   IFX_PRODUCT_REGISTEREDOWNER                        setup.obs
76   IFX_PRODUCT_REGISTEREDSERIALNUM                    setup.obs
77   IFX_PRODUCT_SUPPORT_CONTACT                        setup.obs
78   IFX_PRODUCT_SUPPORT_PHONE                          setup.obs
79   IFX_PRODUCT_SUPPORT_URL                            setup.obs
80   IFX_PRODUCT_UPDATE_URL                             setup.obs
81   IFX_PRODUCT_URL                                    setup.obs
82   IFX_PRODUCT_VERSION                                setup.obs
83   IFX_RESTORE_DISABLED                               isrt.obl(PCRestore.obs)
84   IFX_SETUP_TITLE                                    setup.obs
85   IFX_SUPPORTED_VERSIONS                             setup.obs
86   IISROOTFOLDER                                      iswi.obl(SysVarsConv.obs)
87   INSTALLDIR                                         setup.obs
88   INSTALLSCRIPTMSI                                   iswi.obl(SysVarsConv.obs)
89   INSTALLSCRIPTMSIEEUI                               iswi.obl(SysVarsConv.obs)
90   INSTANCE_GUID                                      iswi.obl(SysVarsConv.obs)
91   ISDIFXAPPID                                        setup.obs
92   ISMSI_HANDLE                                       iswi.obl(DebugSymbolsConv.obs)
93   ISRES                                              iswi.obl(SysVarsConv.obs)
94   ISUSER                                             iswi.obl(SysVarsConv.obs)
95   ISUTIL_FUNCTION_ACTUAL_ERROR                       setup.obs
96   ISUTIL_FUNCTION_ERROR                              iswi.obl(CompHelperFuncs.obs)
97   ISUTIL_LINE_NUMBER                                 setup.obs
98   ISUTIL_POSITIVE_ERROR                              iswi.obl(CompHelperFuncs.obs)
99   ISUTIL_SCRIPT_FILE                                 setup.obs
100  ISVERSION                                          iswi.obl(SysVarsConv.obs)
101  IS_NULLSTR_PTR                                     setup.obs
102  InetSRCDIR                                         setup.obs
103  LAAW_PARAMETERS                                    setup.obs
104  LAAW_PROCESS_INFORMATION                           setup.obs
105  LAAW_SHELLEXECUTEINFO                              setup.obs
106  LAAW_SHELLEXECUTEVERB                              setup.obs
107  LAAW_STARTUPINFO                                   setup.obs
108  LAST_RESULT                                        setup.obs
109  LVITEMW                                            setup.obs
110  LV_COLUMNW                                         setup.obs
111  LocalAppDataFolder                                 iswi.obl(DebugSymbolsConv.obs)
112  LogDB                                              setup.obs
113  MAINTENANCE                                        iswi.obl(SysVarsConv.obs)
114  MAINT_OPTION                                       iswi.obl(SysVarsConv.obs)
115  MEDIA                                              setup.obs
116  MEDIA_INFO                                         iswi.obl(FeatureConv.obs)
117  MODE                                               setup.obs
118  MSG                                                setup.obs
119  MULTI_INSTANCE_COUNT                               iswi.obl(SysVarsConv.obs)
120  MainWindow                                         setup.obs
121  MyPicturesFolder                                   iswi.obl(DebugSymbolsConv.obs)
122  NOTHING                                            setup.obs
123  NetHoodFolder                                      iswi.obl(DebugSymbolsConv.obs)
124  OSINFO_PLATFORM_INFO                               setup.obs
125  OSINFO_PROCESSOR_INFO                              setup.obs
126  OSVERSIONINFOEXW                                   setup.obs
127  OSVERSIONINFOW                                     setup.obs
128  Objects                                            setup.obs
129  OriginalDatabase                                   iswi.obl(DebugSymbolsConv.obs)
130  PACKAGE_LOCATION                                   iswi.obl(SysVarsConv.obs)
131  PATCH                                              iswi.obl(DebugSymbolsConv.obs)
132  POINT                                              setup.obs
133  PRIVILEGED                                         setup.obs
134  PROCESS_INFORMATION                                setup.obs
135  PRODUCT_GUID                                       iswi.obl(SysVarsConv.obs)
136  PROGRAMFILES                                       iswi.obl(SysVarsConv.obs)
137  PROGRAMFILES64                                     iswi.obl(SysVarsConv.obs)
138  PersonalFolder                                     iswi.obl(DebugSymbolsConv.obs)
139  PrintHoodFolder                                    iswi.obl(DebugSymbolsConv.obs)
140  ProgramFiles64Folder                               iswi.obl(DebugSymbolsConv.obs)
141  ProgramFilesFolder                                 iswi.obl(DebugSymbolsConv.obs)
142  ProgramMenuFolder                                  iswi.obl(DebugSymbolsConv.obs)
143  RECT                                               setup.obs
144  REGDB_OPTIONS                                      setup.obs
145  REINSTALLMODE                                      iswi.obl(SysVarsConv.obs)
146  REMOVEALLMODE                                      iswi.obl(SysVarsConv.obs)
147  REMOVEONLY                                         iswi.obl(SysVarsConv.obs)
148  RUN_ONCE_PROGRAM                                   iswi.obl(SysVarsConv.obs)
149  Reboot                                             setup.obs
150  RecentFolder                                       iswi.obl(DebugSymbolsConv.obs)
151  SELECTED_LANGUAGE                                  iswi.obl(SysVarsConv.obs)
152  SERVICE_IS_PARAMS                                  setup.obs
153  SETUPTYPE_STR_COMPACT                              setup.obs
154  SETUPTYPE_STR_COMPLETE                             setup.obs
155  SETUPTYPE_STR_CUSTOM                               setup.obs
156  SETUPTYPE_STR_TYPICAL                              setup.obs
157  SHAREDSUPPORTDIR                                   iswi.obl(SysVarsConv.obs)
158  SHELLEXECUTEINFOW                                  setup.obs
159  SHELL_OBJECT_FOLDER                                setup.obs
160  SHOW_PASSWORD_DIALOG                               iswi.obl(SysVarsConv.obs)
161  SRCDIR                                             setup.obs
162  SRCDISK                                            iswi.obl(SysVarsConv.obs)
163  STANDARD_SELECTED_LANGUAGE                         iswi.obl(SysVarsConv.obs)
164  STARTUPINFOW                                       setup.obs
165  SUITE_HOSTED                                       iswi.obl(SysVarsConv.obs)
166  SUPPORTDIR                                         iswi.obl(SysVarsConv.obs)
167  SYSINFO                                            setup.obs
168  SYSPROCESSORINFO                                   setup.obs
169  SYSTEMTIME                                         setup.obs
170  SendToFolder                                       iswi.obl(DebugSymbolsConv.obs)
171  SetupInfo                                          setup.obs
172  SourceDir                                          iswi.obl(DebugSymbolsConv.obs)
173  StartMenuFolder                                    iswi.obl(DebugSymbolsConv.obs)
174  StartupFolder                                      iswi.obl(DebugSymbolsConv.obs)
175  StatusDlg                                          setup.obs
176  SuiteHost                                          setup.obs
177  System16Folder                                     iswi.obl(DebugSymbolsConv.obs)
178  System64Folder                                     iswi.obl(DebugSymbolsConv.obs)
179  SystemFolder                                       iswi.obl(DebugSymbolsConv.obs)
180  TARGETDIR                                          setup.obs
181  TARGETDISK                                         iswi.obl(SysVarsConv.obs)
182  TempFolder                                         iswi.obl(DebugSymbolsConv.obs)
183  TemplateFolder                                     iswi.obl(DebugSymbolsConv.obs)
184  TextSub                                            setup.obs
185  UNINST                                             setup.obs
186  UNINSTALLKEY                                       setup.obs
187  UNINSTALL_DISPLAYNAME                              setup.obs
188  UNINSTALL_STRING                                   setup.obs
189  UPDATEMODE                                         setup.obs
190  WINDIR                                             iswi.obl(SysVarsConv.obs)
191  WINDISK                                            iswi.obl(SysVarsConv.obs)
192  WINSYSDIR                                          iswi.obl(SysVarsConv.obs)
193  WINSYSDIR64                                        iswi.obl(SysVarsConv.obs)
194  WINSYSDISK                                         iswi.obl(SysVarsConv.obs)
195  WindowsFolder                                      iswi.obl(DebugSymbolsConv.obs)
196  WindowsVolume                                      iswi.obl(DebugSymbolsConv.obs)
197  _FONTFILEINFO                                      ifx.obl(EventsPriv.obs)
198  _INT64                                             setup.obs
199  _ISDIFXINSTALLERINFO                               isrt.obl(ISDIFx.obs)
200  _LAAW_PARAMETERS                                   setup.obs
201  _LAAW_TEMP_DATA                                    isrt.obl(Extend.obs)
202  _RESTOREPOINTINFO                                  setup.obs
203  _SERVICE_IS_PARAMS                                 setup.obs
204  _STATEMGRSTATUS                                    setup.obs
205  _WIN9X                                             setup.obs
206  _WINNT                                             setup.obs
207  __gbAliasingOff                                    iswi.obl(CompHelperFuncs.obs)
208  __gbCheckForUpdate                                 iswi.obl(CompHelperFuncs.obs)
209  __gbGetTarget                                      iswi.obl(CompHelperFuncs.obs)
210  __gbInitialized                                    iswi.obl(CompHelperFuncs.obs)
211  __gbInstallInfo                                    setup.obs
212  __gbMaintenance                                    iswi.obl(CompHelperFuncs.obs)
213  __gbReopening                                      iswi.obl(CompHelperFuncs.obs)
214  __ghActiveDataBase                                 iswi.obl(CompHelperFuncs.obs)
215  __ghErrFileHandle                                  iswi.obl(CompHelperFuncs.obs)
216  __ghMsiInstall                                     iswi.obl(CompHelperFuncs.obs)
217  __gnButtonSelected                                 iswi.obl(CompHelperFuncs.obs)
218  __gnLastError                                      iswi.obl(CompHelperFuncs.obs)
219  __gnMsiReturn                                      iswi.obl(CompHelperFuncs.obs)
220  __gnOSMask                                         iswi.obl(CompHelperFuncs.obs)
221  __gnScriptMode                                     iswi.obl(CompHelperFuncs.obs)
222  __goISDriver                                       iswi.obl(CompHelperFuncs.obs)
223  __goMsiServer                                      iswi.obl(CompHelperFuncs.obs)
224  __gsINSTALLDIR                                     iswi.obl(CompHelperFuncs.obs)
225  __gsProductGuid                                    iswi.obl(CompHelperFuncs.obs)
226  __gsSourceDir                                      iswi.obl(CompHelperFuncs.obs)
227  __hContext                                         iswi.obl(CompHelperFuncs.obs)
228  __objGlobalTextSub                                 setup.obs
229  __objStringTable                                   iswi.obl(ISWiInit.obs)
230  __szGUID                                           setup.obs
231  bBackButton                                        setup.obs
232  bCancelButton                                      setup.obs
233  bEnterDiskBeep                                     setup.obs
234  bFinishButton                                      setup.obs
235  bIFXLFNoToAll                                      setup.obs
236  bIFXLFOnRebootToAll                                setup.obs
237  bIFXLFYesToAll                                     setup.obs
238  bIFXMD5IgnoreToAll                                 setup.obs
239  bIFXRONoToAll                                      setup.obs
240  bIFXROYesToAll                                     setup.obs
241  bIFXSFNoToAll                                      setup.obs
242  bIFXSFYesToAll                                     setup.obs
243  bInstall16                                         setup.obs
244  bNextButton                                        setup.obs
245  bSdInit                                            setup.obs
246  bViewCmptKunits                                    setup.obs
247  bViewCmptUseDecimal                                setup.obs
248  g_bSuppressMissingStringWarning                    iswi.obl(DriverConv.obs)
249  g_nDlgAskPath                                      iswi.obl(CompHelperFuncs.obs)
250  nDlgAskOptions                                     iswi.obl(CompHelperFuncs.obs)
251  nDlgEnterPassword                                  iswi.obl(CompHelperFuncs.obs)
252  nDlgMessageBox                                     iswi.obl(CompHelperFuncs.obs)
253  nDlgSelectDir                                      iswi.obl(CompHelperFuncs.obs)
254  nDlgSetupType2                                     iswi.obl(CompHelperFuncs.obs)
255  nDlgSprintfBox                                     iswi.obl(CompHelperFuncs.obs)
256  nSdAskDestPath                                     setup.obs
257  nSdComponentTree                                   setup.obs
258  nSdDiskSpaceRequirements                           setup.obs
259  nSdFinish                                          setup.obs
260  nSdFinishReboot                                    setup.obs
261  nSdOutOfDiskSpace                                  setup.obs
262  nSdPatchWelcome                                    setup.obs
263  nSdRegisterUser                                    setup.obs
264  nSdStartCopy2                                      setup.obs
265  nSdWelcome                                         setup.obs
266  nSdWelcomeMaint                                    setup.obs
267  szAppKey                                           setup.obs
268  szSdProduct                                        setup.obs
269  szSdStr_NotEnoughSpace                             setup.obs
